===== playlive_2026-08-07_11-41-21.log =====
   [travel] start map=(1, 87) coords=(15, 11) -> coord (15, 9) (budget 60s, surf-capable)
   [travel] step 0: (15, 11)->(15, 10) map=(1, 87) (path 3 to exit)
   [travel] reached target coord (15, 9)
   [travel] start map=(1, 86) coords=(12, 9) -> coord (12, 9) (budget 60s, surf-capable)
   [travel] reached target coord (12, 9)
   [travel] start map=(1, 86) coords=(12, 9) -> coord (12, 10) (budget 60s, surf-capable)
   [travel] step 0: (12, 9)->(12, 10) map=(1, 86) (path 2 to exit)
   [travel] reached target coord (12, 10)
   [travel] start map=(1, 87) coords=(15, 9) -> coord (32, 5) (budget 60s, surf-capable)
   [travel] step 0: (15, 9)->(16, 9) map=(1, 87) (path 22 to exit)
   [travel] step 10: (21, 5)->(22, 5) map=(1, 87) (path 12 to exit)
   [travel] ENCOUNTER -> on-time beat, warm up, hand off
   [play-live]    [engine] JUST FIGHT: L67 vs L28 + connecting damage — skipping bag/switch hierarchy this turn
   [play-live]    [engine] action menu: Surf - a STAB hit -> slot 2 (eff x1) vs golbat 82/82 | [0]Bite(p60,pp=23,ref=0,sc=60) [1]Skull Bash(p100,pp=15,ref=0,sc=50) [2]Surf(p95*STAB,pp=14,ref=0,sc=142.5) [3]Earthquake(p100,pp=6,ref=0,sc=0)
   [play-live]    [engine] STREAM COMMIT: Surf - a STAB hit slot 2 (menu_up=1 action=True moves=False)
   [play-live]    [engine] battle-progress: move resolved
   [play-live]    [engine] battle-progress: enemy fainted
   [travel] battle outcome=win; resuming pathfind
   [travel] step 20: (27, 5)->(28, 5) map=(1, 87) (path 6 to exit)
   [travel] reached target coord (32, 5)
   [travel] start map=(1, 86) coords=(29, 5) -> coord (29, 5) (budget 60s, surf-capable)
   [travel] reached target coord (29, 5)
   [travel] start map=(1, 86) coords=(29, 3) -> coord (29, 6) (budget 60s, surf-capable)
   [travel] step 0: (29, 3)->(29, 4) map=(1, 86) (path 4 to exit)
   [travel] MAP TRANSITION (1, 86) -> (1, 87)
   [travel] coord leg ended by the transition -> (1, 87) (target (29, 6) was the old map's frame)
   [travel] start map=(1, 87) coords=(32, 5) -> coord (32, 5) (budget 60s, surf-capable)
   [travel] reached target coord (32, 5)
   [travel] start map=(1, 87) coords=(32, 5) -> coord (15, 9) (budget 60s, surf-capable)
   [travel] step 0: (32, 5)->(31, 5) map=(1, 87) (path 22 to exit)
   [travel] step 10: (22, 5)->(22, 6) map=(1, 87) (path 12 to exit)
   [travel] path blocked at (22, 6) (NPC on the gap?) - waiting
   [travel] ENCOUNTER -> on-time beat, warm up, hand off
   [play-live]    [engine] re-entry: foe is already DOWN — draining the faint/switch chain
   [play-live]    [engine] JUST FIGHT: L67 vs L28 + connecting damage — skipping bag/switch hierarchy this turn
   [play-live]    [engine] action menu: Surf - a STAB hit -> slot 2 (eff x1) vs golbat 83/83 | [0]Bite(p60,pp=23,ref=0,sc=60) [1]Skull Bash(p100,pp=15,ref=0,sc=50) [2]Surf(p95*STAB,pp=13,ref=0,sc=142.5) [3]Earthquake(p100,pp=6,ref=0,sc=0)
   [play-live]    [engine] STREAM COMMIT: Surf - a STAB hit slot 2 (menu_up=1 action=True moves=False)
   [play-live]    [engine] battle-progress: move resolved
   [play-live]    [engine] battle-progress: enemy fainted
   [travel] battle outcome=win; resuming pathfind
   [travel] step 20: (20, 9)->(19, 9) map=(1, 87) (path 6 to exit)
   [travel] reached target coord (15, 9)
   [travel] start map=(1, 86) coords=(12, 9) -> coord (12, 9) (budget 60s, surf-capable)
   [travel] reached target coord (12, 9)
   [travel] start map=(1, 86) coords=(12, 9) -> coord (12, 10) (budget 60s, surf-capable)
   [travel] step 0: (12, 9)->(12, 10) map=(1, 86) (path 2 to exit)
   [travel] reached target coord (12, 10)
===== playlive_2026-08-07_11-26-56.log =====
   [travel] start map=(1, 87) coords=(32, 5) -> coord (32, 5) (budget 60s, surf-capable)
   [travel] reached target coord (32, 5)
   [travel] start map=(1, 87) coords=(32, 5) -> coord (15, 9) (budget 60s, surf-capable)
   [travel] step 0: (32, 5)->(31, 5) map=(1, 87) (path 22 to exit)
   [travel] step 10: (22, 5)->(22, 6) map=(1, 87) (path 12 to exit)
   [travel] step 20: (16, 9)->(15, 9) map=(1, 87) (path 2 to exit)
   [travel] reached target coord (15, 9)
   [travel] start map=(1, 86) coords=(12, 9) -> coord (12, 9) (budget 60s, surf-capable)
   [travel] reached target coord (12, 9)
   [travel] start map=(1, 86) coords=(12, 9) -> coord (12, 10) (budget 60s, surf-capable)
   [travel] step 0: (12, 9)->(12, 10) map=(1, 86) (path 2 to exit)
   [travel] reached target coord (12, 10)
   [travel] start map=(1, 87) coords=(15, 11) -> coord (15, 9) (budget 60s, surf-capable)
   [travel] step 0: (15, 11)->(15, 10) map=(1, 87) (path 3 to exit)
   [travel] reached target coord (15, 9)
   [travel] start map=(1, 86) coords=(12, 9) -> coord (12, 9) (budget 60s, surf-capable)
   [travel] reached target coord (12, 9)
   [travel] start map=(1, 86) coords=(12, 9) -> coord (12, 10) (budget 60s, surf-capable)
   [travel] step 0: (12, 9)->(12, 10) map=(1, 86) (path 2 to exit)
   [travel] reached target coord (12, 10)
   [travel] start map=(1, 87) coords=(15, 9) -> coord (32, 5) (budget 60s, surf-capable)
   [travel] step 0: (15, 9)->(16, 9) map=(1, 87) (path 22 to exit)
   [travel] step 10: (21, 5)->(22, 5) map=(1, 87) (path 12 to exit)
   [travel] ENCOUNTER -> on-time beat, warm up, hand off
   [play-live]    [engine] re-entry: foe is already DOWN — draining the faint/switch chain
   [play-live]    [engine] JUST FIGHT: L67 vs L34 + connecting damage — skipping bag/switch hierarchy this turn
   [play-live]    [engine] action menu: Earthquake - a solid hit -> slot 3 (eff x1) vs seel 96/96 | [0]Bite(p60,pp=23,ref=0,sc=60) [1]Skull Bash(p100,pp=15,ref=0,sc=50) [2]Surf(p95*STAB,pp=14,ref=0,sc=35.625) [3]Earthquake(p100,pp=7,ref=0,sc=100)
   [play-live]    [engine] STREAM COMMIT: Earthquake - a solid hit slot 3 (menu_up=1 action=True moves=False)
   [play-live]    [engine] battle-progress: move resolved
   [play-live]    [engine] battle-progress: enemy fainted
   [travel] battle outcome=win; resuming pathfind
   [travel] reached target coord (32, 5)
   [travel] start map=(1, 86) coords=(29, 5) -> coord (29, 5) (budget 60s, surf-capable)
   [travel] reached target coord (29, 5)
   [travel] start map=(1, 86) coords=(29, 3) -> coord (29, 6) (budget 60s, surf-capable)
   [travel] step 0: (29, 3)->(29, 4) map=(1, 86) (path 4 to exit)
   [travel] MAP TRANSITION (1, 86) -> (1, 87)
   [travel] coord leg ended by the transition -> (1, 87) (target (29, 6) was the old map's frame)
   [travel] start map=(1, 87) coords=(32, 5) -> coord (32, 5) (budget 60s, surf-capable)
   [travel] reached target coord (32, 5)
   [travel] start map=(1, 87) coords=(32, 5) -> coord (15, 9) (budget 60s, surf-capable)
   [travel] step 0: (32, 5)->(31, 5) map=(1, 87) (path 22 to exit)
   [travel] step 10: (22, 5)->(22, 6) map=(1, 87) (path 12 to exit)
   [travel] step 20: (16, 9)->(15, 9) map=(1, 87) (path 2 to exit)
   [travel] reached target coord (15, 9)
   [travel] start map=(1, 86) coords=(12, 9) -> coord (12, 9) (budget 60s, surf-capable)
   [travel] reached target coord (12, 9)
   [travel] start map=(1, 86) coords=(12, 9) -> coord (12, 10) (budget 60s, surf-capable)
   [travel] step 0: (12, 9)->(12, 10) map=(1, 86) (path 2 to exit)
   [travel] reached target coord (12, 10)
   [travel] start map=(1, 87) coords=(32, 5) -> coord (32, 5) (budget 60s, surf-capable)
   [travel] reached target coord (32, 5)
   [travel] start map=(1, 87) coords=(32, 5) -> coord (15, 9) (budget 60s, surf-capable)
   [travel] step 0: (32, 5)->(31, 5) map=(1, 87) (path 22 to exit)
   [travel] step 10: (22, 5)->(22, 6) map=(1, 87) (path 12 to exit)
   [travel] step 20: (16, 9)->(15, 9) map=(1, 87) (path 2 to exit)
   [travel] reached target coord (15, 9)
   [travel] start map=(1, 86) coords=(12, 9) -> coord (12, 9) (budget 60s, surf-capable)
   [travel] reached target coord (12, 9)
   [travel] start map=(1, 86) coords=(12, 9) -> coord (12, 10) (budget 60s, surf-capable)
   [travel] step 0: (12, 9)->(12, 10) map=(1, 86) (path 2 to exit)
   [travel] reached target coord (12, 10)
   [travel] start map=(1, 87) coords=(15, 11) -> coord (15, 9) (budget 60s, surf-capable)
   [travel] step 0: (15, 11)->(15, 10) map=(1, 87) (path 3 to exit)
   [travel] reached target coord (15, 9)
   [travel] start map=(1, 86) coords=(12, 9) -> coord (12, 9) (budget 60s, surf-capable)
   [travel] reached target coord (12, 9)
   [travel] start map=(1, 86) coords=(12, 9) -> coord (12, 10) (budget 60s, surf-capable)
   [travel] step 0: (12, 9)->(12, 10) map=(1, 86) (path 2 to exit)
   [travel] reached target coord (12, 10)
   [travel] start map=(1, 87) coords=(15, 9) -> coord (32, 5) (budget 60s, surf-capable)
   [travel] step 0: (15, 9)->(16, 9) map=(1, 87) (path 22 to exit)
   [travel] step 10: (21, 5)->(22, 5) map=(1, 87) (path 12 to exit)
   [travel] ENCOUNTER -> on-time beat, warm up, hand off
   [play-live]    [engine] re-entry: foe is already DOWN — draining the faint/switch chain
   [play-live]    [engine] JUST FIGHT: L67 vs L32 + connecting damage — skipping bag/switch hierarchy this turn
   [play-live]    [engine] action menu: Earthquake - a solid hit -> slot 3 (eff x1) vs seel 84/84 | [0]Bite(p60,pp=23,ref=0,sc=60) [1]Skull Bash(p100,pp=15,ref=0,sc=50) [2]Surf(p95*STAB,pp=14,ref=0,sc=35.625) [3]Earthquake(p100,pp=7,ref=0,sc=100)
   [play-live]    [engine] STREAM COMMIT: Earthquake - a solid hit slot 3 (menu_up=1 action=True moves=False)
   [play-live]    [engine] battle-progress: move resolved
   [play-live]    [engine] battle-progress: enemy fainted
   [travel] battle outcome=win; resuming pathfind
   [travel] reached target coord (32, 5)
   [travel] start map=(1, 86) coords=(29, 5) -> coord (29, 5) (budget 60s, surf-capable)
   [travel] reached target coord (29, 5)
   [travel] start map=(1, 86) coords=(29, 3) -> coord (29, 6) (budget 60s, surf-capable)
   [travel] step 0: (29, 3)->(29, 4) map=(1, 86) (path 4 to exit)
   [travel] MAP TRANSITION (1, 86) -> (1, 87)
   [travel] coord leg ended by the transition -> (1, 87) (target (29, 6) was the old map's frame)
   [travel] start map=(1, 87) coords=(32, 5) -> coord (32, 5) (budget 60s, surf-capable)
   [travel] reached target coord (32, 5)
   [travel] start map=(1, 87) coords=(32, 5) -> coord (15, 9) (budget 60s, surf-capable)
   [travel] step 0: (32, 5)->(31, 5) map=(1, 87) (path 22 to exit)
   [travel] step 10: (22, 5)->(22, 6) map=(1, 87) (path 12 to exit)
   [travel] step 20: (16, 9)->(15, 9) map=(1, 87) (path 2 to exit)
   [travel] reached target coord (15, 9)
   [travel] start map=(1, 86) coords=(12, 9) -> coord (12, 9) (budget 60s, surf-capable)
   [travel] reached target coord (12, 9)
   [travel] start map=(1, 86) coords=(12, 9) -> coord (12, 10) (budget 60s, surf-capable)
   [travel] step 0: (12, 9)->(12, 10) map=(1, 86) (path 2 to exit)
   [travel] reached target coord (12, 10)
