===== playlive_2026-08-05_14-52-51.log =====
===== playlive_2026-08-05_14-10-20.log =====
   [play-live]    [engine] JUST FIGHT: L61 vs L9 + connecting damage — skipping bag/switch hierarchy this turn
   [play-live]    [engine] action menu: Earthquake - a super-effective hit -> slot 3 (eff x2) vs tentacool 26/26 | [0]Bite(p60,pp=25,ref=0,sc=60) [1]Skull Bash(p100,pp=15,ref=0,sc=50) [2]Surf(p95*STAB,pp=15,ref=0,sc=71.25) [3]Earthquake(p100,pp=10,ref=0,sc=200)
   [play-live]    [engine] STREAM COMMIT: Earthquake - a super-effective hit slot 3 (menu_up=1 action=True moves=False)
   [play-live]    [engine] battle-progress: move resolved
   [play-live]    [engine] battle-progress: enemy fainted
   [play-live]    [engine] re-entry: foe is already DOWN — draining the faint/switch chain
   [play-live]    [engine] JUST FIGHT: L61 vs L35 + connecting damage — skipping bag/switch hierarchy this turn
   [play-live]    [engine] action menu: Surf - a STAB hit -> slot 2 (eff x1) vs meowth 73/73 | [0]Bite(p60,pp=25,ref=0,sc=60) [1]Skull Bash(p100,pp=15,ref=0,sc=50) [2]Surf(p95*STAB,pp=15,ref=0,sc=142.5) [3]Earthquake(p100,pp=9,ref=0,sc=100)
   [play-live]    [engine] STREAM COMMIT: Surf - a STAB hit slot 2 (menu_up=1 action=True moves=False)
   [play-live]    [engine] battle-progress: enemy fainted
   [play-live]    [engine] !! WRONG SLOT FIRED: chose 2 but slot 0 was consumed (cursor desync survived the force-write; wrong-fires 1) — LOUD
   [play-live]    [engine] battle-progress: move resolved
   [play-live]    [engine] JUST FIGHT: L61 vs L35 + connecting damage — skipping bag/switch hierarchy this turn
   [play-live]    [engine] action menu: Earthquake - a super-effective hit -> slot 3 (eff x4) vs pikachu 69/69 | [0]Bite(p60,pp=24,ref=0,sc=60) [1]Skull Bash(p100,pp=15,ref=0,sc=50) [2]Surf(p95*STAB,pp=15,ref=0,sc=142.5) [3]Earthquake(p100,pp=9,ref=0,sc=400)
   [play-live]    [engine] STREAM COMMIT: Earthquake - a super-effective hit slot 3 (menu_up=1 action=True moves=False)
   [play-live]    [engine] battle-progress: move resolved
   [play-live]    [engine] battle-progress: enemy fainted
   [play-live]    [engine] JUST FIGHT: L61 vs L35 + connecting damage — skipping bag/switch hierarchy this turn
   [play-live]    [engine] action menu: Surf - a STAB hit -> slot 2 (eff x1) vs meowth 73/73 | [0]Bite(p60,pp=24,ref=0,sc=60) [1]Skull Bash(p100,pp=15,ref=0,sc=50) [2]Surf(p95*STAB,pp=15,ref=0,sc=142.5) [3]Earthquake(p100,pp=8,ref=0,sc=100)
   [play-live]    [engine] STREAM COMMIT: Surf - a STAB hit slot 2 (menu_up=1 action=True moves=False)
   [play-live]    [engine] battle-progress: enemy fainted
   [play-live]    [engine] !! WRONG SLOT FIRED: chose 2 but slot 3 was consumed (cursor desync survived the force-write; wrong-fires 2) — LOUD
   [play-live]    [engine] battle-progress: move resolved
   [play-live]    [engine] !! post-faint drain: 40 advances, zero progress -> switching to B-first decline pairs (wedge frame saved)
   [play-live]    [engine] party screen in drain: voluntary (shift prompt) -> single B out
   [play-live]    [engine] party screen in drain: voluntary (shift prompt) -> single B out
   [play-live]    [engine] JUST FIGHT: L61 vs L35 + connecting damage — skipping bag/switch hierarchy this turn
   [play-live]    [engine] action menu: Surf - a STAB hit -> slot 2 (eff x1) vs clefairy 94/94 | [0]Bite(p60,pp=24,ref=0,sc=60) [1]Skull Bash(p100,pp=15,ref=0,sc=50) [2]Surf(p95*STAB,pp=15,ref=0,sc=142.5) [3]Earthquake(p100,pp=7,ref=0,sc=100)
   [play-live]    [engine] STREAM COMMIT: Surf - a STAB hit slot 2 (menu_up=1 action=True moves=False)
   [play-live]    [engine] battle-progress: move resolved
   [play-live]    [engine] battle-progress: enemy fainted
   [play-live]    [engine] WILD CATCH DIVERT (dex_push) — geodude: weaken+balls, never KO
   [play-live]    [engine] throw_ball: aiming row 1 = item 2 (ultra ball, pref=cheap)
   [play-live]    [engine] re-entry: foe is already DOWN — draining the faint/switch chain
   [play-live]    [engine] JUST FIGHT: L61 vs L36 + connecting damage — skipping bag/switch hierarchy this turn
   [play-live]    [engine] action menu: Earthquake - a super-effective hit -> slot 3 (eff x4) vs nidorino 89/89 | [0]Bite(p60,pp=24,ref=0,sc=60) [1]Skull Bash(p100,pp=15,ref=0,sc=50) [2]Surf(p95*STAB,pp=14,ref=0,sc=142.5) [3]Earthquake(p100,pp=7,ref=0,sc=400)
   [play-live]    [engine] STREAM COMMIT: Earthquake - a super-effective hit slot 3 (menu_up=1 action=True moves=False)
   [play-live]    [engine] !! WRONG SLOT FIRED: chose 3 but slot 0 was consumed (cursor desync survived the force-write; wrong-fires 1) — LOUD
   [play-live]    [engine] battle-progress: move resolved
   [play-live]    [engine] JUST FIGHT: L61 vs L36 + connecting damage — skipping bag/switch hierarchy this turn
   [play-live]    [engine] action menu: Earthquake - a super-effective hit -> slot 3 (eff x4) vs nidorino 5/89 | [0]Bite(p60,pp=23,ref=0,sc=60) [1]Skull Bash(p100,pp=15,ref=0,sc=50) [2]Surf(p95*STAB,pp=14,ref=0,sc=142.5) [3]Earthquake(p100,pp=7,ref=0,sc=400)
   [play-live]    [engine] STREAM COMMIT: Earthquake - a super-effective hit slot 3 (menu_up=1 action=True moves=False)
   [play-live]    [engine] battle-progress: move resolved
   [play-live]    [engine] battle-progress: enemy fainted
   [play-live]    [engine] JUST FIGHT: L61 vs L36 + connecting damage — skipping bag/switch hierarchy this turn
   [play-live]    [engine] action menu: Surf - a super-effective hit -> slot 2 (eff x4) vs sandslash 100/100 | [0]Bite(p60,pp=23,ref=0,sc=60) [1]Skull Bash(p100,pp=15,ref=0,sc=50) [2]Surf(p95*STAB,pp=14,ref=0,sc=570) [3]Earthquake(p100,pp=6,ref=0,sc=100)
   [play-live]    [engine] STREAM COMMIT: Surf - a super-effective hit slot 2 (menu_up=1 action=True moves=False)
   [play-live]    [engine] !! WRONG SLOT FIRED: chose 2 but slot 3 was consumed (cursor desync survived the force-write; wrong-fires 2) — LOUD
   [play-live]    [engine] battle-progress: move resolved
   [play-live]    [engine] JUST FIGHT: L61 vs L36 + connecting damage — skipping bag/switch hierarchy this turn
   [play-live]    [engine] action menu: Surf - a super-effective hit -> slot 2 (eff x4) vs sandslash 26/100 | [0]Bite(p60,pp=23,ref=0,sc=60) [1]Skull Bash(p100,pp=15,ref=0,sc=50) [2]Surf(p95*STAB,pp=14,ref=0,sc=570) [3]Earthquake(p100,pp=5,ref=0,sc=100)
   [play-live]    [engine] STREAM COMMIT: Surf - a super-effective hit slot 2 (menu_up=1 action=True moves=False)
   [play-live]    [engine] battle-progress: move resolved
   [play-live]    [engine] battle-progress: enemy fainted
   [play-live]    [engine] ITEM-INSTINCT offer: ['use_potion', 'use_cure', 'keep_fighting'] ctx={'hp': '55/191', 'status': 'poison', 'foe': 'raticate'}
   [play-live]    [engine] ITEM-INSTINCT FORCED -> use_potion (active at 28% <= crit floor 30% — a faint loses the fight; oracle bypassed)
   [play-live]    [engine] ITEM-INSTINCT pick -> use_potion (item 21, aim=active)
   [play-live]    [engine] use_item walk n=0: party=False bag=True white=False cb2party=False cb2bag=True pcur=None lead=False
   [play-live]    [engine] use_item: USED item 21 (count 14->13)
   [play-live]    [engine] battle-progress: item 21 consumed
   [play-live]    [engine] use_item: post-use settle NOT confirmed — blind B-unwind (the bag can sit open invisible to every classifier)
   [play-live]    [engine] JUST FIGHT: L62 vs L36 + connecting damage — skipping bag/switch hierarchy this turn
   [play-live]    [engine] action menu: Surf - a STAB hit -> slot 2 (eff x1) vs raticate 85/85 | [0]Bite(p60,pp=23,ref=0,sc=60) [1]Skull Bash(p100,pp=15,ref=0,sc=50) [2]Surf(p95*STAB,pp=13,ref=0,sc=142.5) [3]Earthquake(p100,pp=5,ref=0,sc=100)
   [play-live]    [engine] STREAM COMMIT: Surf - a STAB hit slot 2 (menu_up=1 action=True moves=False)
   [play-live]    [engine] battle-progress: move resolved
   [play-live]    [engine] battle-progress: enemy fainted
   [play-live]    [engine] re-entry: foe is already DOWN — draining the faint/switch chain
   [play-live]    [engine] JUST FIGHT: L62 vs L39 + connecting damage — skipping bag/switch hierarchy this turn
   [play-live]    [engine] action menu: Surf - a STAB hit -> slot 2 (eff x1) vs machoke 113/113 | [0]Bite(p60,pp=23,ref=0,sc=15) [1]Skull Bash(p100,pp=15,ref=0,sc=50) [2]Surf(p95*STAB,pp=12,ref=0,sc=142.5) [3]Earthquake(p100,pp=5,ref=0,sc=100)
   [play-live]    [engine] STREAM COMMIT: Surf - a STAB hit slot 2 (menu_up=0 action=True moves=False)
   [play-live]    [engine] battle-progress: move resolved
   [play-live]    [engine] WHIFF: foe HP unchanged at 113 across the full turn -> accuracy-debuff spiral (streak 1/3)
   [play-live]    [engine] action menu: Body Slam - a solid hit -> slot 1 (eff x1) vs machoke 113/113 | [0]Strength(p80,pp=15,ref=0,sc=80) [1]Body Slam(p85,pp=15,ref=0,sc=85) [2]Confuse Ray(p0,pp=10,ref=0,sc=0) [3]Perish Song(p0,pp=5,ref=0,sc=0)
   [play-live]    [engine] STREAM COMMIT: Body Slam - a solid hit slot 1 (menu_up=0 action=True moves=False)
   [play-live]    [engine] JUST FIGHT: L62 vs L39 + connecting damage — skipping bag/switch hierarchy this turn
   [play-live]    [engine] action menu: Surf - a STAB hit -> slot 2 (eff x1) vs machoke 10/113 | [0]Bite(p60,pp=23,ref=0,sc=15) [1]Skull Bash(p100,pp=15,ref=0,sc=50) [2]Surf(p95*STAB,pp=11,ref=0,sc=142.5) [3]Earthquake(p100,pp=5,ref=0,sc=100)
   [play-live]    [engine] STREAM COMMIT: Surf - a STAB hit slot 2 (menu_up=0 action=True moves=False)
   [play-live]    [engine] battle-progress: move resolved
   [play-live]    [engine] WHIFF: foe HP unchanged at 10 across the full turn -> accuracy-debuff spiral (streak 2/3)
   [play-live]    [engine] action menu: Body Slam - a solid hit -> slot 1 (eff x1) vs machoke 10/113 | [0]Strength(p80,pp=15,ref=0,sc=80) [1]Body Slam(p85,pp=14,ref=0,sc=85) [2]Confuse Ray(p0,pp=10,ref=0,sc=0) [3]Perish Song(p0,pp=5,ref=0,sc=0)
   [play-live]    [engine] STREAM COMMIT: Body Slam - a solid hit slot 1 (menu_up=0 action=True moves=False)
   [play-live]    [engine] battle-progress: enemy fainted
   [play-live]    [engine] re-entry: foe is already DOWN — draining the faint/switch chain
   [play-live]    [engine] JUST FIGHT: L62 vs L37 + connecting damage — skipping bag/switch hierarchy this turn
   [play-live]    [engine] action menu: Surf - a STAB hit -> slot 2 (eff x1) vs machop 103/103 | [0]Bite(p60,pp=23,ref=0,sc=15) [1]Skull Bash(p100,pp=15,ref=0,sc=50) [2]Surf(p95*STAB,pp=10,ref=0,sc=142.5) [3]Earthquake(p100,pp=5,ref=0,sc=100)
   [play-live]    [engine] STREAM COMMIT: Surf - a STAB hit slot 2 (menu_up=1 action=True moves=False)
   [play-live]    [engine] battle-progress: move resolved
   [play-live]    [engine] battle-progress: enemy fainted
   [play-live]    [engine] JUST FIGHT: L62 vs L37 + connecting damage — skipping bag/switch hierarchy this turn
   [play-live]    [engine] action menu: Surf - a STAB hit -> slot 2 (eff x1) vs machoke 110/110 | [0]Bite(p60,pp=23,ref=0,sc=15) [1]Skull Bash(p100,pp=15,ref=0,sc=50) [2]Surf(p95*STAB,pp=9,ref=0,sc=142.5) [3]Earthquake(p100,pp=5,ref=0,sc=100)
   [play-live]    [engine] STREAM COMMIT: Surf - a STAB hit slot 2 (menu_up=1 action=True moves=False)
   [play-live]    [engine] battle-progress: move resolved
   [play-live]    [engine] battle-progress: enemy fainted
   [play-live]    [engine] re-entry: foe is already DOWN — draining the faint/switch chain
   [play-live]    [engine] JUST FIGHT: L62 vs L38 + connecting damage — skipping bag/switch hierarchy this turn
   [play-live]    [engine] action menu: Surf - a STAB hit -> slot 2 (eff x1) vs machop 105/105 | [0]Bite(p60,pp=23,ref=0,sc=15) [1]Skull Bash(p100,pp=15,ref=0,sc=50) [2]Surf(p95*STAB,pp=8,ref=0,sc=142.5) [3]Earthquake(p100,pp=5,ref=0,sc=100)
   [play-live]    [engine] STREAM COMMIT: Surf - a STAB hit slot 2 (menu_up=1 action=True moves=False)
   [play-live]    [engine] battle-progress: move resolved
   [play-live]    [engine] battle-progress: enemy fainted
   [play-live]    [engine] ITEM-INSTINCT offer: ['use_potion', 'use_cure', 'keep_fighting'] ctx={'hp': '51/191', 'status': 'poison', 'foe': 'machoke'}
   [play-live]    [engine] ITEM-INSTINCT FORCED -> use_potion (active at 26% <= crit floor 30% — a faint loses the fight; oracle bypassed)
   [play-live]    [engine] ITEM-INSTINCT pick -> use_potion (item 21, aim=active)
   [play-live]    [engine] use_item walk n=0: party=False bag=True white=False cb2party=False cb2bag=True pcur=None lead=False
   [play-live]    [engine] use_item: USED item 21 (count 13->12)
   [play-live]    [engine] battle-progress: item 21 consumed
   [play-live]    [engine] use_item: post-use settle NOT confirmed — blind B-unwind (the bag can sit open invisible to every classifier)
   [play-live]    [engine] JUST FIGHT: L62 vs L38 + connecting damage — skipping bag/switch hierarchy this turn
   [play-live]    [engine] action menu: Surf - a STAB hit -> slot 2 (eff x1) vs machoke 113/113 | [0]Bite(p60,pp=23,ref=0,sc=15) [1]Skull Bash(p100,pp=15,ref=0,sc=50) [2]Surf(p95*STAB,pp=7,ref=0,sc=142.5) [3]Earthquake(p100,pp=5,ref=0,sc=100)
   [play-live]    [engine] STREAM COMMIT: Surf - a STAB hit slot 2 (menu_up=1 action=True moves=False)
   [play-live]    [engine] battle-progress: move resolved
   [play-live]    [engine] battle-progress: enemy fainted
   [play-live]    [engine] re-entry: foe is already DOWN — draining the faint/switch chain
   [play-live]    [engine] JUST FIGHT: L62 vs L38 + connecting damage — skipping bag/switch hierarchy this turn
   [play-live]    [engine] action menu: Bite - a super-effective hit -> slot 0 (eff x2) vs starmie 93/93 | [0]Bite(p60,pp=23,ref=0,sc=120) [1]Skull Bash(p100,pp=15,ref=0,sc=50) [2]Surf(p95*STAB,pp=6,ref=0,sc=71.25) [3]Earthquake(p100,pp=5,ref=0,sc=100)
   [play-live]    [engine] STREAM COMMIT: Bite - a super-effective hit slot 0 (menu_up=1 action=True moves=False)
   [play-live]    [engine] battle-progress: move resolved
   [play-live]    [engine] battle-progress: enemy fainted
   [play-live]    [engine] re-entry: foe is already DOWN — draining the faint/switch chain
   [play-live]    [engine] JUST FIGHT: L62 vs L37 + connecting damage — skipping bag/switch hierarchy this turn
   [play-live]    [engine] action menu: Earthquake - a solid hit -> slot 3 (eff x1) vs seadra 87/87 | [0]Bite(p60,pp=22,ref=0,sc=60) [1]Skull Bash(p100,pp=15,ref=0,sc=50) [2]Surf(p95*STAB,pp=6,ref=0,sc=35.625) [3]Earthquake(p100,pp=5,ref=0,sc=100)
   [play-live]    [engine] STREAM COMMIT: Earthquake - a solid hit slot 3 (menu_up=1 action=True moves=False)
   [play-live]    [engine] battle-progress: enemy fainted
   [play-live]    [engine] !! WRONG SLOT FIRED: chose 3 but slot 0 was consumed (cursor desync survived the force-write; wrong-fires 1) — LOUD
   [play-live]    [engine] battle-progress: move resolved
   [play-live]    [engine] WHIFF: foe HP unchanged at 87 across the full turn -> accuracy-debuff spiral (streak 1/3)
   [play-live]    [engine] JUST FIGHT: L62 vs L37 + connecting damage — skipping bag/switch hierarchy this turn
   [play-live]    [engine] action menu: Earthquake - a solid hit -> slot 3 (eff x1) vs seadra 87/87 | [0]Bite(p60,pp=21,ref=0,sc=60) [1]Skull Bash(p100,pp=15,ref=0,sc=50) [2]Surf(p95*STAB,pp=6,ref=0,sc=35.625) [3]Earthquake(p100,pp=5,ref=0,sc=100)
   [play-live]    [engine] STREAM COMMIT: Earthquake - a solid hit slot 3 (menu_up=1 action=True moves=False)
   [play-live]    [engine] battle-progress: move resolved
   [play-live]    [engine] battle-progress: enemy fainted
   [play-live]    [engine] re-entry: foe is already DOWN — draining the faint/switch chain
   [play-live]    [engine] JUST FIGHT: L62 vs L38 + connecting damage — skipping bag/switch hierarchy this turn
   [play-live]    [engine] action menu: Earthquake - a solid hit -> slot 3 (eff x1) vs bellsprout 90/90 | [0]Bite(p60,pp=21,ref=0,sc=60) [1]Skull Bash(p100,pp=15,ref=0,sc=50) [2]Surf(p95*STAB,pp=6,ref=0,sc=71.25) [3]Earthquake(p100,pp=4,ref=0,sc=100)
   [play-live]    [engine] STREAM COMMIT: Earthquake - a solid hit slot 3 (menu_up=1 action=True moves=False)
   [play-live]    [engine] battle-progress: move resolved
   [play-live]    [engine] battle-progress: enemy fainted
   [play-live]    [engine] JUST FIGHT: L62 vs L38 + connecting damage — skipping bag/switch hierarchy this turn
   [play-live]    [engine] action menu: Earthquake - a solid hit -> slot 3 (eff x1) vs gloom 98/98 | [0]Bite(p60,pp=21,ref=0,sc=60) [1]Skull Bash(p100,pp=15,ref=0,sc=50) [2]Surf(p95*STAB,pp=6,ref=0,sc=71.25) [3]Earthquake(p100,pp=3,ref=0,sc=100)
   [play-live]    [engine] STREAM COMMIT: Earthquake - a solid hit slot 3 (menu_up=1 action=True moves=False)
   [play-live]    [engine] battle-progress: move resolved
   [play-live]    [engine] battle-progress: enemy fainted
   [play-live]    [engine] WHIFF: foe HP unchanged at 98 across the full turn -> accuracy-debuff spiral (streak 1/3)
   [play-live]    [engine] JUST FIGHT: L63 vs L38 + connecting damage — skipping bag/switch hierarchy this turn
   [play-live]    [engine] action menu: Earthquake - a solid hit -> slot 3 (eff x1) vs gloom 98/98 | [0]Bite(p60,pp=21,ref=0,sc=60) [1]Skull Bash(p100,pp=15,ref=0,sc=50) [2]Surf(p95*STAB,pp=6,ref=0,sc=71.25) [3]Earthquake(p100,pp=2,ref=0,sc=100)
   [play-live]    [engine] STREAM COMMIT: Earthquake - a solid hit slot 3 (menu_up=1 action=True moves=False)
   [play-live]    [engine] battle-progress: move resolved
   [play-live]    [engine] battle-progress: enemy fainted
   [play-live]    [engine] WILD CATCH DIVERT (dex_push) — fearow: weaken+balls, never KO
   [play-live]    [engine] throw_ball: aiming row 1 = item 2 (ultra ball, pref=cheap)
   [play-live]    [engine] throw_ball: aiming row 1 = item 2 (ultra ball, pref=cheap)
   [play-live]    [engine] ITEM-INSTINCT offer: ['use_potion', 'use_cure', 'keep_fighting'] ctx={'hp': '28/193', 'status': 'poison', 'foe': 'exeggcute'}
   [play-live]    [engine] ITEM-INSTINCT FORCED -> use_potion (active at 14% <= crit floor 30% — a faint loses the fight; oracle bypassed)
   [play-live]    [engine] ITEM-INSTINCT pick -> use_potion (item 21, aim=active)
   [play-live]    [engine] use_item: pocket byte MUTE + NO bag/white pixels + callback2 not the bag — bag never opened; keep fighting (LOUD, no blind taps fired)
   [play-live]    [engine] HEAL-FAIL LATCH: item 21 did not consume (failed) -> suppressing further in-battle item offers for species 9 this battle (anti bag-USE/CANCEL livelock — fight/faint, let the next mon resolve it)
   [play-live]    [engine] POTION-BLOCK: no more heal-item offers this battle (full-HP / no_effect abort)
   [play-live]    [engine] action menu: Bite - a super-effective hit -> slot 0 (eff x2) vs exeggcute 95/95 | [0]Bite(p60,pp=21,ref=0,sc=120) [1]Skull Bash(p100,pp=15,ref=0,sc=50) [2]Surf(p95*STAB,pp=6,ref=0,sc=71.25) [3]Earthquake(p100,pp=1,ref=0,sc=50)
   [play-live]    [engine] STREAM COMMIT: Bite - a super-effective hit slot 0 (menu_up=0 action=False moves=False)
   [play-live]    [engine] battle-progress: enemy fainted
   [play-live]    [engine] battle-progress: move resolved
   [play-live]    [engine] action menu: Bite - a super-effective hit -> slot 0 (eff x2) vs exeggutor 130/130 | [0]Bite(p60,pp=20,ref=0,sc=120) [1]Skull Bash(p100,pp=15,ref=0,sc=50) [2]Surf(p95*STAB,pp=6,ref=0,sc=71.25) [3]Earthquake(p100,pp=1,ref=0,sc=50)
   [play-live]    [engine] STREAM COMMIT: Bite - a super-effective hit slot 0 (menu_up=1 action=True moves=False)
   [play-live]    [engine] battle-progress: move resolved
   [play-live]    [engine] battle-progress: enemy fainted
   [play-live]    [engine] WILD CATCH DIVERT (creator_catch_now) — geodude: weaken+balls, never KO
   [play-live]    [engine] catch: CHIPPER SWITCH — blastoise would one-shot it; fielding slot 2 (fearow) to chip it into the catchable band
   [play-live]    [engine] switch: party didn't open via RAM nav — BLIND fallback (B out, DOWN DOWN A)
   [play-live]    [engine] switch: party screen never took focus -> B out (fail-safe)
   [play-live]    [engine] catch: chipper switch didn't confirm — falling back to the full-HP throw (fail-safe)
   [play-live]    [engine] battle-progress: enemy fainted
   [play-live]    [engine] catch_now unresolved (fled) — LAW order KEPT for retry
   [play-live]    [engine] re-entry: foe is already DOWN — draining the faint/switch chain
   [play-live]    [engine] WILD CATCH DIVERT (creator_catch_now) — machoke: weaken+balls, never KO
   [play-live]    [engine] battle-progress: our mon fainted
   [play-live]    [engine] !! throw_ball: bag would not open (open-A eaten) — aborting LOUDLY
   [play-live]    [engine] !! throw_ball: bag would not open (open-A eaten) — aborting LOUDLY
   [play-live]    [engine] !! throw_ball: bag would not open (open-A eaten) — aborting LOUDLY
   [play-live]    [engine] !! throw_ball: bag would not open (open-A eaten) — aborting LOUDLY
   [play-live]    [engine] !! throw_ball: bag would not open (open-A eaten) — aborting LOUDLY
   [play-live]    [engine] !! throw_ball: bag would not open (open-A eaten) — aborting LOUDLY
