===== playlive_2026-08-08_10-09-15.log =====
   [travel] start map=(3, 7) coords=(47, 21) -> coord (25, 32) (budget 120s, surf-capable)
   [travel] step 0: (47, 21)->(47, 22) map=(3, 7) (path 86 to exit)
   [travel] step 10: (38, 22)->(37, 22) map=(3, 7) (path 76 to exit)
   [travel] step 20: (30, 24)->(30, 25) map=(3, 7) (path 66 to exit)
   [travel] step 30: (21, 25)->(20, 25) map=(3, 7) (path 56 to exit)
   [travel] HEARTBEAT step=40 map=(3, 7) coords=(11, 25) elapsed=5s
   [travel] step 40: (11, 25)->(10, 25) map=(3, 7) (path 46 to exit)
   [travel] step 50: (3, 27)->(3, 28) map=(3, 7) (path 36 to exit)
   [travel] step 60: (4, 36)->(5, 36) map=(3, 7) (path 26 to exit)
   [travel] step 70: (11, 33)->(11, 32) map=(3, 7) (path 16 to exit)
   [travel] HEARTBEAT step=80 map=(3, 7) coords=(20, 32) elapsed=11s
   [travel] step 80: (20, 32)->(21, 32) map=(3, 7) (path 6 to exit)
   [travel] reached target coord (25, 32)
   [travel] start map=(11, 5) coords=(11, 2) -> coord (7, 7) (budget 60s, surf-capable)
   [travel] step 0: (11, 2)->(11, 3) map=(11, 5) (path 10 to exit)
   [travel] reached target coord (7, 7)
   [travel] start map=(3, 7) coords=(25, 32) -> map (3, 33) (budget 300s, surf-capable)
   [travel] east connection band rows: [0, 1, 2, 3, 4, 5, 6, 7, 8, 9, 20, 21, 22, 30, 31, 32, 33, 34, 35, 36, 37, 38, 39]
   [travel] step 0: (25, 32)->(26, 32) map=(3, 7) (path 33 to exit)
   [travel] step 10: (29, 26)->(29, 25) map=(3, 7) (path 24 to exit)
   [travel] step 20: (35, 22)->(36, 22) map=(3, 7) (path 14 to exit)
   [travel] step 30: (45, 22)->(46, 22) map=(3, 7) (path 4 to exit)
   [travel] MAP TRANSITION (3, 7) -> (3, 33)
   [travel] east connection band rows: [7, 10, 11, 12, 13, 14, 16]
   [travel] ARRIVED at target map (3, 33) coords=(0, 12)
   [travel] start map=(3, 33) coords=(0, 12) -> map (3, 32) (budget 300s, surf-capable)
   [travel] east connection band rows: [7, 10, 11, 12, 13, 14, 16]
   [travel] path blocked at (0, 12) (NPC on the gap?) - waiting
   [travel] no clean path from (0, 12) AND no NPC-allowing path (npcs nearby=[]) - genuine wall/zone gap, will time out
   [travel] !! TRAVEL WEDGE: identical fp x4 retries at (0, 12) map=(3, 33) (reason=no_route) -> returning to roam LOUD (no inner spin)
   [travel] start map=(3, 33) coords=(0, 12) -> coord (9, 12) (budget 240s, surf-capable)
   [travel] step 0: (0, 12)->(1, 12) map=(3, 33) (path 10 to exit)
   [travel] reached target coord (9, 12)
   [travel] start map=(3, 33) coords=(9, 9) -> coord (8, 11) (budget 60s, surf-capable)
   [travel] step 0: (9, 9)->(9, 10) map=(3, 33) (path 4 to exit)
   [travel] reached target coord (8, 11)
   [travel] start map=(24, 0) coords=(1, 6) -> coord (9, 10) (budget 110s, surf-capable)
   [travel] step 0: (1, 6)->(1, 7) map=(24, 0) (path 13 to exit)
   [travel] step 10: (8, 9)->(8, 10) map=(24, 0) (path 3 to exit)
   [travel] reached target coord (9, 10)
   [travel] start map=(24, 1) coords=(10, 9) -> coord (11, 9) (budget 60s, surf-capable)
   [travel] step 0: (10, 9)->(11, 9) map=(24, 1) (path 2 to exit)
   [travel] reached target coord (11, 9)
   [travel] start map=(24, 0) coords=(9, 10) -> coord (10, 6) (budget 60s, surf-capable)
   [travel] step 0: (9, 10)->(9, 9) map=(24, 0) (path 6 to exit)
   [travel] reached target coord (10, 6)
   [travel] start map=(3, 33) coords=(16, 11) -> map (3, 32) (budget 300s, surf-capable)
   [travel] east connection band rows: [7, 10, 11, 12, 13, 14, 16]
   [travel] step 0: (16, 11)->(16, 12) map=(3, 33) (path 58 to exit)
   [travel] step 10: (25, 12)->(26, 12) map=(3, 33) (path 48 to exit)
   [travel] step 20: (34, 13)->(35, 13) map=(3, 33) (path 39 to exit)
   [travel] step 30: (44, 13)->(45, 13) map=(3, 33) (path 29 to exit)
   [travel] HEARTBEAT step=40 map=(3, 33) coords=(54, 13) elapsed=21s
   [travel] step 40: (54, 13)->(55, 13) map=(3, 33) (path 19 to exit)
   [travel] step 50: (63, 14)->(64, 14) map=(3, 33) (path 10 to exit)
   [travel] MAP TRANSITION (3, 33) -> (3, 32)
   [travel] east connection band rows: [5, 7, 9, 11, 13, 14, 16, 17, 18, 19, 20, 21, 22, 23, 24, 25, 26, 27, 28, 29, 30, 31, 32, 33, 34, 35, 36, 37, 38, 39, 40, 41, 42, 43, 44, 45, 46, 47, 48, 49, 50, 51, 52, 53, 54, 55, 56, 57, 58, 59]
   [travel] ARRIVED at target map (3, 32) coords=(0, 54)
   [travel] start map=(3, 32) coords=(0, 54) -> map (3, 31) (budget 300s, surf-capable)
   [travel] east connection band rows: [5, 7, 9, 11, 13, 14, 16, 17, 18, 19, 20, 21, 22, 23, 24, 25, 26, 27, 28, 29, 30, 31, 32, 33, 34, 35, 36, 37, 38, 39, 40, 41, 42, 43, 44, 45, 46, 47, 48, 49, 50, 51, 52, 53, 54, 55, 56, 57, 58, 59]
   [travel] step 0: (0, 54)->(0, 53) map=(3, 32) (path 68 to exit)
   [travel] step 10: (2, 46)->(2, 45) map=(3, 32) (path 58 to exit)
   [travel] step 20: (7, 41)->(7, 40) map=(3, 32) (path 48 to exit)
   [travel] step 30: (7, 45)->(7, 46) map=(3, 32) (path 54 to exit)
   [travel] HEARTBEAT step=40 map=(3, 32) coords=(14, 44) elapsed=17s
   [travel] step 40: (14, 44)->(14, 43) map=(3, 32) (path 44 to exit)
   [travel] step 50: (14, 34)->(14, 33) map=(3, 32) (path 34 to exit)
   [travel] step 60: (14, 24)->(14, 23) map=(3, 32) (path 24 to exit)
   [travel] step 70: (14, 14)->(14, 13) map=(3, 32) (path 14 to exit)
   [travel] HEARTBEAT step=80 map=(3, 32) coords=(21, 11) elapsed=23s
   [travel] step 80: (21, 11)->(22, 11) map=(3, 32) (path 4 to exit)
   [travel] MAP TRANSITION (3, 32) -> (3, 31)
   [travel] east connection band rows: [0, 1, 2, 3, 4, 5, 6, 7, 8, 9, 10, 11, 12, 13, 14, 15, 16, 17, 18, 19]
   [travel] ARRIVED at target map (3, 31) coords=(0, 11)
   [travel] start map=(3, 31) coords=(0, 11) -> map (3, 30) (budget 300s, surf-capable)
   [travel] north connection band cols: [0, 1, 2, 3, 4, 5, 6, 7, 8, 9, 10, 11, 12, 13, 14, 15, 16, 17, 18, 19, 20, 21, 22, 23, 24, 25, 26, 27, 28, 29, 30, 31, 32, 33, 34, 35, 36, 37, 38, 39, 40, 41, 42, 43, 44, 45, 46, 47, 62, 63, 64, 65, 66, 67, 68, 69, 70, 71, 72]
   [travel] step 0: (0, 11)->(1, 11) map=(3, 31) (path 86 to exit)
   [travel] step 10: (8, 9)->(9, 9) map=(3, 31) (path 76 to exit)
   [travel] step 20: (16, 7)->(16, 6) map=(3, 31) (path 66 to exit)
   [travel] step 30: (24, 5)->(25, 5) map=(3, 31) (path 56 to exit)
   [travel] HEARTBEAT step=40 map=(3, 31) coords=(32, 7) elapsed=18s
   [travel] step 40: (32, 7)->(33, 7) map=(3, 31) (path 46 to exit)
   [travel] step 50: (40, 7)->(39, 7) map=(3, 31) (path 70 to exit)
   [travel] step 60: (30, 7)->(29, 7) map=(3, 31) (path 60 to exit)
   [travel] step 70: (26, 9)->(27, 9) map=(3, 31) (path 50 to exit)
   [travel] HEARTBEAT step=80 map=(3, 31) coords=(34, 11) elapsed=35s
   [travel] step 80: (34, 11)->(35, 11) map=(3, 31) (path 40 to exit)
   [travel] step 90: (44, 11)->(45, 11) map=(3, 31) (path 30 to exit)
   [travel] step 100: (54, 11)->(55, 11) map=(3, 31) (path 20 to exit)
   [travel] step 110: (62, 9)->(62, 8) map=(3, 31) (path 10 to exit)
   [travel] HEARTBEAT step=120 map=(3, 30) coords=(14, 119) elapsed=46s
   [travel] MAP TRANSITION (3, 31) -> (3, 30)
   [travel] north connection band cols: [11, 12, 24]
   [travel] ARRIVED at target map (3, 30) coords=(14, 119)
   [travel] start map=(3, 30) coords=(14, 119) -> map (3, 4) (budget 300s, surf-capable)
   [travel] north connection band cols: [11, 12, 24]
   [travel] path blocked at (14, 119) (NPC on the gap?) - waiting
   [travel] no clean path from (14, 119) AND no NPC-allowing path (npcs nearby=[(15, 126)]) - genuine wall/zone gap, will time out
   [travel] !! TRAVEL WEDGE: identical fp x4 retries at (14, 119) map=(3, 30) (reason=no_route) -> returning to roam LOUD (no inner spin)
   [travel] start map=(3, 30) coords=(14, 119) -> coord (14, 22) (budget 240s, surf-capable)
   [travel] step 0: (14, 119)->(14, 118) map=(3, 30) (path 164 to exit)
   [travel] step 10: (16, 111)->(16, 110) map=(3, 30) (path 154 to exit)
   [travel] step 20: (17, 106)->(16, 106) map=(3, 30) (path 146 to exit)
   [travel] step 30: (15, 98)->(15, 97) map=(3, 30) (path 136 to exit)
   [travel] HEARTBEAT step=40 map=(3, 30) coords=(11, 92) elapsed=17s
   [travel] step 40: (11, 92)->(10, 92) map=(3, 30) (path 126 to exit)
   [travel] step 50: (8, 86)->(8, 85) map=(3, 30) (path 119 to exit)
   [travel] step 60: (16, 84)->(17, 84) map=(3, 30) (path 109 to exit)
   [travel] step 70: (15, 79)->(15, 78) map=(3, 30) (path 99 to exit)
   [travel] HEARTBEAT step=80 map=(3, 30) coords=(14, 70) elapsed=36s
   [travel] step 80: (14, 70)->(14, 69) map=(3, 30) (path 89 to exit)
   [travel] step 90: (11, 63)->(10, 63) map=(3, 30) (path 79 to exit)
   [travel] step 100: (9, 55)->(9, 54) map=(3, 30) (path 69 to exit)
   [travel] step 110: (14, 58)->(15, 58) map=(3, 30) (path 59 to exit)
   [travel] HEARTBEAT step=120 map=(3, 30) coords=(16, 50) elapsed=41s
   [travel] step 120: (16, 50)->(16, 49) map=(3, 30) (path 49 to exit)
   [travel] step 130: (13, 43)->(13, 42) map=(3, 30) (path 39 to exit)
   [travel] step 140: (8, 38)->(8, 37) map=(3, 30) (path 31 to exit)
   [travel] step 150: (13, 33)->(13, 32) map=(3, 30) (path 21 to exit)
   [travel] HEARTBEAT step=160 map=(3, 30) coords=(18, 28) elapsed=70s
   [travel] step 160: (18, 28)->(18, 27) map=(3, 30) (path 11 to exit)
   [travel] reached target coord (14, 22)
   [travel] start map=(23, 0) coords=(5, 11) -> coord (6, 1) (budget 110s, surf-capable)
   [travel] path blocked at (5, 11) (NPC on the gap?) - waiting
   [travel] no clean path from (5, 11) AND no NPC-allowing path (npcs nearby=[(1, 5)]) - genuine wall/zone gap, will time out
   [travel] !! TRAVEL WEDGE: identical fp x4 retries at (5, 11) map=(23, 0) (reason=no_route) -> returning to roam LOUD (no inner spin)
   [travel] start map=(23, 0) coords=(5, 11) -> coord (6, 2) (budget 90s, surf-capable)
   [travel] step 0: (5, 11)->(5, 10) map=(23, 0) (path 11 to exit)
   [travel] reached target coord (6, 2)
   [travel] start map=(23, 0) coords=(6, 2) -> coord (5, 1) (budget 110s, surf-capable)
   [travel] step 0: (6, 2)->(5, 2) map=(23, 0) (path 3 to exit)
   [travel] reached target coord (5, 1)
   [travel] start map=(3, 30) coords=(14, 15) -> map (3, 4) (budget 300s, surf-capable)
   [travel] north connection band cols: [11, 12, 24]
   [travel] step 0: (14, 15)->(14, 14) map=(3, 30) (path 18 to exit)
   [travel] step 10: (12, 7)->(12, 6) map=(3, 30) (path 8 to exit)
   [travel] MAP TRANSITION (3, 30) -> (3, 4)
   [travel] north connection band cols: [8, 9, 10, 11, 12, 24]
   [travel] ARRIVED at target map (3, 4) coords=(12, 19)
   [travel] start map=(3, 4) coords=(12, 19) -> map (3, 26) (budget 300s, surf-capable)
   [travel] west connection band rows: [9, 10, 11]
   [travel] step 0: (12, 19)->(12, 18) map=(3, 4) (path 21 to exit)
   [travel] step 10: (4, 17)->(3, 17) map=(3, 4) (path 11 to exit)
   [travel] MAP TRANSITION (3, 4) -> (3, 26)
   [travel] west connection band rows: [6, 8, 9, 10, 11, 13]
   [travel] ARRIVED at target map (3, 26) coords=(71, 11)
   [travel] start map=(3, 26) coords=(71, 11) -> coord (7, 10) (budget 300s, surf-capable)
   [travel] step 0: (71, 11)->(70, 11) map=(3, 26) (path 88 to exit)
   [travel] step 10: (65, 15)->(64, 15) map=(3, 26) (path 78 to exit)
   [travel] step 20: (56, 14)->(55, 14) map=(3, 26) (path 68 to exit)
   [travel] step 30: (53, 7)->(52, 7) map=(3, 26) (path 58 to exit)
   [travel] HEARTBEAT step=40 map=(3, 26) coords=(43, 7) elapsed=5s
   [travel] step 40: (43, 7)->(42, 7) map=(3, 26) (path 48 to exit)
   [travel] step 50: (33, 7)->(33, 8) map=(3, 26) (path 38 to exit)
   [travel] step 60: (30, 14)->(29, 14) map=(3, 26) (path 28 to exit)
   [travel] step 70: (20, 14)->(19, 14) map=(3, 26) (path 18 to exit)
   [travel] HEARTBEAT step=80 map=(3, 26) coords=(14, 10) elapsed=10s
   [travel] step 80: (14, 10)->(13, 10) map=(3, 26) (path 8 to exit)
   [travel] reached target coord (7, 10)
   [travel] start map=(3, 26) coords=(7, 8) -> coord (7, 11) (budget 300s, surf-capable)
   [travel] step 0: (7, 8)->(7, 9) map=(3, 26) (path 4 to exit)
   [travel] reached target coord (7, 11)
   [travel] start map=(3, 26) coords=(7, 8) -> coord (8, 10) (budget 60s, surf-capable)
   [travel] step 0: (7, 8)->(7, 9) map=(3, 26) (path 4 to exit)
   [travel] reached target coord (8, 10)
   [travel] start map=(20, 0) coords=(11, 5) -> coord (11, 5) (budget 300s, surf-capable)
   [travel] reached target coord (11, 5)
   [travel] start map=(20, 0) coords=(11, 5) -> coord (10, 5) (budget 60s, surf-capable)
   [travel] step 0: (11, 5)->(10, 5) map=(20, 0) (path 2 to exit)
   [travel] reached target coord (10, 5)
   [travel] start map=(3, 26) coords=(7, 10) -> coord (7, 10) (budget 300s, surf-capable)
   [travel] reached target coord (7, 10)
   [travel] start map=(3, 26) coords=(7, 8) -> coord (7, 11) (budget 300s, surf-capable)
   [travel] step 0: (7, 8)->(7, 9) map=(3, 26) (path 4 to exit)
   [travel] reached target coord (7, 11)
   [travel] start map=(3, 26) coords=(7, 8) -> coord (8, 10) (budget 60s, surf-capable)
   [travel] step 0: (7, 8)->(7, 9) map=(3, 26) (path 4 to exit)
   [travel] reached target coord (8, 10)
   [travel] start map=(20, 0) coords=(11, 5) -> coord (11, 5) (budget 300s, surf-capable)
   [travel] reached target coord (11, 5)
   [travel] start map=(20, 0) coords=(11, 5) -> coord (10, 5) (budget 60s, surf-capable)
   [travel] step 0: (11, 5)->(10, 5) map=(20, 0) (path 2 to exit)
   [travel] reached target coord (10, 5)
   [travel] start map=(3, 26) coords=(7, 10) -> map (3, 4) (budget 300s, surf-capable)
   [travel] east connection band rows: [5, 6, 7, 8, 9, 10, 11, 12, 13, 14, 15, 16, 17, 18]
   [travel] step 0: (7, 10)->(7, 11) map=(3, 26) (path 87 to exit)
   [travel] step 10: (13, 14)->(14, 14) map=(3, 26) (path 77 to exit)
   [travel] step 20: (23, 14)->(24, 14) map=(3, 26) (path 67 to exit)
   [travel] step 30: (26, 7)->(27, 7) map=(3, 26) (path 57 to exit)
   [travel] HEARTBEAT step=40 map=(3, 26) coords=(36, 7) elapsed=5s
   [travel] step 40: (36, 7)->(37, 7) map=(3, 26) (path 47 to exit)
   [travel] step 50: (46, 7)->(47, 7) map=(3, 26) (path 37 to exit)
   [travel] step 60: (49, 14)->(50, 14) map=(3, 26) (path 27 to exit)
   [travel] step 70: (59, 14)->(60, 14) map=(3, 26) (path 17 to exit)
   [travel] HEARTBEAT step=80 map=(3, 26) coords=(64, 11) elapsed=23s
   [travel] step 80: (64, 11)->(65, 11) map=(3, 26) (path 9 to exit)
   [travel] MAP TRANSITION (3, 26) -> (3, 4)
   [travel] east connection band rows: [0, 1, 2, 3, 4, 5, 6, 7, 8, 9, 10, 11, 12, 13, 14, 15, 16, 17, 18, 19]
   [travel] ARRIVED at target map (3, 4) coords=(0, 11)
   [travel] start map=(3, 4) coords=(0, 11) -> map (3, 28) (budget 300s, surf-capable)
   [travel] north connection band cols: [8, 9, 10, 11, 12, 24]
   [travel] step 0: (0, 11)->(0, 10) map=(3, 4) (path 21 to exit)
   [travel] step 10: (5, 6)->(6, 6) map=(3, 4) (path 11 to exit)
   [travel] MAP TRANSITION (3, 4) -> (3, 28)
   [travel] north connection band cols: [0, 1, 2, 3, 4, 5, 6, 7, 8, 9, 10, 11, 12, 13, 14, 15, 16, 17, 18, 19, 20, 21, 22, 23, 24]
   [travel] ARRIVED at target map (3, 28) coords=(9, 79)
   [travel] start map=(3, 28) coords=(9, 79) -> map (3, 4) (budget 180s, surf-capable)
   [travel] south connection band cols: [8, 9, 10, 11, 12, 24]
   [travel] MAP TRANSITION (3, 28) -> (3, 4)
   [travel] south connection band cols: [11, 12, 24]
   [travel] ARRIVED at target map (3, 4) coords=(9, 0)
   [travel] start map=(3, 4) coords=(9, 0) -> map (3, 28) (budget 300s, surf-capable)
   [travel] north connection band cols: [8, 9, 10, 11, 12, 24]
   [travel] MAP TRANSITION (3, 4) -> (3, 28)
   [travel] north connection band cols: [0, 1, 2, 3, 4, 5, 6, 7, 8, 9, 10, 11, 12, 13, 14, 15, 16, 17, 18, 19, 20, 21, 22, 23, 24]
   [travel] ARRIVED at target map (3, 28) coords=(9, 79)
   [travel] start map=(3, 28) coords=(9, 79) -> map (3, 4) (budget 300s, surf-capable)
   [travel] south connection band cols: [8, 9, 10, 11, 12, 24]
   [travel] MAP TRANSITION (3, 28) -> (3, 4)
   [travel] south connection band cols: [11, 12, 24]
   [travel] ARRIVED at target map (3, 4) coords=(9, 0)
   [travel] start map=(3, 4) coords=(9, 0) -> map (3, 30) (budget 300s, surf-capable)
   [travel] south connection band cols: [11, 12, 24]
   [travel] step 0: (9, 0)->(9, 1) map=(3, 4) (path 25 to exit)
   [travel] step 10: (11, 8)->(12, 8) map=(3, 4) (path 15 to exit)
   [travel] step 20: (13, 16)->(13, 17) map=(3, 4) (path 5 to exit)
   [travel] MAP TRANSITION (3, 4) -> (3, 30)
   [travel] south connection band cols: [14, 15, 16, 17, 18, 19, 20, 21, 22, 23, 24]
   [travel] ARRIVED at target map (3, 30) coords=(12, 0)
   [travel] start map=(3, 30) coords=(12, 0) -> coord (14, 14) (budget 60s, surf-capable)
   [travel] step 0: (12, 0)->(12, 1) map=(3, 30) (path 17 to exit)
   [travel] step 10: (12, 10)->(12, 11) map=(3, 30) (path 7 to exit)
   [travel] reached target coord (14, 14)
   [travel] start map=(23, 0) coords=(5, 2) -> coord (8, 10) (budget 110s, surf-capable)
   [travel] step 0: (5, 2)->(5, 3) map=(23, 0) (path 12 to exit)
   [travel] step 10: (7, 10)->(8, 10) map=(23, 0) (path 2 to exit)
   [travel] reached target coord (8, 10)
   [travel] start map=(23, 1) coords=(10, 9) -> coord (11, 9) (budget 60s, surf-capable)
   [travel] step 0: (10, 9)->(11, 9) map=(23, 1) (path 2 to exit)
   [travel] reached target coord (11, 9)
   [travel] start map=(23, 0) coords=(8, 10) -> coord (5, 10) (budget 60s, surf-capable)
   [travel] step 0: (8, 10)->(7, 10) map=(23, 0) (path 4 to exit)
   [travel] reached target coord (5, 10)
   [travel] start map=(3, 30) coords=(14, 22) -> coord (15, 15) (budget 240s, surf-capable)
   [travel] path blocked at (14, 22) (NPC on the gap?) - waiting
   [travel] no clean path from (14, 22) AND no NPC-allowing path (npcs nearby=[]) - genuine wall/zone gap, will time out
   [travel] !! TRAVEL WEDGE: identical fp x4 retries at (14, 22) map=(3, 30) (reason=no_route) -> returning to roam LOUD (no inner spin)
   [travel] start map=(3, 30) coords=(14, 22) -> map (3, 4) (budget 300s, surf-capable)
   [travel] north connection band cols: [11, 12, 24]
   [travel] path blocked at (14, 22) (NPC on the gap?) - waiting
   [travel] no clean path from (14, 22) AND no NPC-allowing path (npcs nearby=[]) - genuine wall/zone gap, will time out
   [travel] !! TRAVEL WEDGE: identical fp x4 retries at (14, 22) map=(3, 30) (reason=no_route) -> returning to roam LOUD (no inner spin)
   [travel] start map=(23, 0) coords=(5, 11) -> coord (6, 1) (budget 110s, surf-capable)
   [travel] path blocked at (5, 11) (NPC on the gap?) - waiting
   [travel] no clean path from (5, 11) AND no NPC-allowing path (npcs nearby=[(1, 5)]) - genuine wall/zone gap, will time out
   [travel] !! TRAVEL WEDGE: identical fp x4 retries at (5, 11) map=(23, 0) (reason=no_route) -> returning to roam LOUD (no inner spin)
   [travel] start map=(23, 0) coords=(5, 11) -> coord (6, 2) (budget 90s, surf-capable)
   [travel] step 0: (5, 11)->(5, 10) map=(23, 0) (path 11 to exit)
   [travel] reached target coord (6, 2)
   [travel] start map=(23, 0) coords=(6, 2) -> coord (5, 1) (budget 110s, surf-capable)
   [travel] step 0: (6, 2)->(5, 2) map=(23, 0) (path 3 to exit)
   [travel] reached target coord (5, 1)
   [travel] start map=(3, 30) coords=(14, 15) -> map (3, 4) (budget 300s, surf-capable)
   [travel] north connection band cols: [11, 12, 24]
   [travel] step 0: (14, 15)->(14, 14) map=(3, 30) (path 18 to exit)
   [travel] step 10: (12, 7)->(12, 6) map=(3, 30) (path 8 to exit)
   [travel] MAP TRANSITION (3, 30) -> (3, 4)
   [travel] north connection band cols: [8, 9, 10, 11, 12, 24]
   [travel] ARRIVED at target map (3, 4) coords=(12, 19)
   [travel] start map=(3, 4) coords=(12, 19) -> coord (6, 6) (budget 120s, surf-capable)
   [travel] step 0: (12, 19)->(12, 18) map=(3, 4) (path 22 to exit)
   [travel] step 10: (13, 10)->(13, 9) map=(3, 4) (path 12 to exit)
   [travel] step 20: (7, 6)->(6, 6) map=(3, 4) (path 2 to exit)
   [travel] reached target coord (6, 6)
   [travel] start map=(8, 0) coords=(11, 2) -> coord (7, 7) (budget 60s, surf-capable)
   [travel] step 0: (11, 2)->(11, 3) map=(8, 0) (path 10 to exit)
   [travel] reached target coord (7, 7)
   [travel] start map=(3, 4) coords=(6, 6) -> map (3, 28) (budget 300s, surf-capable)
   [travel] north connection band cols: [8, 9, 10, 11, 12, 24]
   [travel] step 0: (6, 6)->(7, 6) map=(3, 4) (path 10 to exit)
   [travel] MAP TRANSITION (3, 4) -> (3, 28)
   [travel] north connection band cols: [0, 1, 2, 3, 4, 5, 6, 7, 8, 9, 10, 11, 12, 13, 14, 15, 16, 17, 18, 19, 20, 21, 22, 23, 24]
   [travel] ARRIVED at target map (3, 28) coords=(9, 79)
   [travel] start map=(3, 28) coords=(9, 79) -> map (3, 4) (budget 300s, surf-capable)
   [travel] south connection band cols: [8, 9, 10, 11, 12, 24]
   [travel] MAP TRANSITION (3, 28) -> (3, 4)
   [travel] south connection band cols: [11, 12, 24]
   [travel] ARRIVED at target map (3, 4) coords=(9, 0)
   [travel] start map=(3, 4) coords=(9, 0) -> map (3, 30) (budget 300s, surf-capable)
   [travel] south connection band cols: [11, 12, 24]
   [travel] step 0: (9, 0)->(9, 1) map=(3, 4) (path 25 to exit)
   [travel] step 10: (11, 8)->(12, 8) map=(3, 4) (path 15 to exit)
   [travel] step 20: (13, 16)->(13, 17) map=(3, 4) (path 5 to exit)
   [travel] MAP TRANSITION (3, 4) -> (3, 30)
   [travel] south connection band cols: [14, 15, 16, 17, 18, 19, 20, 21, 22, 23, 24]
   [travel] ARRIVED at target map (3, 30) coords=(12, 0)
   [travel] start map=(3, 30) coords=(12, 0) -> map (3, 31) (budget 300s, surf-capable)
   [travel] south connection band cols: [14, 15, 16, 17, 18, 19, 20, 21, 22, 23, 24]
   [travel] path blocked at (12, 0) (NPC on the gap?) - waiting
   [travel] no clean path from (12, 0) AND no NPC-allowing path (npcs nearby=[]) - genuine wall/zone gap, will time out
   [travel] !! TRAVEL WEDGE: identical fp x4 retries at (12, 0) map=(3, 30) (reason=no_route) -> returning to roam LOUD (no inner spin)
   [travel] start map=(3, 30) coords=(12, 0) -> map (3, 31) (budget 300s, surf-capable)
   [travel] south connection band cols: [14, 15, 16, 17, 18, 19, 20, 21, 22, 23, 24]
   [travel] path blocked at (12, 0) (NPC on the gap?) - waiting
   [travel] no clean path from (12, 0) AND no NPC-allowing path (npcs nearby=[]) - genuine wall/zone gap, will time out
   [travel] !! TRAVEL WEDGE: identical fp x4 retries at (12, 0) map=(3, 30) (reason=no_route) -> returning to roam LOUD (no inner spin)
   [travel] start map=(3, 30) coords=(12, 0) -> map (3, 31) (budget 300s, surf-capable)
   [travel] south connection band cols: [14, 15, 16, 17, 18, 19, 20, 21, 22, 23, 24]
   [travel] path blocked at (12, 0) (NPC on the gap?) - waiting
   [travel] no clean path from (12, 0) AND no NPC-allowing path (npcs nearby=[]) - genuine wall/zone gap, will time out
   [travel] !! TRAVEL WEDGE: identical fp x4 retries at (12, 0) map=(3, 30) (reason=no_route) -> returning to roam LOUD (no inner spin)
   [travel] start map=(3, 30) coords=(12, 0) -> map (3, 31) (budget 300s, surf-capable)
   [travel] south connection band cols: [14, 15, 16, 17, 18, 19, 20, 21, 22, 23, 24]
   [travel] path blocked at (12, 0) (NPC on the gap?) - waiting
   [travel] no clean path from (12, 0) AND no NPC-allowing path (npcs nearby=[]) - genuine wall/zone gap, will time out
   [travel] !! TRAVEL WEDGE: identical fp x4 retries at (12, 0) map=(3, 30) (reason=no_route) -> returning to roam LOUD (no inner spin)
   [travel] start map=(3, 30) coords=(12, 0) -> map (3, 31) (budget 300s, surf-capable)
   [travel] south connection band cols: [14, 15, 16, 17, 18, 19, 20, 21, 22, 23, 24]
   [travel] path blocked at (12, 0) (NPC on the gap?) - waiting
   [travel] no clean path from (12, 0) AND no NPC-allowing path (npcs nearby=[]) - genuine wall/zone gap, will time out
   [travel] !! TRAVEL WEDGE: identical fp x4 retries at (12, 0) map=(3, 30) (reason=no_route) -> returning to roam LOUD (no inner spin)
   [travel] start map=(3, 30) coords=(12, 0) -> map (3, 31) (budget 300s, surf-capable)
   [travel] south connection band cols: [14, 15, 16, 17, 18, 19, 20, 21, 22, 23, 24]
   [travel] path blocked at (12, 0) (NPC on the gap?) - waiting
   [travel] no clean path from (12, 0) AND no NPC-allowing path (npcs nearby=[]) - genuine wall/zone gap, will time out
   [travel] !! TRAVEL WEDGE: identical fp x4 retries at (12, 0) map=(3, 30) (reason=no_route) -> returning to roam LOUD (no inner spin)
   [travel] start map=(3, 30) coords=(12, 0) -> map (3, 4) (budget 300s, surf-capable)
   [travel] north connection band cols: [11, 12, 24]
   [travel] MAP TRANSITION (3, 30) -> (3, 4)
   [travel] north connection band cols: [8, 9, 10, 11, 12, 24]
   [travel] ARRIVED at target map (3, 4) coords=(12, 19)
   [travel] start map=(3, 4) coords=(12, 19) -> map (3, 30) (budget 300s, surf-capable)
   [travel] south connection band cols: [11, 12, 24]
   [travel] MAP TRANSITION (3, 4) -> (3, 30)
   [travel] south connection band cols: [14, 15, 16, 17, 18, 19, 20, 21, 22, 23, 24]
   [travel] ARRIVED at target map (3, 30) coords=(12, 0)
   [travel] start map=(3, 30) coords=(12, 0) -> map (3, 31) (budget 300s, surf-capable)
   [travel] south connection band cols: [14, 15, 16, 17, 18, 19, 20, 21, 22, 23, 24]
   [travel] path blocked at (12, 0) (NPC on the gap?) - waiting
   [travel] no clean path from (12, 0) AND no NPC-allowing path (npcs nearby=[]) - genuine wall/zone gap, will time out
   [travel] !! TRAVEL WEDGE: identical fp x4 retries at (12, 0) map=(3, 30) (reason=no_route) -> returning to roam LOUD (no inner spin)
   [travel] start map=(3, 30) coords=(12, 0) -> map (3, 31) (budget 300s, surf-capable)
   [travel] south connection band cols: [14, 15, 16, 17, 18, 19, 20, 21, 22, 23, 24]
   [travel] path blocked at (12, 0) (NPC on the gap?) - waiting
   [travel] no clean path from (12, 0) AND no NPC-allowing path (npcs nearby=[]) - genuine wall/zone gap, will time out
   [travel] !! TRAVEL WEDGE: identical fp x4 retries at (12, 0) map=(3, 30) (reason=no_route) -> returning to roam LOUD (no inner spin)
   [travel] start map=(3, 30) coords=(12, 0) -> map (3, 4) (budget 300s, surf-capable)
   [travel] north connection band cols: [11, 12, 24]
   [travel] MAP TRANSITION (3, 30) -> (3, 4)
   [travel] north connection band cols: [8, 9, 10, 11, 12, 24]
   [travel] ARRIVED at target map (3, 4) coords=(12, 19)
   [travel] start map=(3, 4) coords=(12, 19) -> map (3, 30) (budget 300s, surf-capable)
   [travel] south connection band cols: [11, 12, 24]
   [travel] MAP TRANSITION (3, 4) -> (3, 30)
   [travel] south connection band cols: [14, 15, 16, 17, 18, 19, 20, 21, 22, 23, 24]
   [travel] ARRIVED at target map (3, 30) coords=(12, 0)
   [travel] start map=(3, 30) coords=(12, 0) -> map (3, 31) (budget 300s, surf-capable)
   [travel] south connection band cols: [14, 15, 16, 17, 18, 19, 20, 21, 22, 23, 24]
   [travel] path blocked at (12, 0) (NPC on the gap?) - waiting
   [travel] no clean path from (12, 0) AND no NPC-allowing path (npcs nearby=[]) - genuine wall/zone gap, will time out
   [travel] !! TRAVEL WEDGE: identical fp x4 retries at (12, 0) map=(3, 30) (reason=no_route) -> returning to roam LOUD (no inner spin)
   [travel] start map=(3, 30) coords=(12, 0) -> map (3, 31) (budget 300s, surf-capable)
   [travel] south connection band cols: [14, 15, 16, 17, 18, 19, 20, 21, 22, 23, 24]
   [travel] path blocked at (12, 0) (NPC on the gap?) - waiting
   [travel] no clean path from (12, 0) AND no NPC-allowing path (npcs nearby=[]) - genuine wall/zone gap, will time out
   [travel] !! TRAVEL WEDGE: identical fp x4 retries at (12, 0) map=(3, 30) (reason=no_route) -> returning to roam LOUD (no inner spin)
   [travel] start map=(3, 30) coords=(12, 0) -> map (3, 4) (budget 300s, surf-capable)
   [travel] north connection band cols: [11, 12, 24]
   [travel] MAP TRANSITION (3, 30) -> (3, 4)
   [travel] north connection band cols: [8, 9, 10, 11, 12, 24]
   [travel] ARRIVED at target map (3, 4) coords=(12, 19)
   [travel] start map=(3, 4) coords=(12, 19) -> map (3, 26) (budget 300s, surf-capable)
   [travel] west connection band rows: [9, 10, 11]
   [travel] step 0: (12, 19)->(12, 18) map=(3, 4) (path 21 to exit)
===== playlive_2026-08-07_20-21-19.log =====
   [travel] start map=(3, 7) coords=(47, 21) -> coord (25, 32) (budget 120s, surf-capable)
   [travel] step 0: (47, 21)->(47, 22) map=(3, 7) (path 86 to exit)
   [travel] step 10: (38, 22)->(37, 22) map=(3, 7) (path 76 to exit)
   [travel] step 20: (30, 24)->(30, 25) map=(3, 7) (path 66 to exit)
   [travel] step 30: (21, 25)->(20, 25) map=(3, 7) (path 56 to exit)
   [travel] HEARTBEAT step=40 map=(3, 7) coords=(11, 25) elapsed=5s
   [travel] step 40: (11, 25)->(10, 25) map=(3, 7) (path 46 to exit)
   [travel] step 50: (3, 27)->(3, 28) map=(3, 7) (path 36 to exit)
   [travel] step 60: (4, 36)->(5, 36) map=(3, 7) (path 26 to exit)
   [travel] step 70: (11, 33)->(11, 32) map=(3, 7) (path 16 to exit)
   [travel] HEARTBEAT step=80 map=(3, 7) coords=(20, 32) elapsed=11s
   [travel] step 80: (20, 32)->(21, 32) map=(3, 7) (path 6 to exit)
   [travel] reached target coord (25, 32)
   [travel] start map=(11, 5) coords=(11, 2) -> coord (7, 7) (budget 60s, surf-capable)
   [travel] step 0: (11, 2)->(11, 3) map=(11, 5) (path 10 to exit)
   [travel] reached target coord (7, 7)
   [travel] start map=(3, 7) coords=(25, 32) -> coord (25, 32) (budget 120s, surf-capable)
   [travel] reached target coord (25, 32)
   [travel] start map=(11, 5) coords=(7, 4) -> coord (7, 7) (budget 60s, surf-capable)
   [travel] path blocked at (7, 4) (NPC on the gap?) - waiting
   [travel] no clean path from (7, 4); NPC-allowing path EXISTS (len 4), blocker NPC tile=None, npcs nearby=[(3, 8), (7, 2), (12, 5), (13, 3)] -> approaching to interact/trigger
   [travel] reached target coord (7, 7)
   [travel] start map=(3, 7) coords=(47, 21) -> coord (25, 32) (budget 120s, surf-capable)
   [travel] step 0: (47, 21)->(47, 22) map=(3, 7) (path 86 to exit)
   [travel] step 10: (38, 22)->(37, 22) map=(3, 7) (path 76 to exit)
   [travel] step 20: (30, 24)->(30, 25) map=(3, 7) (path 66 to exit)
   [travel] step 30: (21, 25)->(20, 25) map=(3, 7) (path 56 to exit)
   [travel] HEARTBEAT step=40 map=(3, 7) coords=(11, 25) elapsed=5s
   [travel] step 40: (11, 25)->(10, 25) map=(3, 7) (path 46 to exit)
   [travel] step 50: (3, 27)->(3, 28) map=(3, 7) (path 36 to exit)
   [travel] step 60: (4, 36)->(5, 36) map=(3, 7) (path 26 to exit)
   [travel] step 70: (11, 33)->(11, 32) map=(3, 7) (path 16 to exit)
   [travel] HEARTBEAT step=80 map=(3, 7) coords=(20, 32) elapsed=11s
   [travel] step 80: (20, 32)->(21, 32) map=(3, 7) (path 6 to exit)
   [travel] reached target coord (25, 32)
   [travel] start map=(11, 5) coords=(7, 4) -> coord (7, 7) (budget 60s, surf-capable)
   [travel] path blocked at (7, 4) (NPC on the gap?) - waiting
   [travel] no clean path from (7, 4); NPC-allowing path EXISTS (len 4), blocker NPC tile=None, npcs nearby=[(3, 8), (7, 2), (12, 5), (13, 3)] -> approaching to interact/trigger
   [travel] reached target coord (7, 7)
   [travel] start map=(3, 7) coords=(25, 32) -> coord (47, 21) (budget 120s, surf-capable)
   [travel] step 0: (25, 32)->(26, 32) map=(3, 7) (path 33 to exit)
   [travel] step 10: (29, 26)->(29, 25) map=(3, 7) (path 24 to exit)
   [travel] step 20: (34, 21)->(35, 21) map=(3, 7) (path 14 to exit)
   [travel] step 30: (44, 21)->(45, 21) map=(3, 7) (path 4 to exit)
   [travel] reached target coord (47, 21)
   [travel] start map=(3, 7) coords=(47, 21) -> coord (25, 32) (budget 120s, surf-capable)
   [travel] step 0: (47, 21)->(47, 22) map=(3, 7) (path 86 to exit)
   [travel] step 10: (38, 22)->(37, 22) map=(3, 7) (path 76 to exit)
   [travel] step 20: (30, 24)->(30, 25) map=(3, 7) (path 66 to exit)
   [travel] step 30: (21, 25)->(20, 25) map=(3, 7) (path 56 to exit)
   [travel] HEARTBEAT step=40 map=(3, 7) coords=(11, 25) elapsed=5s
   [travel] step 40: (11, 25)->(10, 25) map=(3, 7) (path 46 to exit)
   [travel] step 50: (3, 27)->(3, 28) map=(3, 7) (path 36 to exit)
   [travel] step 60: (4, 36)->(5, 36) map=(3, 7) (path 26 to exit)
   [travel] step 70: (11, 33)->(11, 32) map=(3, 7) (path 16 to exit)
   [travel] HEARTBEAT step=80 map=(3, 7) coords=(20, 32) elapsed=11s
   [travel] step 80: (20, 32)->(21, 32) map=(3, 7) (path 6 to exit)
   [travel] reached target coord (25, 32)
