===== playlive_2026-08-06_20-30-08.log =====
   [play-live]    [engine] JUST FIGHT: L65 vs L38 + connecting damage — skipping bag/switch hierarchy this turn
   [play-live]    [engine] action menu: Earthquake - a super-effective hit -> slot 3 (eff x4) vs grimer 108/108 | [0]Bite(p60,pp=21,ref=0,sc=60) [1]Skull Bash(p100,pp=15,ref=0,sc=50) [2]Surf(p95*STAB,pp=0,ref=0,sc=142.5) [3]Earthquake(p100,pp=7,ref=0,sc=400)
   [play-live]    [engine] STREAM COMMIT: Earthquake - a super-effective hit slot 3 (menu_up=1 action=True moves=False)
   [play-live]    [engine] battle-progress: move resolved
   [play-live]    [engine] battle-progress: enemy fainted
   [play-live]    [engine] JUST FIGHT: L65 vs L39 + connecting damage — skipping bag/switch hierarchy this turn
   [play-live]    [engine] avoided a type-immune move -> Bite (eff x1) instead
   [play-live]    [engine] action menu: Bite -> slot 0 (eff x1) vs weezing 102/102 | [0]Bite(p60,pp=21,ref=0,sc=60) [1]Skull Bash(p100,pp=15,ref=0,sc=50) [2]Surf(p95*STAB,pp=0,ref=0,sc=142.5) [3]Earthquake(p100,pp=6,ref=0,sc=400)
   [play-live]    [engine] STREAM COMMIT: Bite slot 0 (menu_up=1 action=True moves=False)
   [play-live]    [engine] battle-progress: move resolved
   [play-live]    [engine] JUST FIGHT: L65 vs L39 + connecting damage — skipping bag/switch hierarchy this turn
   [play-live]    [engine] avoided a type-immune move -> Bite (eff x1) instead
   [play-live]    [engine] action menu: Bite -> slot 0 (eff x1) vs weezing 30/102 | [0]Bite(p60,pp=20,ref=0,sc=60) [1]Skull Bash(p100,pp=15,ref=0,sc=50) [2]Surf(p95*STAB,pp=0,ref=0,sc=142.5) [3]Earthquake(p100,pp=6,ref=0,sc=400)
   [play-live]    [engine] STREAM COMMIT: Bite slot 0 (menu_up=1 action=True moves=False)
   [play-live]    [engine] battle-progress: move resolved
   [play-live]    [engine] battle-progress: enemy fainted
   [play-live]    [engine] JUST FIGHT: L66 vs L39 + connecting damage — skipping bag/switch hierarchy this turn
   [play-live]    [engine] action menu: Earthquake - a super-effective hit -> slot 3 (eff x4) vs muk 133/133 | [0]Bite(p60,pp=19,ref=0,sc=60) [1]Skull Bash(p100,pp=15,ref=0,sc=50) [2]Surf(p95*STAB,pp=0,ref=0,sc=142.5) [3]Earthquake(p100,pp=6,ref=0,sc=400)
   [play-live]    [engine] STREAM COMMIT: Earthquake - a super-effective hit slot 3 (menu_up=1 action=True moves=False)
   [play-live]    [engine] battle-progress: move resolved
   [play-live]    [engine] battle-progress: enemy fainted
   [travel] start map=(3, 14) coords=(9, 28) -> coord (18, 13) (budget 300s, surf-capable)
   [travel] releasing 4 stale NPC block(s) [(9, 24), (9, 25), (10, 24), (11, 23)] — tile(s) read empty now (wanderer moved on)
   [travel] step 0: (9, 28)->(9, 27) map=(3, 14) (path 25 to exit)
   [travel] step 10: (9, 18)->(9, 17) map=(3, 14) (path 15 to exit)
   [travel] step 20: (14, 13)->(15, 13) map=(3, 14) (path 5 to exit)
   [travel] reached target coord (18, 13)
   [travel] start map=(34, 3) coords=(2, 5) -> coord (4, 6) (budget 60s, surf-capable)
   [travel] step 0: (2, 5)->(3, 5) map=(34, 3) (path 4 to exit)
   [travel] reached target coord (4, 6)
   [travel] start map=(3, 45) coords=(2, 133) -> map (3, 12) (budget 180s, surf-capable)
   [travel] west connection band rows: [0, 1, 2, 3, 4, 5, 6, 7, 8, 9, 10, 11, 12, 13, 14, 15, 16, 17, 18, 19, 20, 21, 22, 23, 24, 25, 26, 27, 28, 29, 30, 31, 32, 33, 34, 35, 36, 37, 38, 39, 40, 41, 42, 43, 44, 45, 46, 47, 48, 49, 50, 51, 52, 53, 54, 55, 56, 57, 58, 59, 60, 61, 62, 63, 64, 65, 66, 67, 68, 69, 70, 71, 72, 73, 74, 75, 76, 77, 78, 79, 80, 81, 82, 83, 84, 85, 86, 87, 88, 89, 90, 91, 92, 93, 94, 95, 96, 97, 98, 99, 100, 101, 102, 103, 104, 105, 106, 107, 108, 109, 110, 111, 112, 113, 114, 115, 116, 117, 118, 119, 120, 121, 122, 123, 124, 125, 132, 133]
   [travel] step 0: (2, 133)->(1, 133) map=(3, 45) (path 3 to exit)
   [travel] MAP TRANSITION (3, 45) -> (3, 12)
   [travel] west connection band rows: [0, 1, 2, 3, 4, 5, 6, 7, 8, 9, 10, 11, 12, 13, 14, 15, 16, 17, 18, 19]
   [travel] ARRIVED at target map (3, 12) coords=(23, 13)
   [travel] start map=(3, 14) coords=(12, 39) -> coord (18, 13) (budget 300s, surf-capable)
   [travel] step 0: (12, 39)->(12, 38) map=(3, 14) (path 35 to exit)
   [travel] step 10: (11, 30)->(11, 29) map=(3, 14) (path 25 to exit)
   [travel] step 20: (11, 20)->(11, 19) map=(3, 14) (path 15 to exit)
   [travel] step 30: (14, 13)->(15, 13) map=(3, 14) (path 5 to exit)
   [travel] reached target coord (18, 13)
   [travel] start map=(34, 3) coords=(2, 5) -> coord (4, 6) (budget 60s, surf-capable)
   [travel] !! WATCHDOG disengage requested — bailing this leg LOUD
   [travel] start map=(34, 3) coords=(2, 5) -> coord (4, 8) (budget 45s, surf-capable)
   [travel] !! WATCHDOG disengage requested — bailing this leg LOUD
   [travel] start map=(34, 3) coords=(2, 5) -> coord (4, 6) (budget 45s, surf-capable)
   [travel] step 0: (2, 5)->(3, 5) map=(34, 3) (path 4 to exit)
   [travel] reached target coord (4, 6)
   [travel] start map=(3, 45) coords=(2, 133) -> map (3, 12) (budget 180s, surf-capable)
   [travel] west connection band rows: [0, 1, 2, 3, 4, 5, 6, 7, 8, 9, 10, 11, 12, 13, 14, 15, 16, 17, 18, 19, 20, 21, 22, 23, 24, 25, 26, 27, 28, 29, 30, 31, 32, 33, 34, 35, 36, 37, 38, 39, 40, 41, 42, 43, 44, 45, 46, 47, 48, 49, 50, 51, 52, 53, 54, 55, 56, 57, 58, 59, 60, 61, 62, 63, 64, 65, 66, 67, 68, 69, 70, 71, 72, 73, 74, 75, 76, 77, 78, 79, 80, 81, 82, 83, 84, 85, 86, 87, 88, 89, 90, 91, 92, 93, 94, 95, 96, 97, 98, 99, 100, 101, 102, 103, 104, 105, 106, 107, 108, 109, 110, 111, 112, 113, 114, 115, 116, 117, 118, 119, 120, 121, 122, 123, 124, 125, 132, 133]
   [travel] step 0: (2, 133)->(1, 133) map=(3, 45) (path 3 to exit)
   [travel] MAP TRANSITION (3, 45) -> (3, 12)
   [travel] west connection band rows: [0, 1, 2, 3, 4, 5, 6, 7, 8, 9, 10, 11, 12, 13, 14, 15, 16, 17, 18, 19]
   [travel] ARRIVED at target map (3, 12) coords=(23, 13)
   [travel] start map=(3, 14) coords=(12, 39) -> coord (18, 13) (budget 300s, surf-capable)
   [travel] step 0: (12, 39)->(12, 38) map=(3, 14) (path 35 to exit)
   [travel] step 10: (11, 30)->(11, 29) map=(3, 14) (path 25 to exit)
   [travel] step 20: (11, 20)->(11, 19) map=(3, 14) (path 15 to exit)
   [travel] step 30: (14, 13)->(15, 13) map=(3, 14) (path 5 to exit)
   [travel] reached target coord (18, 13)
===== playlive_2026-08-06_20-23-15.log =====
   [play-live]    [engine] JUST FIGHT: L65 vs L37 + connecting damage — skipping bag/switch hierarchy this turn
   [play-live]    [engine] avoided a type-immune move -> Bite (eff x1) instead
   [play-live]    [engine] action menu: Bite -> slot 0 (eff x1) vs koffing 76/76 | [0]Bite(p60,pp=23,ref=0,sc=60) [1]Skull Bash(p100,pp=15,ref=0,sc=50) [2]Surf(p95*STAB,pp=0,ref=0,sc=142.5) [3]Earthquake(p100,pp=8,ref=0,sc=400)
   [play-live]    [engine] STREAM COMMIT: Bite slot 0 (menu_up=1 action=True moves=False)
   [play-live]    [engine] battle-progress: move resolved
   [play-live]    [engine] battle-progress: enemy fainted
   [play-live]    [engine] JUST FIGHT: L65 vs L37 + connecting damage — skipping bag/switch hierarchy this turn
   [play-live]    [engine] action menu: Earthquake - a super-effective hit -> slot 3 (eff x4) vs grimer 106/106 | [0]Bite(p60,pp=22,ref=0,sc=60) [1]Skull Bash(p100,pp=15,ref=0,sc=50) [2]Surf(p95*STAB,pp=0,ref=0,sc=142.5) [3]Earthquake(p100,pp=8,ref=0,sc=400)
   [play-live]    [engine] STREAM COMMIT: Earthquake - a super-effective hit slot 3 (menu_up=1 action=True moves=False)
   [play-live]    [engine] battle-progress: move resolved
   [play-live]    [engine] battle-progress: enemy fainted
   [play-live]    [engine] re-entry: foe is already DOWN — draining the faint/switch chain
   [play-live]    [engine] JUST FIGHT: L65 vs L38 + connecting damage — skipping bag/switch hierarchy this turn
   [play-live]    [engine] avoided a type-immune move -> Bite (eff x1) instead
   [play-live]    [engine] action menu: Bite -> slot 0 (eff x1) vs koffing 78/78 | [0]Bite(p60,pp=22,ref=0,sc=60) [1]Skull Bash(p100,pp=15,ref=0,sc=50) [2]Surf(p95*STAB,pp=0,ref=0,sc=142.5) [3]Earthquake(p100,pp=7,ref=0,sc=400)
   [play-live]    [engine] STREAM COMMIT: Bite slot 0 (menu_up=1 action=True moves=False)
   [play-live]    [engine] battle-progress: move resolved
   [play-live]    [engine] battle-progress: enemy fainted
   [play-live]    [engine] re-entry: foe is already DOWN — draining the faint/switch chain
