===== playlive_2026-08-05_15-30-47.log =====
   [play-live]    [engine] JUST FIGHT: L63 vs L40 + connecting damage — skipping bag/switch hierarchy this turn
   [play-live]    [engine] action menu: Surf - a STAB hit -> slot 2 (eff x1) vs fearow 106/106 | [0]Bite(p60,pp=19,ref=0,sc=60) [1]Skull Bash(p100,pp=15,ref=0,sc=50) [2]Surf(p95*STAB,pp=6,ref=0,sc=142.5) [3]Earthquake(p100,pp=1,ref=0,sc=0)
   [play-live]    [engine] STREAM COMMIT: Surf - a STAB hit slot 2 (menu_up=1 action=True moves=False)
   [play-live]    [engine] battle-progress: move resolved
   [play-live]    [engine] battle-progress: enemy fainted
   [play-live]    [engine] JUST FIGHT: L63 vs L38 + connecting damage — skipping bag/switch hierarchy this turn
   [play-live]    [engine] action menu: Surf - a STAB hit -> slot 2 (eff x1) vs fearow 108/108 | [0]Bite(p60,pp=19,ref=0,sc=60) [1]Skull Bash(p100,pp=15,ref=0,sc=50) [2]Surf(p95*STAB,pp=5,ref=0,sc=142.5) [3]Earthquake(p100,pp=1,ref=0,sc=0)
   [play-live]    [engine] STREAM COMMIT: Surf - a STAB hit slot 2 (menu_up=1 action=True moves=False)
   [play-live]    [engine] battle-progress: move resolved
   [play-live]    [engine] battle-progress: enemy fainted
   [play-live]    [engine] JUST FIGHT: L63 vs L33 + connecting damage — skipping bag/switch hierarchy this turn
   [play-live]    [engine] action menu: Surf - a STAB hit -> slot 2 (eff x1) vs machop 92/92 | [0]Bite(p60,pp=19,ref=0,sc=15) [1]Skull Bash(p100,pp=15,ref=0,sc=50) [2]Surf(p95*STAB,pp=4,ref=0,sc=142.5) [3]Earthquake(p100,pp=1,ref=0,sc=100)
   [play-live]    [engine] STREAM COMMIT: Surf - a STAB hit slot 2 (menu_up=1 action=True moves=False)
   [play-live]    [engine] battle-progress: move resolved
   [play-live]    [engine] battle-progress: enemy fainted
   [play-live]    [engine] JUST FIGHT: L63 vs L38 + connecting damage — skipping bag/switch hierarchy this turn
   [play-live]    [engine] action menu: Surf - a STAB hit -> slot 2 (eff x1) vs machoke 116/116 | [0]Bite(p60,pp=19,ref=0,sc=15) [1]Skull Bash(p100,pp=15,ref=0,sc=50) [2]Surf(p95*STAB,pp=3,ref=0,sc=142.5) [3]Earthquake(p100,pp=1,ref=0,sc=100)
   [play-live]    [engine] STREAM COMMIT: Surf - a STAB hit slot 2 (menu_up=1 action=True moves=False)
   [play-live]    [engine] battle-progress: move resolved
   [play-live]    [engine] battle-progress: enemy fainted
   [play-live]    [engine] JUST FIGHT: L63 vs L32 + connecting damage — skipping bag/switch hierarchy this turn
   [play-live]    [engine] action menu: Surf - a STAB hit -> slot 2 (eff x1) vs machop 96/96 | [0]Bite(p60,pp=19,ref=0,sc=15) [1]Skull Bash(p100,pp=15,ref=0,sc=50) [2]Surf(p95*STAB,pp=2,ref=0,sc=142.5) [3]Earthquake(p100,pp=1,ref=0,sc=100)
   [play-live]    [engine] STREAM COMMIT: Surf - a STAB hit slot 2 (menu_up=1 action=True moves=False)
   [play-live]    [engine] battle-progress: move resolved
   [play-live]    [engine] battle-progress: enemy fainted
   [play-live]    [engine] JUST FIGHT: L63 vs L37 + connecting damage — skipping bag/switch hierarchy this turn
   [play-live]    [engine] action menu: Surf - a super-effective hit -> slot 2 (eff x4) vs geodude 86/86 | [0]Bite(p60,pp=19,ref=0,sc=60) [1]Skull Bash(p100,pp=15,ref=0,sc=25) [2]Surf(p95*STAB,pp=1,ref=0,sc=570) [3]Earthquake(p100,pp=1,ref=0,sc=200)
   [play-live]    [engine] STREAM COMMIT: Surf - a super-effective hit slot 2 (menu_up=1 action=True moves=False)
   [play-live]    [engine] battle-progress: move resolved
   [play-live]    [engine] battle-progress: enemy fainted
   [travel] start map=(1, 101) coords=(10, 12) -> coord (9, 14) (budget 60s, surf-capable)
   [travel] !! WATCHDOG disengage requested — bailing this leg LOUD
   [travel] start map=(1, 101) coords=(10, 12) -> coord (9, 16) (budget 45s, surf-capable)
   [travel] !! WATCHDOG disengage requested — bailing this leg LOUD
   [travel] start map=(1, 101) coords=(10, 12) -> coord (9, 14) (budget 45s, surf-capable)
   [travel] step 0: (10, 12)->(10, 13) map=(1, 101) (path 4 to exit)
   [travel] reached target coord (9, 14)
   [travel] start map=(1, 97) coords=(29, 7) -> coord (29, 47) (budget 60s, surf-capable)
   [travel] step 0: (29, 7)->(29, 8) map=(1, 97) (path 50 to exit)
   [travel] step 10: (29, 17)->(29, 18) map=(1, 97) (path 40 to exit)
   [travel] step 20: (29, 27)->(29, 28) map=(1, 97) (path 31 to exit)
   [travel] step 30: (26, 34)->(26, 35) map=(1, 97) (path 21 to exit)
   [travel] HEARTBEAT step=40 map=(1, 97) coords=(32, 38) elapsed=6s
   [travel] step 40: (32, 38)->(32, 39) map=(1, 97) (path 12 to exit)
   [travel] step 50: (31, 47)->(30, 47) map=(1, 97) (path 3 to exit)
   [travel] reached target coord (29, 47)
   [play-live]    [engine] JUST FIGHT: L63 vs L40 + connecting damage — skipping bag/switch hierarchy this turn
   [play-live]    [engine] action menu: Bite - a solid hit -> slot 0 (eff x1) vs fearow 104/104 | [0]Bite(p60,pp=19,ref=0,sc=60) [1]Skull Bash(p100,pp=15,ref=0,sc=50) [2]Surf(p95*STAB,pp=0,ref=0,sc=142.5) [3]Earthquake(p100,pp=1,ref=0,sc=0)
   [play-live]    [engine] STREAM COMMIT: Bite - a solid hit slot 0 (menu_up=1 action=True moves=False)
   [play-live]    [engine] battle-progress: move resolved
   [play-live]    [engine] JUST FIGHT: L63 vs L40 + connecting damage — skipping bag/switch hierarchy this turn
   [play-live]    [engine] action menu: Bite - a solid hit -> slot 0 (eff x1) vs fearow 43/104 | [0]Bite(p60,pp=18,ref=0,sc=60) [1]Skull Bash(p100,pp=15,ref=0,sc=50) [2]Surf(p95*STAB,pp=0,ref=0,sc=142.5) [3]Earthquake(p100,pp=1,ref=0,sc=0)
   [play-live]    [engine] STREAM COMMIT: Bite - a solid hit slot 0 (menu_up=1 action=True moves=False)
   [play-live]    [engine] battle-progress: move resolved
   [play-live]    [engine] battle-progress: enemy fainted
   [play-live]    [engine] re-entry: foe is already DOWN — draining the faint/switch chain
   [play-live]    [engine] JUST FIGHT: L63 vs L38 + connecting damage — skipping bag/switch hierarchy this turn
   [play-live]    [engine] action menu: Earthquake - a solid hit -> slot 3 (eff x1) vs hitmonchan 88/88 | [0]Bite(p60,pp=17,ref=0,sc=15) [1]Skull Bash(p100,pp=15,ref=0,sc=50) [2]Surf(p95*STAB,pp=0,ref=0,sc=142.5) [3]Earthquake(p100,pp=1,ref=0,sc=100)
   [play-live]    [engine] STREAM COMMIT: Earthquake - a solid hit slot 3 (menu_up=1 action=True moves=False)
   [play-live]    [engine] battle-progress: move resolved
   [play-live]    [engine] battle-progress: enemy fainted
   [play-live]    [engine] party screen in drain: voluntary (shift prompt) -> single B out
   [play-live]    [engine] WHIFF: foe HP unchanged at 88 across the full turn -> accuracy-debuff spiral (streak 1/3)
   [play-live]    [engine] JUST FIGHT: L63 vs L38 + connecting damage — skipping bag/switch hierarchy this turn
   [play-live]    [engine] action menu: Skull Bash - a solid hit -> slot 1 (eff x1) vs hitmonchan 88/88 | [0]Bite(p60,pp=17,ref=0,sc=15) [1]Skull Bash(p100,pp=15,ref=0,sc=50) [2]Surf(p95*STAB,pp=0,ref=0,sc=142.5) [3]Earthquake(p100,pp=0,ref=0,sc=100)
   [play-live]    [engine] STREAM COMMIT: Skull Bash - a solid hit slot 1 (menu_up=1 action=True moves=False)
   [play-live]    [engine] move slot 1 didn't fire (0-PP / disabled / blocked) -> rotating to an untried move (streak now [1], refusals {1: 1}, futility 1/4)
   [play-live]    [engine] JUST FIGHT: L63 vs L38 + connecting damage — skipping bag/switch hierarchy this turn
   [play-live]    [engine] action menu: Bite -> slot 0 (eff x0.25) vs hitmonchan 88/88 | [0]Bite(p60,pp=17,ref=0,sc=15) [1]Skull Bash(p100,pp=15,ref=1,sc=50) [2]Surf(p95*STAB,pp=0,ref=0,sc=142.5) [3]Earthquake(p100,pp=0,ref=0,sc=100)
   [play-live]    [engine] STREAM COMMIT: Bite slot 0 (menu_up=1 action=True moves=False)
   [play-live]    [engine] !! WRONG SLOT FIRED: chose 0 but slot 1 was consumed (cursor desync survived the force-write; wrong-fires 1) — LOUD
   [play-live]    [engine] battle-progress: move resolved
   [play-live]    [engine] battle-progress: enemy fainted
   [play-live]    [engine] JUST FIGHT: L63 vs L31 + connecting damage — skipping bag/switch hierarchy this turn
   [play-live]    [engine] action menu: Bite - a solid hit -> slot 0 (eff x1) vs geodude 69/69 | [0]Bite(p60,pp=17,ref=0,sc=60) [1]Skull Bash(p100,pp=14,ref=0,sc=25) [2]Surf(p95*STAB,pp=0,ref=0,sc=570) [3]Earthquake(p100,pp=0,ref=0,sc=200)
   [play-live]    [engine] STREAM COMMIT: Bite - a solid hit slot 0 (menu_up=1 action=True moves=False)
   [play-live]    [engine] battle-progress: move resolved
   [play-live]    [engine] battle-progress: enemy fainted
   [play-live]    [engine] JUST FIGHT: L63 vs L30 + connecting damage — skipping bag/switch hierarchy this turn
   [play-live]    [engine] action menu: Bite - a solid hit -> slot 0 (eff x1) vs geodude 67/67 | [0]Bite(p60,pp=16,ref=0,sc=60) [1]Skull Bash(p100,pp=14,ref=0,sc=25) [2]Surf(p95*STAB,pp=0,ref=0,sc=570) [3]Earthquake(p100,pp=0,ref=0,sc=200)
   [play-live]    [engine] STREAM COMMIT: Bite - a solid hit slot 0 (menu_up=1 action=True moves=False)
   [play-live]    [engine] battle-progress: move resolved
   [play-live]    [engine] battle-progress: enemy fainted
   [travel] start map=(1, 99) coords=(39, 7) -> coord (8, 38) (budget 60s, surf-capable)
   [travel] ENCOUNTER -> on-time beat, warm up, hand off
   [play-live]    [engine] JUST FIGHT: L63 vs L38 + connecting damage — skipping bag/switch hierarchy this turn
   [play-live]    [engine] action menu: Skull Bash - a solid hit -> slot 1 (eff x1) vs machoke 120/120 | [0]Bite(p60,pp=15,ref=0,sc=15) [1]Skull Bash(p100,pp=14,ref=0,sc=50) [2]Surf(p95*STAB,pp=0,ref=0,sc=142.5) [3]Earthquake(p100,pp=0,ref=0,sc=100)
   [play-live]    [engine] STREAM COMMIT: Skull Bash - a solid hit slot 1 (menu_up=1 action=True moves=False)
   [play-live]    [engine] !! WRONG SLOT FIRED: chose 1 but slot 0 was consumed (cursor desync survived the force-write; wrong-fires 1) — LOUD
   [play-live]    [engine] battle-progress: move resolved
   [play-live]    [engine] JUST FIGHT: L63 vs L38 + connecting damage — skipping bag/switch hierarchy this turn
   [play-live]    [engine] action menu: Skull Bash - a solid hit -> slot 1 (eff x1) vs machoke 79/120 | [0]Bite(p60,pp=14,ref=0,sc=15) [1]Skull Bash(p100,pp=14,ref=0,sc=50) [2]Surf(p95*STAB,pp=0,ref=0,sc=142.5) [3]Earthquake(p100,pp=0,ref=0,sc=100)
   [play-live]    [engine] STREAM COMMIT: Skull Bash - a solid hit slot 1 (menu_up=1 action=True moves=False)
   [play-live]    [engine] battle-progress: move resolved
   [play-live]    [engine] battle-progress: enemy fainted
   [travel] battle outcome=win; resuming pathfind
   [travel] post-battle PAUSE (heal-when-low) - yielding to caller
   [travel] start map=(1, 99) coords=(39, 7) -> coord (8, 40) (budget 45s, surf-capable)
   [travel] path blocked at (39, 7) (NPC on the gap?) - waiting
   [travel] no clean path from (39, 7) AND no NPC-allowing path (npcs nearby=[(33, 5), (40, 7)]) - genuine wall/zone gap, will time out
   [travel] !! TRAVEL WEDGE: identical fp x4 retries at (39, 7) map=(1, 99) (reason=no_route) -> returning to roam LOUD (no inner spin)
   [travel] start map=(1, 99) coords=(39, 7) -> coord (8, 38) (budget 45s, surf-capable)
   [travel] step 0: (39, 7)->(38, 7) map=(1, 99) (path 65 to exit)
   [travel] step 10: (30, 6)->(29, 6) map=(1, 99) (path 55 to exit)
   [travel] step 20: (25, 11)->(24, 11) map=(1, 99) (path 45 to exit)
   [travel] step 30: (20, 16)->(19, 16) map=(1, 99) (path 35 to exit)
   [travel] path blocked at (16, 18) (NPC on the gap?) - waiting
   [travel] HEARTBEAT step=40 map=(1, 99) coords=(16, 18) elapsed=7s
   [travel] ENCOUNTER -> on-time beat, warm up, hand off
   [play-live]    [engine] JUST FIGHT: L63 vs L36 + connecting damage — skipping bag/switch hierarchy this turn
   [play-live]    [engine] action menu: Skull Bash - a solid hit -> slot 1 (eff x1) vs machop 99/99 | [0]Bite(p60,pp=14,ref=0,sc=15) [1]Skull Bash(p100,pp=13,ref=0,sc=50) [2]Surf(p95*STAB,pp=0,ref=0,sc=142.5) [3]Earthquake(p100,pp=0,ref=0,sc=100)
   [play-live]    [engine] STREAM COMMIT: Skull Bash - a solid hit slot 1 (menu_up=1 action=True moves=False)
   [play-live]    [engine] battle-progress: move resolved
   [play-live]    [engine] battle-progress: enemy fainted
   [travel] battle outcome=win; resuming pathfind
   [travel] post-battle PAUSE (heal-when-low) - yielding to caller
   [travel] start map=(1, 99) coords=(16, 18) -> coord (7, 39) (budget 45s, surf-capable)
   [travel] step 0: (16, 18)->(16, 19) map=(1, 99) (path 31 to exit)
   [travel] step 10: (14, 26)->(14, 27) map=(1, 99) (path 21 to exit)
   [travel] step 20: (11, 33)->(10, 33) map=(1, 99) (path 11 to exit)
   [travel] !! WATCHDOG disengage requested — bailing this leg LOUD
   [travel] start map=(1, 99) coords=(8, 34) -> coord (9, 39) (budget 45s, surf-capable)
   [travel] path blocked at (8, 34) (NPC on the gap?) - waiting
   [travel] ENCOUNTER -> on-time beat, warm up, hand off
   [play-live]    [engine] JUST FIGHT: L64 vs L30 + connecting damage — skipping bag/switch hierarchy this turn
   [play-live]    [engine] action menu: Bite - a solid hit -> slot 0 (eff x1) vs geodude 69/69 | [0]Bite(p60,pp=14,ref=0,sc=60) [1]Skull Bash(p100,pp=12,ref=0,sc=25) [2]Surf(p95*STAB,pp=0,ref=0,sc=570) [3]Earthquake(p100,pp=0,ref=0,sc=200)
   [play-live]    [engine] STREAM COMMIT: Bite - a solid hit slot 0 (menu_up=1 action=True moves=False)
   [play-live]    [engine] battle-progress: move resolved
   [play-live]    [engine] battle-progress: enemy fainted
   [travel] battle outcome=win; resuming pathfind
   [travel] post-battle PAUSE (heal-when-low) - yielding to caller
   [travel] start map=(1, 99) coords=(8, 34) -> coord (8, 39) (budget 60s, surf-capable)
   [travel] step 0: (8, 34)->(8, 35) map=(1, 99) (path 6 to exit)
   [travel] reached target coord (8, 39)
   [travel] start map=(1, 99) coords=(8, 39) -> coord (8, 38) (budget 60s, surf-capable)
   [travel] step 0: (8, 39)->(8, 38) map=(1, 99) (path 2 to exit)
   [travel] reached target coord (8, 38)
   [travel] start map=(1, 98) coords=(11, 2) -> coord (2, 14) (budget 60s, surf-capable)
   [travel] step 0: (11, 2)->(11, 3) map=(1, 98) (path 22 to exit)
   [travel] step 10: (5, 6)->(4, 6) map=(1, 98) (path 12 to exit)
   [travel] step 20: (2, 13)->(2, 14) map=(1, 98) (path 2 to exit)
   [travel] reached target coord (2, 14)
   [travel] start map=(1, 97) coords=(14, 25) -> coord (28, 47) (budget 60s, surf-capable)
   [travel] step 0: (14, 25)->(14, 26) map=(1, 97) (path 49 to exit)
   [travel] releasing 1 stale NPC block(s) [(15, 32)] — tile(s) read empty now (wanderer moved on)
   [travel] step 10: (15, 34)->(15, 35) map=(1, 97) (path 39 to exit)
   [travel] step 20: (20, 33)->(21, 33) map=(1, 97) (path 29 to exit)
   [travel] step 30: (25, 38)->(26, 38) map=(1, 97) (path 19 to exit)
   [travel] HEARTBEAT step=40 map=(1, 97) coords=(32, 41) elapsed=6s
   [travel] step 40: (32, 41)->(32, 42) map=(1, 97) (path 10 to exit)
   [travel] reached target coord (28, 47)
   [play-live]    [engine] JUST FIGHT: L64 vs L32 + connecting damage — skipping bag/switch hierarchy this turn
   [play-live]    [engine] action menu: Bite - a solid hit -> slot 0 (eff x1) vs spearow 67/67 | [0]Bite(p60,pp=13,ref=0,sc=60) [1]Skull Bash(p100,pp=12,ref=0,sc=50) [2]Surf(p95*STAB,pp=0,ref=0,sc=142.5) [3]Earthquake(p100,pp=0,ref=0,sc=0)
   [play-live]    [engine] STREAM COMMIT: Bite - a solid hit slot 0 (menu_up=1 action=True moves=False)
   [play-live]    [engine] battle-progress: move resolved
   [play-live]    [engine] battle-progress: enemy fainted
   [play-live]    [engine] JUST FIGHT: L64 vs L31 + connecting damage — skipping bag/switch hierarchy this turn
   [play-live]    [engine] action menu: Bite - a solid hit -> slot 0 (eff x1) vs geodude 73/73 | [0]Bite(p60,pp=12,ref=0,sc=60) [1]Skull Bash(p100,pp=12,ref=0,sc=25) [2]Surf(p95*STAB,pp=0,ref=0,sc=570) [3]Earthquake(p100,pp=0,ref=0,sc=200)
   [play-live]    [engine] STREAM COMMIT: Bite - a solid hit slot 0 (menu_up=1 action=True moves=False)
   [play-live]    [engine] battle-progress: move resolved
   [play-live]    [engine] battle-progress: enemy fainted
   [play-live]    [engine] JUST FIGHT: L64 vs L37 + connecting damage — skipping bag/switch hierarchy this turn
   [play-live]    [engine] action menu: Skull Bash - a solid hit -> slot 1 (eff x1) vs machop 103/103 | [0]Bite(p60,pp=11,ref=0,sc=15) [1]Skull Bash(p100,pp=12,ref=0,sc=50) [2]Surf(p95*STAB,pp=0,ref=0,sc=142.5) [3]Earthquake(p100,pp=0,ref=0,sc=100)
   [play-live]    [engine] STREAM COMMIT: Skull Bash - a solid hit slot 1 (menu_up=1 action=True moves=False)
   [play-live]    [engine] battle-progress: move resolved
   [play-live]    [engine] battle-progress: enemy fainted
   [play-live]    [engine] JUST FIGHT: L64 vs L34 + connecting damage — skipping bag/switch hierarchy this turn
   [play-live]    [engine] action menu: Bite - a solid hit -> slot 0 (eff x1) vs geodude 71/71 | [0]Bite(p60,pp=11,ref=0,sc=60) [1]Skull Bash(p100,pp=11,ref=0,sc=25) [2]Surf(p95*STAB,pp=0,ref=0,sc=570) [3]Earthquake(p100,pp=0,ref=0,sc=200)
   [play-live]    [engine] STREAM COMMIT: Bite - a solid hit slot 0 (menu_up=1 action=True moves=False)
   [play-live]    [engine] battle-progress: move resolved
   [play-live]    [engine] battle-progress: enemy fainted
   [play-live]    [engine] JUST FIGHT: L64 vs L34 + connecting damage — skipping bag/switch hierarchy this turn
   [play-live]    [engine] action menu: Bite - a solid hit -> slot 0 (eff x1) vs geodude 75/75 | [0]Bite(p60,pp=10,ref=0,sc=60) [1]Skull Bash(p100,pp=11,ref=0,sc=25) [2]Surf(p95*STAB,pp=0,ref=0,sc=570) [3]Earthquake(p100,pp=0,ref=0,sc=200)
   [play-live]    [engine] STREAM COMMIT: Bite - a solid hit slot 0 (menu_up=1 action=True moves=False)
   [play-live]    [engine] battle-progress: move resolved
   [play-live]    [engine] battle-progress: enemy fainted
   [play-live]    [engine] JUST FIGHT: L64 vs L39 + connecting damage — skipping bag/switch hierarchy this turn
   [play-live]    [engine] action menu: Skull Bash - a solid hit -> slot 1 (eff x1) vs machop 110/110 | [0]Bite(p60,pp=9,ref=0,sc=15) [1]Skull Bash(p100,pp=11,ref=0,sc=50) [2]Surf(p95*STAB,pp=0,ref=0,sc=142.5) [3]Earthquake(p100,pp=0,ref=0,sc=100)
   [play-live]    [engine] STREAM COMMIT: Skull Bash - a solid hit slot 1 (menu_up=1 action=True moves=False)
   [play-live]    [engine] battle-progress: move resolved
   [play-live]    [engine] battle-progress: enemy fainted
   [travel] start map=(1, 101) coords=(10, 12) -> coord (9, 14) (budget 60s, surf-capable)
   [travel] step 0: (10, 12)->(10, 13) map=(1, 101) (path 4 to exit)
   [travel] reached target coord (9, 14)
   [travel] start map=(1, 97) coords=(29, 7) -> coord (29, 47) (budget 60s, surf-capable)
   [travel] step 0: (29, 7)->(29, 8) map=(1, 97) (path 50 to exit)
   [travel] step 10: (29, 17)->(29, 18) map=(1, 97) (path 40 to exit)
   [travel] step 20: (29, 27)->(29, 28) map=(1, 97) (path 31 to exit)
   [travel] step 30: (26, 34)->(26, 35) map=(1, 97) (path 21 to exit)
   [travel] HEARTBEAT step=40 map=(1, 97) coords=(32, 38) elapsed=6s
   [travel] step 40: (32, 38)->(32, 39) map=(1, 97) (path 12 to exit)
   [travel] step 50: (31, 47)->(30, 47) map=(1, 97) (path 3 to exit)
   [travel] reached target coord (29, 47)
   [play-live]    [engine] JUST FIGHT: L64 vs L30 + connecting damage — skipping bag/switch hierarchy this turn
   [play-live]    [engine] action menu: Bite - a solid hit -> slot 0 (eff x1) vs spearow 65/65 | [0]Bite(p60,pp=9,ref=0,sc=60) [1]Skull Bash(p100,pp=10,ref=0,sc=50) [2]Surf(p95*STAB,pp=0,ref=0,sc=142.5) [3]Earthquake(p100,pp=0,ref=0,sc=0)
   [play-live]    [engine] STREAM COMMIT: Bite - a solid hit slot 0 (menu_up=1 action=True moves=False)
   [play-live]    [engine] battle-progress: move resolved
   [play-live]    [engine] battle-progress: enemy fainted
   [play-live]    [engine] JUST FIGHT: L64 vs L33 + connecting damage — skipping bag/switch hierarchy this turn
   [play-live]    [engine] action menu: Bite - a solid hit -> slot 0 (eff x1) vs geodude 74/74 | [0]Bite(p60,pp=8,ref=0,sc=60) [1]Skull Bash(p100,pp=10,ref=0,sc=25) [2]Surf(p95*STAB,pp=0,ref=0,sc=570) [3]Earthquake(p100,pp=0,ref=0,sc=200)
   [play-live]    [engine] STREAM COMMIT: Bite - a solid hit slot 0 (menu_up=1 action=True moves=False)
   [play-live]    [engine] battle-progress: move resolved
   [play-live]    [engine] battle-progress: enemy fainted
   [play-live]    [engine] JUST FIGHT: L64 vs L36 + connecting damage — skipping bag/switch hierarchy this turn
   [play-live]    [engine] action menu: Skull Bash - a solid hit -> slot 1 (eff x1) vs machop 105/105 | [0]Bite(p60,pp=7,ref=0,sc=15) [1]Skull Bash(p100,pp=10,ref=0,sc=50) [2]Surf(p95*STAB,pp=0,ref=0,sc=142.5) [3]Earthquake(p100,pp=0,ref=0,sc=100)
   [play-live]    [engine] STREAM COMMIT: Skull Bash - a solid hit slot 1 (menu_up=1 action=True moves=False)
   [play-live]    [engine] battle-progress: move resolved
   [play-live]    [engine] battle-progress: enemy fainted
   [play-live]    [engine] re-entry: foe is already DOWN — draining the faint/switch chain
   [play-live]    [engine] JUST FIGHT: L64 vs L34 + connecting damage — skipping bag/switch hierarchy this turn
   [play-live]    [engine] action menu: Bite - a solid hit -> slot 0 (eff x1) vs geodude 80/80 | [0]Bite(p60,pp=7,ref=0,sc=60) [1]Skull Bash(p100,pp=9,ref=0,sc=25) [2]Surf(p95*STAB,pp=0,ref=0,sc=570) [3]Earthquake(p100,pp=0,ref=0,sc=200)
   [play-live]    [engine] STREAM COMMIT: Bite - a solid hit slot 0 (menu_up=1 action=True moves=False)
   [play-live]    [engine] battle-progress: move resolved
   [play-live]    [engine] battle-progress: enemy fainted
   [play-live]    [engine] JUST FIGHT: L64 vs L40 + connecting damage — skipping bag/switch hierarchy this turn
   [play-live]    [engine] action menu: Skull Bash - a solid hit -> slot 1 (eff x1) vs machoke 118/118 | [0]Bite(p60,pp=6,ref=0,sc=15) [1]Skull Bash(p100,pp=9,ref=0,sc=50) [2]Surf(p95*STAB,pp=0,ref=0,sc=142.5) [3]Earthquake(p100,pp=0,ref=0,sc=100)
   [play-live]    [engine] STREAM COMMIT: Skull Bash - a solid hit slot 1 (menu_up=1 action=True moves=False)
   [play-live]    [engine] battle-progress: move resolved
   [play-live]    [engine] battle-progress: enemy fainted
   [play-live]    [engine] JUST FIGHT: L64 vs L32 + connecting damage — skipping bag/switch hierarchy this turn
   [play-live]    [engine] action menu: Skull Bash - a solid hit -> slot 1 (eff x1) vs machop 93/93 | [0]Bite(p60,pp=6,ref=0,sc=15) [1]Skull Bash(p100,pp=8,ref=0,sc=50) [2]Surf(p95*STAB,pp=0,ref=0,sc=142.5) [3]Earthquake(p100,pp=0,ref=0,sc=100)
   [play-live]    [engine] STREAM COMMIT: Skull Bash - a solid hit slot 1 (menu_up=1 action=True moves=False)
   [play-live]    [engine] battle-progress: move resolved
   [play-live]    [engine] battle-progress: enemy fainted
   [travel] start map=(1, 101) coords=(10, 12) -> coord (9, 14) (budget 60s, surf-capable)
   [travel] step 0: (10, 12)->(10, 13) map=(1, 101) (path 4 to exit)
   [travel] reached target coord (9, 14)
   [travel] start map=(1, 97) coords=(29, 7) -> coord (29, 47) (budget 60s, surf-capable)
   [travel] step 0: (29, 7)->(29, 8) map=(1, 97) (path 50 to exit)
   [travel] step 10: (29, 17)->(29, 18) map=(1, 97) (path 40 to exit)
   [travel] step 20: (29, 27)->(29, 28) map=(1, 97) (path 31 to exit)
   [travel] step 30: (26, 34)->(26, 35) map=(1, 97) (path 21 to exit)
   [travel] HEARTBEAT step=40 map=(1, 97) coords=(32, 38) elapsed=6s
   [travel] step 40: (32, 38)->(32, 39) map=(1, 97) (path 12 to exit)
   [travel] step 50: (31, 47)->(30, 47) map=(1, 97) (path 3 to exit)
   [travel] reached target coord (29, 47)
===== playlive_2026-08-05_15-14-55.log =====
