   [play-live]    [engine] MUST-LEAVE: active alive but stuck (status/famine/exhausted) -> bench slot 3 (NOT re-picking species 9)

   [play-live]    [engine] switch: target party slot 3 sp=145 -> menu row 3

   [play-live]    [engine] switch: SWITCHED to species 145 (slot 3)

   [kira-voice] -> T2·savor· (event) "this one's stuck — switching to someone who can still fight."  fired=True  [age 0.0s + post 3ms]

   [play-live]    [engine] battle-progress: must-leave switch

   [kira-voice] ·floor· (<1s since last) T1 'your zapdos took a big hit'

   [play-live]    [engine] JUST FIGHT: L50 vs L40 + connecting damage — skipping bag/switch hierarchy this turn

   [play-live]    [engine] action menu: Drill Peck - a not-very-effective hit -> slot 3 (eff x0.5) vs onix 47/80 | [0]move#86(p0*STAB,pp=19,ref=0,sc=0) [1]Agility(p0,pp=30,ref=0,sc=0) [2]move#197(p0,pp=5,ref=0,sc=0) [3]Drill Peck(p80*STAB,pp=18,ref=0,sc=60)

   [play-live]    [engine] STREAM COMMIT: Drill Peck - a not-very-effective hit slot 3 (menu_up=1 action=True moves=False)

   [play-live]    [engine] battle-progress: move resolved

   [kira-voice] -> T1·brisk· (event) 'your zapdos used Drill Peck - a not-very-effective hit'  fired=True  [age 0.0s + post 3ms]

   [play-live]    [engine] JUST FIGHT: L50 vs L40 + connecting damage — skipping bag/switch hierarchy this turn

   [play-live]    [engine] action menu: Drill Peck - a not-very-effective hit -> slot 3 (eff x0.5) vs onix 35/80 | [0]move#86(p0*STAB,pp=19,ref=0,sc=0) [1]Agility(p0,pp=30,ref=0,sc=0) [2]move#197(p0,pp=5,ref=0,sc=0) [3]Drill Peck(p80*STAB,pp=17,ref=0,sc=60)

   [play-live]    [engine] STREAM COMMIT: Drill Peck - a not-very-effective hit slot 3 (menu_up=1 action=True moves=False)

   [play-live]    [engine] battle-progress: move resolved

   [play-live]    [engine] JUST FIGHT: L50 vs L40 + connecting damage — skipping bag/switch hierarchy this turn

   [play-live]    [engine] action menu: Drill Peck - a not-very-effective hit -> slot 3 (eff x0.5) vs onix 24/80 | [0]move#86(p0*STAB,pp=19,ref=0,sc=0) [1]Agility(p0,pp=30,ref=0,sc=0) [2]move#197(p0,pp=5,ref=0,sc=0) [3]Drill Peck(p80*STAB,pp=16,ref=0,sc=60)

   [play-live]    [engine] STREAM COMMIT: Drill Peck - a not-very-effective hit slot 3 (menu_up=1 action=True moves=False)

   [play-live]    [engine] battle-progress: move resolved

   [play-live]    [engine] JUST FIGHT: L50 vs L40 + connecting damage — skipping bag/switch hierarchy this turn

   [play-live]    [engine] action menu: Drill Peck - a not-very-effective hit -> slot 3 (eff x0.5) vs onix 14/80 | [0]move#86(p0*STAB,pp=19,ref=0,sc=0) [1]Agility(p0,pp=30,ref=0,sc=0) [2]move#197(p0,pp=5,ref=0,sc=0) [3]Drill Peck(p80*STAB,pp=15,ref=0,sc=60)

   [play-live]    [engine] STREAM COMMIT: Drill Peck - a not-very-effective hit slot 3 (menu_up=1 action=True moves=False)

   [play-live]    [engine] battle-progress: move resolved

   [play-live]    [engine] JUST FIGHT: L50 vs L40 + connecting damage — skipping bag/switch hierarchy this turn

   [play-live]    [engine] action menu: Drill Peck - a not-very-effective hit -> slot 3 (eff x0.5) vs onix 2/80 | [0]move#86(p0*STAB,pp=19,ref=0,sc=0) [1]Agility(p0,pp=30,ref=0,sc=0) [2]move#197(p0,pp=5,ref=0,sc=0) [3]Drill Peck(p80*STAB,pp=14,ref=0,sc=60)

   [play-live]    [engine] STREAM COMMIT: Drill Peck - a not-very-effective hit slot 3 (menu_up=1 action=True moves=False)

   [play-live]    [engine] battle-progress: move resolved

   [play-live]    [engine] battle-progress: enemy fainted

   [kira-voice] -> T1·brisk· (event) "the enemy's onix went down to your zapdos — that's the battle, you won"  fired=True  [age 0.0s + post 5ms]

   [Bridge] INPUT OWNER = 'agent' (sole writer; others dropped+logged)

   [campaign]    [push-approach0] replan at (33, 4) (len 2, budget 13)

   [campaign]    [push] (32, 3) -> (31, 3) (LEFT, 1/1)

   [campaign]    [3f-switch#0] RESUME mid-chain: boulder live at (31, 3) (3/33 done) — pushing only the remainder (idempotent, never over-push)

   [campaign]    [push] (31, 3) -> (30, 3) (LEFT, 1/1)

   [campaign]    ⛰️  CAMPAIGN SAVE [vr-3f-switch-push] -> campaign/kira_campaign.state  (map=(1, 41) coords=(31, 3) badges=8 party=6)

   [campaign]    [sanctity] bundle VALID (schema/encoding/truth/monotonic all clean)

   [campaign]    📌 AUTO-CHECKPOINT [vr-3f-switch-push] -> checkpoints/20260813_124521_victory-road-3f_8b_45h16m_vr-3f-switch-push  (4 bundle file(s))

   [campaign]    [ckpt] MILESTONE 'vr-3f-switch-push' banked — any recovery now resumes right here

   [campaign]    [3f-switch#0] RESUME mid-chain: boulder live at (30, 3) (4/33 done) — pushing only the remainder (idempotent, never over-push)

   [campaign]    [push] (30, 3) -> (29, 3) (LEFT, 1/1)

   [campaign]    [3f-switch#0] RESUME mid-chain: boulder live at (29, 3) (5/33 done) — pushing only the remainder (idempotent, never over-push)

   [campaign]    [push] (29, 3) -> (28, 3) (LEFT, 1/1)

   [campaign]    [3f-switch#0] RESUME mid-chain: boulder live at (28, 3) (6/33 done) — pushing only the remainder (idempotent, never over-push)

   [campaign]    [push] (28, 3) -> (27, 3) (LEFT, 1/1)

   [campaign]    [3f-switch#0] RESUME mid-chain: boulder live at (27, 3) (7/33 done) — pushing only the remainder (idempotent, never over-push)

   [campaign]    [push] (27, 3) -> (26, 3) (LEFT, 1/1)

   [campaign]    ⛰️  CAMPAIGN SAVE [vr-3f-switch-push] -> campaign/kira_campaign.state  (map=(1, 41) coords=(27, 3) badges=8 party=6)

   [campaign]    [sanctity] bundle VALID (schema/encoding/truth/monotonic all clean)

   [campaign]    📌 AUTO-CHECKPOINT [vr-3f-switch-push] -> checkpoints/20260813_124531_victory-road-3f_8b_45h16m_vr-3f-switch-push  (4 bundle file(s))

   [campaign]    [ckpt] MILESTONE 'vr-3f-switch-push' banked — any recovery now resumes right here

   [campaign]    [3f-switch#0] RESUME mid-chain: boulder live at (26, 3) (8/33 done) — pushing only the remainder (idempotent, never over-push)

   [campaign]    [push] (26, 3) -> (25, 3) (LEFT, 1/1)

   [campaign]    [3f-switch#0] RESUME mid-chain: boulder live at (25, 3) (9/33 done) — pushing only the remainder (idempotent, never over-push)

   [campaign]    [push] (25, 3) -> (24, 3) (LEFT, 1/1)

   [campaign]    [3f-switch#0] RESUME mid-chain: boulder live at (24, 3) (10/33 done) — pushing only the remainder (idempotent, never over-push)

   [campaign]    [push] (24, 3) -> (23, 3) (LEFT, 1/1)

   [campaign]    [3f-switch#0] RESUME mid-chain: boulder live at (23, 3) (11/33 done) — pushing only the remainder (idempotent, never over-push)

   [campaign]    [push] (23, 3) -> (22, 3) (LEFT, 1/1)

   [campaign]    ⛰️  CAMPAIGN SAVE [vr-3f-switch-push] -> campaign/kira_campaign.state  (map=(1, 41) coords=(23, 3) badges=8 party=6)

   [campaign]    [sanctity] bundle VALID (schema/encoding/truth/monotonic all clean)

   [campaign]    📌 AUTO-CHECKPOINT [vr-3f-switch-push] -> checkpoints/20260813_124541_victory-road-3f_8b_45h16m_vr-3f-switch-push  (4 bundle file(s))

   [campaign]    [ckpt] MILESTONE 'vr-3f-switch-push' banked — any recovery now resumes right here

   [campaign]    [3f-switch#0] RESUME mid-chain: boulder live at (22, 3) (12/33 done) — pushing only the remainder (idempotent, never over-push)

   [campaign]    [push] (22, 3) -> (21, 3) (LEFT, 1/1)

   [campaign]    [3f-switch#0] RESUME mid-chain: boulder live at (21, 3) (13/33 done) — pushing only the remainder (idempotent, never over-push)

   [campaign]    [push] (21, 3) -> (20, 3) (LEFT, 1/1)

   [campaign]    [3f-switch#0] RESUME mid-chain: boulder live at (20, 3) (14/33 done) — pushing only the remainder (idempotent, never over-push)

   [campaign]    [push] (20, 3) -> (19, 3) (LEFT, 1/1)

   [campaign]    [3f-switch#0] RESUME mid-chain: boulder live at (19, 3) (15/33 done) — pushing only the remainder (idempotent, never over-push)

   [campaign]    [push] (19, 3) -> (18, 3) (LEFT, 1/1)

   [campaign]    ⛰️  CAMPAIGN SAVE [vr-3f-switch-push] -> campaign/kira_campaign.state  (map=(1, 41) coords=(19, 3) badges=8 party=6)

   [campaign]    [sanctity] bundle VALID (schema/encoding/truth/monotonic all clean)

   [campaign]    📌 AUTO-CHECKPOINT [vr-3f-switch-push] -> checkpoints/20260813_124551_victory-road-3f_8b_45h16m_vr-3f-switch-push  (4 bundle file(s))

   [campaign]    [ckpt] MILESTONE 'vr-3f-switch-push' banked — any recovery now resumes right here

   [campaign]    [3f-switch#0] RESUME mid-chain: boulder live at (18, 3) (16/33 done) — pushing only the remainder (idempotent, never over-push)

   [campaign]    [push] (18, 3) -> (17, 3) (LEFT, 1/1)

   [campaign]    [3f-switch#0] RESUME mid-chain: boulder live at (17, 3) (17/33 done) — pushing only the remainder (idempotent, never over-push)

   [campaign]    [push] (17, 3) -> (16, 3) (LEFT, 1/1)

   [campaign]    [3f-switch#0] RESUME mid-chain: boulder live at (16, 3) (18/33 done) — pushing only the remainder (idempotent, never over-push)

   [campaign]    [push] (16, 3) -> (15, 3) (LEFT, 1/1)

   [campaign]    [3f-switch#0] RESUME mid-chain: boulder live at (15, 3) (19/33 done) — pushing only the remainder (idempotent, never over-push)

   [campaign]    [push] (15, 3) -> (14, 3) (LEFT, 1/1)

   [campaign]    ⛰️  CAMPAIGN SAVE [vr-3f-switch-push] -> campaign/kira_campaign.state  (map=(1, 41) coords=(15, 3) badges=8 party=6)

   [campaign]    [sanctity] bundle VALID (schema/encoding/truth/monotonic all clean)

   [campaign]    📌 AUTO-CHECKPOINT [vr-3f-switch-push] -> checkpoints/20260813_124601_victory-road-3f_8b_45h16m_vr-3f-switch-push  (4 bundle file(s))

   [campaign]    [ckpt] MILESTONE 'vr-3f-switch-push' banked — any recovery now resumes right here

   [campaign]    [3f-switch#0] RESUME mid-chain: boulder live at (14, 3) (20/33 done) — pushing only the remainder (idempotent, never over-push)

   [campaign]    [push] (14, 3) -> (13, 3) (LEFT, 1/1)

   [campaign]    [3f-switch#0] RESUME mid-chain: boulder live at (13, 3) (21/33 done) — pushing only the remainder (idempotent, never over-push)

   [campaign]    [push] (13, 3) -> (12, 3) (LEFT, 1/1)

   [campaign]    [3f-switch#0] RESUME mid-chain: boulder live at (12, 3) (22/33 done) — pushing only the remainder (idempotent, never over-push)

   [campaign]    [push] (12, 3) -> (11, 3) (LEFT, 1/1)

   [campaign]    [3f-switch#0] RESUME mid-chain: boulder live at (11, 3) (23/33 done) — pushing only the remainder (idempotent, never over-push)

   [campaign]    [push-approach0] replan at (12, 3) (len 3, budget 13)

   [campaign]    [roam] watchdog: SCENE callback owns the screen (evolution/naming/cutscene) — deliberate stillness, watch resets until the world returns

   [Bridge] INPUT OWNER = 'agent' (sole writer; others dropped+logged)

   [kira-voice] -> T1·brisk· (event) 'a battle started against machop — your blastoise is up front'  fired=True  [age 0.0s + post 4ms]

   [play-live]    [engine] revive-check: NO offer (revive_item=24, worthy=None, party sp/hp/lv=[(9, 206, 72), (131, 110, 26), (144, 0, 50), (145, 57, 50), (64, 45, 19), (146, 150, 50)])

   [play-live]    [engine] MUST-LEAVE: active alive but stuck (status/famine/exhausted) -> bench slot 3 (NOT re-picking species 9)

   [play-live]    [engine] switch: target party slot 3 sp=145 -> menu row 3

   [play-live]    [engine] switch: SWITCHED to species 145 (slot 3)

   [kira-voice] -> T2·savor· (event) "this one's stuck — switching to someone who can still fight."  fired=True  [age 0.0s + post 28ms]

   [play-live]    [engine] battle-progress: must-leave switch

   [kira-voice] ·floor· (<1s since last) T1 'your zapdos took a big hit'

   [play-live]    [engine] JUST FIGHT: L50 vs L32 + connecting damage — skipping bag/switch hierarchy this turn

   [play-live]    [engine] action menu: Drill Peck - a super-effective hit -> slot 3 (eff x4) vs machop 91/91 | [0]move#86(p0*STAB,pp=19,ref=0,sc=0) [1]Agility(p0,pp=30,ref=0,sc=0) [2]move#197(p0,pp=5,ref=0,sc=0) [3]Drill Peck(p80*STAB,pp=13,ref=0,sc=480)

   [play-live]    [engine] STREAM COMMIT: Drill Peck - a super-effective hit slot 3 (menu_up=1 action=True moves=False)

   [kira-voice] -> T1·brisk· (event) 'your zapdos is at low HP - this is getting tense'  fired=True  [age 0.0s + post 4ms]

   [play-live]    [engine] !! WRONG SLOT FIRED: chose 3 but slot 0 was consumed (cursor desync survived the force-write; wrong-fires 1) — LOUD

   [play-live]    [engine] ACE-FIRST POTIONS: active L50 is fodder next to the team's L72 carry — NOT offering a heal on it (the potions are for the ace, not L8-13 bench mons)

   [play-live]    [engine] revive-check: NO offer (revive_item=24, worthy=None, party sp/hp/lv=[(9, 206, 72), (131, 110, 26), (144, 0, 50), (145, 38, 50), (64, 45, 19), (146, 150, 50)])

   [play-live]    [engine] action menu: Drill Peck - a super-effective hit -> slot 3 (eff x4) vs machop 91/91 | [0]move#86(p0*STAB,pp=18,ref=0,sc=0) [1]Agility(p0,pp=30,ref=0,sc=0) [2]move#197(p0,pp=5,ref=0,sc=0) [3]Drill Peck(p80*STAB,pp=13,ref=0,sc=480)

   [play-live]    [engine] STREAM COMMIT: Drill Peck - a super-effective hit slot 3 (menu_up=1 action=True moves=False)

   [play-live]    [engine] battle-progress: move resolved

   [play-live]    [engine] battle-progress: enemy fainted

   [kira-voice] -> T1·brisk· (event) "the enemy's machop went down to your zapdos — that's the battle, you won"  fired=True  [age 0.0s + post 4ms]

   [Bridge] INPUT OWNER = 'agent' (sole writer; others dropped+logged)

   [campaign]    [push-approach0] replan at (12, 3) (len 3, budget 13)

   [campaign]    [push] (11, 3) -> (11, 4) (DOWN, 1/1)

   [campaign]    ⛰️  CAMPAIGN SAVE [vr-3f-switch-push] -> campaign/kira_campaign.state  (map=(1, 41) coords=(11, 3) badges=8 party=6)

   [campaign]    [sanctity] bundle VALID (schema/encoding/truth/monotonic all clean)

   [campaign]    📌 AUTO-CHECKPOINT [vr-3f-switch-push] -> checkpoints/20260813_124717_victory-road-3f_8b_45h18m_vr-3f-switch-push  (4 bundle file(s))

   [campaign]    [ckpt] MILESTONE 'vr-3f-switch-push' banked — any recovery now resumes right here

   [campaign]    [3f-switch#0] RESUME mid-chain: boulder live at (11, 4) (24/33 done) — pushing only the remainder (idempotent, never over-push)

   [campaign]    [push-approach0] replan at (11, 3) (len 3, budget 13)

   [campaign]    [push] (11, 4) -> (10, 4) (LEFT, 1/1)

   [campaign]    [3f-switch#0] RESUME mid-chain: boulder live at (10, 4) (25/33 done) — pushing only the remainder (idempotent, never over-push)

   [campaign]    [push] (10, 4) -> (9, 4) (LEFT, 1/1)

   [campaign]    [3f-switch#0] RESUME mid-chain: boulder live at (9, 4) (26/33 done) — pushing only the remainder (idempotent, never over-push)

   [campaign]    [push] (9, 4) -> (8, 4) (LEFT, 1/1)

   [campaign]    [3f-switch#0] RESUME mid-chain: boulder live at (8, 4) (27/33 done) — pushing only the remainder (idempotent, never over-push)

   [campaign]    [push] (8, 4) -> (7, 4) (LEFT, 1/1)

   [campaign]    ⛰️  CAMPAIGN SAVE [vr-3f-switch-push] -> campaign/kira_campaign.state  (map=(1, 41) coords=(8, 4) badges=8 party=6)

   [campaign]    [sanctity] bundle VALID (schema/encoding/truth/monotonic all clean)

   [campaign]    📌 AUTO-CHECKPOINT [vr-3f-switch-push] -> checkpoints/20260813_124729_victory-road-3f_8b_45h18m_vr-3f-switch-push  (4 bundle file(s))

   [campaign]    [ckpt] MILESTONE 'vr-3f-switch-push' banked — any recovery now resumes right here

   [campaign]    [3f-switch#0] RESUME mid-chain: boulder live at (7, 4) (28/33 done) — pushing only the remainder (idempotent, never over-push)

   [campaign]    [push] (7, 4) -> (6, 4) (LEFT, 1/1)

   [campaign]    [3f-switch#0] RESUME mid-chain: boulder live at (6, 4) (29/33 done) — pushing only the remainder (idempotent, never over-push)

   [campaign]    [push-approach0] replan at (7, 4) (len 3, budget 13)

   [campaign]    [push] (6, 4) -> (6, 5) (DOWN, 1/1)

   [campaign]    [3f-switch#0] RESUME mid-chain: boulder live at (6, 5) (30/33 done) — pushing only the remainder (idempotent, never over-push)

   [campaign]    [push] (6, 5) -> (6, 6) (DOWN, 1/1)

   [Bridge] INPUT OWNER = 'agent' (sole writer; others dropped+logged)

   [play-live]    [engine] re-entry: foe is already DOWN — draining the faint/switch chain

   [campaign]    [roam] watchdog: SCENE callback owns the screen (evolution/naming/cutscene) — deliberate stillness, watch resets until the world returns

   [kira-voice] -> T1·brisk· (event) 'a battle started against machop — your zapdos is up front'  fired=True  [age 0.0s + post 3ms]

   [kira-voice] ·floor· (<1s since last) T1 'you won the battle — your zapdos finished it'

   [pkmn-audio] !! PCM queue full — dropped frame audio (total drops 301; bursts here = audible crackle)

   [Bridge] INPUT OWNER = 'agent' (sole writer; others dropped+logged)

   [campaign]    [3f-switch#0] RESUME mid-chain: boulder live at (6, 6) (31/33 done) — pushing only the remainder (idempotent, never over-push)

   [campaign]    [push] (6, 6) -> (6, 7) (DOWN, 1/1)

   [campaign]    ⛰️  CAMPAIGN SAVE [vr-3f-switch-push] -> campaign/kira_campaign.state  (map=(1, 41) coords=(6, 6) badges=8 party=6)

   [campaign]    [sanctity] bundle VALID (schema/encoding/truth/monotonic all clean)

   [campaign]    📌 AUTO-CHECKPOINT [vr-3f-switch-push] -> checkpoints/20260813_124807_victory-road-3f_8b_45h19m_vr-3f-switch-push  (4 bundle file(s))

   [campaign]    [ckpt] MILESTONE 'vr-3f-switch-push' banked — any recovery now resumes right here

   [campaign]    [3f-switch#0] RESUME mid-chain: boulder live at (6, 7) (32/33 done) — pushing only the remainder (idempotent, never over-push)

   [campaign]    [push-approach0] replan at (6, 6) (len 3, budget 13)

   [campaign]    [push] (6, 7) -> (7, 7) (RIGHT, 1/1)

   [campaign]    [3f-switch#0] boulder VERIFIED at target (7, 7)

   [campaign]    ⛰️  CAMPAIGN SAVE [vr-3f-switch-chain0] -> campaign/kira_campaign.state  (map=(1, 41) coords=(5, 7) badges=8 party=6)

   [campaign]    [sanctity] bundle VALID (schema/encoding/truth/monotonic all clean)

   [campaign]    📌 AUTO-CHECKPOINT [vr-3f-switch-chain0] -> checkpoints/20260813_124811_victory-road-3f_8b_45h19m_vr-3f-switch-chain0  (4 bundle file(s))

   [campaign]    [ckpt] MILESTONE 'vr-3f-switch-chain0' banked — any recovery now resumes right here

   [campaign]    [3f-switch] SOLVED — every chain verified at target

   [campaign]    [3f-switch] barrier (12, 12) open=True

   [campaign]    [boulder-approach] replan at (5, 7) (len 65, budget 13)

   [campaign]    [roam] watchdog: SCENE callback owns the screen (evolution/naming/cutscene) — deliberate stillness, watch resets until the world returns

   [Bridge] INPUT OWNER = 'agent' (sole writer; others dropped+logged)

   [kira-voice] -> T1·brisk· (event) 'a battle started against geodude — your blastoise is up front'  fired=True  [age 0.0s + post 3ms]

   [play-live]    [engine] revive-check: NO offer (revive_item=24, worthy=None, party sp/hp/lv=[(9, 184, 72), (131, 110, 26), (144, 0, 50), (145, 38, 50), (64, 45, 19), (146, 150, 50)])

   [play-live]    [engine] MUST-LEAVE: active alive but stuck (status/famine/exhausted) -> bench slot 3 (NOT re-picking species 9)

   [play-live]    [engine] switch: target party slot 3 sp=145 -> menu row 3

   [play-live]    [engine] switch: SWITCHED to species 145 (slot 3)

   [kira-voice] -> T2·savor· (event) "this one's stuck — switching to someone who can still fight."  fired=True  [age 0.0s + post 7ms]

   [play-live]    [engine] battle-progress: must-leave switch

   [kira-voice] ·floor· (<1s since last) T1 'your zapdos took a big hit'

   [play-live]    [engine] battle-progress: enemy fainted

   [kira-voice] -> T1·brisk· (event) "the enemy's geodude went down to your zapdos — that's the battle, you won"  fired=True  [age 0.0s + post 3ms]

   [play-live]    [engine] battle-progress: our mon fainted

   [kira-voice] -> T1·brisk· (event) 'your zapdos fainted'  fired=True  [age 0.0s + post 10ms]

   [play-live]    [engine] fswitch: BUDGET 5s hit — blind-sending strongest live (anti 60–90s party theater)

   [play-live]    [engine] fswitch: BUDGET 5s hit — blind-sending strongest live (anti 60–90s party theater)

   [kira-voice] -> T2·savor· (faint) 'we won… but my zapdos went down doing it. you did good — rest up.'  fired=True  [age 0.0s + post 7ms]

   [Bridge] INPUT OWNER = 'agent' (sole writer; others dropped+logged)

   [campaign]    [boulder-approach] replan at (12, 3) (len 54, budget 14)

   [campaign]    [roam] watchdog: SCENE callback owns the screen (evolution/naming/cutscene) — deliberate stillness, watch resets until the world returns

   [Bridge] INPUT OWNER = 'agent' (sole writer; others dropped+logged)

   [kira-voice] -> T1·brisk· (event) 'a battle started against golbat — your blastoise is up front'  fired=True  [age 0.0s + post 13ms]

   [play-live]    [engine] revive-check: NO offer (revive_item=24, worthy=None, party sp/hp/lv=[(9, 184, 72), (131, 110, 26), (144, 0, 50), (145, 0, 50), (64, 45, 19), (146, 150, 50)])

   [play-live]    [engine] MUST-LEAVE: active alive but stuck (status/famine/exhausted) -> bench slot 5 (NOT re-picking species 9)

   [play-live]    [engine] switch: target party slot 5 sp=146 -> menu row 5

   [play-live]    [engine] switch: SWITCHED to species 146 (slot 5)

   [kira-voice] -> T2·savor· (event) "this one's stuck — switching to someone who can still fight."  fired=True  [age 0.0s + post 20ms]

   [play-live]    [engine] battle-progress: must-leave switch

   [play-live]    [engine] revive-check: NO offer (revive_item=24, worthy=None, party sp/hp/lv=[(9, 184, 72), (131, 110, 26), (144, 0, 50), (145, 0, 50), (64, 45, 19), (146, 150, 50)])

   [play-live]    [engine] action menu: move#53 - a STAB hit -> slot 2 (eff x1) vs golbat 129/129 | [0]Agility(p0,pp=30,ref=0,sc=0) [1]move#203(p0,pp=10,ref=0,sc=0) [2]move#53(p95*STAB,pp=15,ref=0,sc=142.5)

   [play-live]    [engine] STREAM COMMIT: move#53 - a STAB hit slot 2 (menu_up=1 action=True moves=False)

   [play-live]    [engine] move slot 2 didn't fire (0-PP / disabled / blocked) -> rotating to an untried move (streak now [2], refusals {2: 1}, futility 1/4)

   [play-live]    [engine] revive-check: NO offer (revive_item=24, worthy=None, party sp/hp/lv=[(9, 184, 72), (131, 110, 26), (144, 0, 50), (145, 0, 50), (64, 45, 19), (146, 150, 50)])

   [play-live]    [engine] action menu: Agility -> slot 0 (eff x2) vs golbat 129/129 | [0]Agility(p0,pp=29,ref=0,sc=0) [1]move#203(p0,pp=10,ref=0,sc=0) [2]move#53(p95*STAB,pp=15,ref=1,sc=142.5)

   [play-live]    [engine] STREAM COMMIT: Agility slot 0 (menu_up=1 action=True moves=False)

   [play-live]    [engine] revive-check: NO offer (revive_item=24, worthy=None, party sp/hp/lv=[(9, 184, 72), (131, 110, 26), (144, 0, 50), (145, 0, 50), (64, 45, 19), (146, 150, 50)])

   [play-live]    [engine] action menu: move#53 - a STAB hit -> slot 2 (eff x1) vs golbat 129/129 | [0]Agility(p0,pp=28,ref=0,sc=0) [1]move#203(p0,pp=10,ref=0,sc=0) [2]move#53(p95*STAB,pp=15,ref=1,sc=142.5)

   [play-live]    [engine] STREAM COMMIT: move#53 - a STAB hit slot 2 (menu_up=1 action=True moves=False)

   [play-live]    [engine] revive-check: NO offer (revive_item=24, worthy=None, party sp/hp/lv=[(9, 184, 72), (131, 110, 26), (144, 0, 50), (145, 0, 50), (64, 45, 19), (146, 112, 50)])

   [play-live]    [engine] action menu: move#53 - a STAB hit -> slot 2 (eff x1) vs golbat 129/129 | [0]Agility(p0,pp=28,ref=0,sc=0) [1]move#203(p0,pp=10,ref=0,sc=0) [2]move#53(p95*STAB,pp=15,ref=1,sc=142.5)

   [play-live]    [engine] STREAM COMMIT: move#53 - a STAB hit slot 2 (menu_up=1 action=True moves=False)

   [play-live]    [engine] battle-progress: move resolved

   [kira-voice] -> T1·brisk· (event) 'your moltres used move#53 - a STAB hit'  fired=True  [age 0.0s + post 9ms]

   [play-live]    [engine] revive-check: NO offer (revive_item=24, worthy=None, party sp/hp/lv=[(9, 184, 72), (131, 110, 26), (144, 0, 50), (145, 0, 50), (64, 45, 19), (146, 83, 50)])

   [play-live]    [engine] action menu: move#53 - a STAB hit -> slot 2 (eff x1) vs golbat 2/129 | [0]Agility(p0,pp=28,ref=0,sc=0) [1]move#203(p0,pp=10,ref=0,sc=0) [2]move#53(p95*STAB,pp=14,ref=1,sc=142.5)

   [play-live]    [engine] STREAM COMMIT: move#53 - a STAB hit slot 2 (menu_up=1 action=True moves=False)

   [play-live]    [engine] battle-progress: move resolved

   [play-live]    [engine] battle-progress: enemy fainted

   [kira-voice] -> T1·brisk· (event) "the enemy's golbat went down to your moltres — that's the battle, you won"  fired=True  [age 0.0s + post 17ms]

   [Bridge] INPUT OWNER = 'agent' (sole writer; others dropped+logged)

   [campaign]    [boulder-approach] replan at (29, 4) (len 36, budget 15)

   [campaign]    [boulder-approach] step blocked (19, 15) -> (19, 16) (npcs [(10, 17), (11, 16), (12, 9), (19, 16)])

   [campaign]    [boulder-approach] replan at (19, 15) (len 79, budget 15)

   [campaign]    [roam] watchdog: SCENE callback owns the screen (evolution/naming/cutscene) — deliberate stillness, watch resets until the world returns

   [Bridge] INPUT OWNER = 'agent' (sole writer; others dropped+logged)

   [kira-voice] -> T1·brisk· (event) 'a battle started against onix — your blastoise is up front'  fired=True  [age 0.0s + post 23ms]

   [play-live]    [engine] move list already open at turn top — STREAM COMMIT, skipping switch/item menu theater

   [play-live]    [engine] !! MOVES EXHAUSTED — every usable move tried with no effect this streak (or none usable); not re-spamming a dead move

   [kira-voice] -> T1·brisk· (event) 'your blastoise used an attack'  fired=True  [age 0.0s + post 15ms]

   [play-live]    [engine] !! MENU WEDGE 60s with NO progress — escaping the scroll theater (fire 1/8, menu_up=0 action=False moves=False bag=False party=False)

   [kira-voice] -> T2·savor· (event) 'menus are glitched — bailing this fight.'  fired=True  [age 0.0s + post 19ms]

   [Bridge] INPUT OWNER = 'agent' (sole writer; others dropped+logged)

   [campaign]    [boulder-approach] replan at (23, 8) (len 68, budget 16)

   [campaign]    [roam] watchdog: SCENE callback owns the screen (evolution/naming/cutscene) — deliberate stillness, watch resets until the world returns

   [Bridge] INPUT OWNER = 'agent' (sole writer; others dropped+logged)

   [kira-voice] -> T1·brisk· (event) 'a battle started against zubat — your blastoise is up front'  fired=True  [age 0.0s + post 24ms]

   [play-live]    [engine] revive-check: NO offer (revive_item=24, worthy=None, party sp/hp/lv=[(9, 130, 72), (131, 110, 26), (144, 0, 50), (145, 0, 50), (64, 45, 19), (146, 83, 50)])

   [play-live]    [engine] MUST-LEAVE: active alive but stuck (status/famine/exhausted) -> bench slot 5 (NOT re-picking species 9)

   [play-live]    [engine] switch: target party slot 5 sp=146 -> menu row 5

   [play-live]    [engine] switch: SWITCHED to species 146 (slot 5)

   [kira-voice] -> T2·savor· (event) "this one's stuck — switching to someone who can still fight."  fired=True  [age 0.0s + post 4ms]

   [play-live]    [engine] battle-progress: must-leave switch

   [play-live]    [engine] JUST FIGHT: L50 vs L32 + connecting damage — skipping bag/switch hierarchy this turn

   [play-live]    [engine] action menu: move#53 - a STAB hit -> slot 2 (eff x1) vs zubat 72/72 | [0]Agility(p0,pp=28,ref=0,sc=0) [1]move#203(p0,pp=10,ref=0,sc=0) [2]move#53(p95*STAB,pp=13,ref=0,sc=142.5)

   [play-live]    [engine] STREAM COMMIT: move#53 - a STAB hit slot 2 (menu_up=1 action=True moves=False)

   [play-live]    [engine] battle-progress: move resolved

   [play-live]    [engine] battle-progress: enemy fainted

   [kira-voice] -> T1·brisk· (event) "the enemy's zubat went down to your moltres — that's the battle, you won"  fired=True  [age 0.0s + post 21ms]

   [Bridge] INPUT OWNER = 'agent' (sole writer; others dropped+logged)

   [campaign]    [boulder-approach] replan at (18, 6) (len 57, budget 17)

   [campaign]    [roam] watchdog: SCENE callback owns the screen (evolution/naming/cutscene) — deliberate stillness, watch resets until the world returns

   [Bridge] INPUT OWNER = 'agent' (sole writer; others dropped+logged)

   [kira-voice] -> T1·brisk· (event) 'a battle started against marowak — your blastoise is up front'  fired=True  [age 0.0s + post 22ms]

   [play-live]    [engine] revive-check: NO offer (revive_item=24, worthy=None, party sp/hp/lv=[(9, 130, 72), (131, 110, 26), (144, 0, 50), (145, 0, 50), (64, 45, 19), (146, 75, 50)])

   [play-live]    [engine] MUST-LEAVE: active alive but stuck (status/famine/exhausted) -> bench slot 5 (NOT re-picking species 9)

   [play-live]    [engine] switch: target party slot 5 sp=146 -> menu row 5

   [play-live]    [engine] switch: SWITCHED to species 146 (slot 5)

   [kira-voice] -> T2·savor· (event) "this one's stuck — switching to someone who can still fight."  fired=True  [age 0.0s + post 4ms]

   [play-live]    [engine] battle-progress: must-leave switch

   [play-live]    [engine] revive-check: NO offer (revive_item=24, worthy=None, party sp/hp/lv=[(9, 130, 72), (131, 110, 26), (144, 0, 50), (145, 0, 50), (64, 45, 19), (146, 64, 50)])

   [play-live]    [engine] action menu: move#53 - a STAB hit -> slot 2 (eff x1) vs marowak 115/115 | [0]Agility(p0,pp=28,ref=0,sc=0) [1]move#203(p0,pp=10,ref=0,sc=0) [2]move#53(p95*STAB,pp=12,ref=0,sc=142.5)

   [play-live]    [engine] STREAM COMMIT: move#53 - a STAB hit slot 2 (menu_up=1 action=True moves=False)

   [play-live]    [engine] battle-progress: move resolved

   [kira-voice] -> T1·brisk· (event) 'your moltres used move#53 - a STAB hit'  fired=True  [age 0.0s + post 8ms]

   [play-live]    [engine] revive-check: NO offer (revive_item=24, worthy=None, party sp/hp/lv=[(9, 130, 72), (131, 110, 26), (144, 0, 50), (145, 0, 50), (64, 45, 19), (146, 58, 50)])

   [play-live]    [engine] action menu: move#53 - a STAB hit -> slot 2 (eff x1) vs marowak 17/115 | [0]Agility(p0,pp=28,ref=0,sc=0) [1]move#203(p0,pp=10,ref=0,sc=0) [2]move#53(p95*STAB,pp=11,ref=0,sc=142.5)

   [play-live]    [engine] STREAM COMMIT: move#53 - a STAB hit slot 2 (menu_up=1 action=True moves=False)

   [play-live]    [engine] battle-progress: move resolved

   [play-live]    [engine] battle-progress: enemy fainted

   [kira-voice] -> T1·brisk· (event) "the enemy's marowak went down to your moltres — that's the battle, you won"  fired=True  [age 0.0s + post 28ms]

   [Bridge] INPUT OWNER = 'agent' (sole writer; others dropped+logged)

   [campaign]    [boulder-approach] replan at (4, 16) (len 31, budget 18)

   [campaign]    [roam] watchdog: SCENE callback owns the screen (evolution/naming/cutscene) — deliberate stillness, watch resets until the world returns

   [Bridge] INPUT OWNER = 'agent' (sole writer; others dropped+logged)

   [kira-voice] -> T1·brisk· (event) 'a battle started against geodude — your blastoise is up front'  fired=True  [age 0.0s + post 20ms]

   [play-live]    [engine] revive-check: NO offer (revive_item=24, worthy=None, party sp/hp/lv=[(9, 130, 72), (131, 110, 26), (144, 0, 50), (145, 0, 50), (64, 45, 19), (146, 58, 50)])

   [play-live]    [engine] MUST-LEAVE: active alive but stuck (status/famine/exhausted) -> bench slot 5 (NOT re-picking species 9)

   [play-live]    [engine] switch: target party slot 5 sp=146 -> menu row 5

   [play-live]    [engine] switch: SWITCHED to species 146 (slot 5)

   [kira-voice] -> T2·savor· (event) "this one's stuck — switching to someone who can still fight."  fired=True  [age 0.0s + post 14ms]

   [play-live]    [engine] battle-progress: must-leave switch

   [kira-voice] ·floor· (<1s since last) T1 'your moltres took a big hit'

   [kira-voice] -> T1·brisk· (event) 'your moltres is at low HP - this is getting tense'  fired=True  [age 0.0s + post 10ms]

   [play-live]    [engine] battle-progress: our mon fainted

   [kira-voice] -> T1·brisk· (event) 'your moltres fainted'  fired=True  [age 0.0s + post 4ms]

   [play-live]    [engine] fswitch: BUDGET 5s hit — blind-sending strongest live (anti 60–90s party theater)

   [play-live]    [engine] fswitch: BUDGET 5s hit — blind-sending strongest live (anti 60–90s party theater)

   [kira-voice] -> T3·BIG· (event) 'you lost - your moltres fainted'  fired=True  [age 0.0s + post 25ms]

   [Bridge] INPUT OWNER = 'agent' (sole writer; others dropped+logged)

   [campaign]    [strat] loss vs wild:Victory Road 3F:geodude was a WILD encounter — NOT a strategic wall (no gate, no retry goal; shake it off and move on)

   [campaign]    [boulder-approach] replan at (20, 19) (len 12, budget 19)

   [campaign]    [push-approach0] replan at (30, 18) (len 3, budget 13)

   [campaign]    [push] (33, 18) -> (34, 18) (RIGHT, 1/1)

   [campaign]    [3f-drop] boulder down the hole (34,18) — 2F boulder hidden=False

   [campaign]    [hole-jump] replan at (33, 18) (len 2, budget 13)

   [dialogue] +++ "It's a big boulder, but a POK.MON may be able to push it aside. Would you like to use STRENGTH?"  tags=[]

   [kira-voice] -> T1·brisk· (dialogue) 'you read: "It\'s a big boulder, but a POK.MON may be able to push it aside. Would you like to use STRENGTH?"'  fired=True  [age 0.0s + post 5ms]

   [campaign]    [strength] ARMED (flag 0x805) at (34, 19)

   [dialogue] +++ "LAPRAS used STRENGTH! LAPRAS's STRENGTH made it possible to move boulders around!"  tags=[]

   [kira-voice] -> T1·brisk· (dialogue) 'you read: "LAPRAS used STRENGTH! LAPRAS\'s STRENGTH made it possible to move boulders around!"'  fired=True  [age 0.0s + post 4ms]

   [campaign]    [push] (33, 19) -> (32, 19) (LEFT, 1/19)

   [campaign]    [push] (32, 19) -> (31, 19) (LEFT, 2/19)

   [campaign]    [push] (31, 19) -> (30, 19) (LEFT, 3/19)

   [campaign]    [push] (30, 19) -> (29, 19) (LEFT, 4/19)

   [campaign]    [push] (29, 19) -> (28, 19) (LEFT, 5/19)

   [campaign]    [push] (28, 19) -> (27, 19) (LEFT, 6/19)

   [campaign]    [push] (27, 19) -> (26, 19) (LEFT, 7/19)

   [campaign]    [push] (26, 19) -> (25, 19) (LEFT, 8/19)

   [Bridge] INPUT OWNER = 'agent' (sole writer; others dropped+logged)

   [play-live]    [engine] re-entry: OUR active is already down — forced-switch chain owns it

   [kira-voice] -> T1·brisk· (event) 'a battle started against machop — your blastoise is up front'  fired=True  [age 0.0s + post 56ms]

   [play-live]    [engine] stale-attach: our active is actually STANDING (display struct held the last battle's corpse) -> fighting normally

   [play-live]    [engine] revive-check: NO offer (revive_item=24, worthy=None, party sp/hp/lv=[(9, 86, 72), (131, 110, 26), (144, 0, 50), (145, 0, 50), (64, 45, 19), (146, 0, 50)])

   [play-live]    [engine] MUST-LEAVE: active alive but stuck (status/famine/exhausted) -> bench slot 1 (NOT re-picking species 9)

   [play-live]    [engine] switch: target party slot 1 sp=131 -> menu row 1

   [play-live]    [engine] switch: SWITCHED to species 131 (slot 1)

   [kira-voice] -> T2·savor· (event) "this one's stuck — switching to someone who can still fight."  fired=True  [age 0.0s + post 12ms]

   [play-live]    [engine] battle-progress: must-leave switch

   [play-live]    [engine] revive-check: NO offer (revive_item=24, worthy=None, party sp/hp/lv=[(9, 86, 72), (131, 110, 26), (144, 0, 50), (145, 0, 50), (64, 45, 19), (146, 0, 50)])

   [play-live]    [engine] MATCHUP SWITCH: active is out-typed -> trying party slot 4

   [play-live]    [engine] switch: party didn't open via RAM nav — BLIND fallback (B out, DOWN DOWN A)

   [play-live]    [engine] switch: party screen never took focus -> B out (fail-safe)

   [play-live]    [engine] matchup switch did not confirm (fail 1/1) -> fighting instead (fail-safe, no wedge)

   [play-live]    [engine] action menu: Body Slam - a solid hit -> slot 1 (eff x1) vs machop 3/95 | [0]Strength(p80,pp=15,ref=0,sc=80) [1]Body Slam(p85,pp=15,ref=0,sc=85) [2]Perish Song(p0,pp=5,ref=0,sc=0)

   [play-live]    [engine] STREAM COMMIT: Body Slam - a solid hit slot 1 (menu_up=0 action=False moves=False)

   [play-live]    [engine] battle-progress: enemy fainted

   [kira-voice] -> T1·brisk· (event) "the enemy's machop went down to your lapras — that's the battle, you won"  fired=True  [age 0.0s + post 20ms]

   [Bridge] INPUT OWNER = 'agent' (sole writer; others dropped+logged)

   [campaign]    [push] (25, 19) -> (24, 19) (LEFT, 9/19)

   [campaign]    [push-approach9] replan at (26, 19) (len 2, budget 13)

   [campaign]    [push] (24, 19) -> (23, 19) (LEFT, 10/19)

   [campaign]    [push] (23, 19) -> (22, 19) (LEFT, 11/19)

   [campaign]    [push] (22, 19) -> (21, 19) (LEFT, 12/19)

   [campaign]    [push] (21, 19) -> (20, 19) (LEFT, 13/19)

   [campaign]    [push] (20, 19) -> (19, 19) (LEFT, 14/19)

   [campaign]    [push] (19, 19) -> (18, 19) (LEFT, 15/19)

   [campaign]    [push] (18, 19) -> (17, 19) (LEFT, 16/19)

   [campaign]    [push] (17, 19) -> (16, 19) (LEFT, 17/19)

   [campaign]    [push] (16, 19) -> (15, 19) (LEFT, 18/19)

   [campaign]    [push] (15, 19) -> (14, 19) (LEFT, 19/19)

   [campaign]    [2f-switch2] barrier (33,16) open=True

   [campaign]    [2f-to-3f-approach] replan at (16, 19) (len 22, budget 13)

   [campaign]    [roam] watchdog: SCENE callback owns the screen (evolution/naming/cutscene) — deliberate stillness, watch resets until the world returns

   [Bridge] INPUT OWNER = 'agent' (sole writer; others dropped+logged)

   [kira-voice] ·dedup· (repeat text, T1, looping?) 'a battle started against machop — your blastoise is up front'

   [Bridge] INPUT OWNER = 'agent' (sole writer; others dropped+logged)

   [kira-voice] -> T1·brisk· (event) 'the battle ended'  fired=True  [age 0.0s + post 19ms]

   [campaign]    [2f-to-3f-approach] replan at (17, 19) (len 21, budget 14)

   [campaign]    [roam] watchdog: SCENE callback owns the screen (evolution/naming/cutscene) — deliberate stillness, watch resets until the world returns

   [Bridge] INPUT OWNER = 'agent' (sole writer; others dropped+logged)

   [kira-voice] -> T1·brisk· (event) 'a battle started against zubat — your blastoise is up front'  fired=True  [age 0.0s + post 18ms]

   [kira-voice] ·dedup· (repeat text, T0, looping?) 'the battle ended'

   [Bridge] INPUT OWNER = 'agent' (sole writer; others dropped+logged)

   [campaign]    [2f-to-3f-approach] replan at (27, 17) (len 9, budget 15)

   [campaign]    [2f-to-3f] (1, 40) -> (1, 41) @ (39, 17) (beh 0x61)

   [campaign]    [3f-to-2f-east-approach] replan at (39, 17) (len 11, budget 13)

   [campaign]    [3f-to-2f-east] (1, 41) -> (1, 40) @ (38, 9) (beh 0x61)

   [campaign]    [vr-exit-approach] replan at (38, 9) (len 13, budget 13)

   [campaign]    [vr-exit] (1, 40) -> (3, 42) @ (18, 29) (beh 0x65)

   [campaign]    VICTORY ROAD CLEARED -> R23 north @ (18, 29) [lead 20%, battles 22]

   [campaign]    [to-indigo-band] replan at (18, 29) (len 42, budget 13)

   [campaign]    [to-indigo] EDGE north: (3, 42) -> (3, 9) @ (12, 19)

   [campaign]    INDIGO PLATEAU @ (12, 19) — healing at the League center

   [campaign]    HEAL: lead at 44/220 -> routing to the Pokemon Center on (3, 9) via door (11, 6) (will return to (12, 19))

   [Bridge] INPUT OWNER = 'agent' (sole writer; others dropped+logged)

   [travel] start map=(3, 9) coords=(12, 19) -> coord (11, 7) (budget 120s, surf-capable)

   [travel] step 0: (12, 19)->(12, 18) map=(3, 9) (path 14 to exit)

   [travel] step 10: (12, 9)->(12, 8) map=(3, 9) (path 4 to exit)

   [travel] reached target coord (11, 7)

   [Bridge] INPUT OWNER = 'agent' (sole writer; others dropped+logged)

   [dialogue] +++ 'Welcome to our POK.MON CENTER! Would you like me to heal your POK.MON back to perfect health?'  tags=[]

   [kira-voice] -> T1·brisk· (dialogue) 'you read: "Welcome to our POK.MON CENTER! Would you like me to heal your POK.MON back to perfect health?"'  fired=True  [age 0.0s + post 23ms]

   [dialogue] +++ "Okay, I'll take your POK.MON for a few seconds."  tags=[]

   [kira-voice] -> T1·brisk· (dialogue) 'you read: "Okay, I\'ll take your POK.MON for a few seconds."'  fired=True  [age 0.0s + post 5ms]

   [dialogue] +++ "Thank you for waiting. We've restored your POK.MON to full health."  tags=[]

   [kira-voice] -> T1·brisk· (dialogue) 'you read: "Thank you for waiting. We\'ve restored your POK.MON to full health."'  fired=True  [age 0.0s + post 13ms]

   [campaign]    HEAL: restored party to full (lead was 44/220)

   [Bridge] INPUT OWNER = 'agent' (sole writer; others dropped+logged)

   [Bridge] INPUT OWNER = 'agent' (sole writer; others dropped+logged)

   [travel] start map=(13, 0) coords=(13, 12) -> coord (11, 15) (budget 60s, surf-capable)

   [travel] path blocked at (13, 12) (NPC on the gap?) - waiting

   [dialogue] +++ 'We hope to see you again!'  tags=[]

   [kira-voice] -> T1·brisk· (dialogue) 'you read: "We hope to see you again!"'  fired=True  [age 0.0s + post 5ms]

   [travel] no clean path from (13, 12); NPC-allowing path EXISTS (len 6), blocker NPC tile=None, npcs nearby=[(7, 14), (13, 10)] -> approaching to interact/trigger

   [travel] reached target coord (11, 15)

   [campaign]    [roam] watchdog: SCENE callback owns the screen (evolution/naming/cutscene) — deliberate stillness, watch resets until the world returns

   [campaign]    directional warp (11, 16) (behavior 0x65) entered via DOWN

   [campaign]    [world] learned 1 warp(s) on (3, 9): (11, 6)->(13, 0)

   [campaign]    EXIT-BUILDING: (13, 0) -> (3, 9)@(11, 7)

   [campaign]    HEAL: exited Center -> map=(3, 9) coords=(11, 7)

   [Bridge] INPUT OWNER = 'agent' (sole writer; others dropped+logged)

   [Bridge] INPUT OWNER = 'agent' (sole writer; others dropped+logged)

   [travel] start map=(3, 9) coords=(11, 7) -> coord (12, 19) (budget 120s, surf-capable)

   [travel] step 0: (11, 7)->(11, 8) map=(3, 9) (path 14 to exit)

   [travel] step 10: (11, 17)->(11, 18) map=(3, 9) (path 4 to exit)

   [travel] reached target coord (12, 19)

   [campaign]    HEAL: returned toward (12, 19) -> arrived (now (12, 19))

   [campaign]    PCBOX: depositing party slot 1 at the Center on (3, 9) (door (11, 6))

   [Bridge] INPUT OWNER = 'agent' (sole writer; others dropped+logged)

   [travel] start map=(3, 9) coords=(12, 19) -> coord (11, 7) (budget 120s, surf-capable)

   [travel] step 0: (12, 19)->(12, 18) map=(3, 9) (path 14 to exit)

   [travel] step 10: (12, 9)->(12, 8) map=(3, 9) (path 4 to exit)

   [travel] reached target coord (11, 7)

   [Bridge] INPUT OWNER = 'agent' (sole writer; others dropped+logged)

   [campaign]    PCBOX: PC console stand = (17, 10)

   [dialogue] +++ 'KIRA booted up the PC.'  tags=[]

   [kira-voice] -> T1·brisk· (dialogue) 'you read: "KIRA booted up the PC."'  fired=True  [age 0.0s + post 3ms]

   [dialogue] +++ 'Which PC should be accessed?'  tags=[]

   [kira-voice] -> T1·brisk· (dialogue) 'you read: "Which PC should be accessed?"'  fired=True  [age 0.0s + post 5ms]

   [dialogue] +++ "Accessed BILL's PC."  tags=[]

   [kira-voice] -> T1·brisk· (dialogue) 'you read: "Accessed BILL\'s PC."'  fired=True  [age 0.0s + post 5ms]

   [dialogue] +++ 'POK.MON Storage System opened.'  tags=[]

   [kira-voice] -> T1·brisk· (dialogue) 'you read: "POK.MON Storage System opened."'  fired=True  [age 0.0s + post 4ms]

   [campaign]    [roam] watchdog: SCENE callback owns the screen (evolution/naming/cutscene) — deliberate stillness, watch resets until the world returns

   [dialogue] +++ 'Which PC should be accessed?'  tags=[]

   [kira-voice] ·dedup· (repeat text, T1, looping?) 'you read: "Which PC should be accessed?"'

   [Bridge] INPUT OWNER = 'agent' (sole writer; others dropped+logged)

   [Bridge] INPUT OWNER = 'agent' (sole writer; others dropped+logged)

   [travel] start map=(13, 0) coords=(17, 10) -> coord (11, 15) (budget 60s, surf-capable)

   [travel] step 0: (17, 10)->(17, 11) map=(13, 0) (path 12 to exit)

   [travel] step 10: (12, 15)->(11, 15) map=(13, 0) (path 2 to exit)

   [travel] reached target coord (11, 15)

   [campaign]    [roam] watchdog: SCENE callback owns the screen (evolution/naming/cutscene) — deliberate stillness, watch resets until the world returns

   [campaign]    directional warp (11, 16) (behavior 0x65) entered via DOWN

   [campaign]    [world] learned 1 warp(s) on (3, 9): (11, 6)->(13, 0)

   [campaign]    EXIT-BUILDING: (13, 0) -> (3, 9)@(11, 7)

   [campaign]    PCBOX: party count 6 -> 5 (map=(3, 9) coords=(11, 7))

   [campaign]    STEAMROLL: boxed lapras at Indigo Plateau (Cut escort / dead weight — not the E4)

   [campaign]    PCBOX: depositing party slot 3 at the Center on (3, 9) (door (11, 6))

   [Bridge] INPUT OWNER = 'agent' (sole writer; others dropped+logged)

   [kira-voice] -> T1·brisk· (roster) 'benched one of the team for now — making room for the mon my plan actually wants.'  fired=True  [age 0.0s + post 4ms]

   [travel] start map=(3, 9) coords=(11, 7) -> coord (11, 7) (budget 120s, surf-capable)

   [travel] reached target coord (11, 7)

   [Bridge] INPUT OWNER = 'agent' (sole writer; others dropped+logged)

   [campaign]    PCBOX: PC console stand = (17, 10)

   [dialogue] +++ 'KIRA booted up the PC.'  tags=[]

   [kira-voice] ·dedup· (repeat text, T1, looping?) 'you read: "KIRA booted up the PC."'

   [dialogue] +++ 'Which PC should be accessed?'  tags=[]

   [kira-voice] ·dedup· (repeat text, T1, looping?) 'you read: "Which PC should be accessed?"'

   [dialogue] +++ "Accessed BILL's PC."  tags=[]

   [kira-voice] ·dedup· (repeat text, T1, looping?) 'you read: "Accessed BILL\'s PC."'

   [dialogue] +++ 'POK.MON Storage System opened.'  tags=[]

   [kira-voice] ·dedup· (repeat text, T1, looping?) 'you read: "POK.MON Storage System opened."'

   [campaign]    [roam] watchdog: SCENE callback owns the screen (evolution/naming/cutscene) — deliberate stillness, watch resets until the world returns

   [dialogue] +++ 'Which PC should be accessed?'  tags=[]

   [kira-voice] ·dedup· (repeat text, T1, looping?) 'you read: "Which PC should be accessed?"'

   [Bridge] INPUT OWNER = 'agent' (sole writer; others dropped+logged)

   [Bridge] INPUT OWNER = 'agent' (sole writer; others dropped+logged)

   [travel] start map=(13, 0) coords=(17, 10) -> coord (11, 15) (budget 60s, surf-capable)

   [travel] step 0: (17, 10)->(17, 11) map=(13, 0) (path 12 to exit)

   [travel] step 10: (12, 15)->(11, 15) map=(13, 0) (path 2 to exit)

   [travel] reached target coord (11, 15)

   [campaign]    [roam] watchdog: SCENE callback owns the screen (evolution/naming/cutscene) — deliberate stillness, watch resets until the world returns

   [campaign]    directional warp (11, 16) (behavior 0x65) entered via DOWN

   [campaign]    [world] learned 1 warp(s) on (3, 9): (11, 6)->(13, 0)

   [campaign]    EXIT-BUILDING: (13, 0) -> (3, 9)@(11, 7)

   [campaign]    PCBOX: party count 5 -> 4 (map=(3, 9) coords=(11, 7))

   [campaign]    STEAMROLL: boxed kadabra at Indigo Plateau (Cut escort / dead weight — not the E4)

   [campaign]    STEAMROLL PARTY: ['blastoise', 'articuno', 'zapdos', 'moltres'] dumped=['lapras', 'kadabra']

   [campaign]    INDIGO REACHED: pos (3, 9)@(11, 7) | lead 100% | battles 22 | money $7244

   [campaign]    [roam] 🏔️  VICTORY ROAD strike -> reached_indigo

   [campaign]    [roam] RESULT: head_to_league -> reached_indigo | pos (3, 42)(5, 30) -> (3, 9)(11, 7) (MOVED)

   [campaign]    ⛰️  CAMPAIGN SAVE [new_area] -> campaign/kira_campaign.state  (map=(3, 9) coords=(11, 7) badges=8 party=4)

   [campaign]    [sanctity] bundle VALID (schema/encoding/truth/monotonic all clean)

   [campaign]    📌 AUTO-CHECKPOINT [gain-new_area] -> checkpoints/20260813_130224_indigo-plateau_8b_45h33m_gain-new-area  (4 bundle file(s))

   [campaign]    [world] learned 1 warp(s) on (3, 9): (11, 6)->(13, 0)

   [campaign]    [roam] grass she KNOWS: routing south -> (3, 42) toward Route 23 (backward — no forward grass reachable, visited grass, avoiding any wall)

   [campaign]    [roam] deep-wedge ring: banked safe checkpoint (8, 4, 20, 222) @ Indigo Plateau (ring=1/4)

   [campaign] -- ROAM TICK 2/100000000 --

   [campaign]    [roam] STATE IN: Indigo Plateau (11, 7) | badges=8 (Boulder, Cascade, Thunder, Rainbow, Soul, Marsh, Volcano, Earth) | party=[blastoise L72, articuno L50, zapdos L50, moltres L50] | 8 badge(s) earned (Boulder, Cascade, Thunder, Rainbow, Soul, Marsh, Volcano, Earth). All 8 badges earned. Pokédex: 20 caught. All 8 badges — Victory Road and the Elite Four are next. This is the endgame.

   [campaign]    [roam] PROGRESS: GREEN (unchanged 0 ticks) | fp[(3, 9) (11,7) f1 -- badge8 $7244 party:2313 bag:bd4d]

   [campaign]    [roam] OPTIONS OFFERED: ['enter_league', 'battle', 'wander_catch', 'travel:3,42', 'swap_keeper']

   [campaign]    [strat] roster size = 4

   [campaign]    [roam] !! FORCE ENDGAME: enter_league — oracle SKIPPED (Jonny's call: the team is READY — Viridian -> Route 22 -> Victory Road -> Indigo; no grinding, no detours)

   [campaign]    [roam] PICK OUT: enter_league

   [campaign]    [roam] RATIONALE: Enter the Pokémon League and take on the Elite Four. then on to the Elite Four

   [campaign]    STEAMROLL PARTY: ['blastoise', 'articuno', 'zapdos', 'moltres'] dumped=none

   [campaign]    [roam] STEAMROLL: skip VR2F grind (levels [72, 50, 50, 50]) — League door now

   [campaign]    [lap] E4 PARTY ORDER (ace first, passengers last): ['blastoise L72', 'articuno L50', 'zapdos L50', 'moltres L50']

   [campaign] [e4] boot map=(3, 9) coords=(11, 7) lead=100% alive=4 money=$7244 FR x0

   [kira-voice] -> T2·savor· (gym) "the Indigo Plateau. the Elite Four are right through those doors. everything's led to this — okay. let's go."  fired=True  [age 0.0s + post 3ms]

   [campaign]    [enter-center] (3, 9) -> (13, 0) @ (11, 16)

   [campaign]    HEAL: inside a building complex (13, 0) — exiting to the overworld before routing

   [Bridge] INPUT OWNER = 'agent' (sole writer; others dropped+logged)

   [Bridge] INPUT OWNER = 'agent' (sole writer; others dropped+logged)

   [travel] start map=(13, 0) coords=(11, 16) -> coord (11, 15) (budget 60s, surf-capable)

   [travel] step 0: (11, 16)->(11, 15) map=(13, 0) (path 2 to exit)

   [travel] reached target coord (11, 15)

   [campaign]    [roam] watchdog: SCENE callback owns the screen (evolution/naming/cutscene) — deliberate stillness, watch resets until the world returns

   [campaign]    directional warp (11, 16) (behavior 0x65) entered via DOWN

   [campaign]    [world] learned 1 warp(s) on (3, 9): (11, 6)->(13, 0)

   [campaign]    EXIT-BUILDING: (13, 0) -> (3, 9)@(11, 7)

   [campaign]    HEAL: whole party already full - skipping

   [campaign]    [e4] heal_nearest -> ok (lead 100%)

   [campaign]    [enter-center] (3, 9) -> (13, 0) @ (11, 16)

   [campaign]    [shop] plan [(19, 2, 2, 3000), (23, 5, 2, 600)] (money $7244)

   [campaign]    [clerk-approach] replan at (11, 16) (len 19, budget 11)

   [dialogue] +++ 'Hi, there! May I help you?'  tags=[]

   [kira-voice] -> T1·brisk· (dialogue) 'you read: "Hi, there! May I help you?"'  fired=True  [age 0.0s + post 10ms]

   [campaign]    [roam] watchdog: non-overworld callback is a stray BAG/PARTY menu — NOT a scene; the watch keeps counting (anti potion-loop)

   [dialogue] +++ 'FULL RESTORE? Certainly. How many would you like?'  tags=[]

   [kira-voice] -> T1·brisk· (dialogue) 'you read: "FULL RESTORE? Certainly. How many would you like?"'  fired=True  [age 0.0s + post 3ms]

   [dialogue] +++ 'FULL RESTORE, and you want 1. That will be .3000. Okay?'  tags=[]

   [kira-voice] -> T1·brisk· (dialogue) 'you read: "FULL RESTORE, and you want 1. That will be .3000. Okay?"'  fired=True  [age 0.0s + post 8ms]

   [dialogue] +++ 'Here you are! Thank you!'  tags=[]

   [kira-voice] -> T1·brisk· (dialogue) 'you read: "Here you are! Thank you!"'  fired=True  [age 0.0s + post 4ms]

   [dialogue] +++ 'FULL RESTORE? Certainly. How many would you like?'  tags=[]

   [kira-voice] ·dedup· (repeat text, T1, looping?) 'you read: "FULL RESTORE? Certainly. How many would you like?"'

   [dialogue] +++ 'FULL RESTORE, and you want 1. That will be .3000. Okay?'  tags=[]

   [kira-voice] ·dedup· (repeat text, T1, looping?) 'you read: "FULL RESTORE, and you want 1. That will be .3000. Okay?"'

   [dialogue] +++ 'Here you are! Thank you!'  tags=[]

   [campaign]    [shop] bought 2 x item 19 (bag x2, money $1244)

   [dialogue] +++ 'FULL HEAL? Certainly. How many would you like?'  tags=[]

   [kira-voice] -> T1·brisk· (dialogue) 'you read: "FULL HEAL? Certainly. How many would you like?"'  fired=True  [age 0.0s + post 4ms]

   [dialogue] +++ 'FULL HEAL, and you want 1. That will be .600. Okay?'  tags=[]

   [kira-voice] -> T1·brisk· (dialogue) 'you read: "FULL HEAL, and you want 1. That will be .600. Okay?"'  fired=True  [age 0.0s + post 4ms]

   [dialogue] +++ 'Here you are! Thank you!'  tags=[]

   [kira-voice] ·dedup· (repeat text, T1, looping?) 'you read: "Here you are! Thank you!"'

   [dialogue] +++ 'FULL HEAL? Certainly. How many would you like?'  tags=[]

   [kira-voice] ·dedup· (repeat text, T1, looping?) 'you read: "FULL HEAL? Certainly. How many would you like?"'

   [dialogue] +++ 'FULL HEAL, and you want 1. That will be .600. Okay?'  tags=[]

   [dialogue] +++ 'Here you are! Thank you!'  tags=[]

   [kira-voice] ·dedup· (repeat text, T1, looping?) 'you read: "Here you are! Thank you!"'

   [campaign]    [shop] bought 2 x item 23 (bag x2, money $44)

   [campaign]    [roam] watchdog: SCENE callback owns the screen (evolution/naming/cutscene) — deliberate stillness, watch resets until the world returns

   [dialogue] +++ 'Is there anything else I can do?'  tags=[]

   [kira-voice] -> T1·brisk· (dialogue) 'you read: "Is there anything else I can do?"'  fired=True  [age 0.0s + post 4ms]

   [dialogue] +++ 'Please come again!'  tags=[]

   [kira-voice] ·throttle· (brisk <1.8s) 'you read: "Please come again!"'

   [campaign]    [health] publish skipped: [WinError 5] Access is denied: 'G:\\JonnyD\\NeuroAI_Bot\\pokemon_agent\\states\\campaign\\health.json.tmp' -> 'G:\\JonnyD\\NeuroAI_Bot\\pokemon_agent\\states\\campaign\\health.json'

   [campaign]    ⛰️  CAMPAIGN SAVE [e4_shopped] -> campaign/kira_campaign.state  (map=(13, 0) coords=(2, 7) badges=8 party=4)

   [campaign]    [league-door-approach] replan at (2, 7) (len 8, budget 11)

   [campaign]    [league-door] (13, 0) -> (1, 75) @ (6, 7)

   [campaign]    [e4] room #1: map (1, 75) @ (6, 7) [lead 100%, alive 4]

   [campaign]    [trainer-approach] replan at (6, 7) (len 2, budget 11)

   [dialogue] +++ 'Welcome to the POK.MON LEAGUE. I am LORELEI of the ELITE FOUR. No one can best me when it comes to icy POK.MON. Freezing moves are powerful. Your POK.MON will be at my mercy when they are froz'  tags=['PLACE']

   [kira-voice]    (dialogue tags: place)

   [kira-voice] -> T1·brisk· (dialogue) 'you read: "Welcome to the POK.MON LEAGUE. I am LORELEI of the ELITE FOUR. No one can best me when it comes to icy POK.MON. Freezing moves are powerful. Your POK.MON will be at my mercy when they are froz"'  fired=True  [age 0.0s + post 3ms]

   [campaign]    [roam] !!!! WATCHDOG TRIPPED (frozen_box): nothing on screen has meaningfully changed for 8.3s at (1, 75)@(6, 6) — latching a top-level disengage (catches a sub-layer wedge the per-tick ledger can't see). LOUD

   [campaign]    [roam] watchdog: SCENE callback owns the screen (evolution/naming/cutscene) — deliberate stillness, watch resets until the world returns

   [campaign]    [north-door-approach] replan at (6, 6) (len 6, budget 11)

   [campaign]    [strat] gEnemyParty CONFIRMED (slot0=87 == active foe) — roster reads live

   [play-live] battle context: trainer=True foe=dewgong rare=False -> Tier 2 savor

   [Bridge] INPUT OWNER = 'agent' (sole writer; others dropped+logged)

   [kira-voice] -> T2·savor· (stakes) "okay okay — a trainer just locked eyes with me. team's in good shape — let's play it smart."  fired=True  [age 0.0s + post 4ms]

   [kira-voice] -> T2·savor· (event) 'a battle started against dewgong — your blastoise is up front'  fired=True  [age 0.0s + post 16ms]

   [play-live]    [engine] JUST FIGHT: L72 vs L52 + connecting damage — skipping bag/switch hierarchy this turn

   [play-live]    [engine] action menu: Earthquake - a solid hit -> slot 2 (eff x1) vs dewgong 171/171 | [0]Skull Bash(p100,pp=15,ref=0,sc=50) [1]Surf(p95*STAB,pp=15,ref=0,sc=71.25) [2]Earthquake(p100,pp=10,ref=0,sc=100)

   [play-live]    [engine] STREAM COMMIT: Earthquake - a solid hit slot 2 (menu_up=1 action=True moves=False)

   [play-live]    [engine] !! WRONG SLOT FIRED: chose 2 but slot 0 was consumed (cursor desync survived the force-write; wrong-fires 1) — LOUD

   [play-live]    [engine] battle-progress: move resolved

   [kira-voice] -> T2·savor· (event) 'your blastoise used Earthquake - a solid hit'  fired=True  [age 0.0s + post 3ms]

   [play-live]    [engine] JUST FIGHT: L72 vs L52 + connecting damage — skipping bag/switch hierarchy this turn

   [play-live]    [engine] action menu: Earthquake - a solid hit -> slot 2 (eff x1) vs dewgong 93/171 | [0]Skull Bash(p100,pp=14,ref=0,sc=50) [1]Surf(p95*STAB,pp=15,ref=0,sc=71.25) [2]Earthquake(p100,pp=10,ref=0,sc=100)

   [play-live]    [engine] STREAM COMMIT: Earthquake - a solid hit slot 2 (menu_up=1 action=True moves=False)

   [play-live]    [engine] battle-progress: move resolved

   [play-live]    [engine] JUST FIGHT: L72 vs L52 + connecting damage — skipping bag/switch hierarchy this turn

   [play-live]    [engine] action menu: Earthquake - a solid hit -> slot 2 (eff x1) vs dewgong 7/171 | [0]Skull Bash(p100,pp=14,ref=0,sc=50) [1]Surf(p95*STAB,pp=15,ref=0,sc=71.25) [2]Earthquake(p100,pp=9,ref=0,sc=100)

   [play-live]    [engine] STREAM COMMIT: Earthquake - a solid hit slot 2 (menu_up=1 action=True moves=False)

   [play-live]    [engine] battle-progress: foe HP changed

   [play-live]    [engine] JUST FIGHT: L72 vs L52 + connecting damage — skipping bag/switch hierarchy this turn

   [play-live]    [engine] action menu: Earthquake - a solid hit -> slot 2 (eff x1) vs dewgong 93/171 | [0]Skull Bash(p100,pp=14,ref=0,sc=50) [1]Surf(p95*STAB,pp=15,ref=0,sc=71.25) [2]Earthquake(p100,pp=8,ref=0,sc=100)

   [play-live]    [engine] STREAM COMMIT: Earthquake - a solid hit slot 2 (menu_up=1 action=True moves=False)

   [play-live]    [engine] battle-progress: move resolved

   [play-live]    [engine] JUST FIGHT: L72 vs L52 + connecting damage — skipping bag/switch hierarchy this turn

   [play-live]    [engine] action menu: Earthquake - a solid hit -> slot 2 (eff x1) vs dewgong 15/171 | [0]Skull Bash(p100,pp=14,ref=0,sc=50) [1]Surf(p95*STAB,pp=15,ref=0,sc=71.25) [2]Earthquake(p100,pp=7,ref=0,sc=100)

   [play-live]    [engine] STREAM COMMIT: Earthquake - a solid hit slot 2 (menu_up=1 action=True moves=False)

   [play-live]    [engine] battle-progress: move resolved

   [play-live]    [engine] battle-progress: enemy fainted

   [kira-voice] -> T2·savor· (event) "the enemy's dewgong fainted — your blastoise took it down"  fired=True  [age 0.0s + post 19ms]

   [play-live]    [engine] party screen in drain: voluntary (shift prompt) -> single B out

   [kira-voice] -> T2·savor· (event) 'the trainer sent out cloyster'  fired=True  [age 0.0s + post 4ms]

   [play-live]    [engine] JUST FIGHT: L72 vs L51 + connecting damage — skipping bag/switch hierarchy this turn

   [play-live]    [engine] action menu: Earthquake - a solid hit -> slot 2 (eff x1) vs cloyster 127/127 | [0]Skull Bash(p100,pp=14,ref=0,sc=50) [1]Surf(p95*STAB,pp=15,ref=0,sc=71.25) [2]Earthquake(p100,pp=6,ref=0,sc=100)

   [play-live]    [engine] STREAM COMMIT: Earthquake - a solid hit slot 2 (menu_up=1 action=True moves=False)

   [play-live]    [engine] battle-progress: move resolved

   [play-live]    [engine] WHIFF: foe HP unchanged at 127 across the full turn -> accuracy-debuff spiral (streak 1/3)

   [play-live]    [engine] JUST FIGHT: L72 vs L51 + connecting damage — skipping bag/switch hierarchy this turn

   [play-live]    [engine] action menu: Earthquake - a solid hit -> slot 2 (eff x1) vs cloyster 127/127 | [0]Skull Bash(p100,pp=14,ref=0,sc=50) [1]Surf(p95*STAB,pp=15,ref=0,sc=71.25) [2]Earthquake(p100,pp=5,ref=0,sc=100)

   [play-live]    [engine] STREAM COMMIT: Earthquake - a solid hit slot 2 (menu_up=1 action=True moves=False)

   [play-live]    [engine] battle-progress: move resolved

   [play-live]    [engine] WHIFF: foe HP unchanged at 127 across the full turn -> accuracy-debuff spiral (streak 2/3)

   [play-live]    [engine] JUST FIGHT: L72 vs L51 + connecting damage — skipping bag/switch hierarchy this turn

   [play-live]    [engine] action menu: Earthquake - a solid hit -> slot 2 (eff x1) vs cloyster 127/127 | [0]Skull Bash(p100,pp=14,ref=0,sc=50) [1]Surf(p95*STAB,pp=15,ref=0,sc=71.25) [2]Earthquake(p100,pp=4,ref=0,sc=100)

   [play-live]    [engine] STREAM COMMIT: Earthquake - a solid hit slot 2 (menu_up=1 action=True moves=False)

   [play-live]    [engine] battle-progress: move resolved

   [kira-voice] -> T2·savor· (event) 'your blastoise used Earthquake - a solid hit'  fired=True  [age 0.0s + post 20ms]

   [play-live]    [engine] JUST FIGHT: L72 vs L51 + connecting damage — skipping bag/switch hierarchy this turn

   [play-live]    [engine] action menu: Earthquake - a solid hit -> slot 2 (eff x1) vs cloyster 82/127 | [0]Skull Bash(p100,pp=14,ref=0,sc=50) [1]Surf(p95*STAB,pp=15,ref=0,sc=71.25) [2]Earthquake(p100,pp=3,ref=0,sc=100)

   [play-live]    [engine] STREAM COMMIT: Earthquake - a solid hit slot 2 (menu_up=1 action=True moves=False)

   [play-live]    [engine] battle-progress: move resolved

   [play-live]    [engine] JUST FIGHT: L72 vs L51 + connecting damage — skipping bag/switch hierarchy this turn

   [play-live]    [engine] action menu: Earthquake - a solid hit -> slot 2 (eff x1) vs cloyster 42/127 | [0]Skull Bash(p100,pp=14,ref=0,sc=50) [1]Surf(p95*STAB,pp=15,ref=0,sc=71.25) [2]Earthquake(p100,pp=2,ref=0,sc=100)

   [play-live]    [engine] STREAM COMMIT: Earthquake - a solid hit slot 2 (menu_up=1 action=True moves=False)

   [play-live]    [engine] battle-progress: move resolved

   [play-live]    [engine] JUST FIGHT: L72 vs L51 + connecting damage — skipping bag/switch hierarchy this turn

   [play-live]    [engine] action menu: Earthquake - a solid hit -> slot 2 (eff x1) vs cloyster 3/127 | [0]Skull Bash(p100,pp=14,ref=0,sc=50) [1]Surf(p95*STAB,pp=15,ref=0,sc=71.25) [2]Earthquake(p100,pp=1,ref=0,sc=100)

   [play-live]    [engine] STREAM COMMIT: Earthquake - a solid hit slot 2 (menu_up=1 action=True moves=False)

   [play-live]    [engine] battle-progress: move resolved

   [play-live]    [engine] WHIFF: foe HP unchanged at 3 across the full turn -> accuracy-debuff spiral (streak 1/3)

   [play-live]    [engine] JUST FIGHT: L72 vs L51 + connecting damage — skipping bag/switch hierarchy this turn

   [play-live]    [engine] action menu: Surf - a not-very-effective hit -> slot 1 (eff x0.5) vs cloyster 3/127 | [0]Skull Bash(p100,pp=14,ref=0,sc=50) [1]Surf(p95*STAB,pp=15,ref=0,sc=71.25) [2]Earthquake(p100,pp=0,ref=0,sc=100)

   [play-live]    [engine] STREAM COMMIT: Surf - a not-very-effective hit slot 1 (menu_up=1 action=True moves=False)

   [play-live]    [engine] battle-progress: move resolved

   [play-live]    [engine] battle-progress: enemy fainted

   [kira-voice] -> T2·savor· (event) "the enemy's cloyster fainted — your blastoise took it down"  fired=True  [age 0.0s + post 3ms]

   [play-live]    [engine] party screen in drain: voluntary (shift prompt) -> single B out

   [pkmn-audio] !! PCM queue full — dropped frame audio (total drops 601; bursts here = audible crackle)

   [kira-voice] -> T2·savor· (event) 'the trainer sent out slowbro'  fired=True  [age 0.0s + post 4ms]

   [play-live]    [engine] JUST FIGHT: L72 vs L52 + connecting damage — skipping bag/switch hierarchy this turn

   [play-live]    [engine] action menu: Surf - a not-very-effective hit -> slot 1 (eff x0.5) vs slowbro 176/176 | [0]Skull Bash(p100,pp=14,ref=0,sc=50) [1]Surf(p95*STAB,pp=14,ref=0,sc=71.25) [2]Earthquake(p100,pp=0,ref=0,sc=100)

   [play-live]    [engine] STREAM COMMIT: Surf - a not-very-effective hit slot 1 (menu_up=1 action=True moves=False)

   [play-live]    [engine] battle-progress: move resolved

   [kira-voice] -> T2·savor· (event) 'your blastoise used Surf - a not-very-effective hit'  fired=True  [age 0.0s + post 4ms]

   [play-live]    [engine] JUST FIGHT: L72 vs L52 + connecting damage — skipping bag/switch hierarchy this turn

   [play-live]    [engine] action menu: Surf - a not-very-effective hit -> slot 1 (eff x0.5) vs slowbro 123/176 | [0]Skull Bash(p100,pp=14,ref=0,sc=50) [1]Surf(p95*STAB,pp=13,ref=0,sc=71.25) [2]Earthquake(p100,pp=0,ref=0,sc=100)

   [play-live]    [engine] STREAM COMMIT: Surf - a not-very-effective hit slot 1 (menu_up=1 action=True moves=False)

   [play-live]    [engine] battle-progress: move resolved

   [play-live]    [engine] JUST FIGHT: L72 vs L52 + connecting damage — skipping bag/switch hierarchy this turn

   [play-live]    [engine] action menu: Surf - a not-very-effective hit -> slot 1 (eff x0.5) vs slowbro 95/176 | [0]Skull Bash(p100,pp=14,ref=0,sc=50) [1]Surf(p95*STAB,pp=12,ref=0,sc=71.25) [2]Earthquake(p100,pp=0,ref=0,sc=100)

   [play-live]    [engine] STREAM COMMIT: Surf - a not-very-effective hit slot 1 (menu_up=1 action=True moves=False)

   [play-live]    [engine] battle-progress: move resolved

   [play-live]    [engine] ITEM-INSTINCT offer: ['use_cure', 'keep_fighting'] ctx={'hp': '106/220', 'status': 'sleep', 'foe': 'slowbro'}

   [kira-voice] ORACLE kind=battle_item options=['use_cure', 'keep_fighting'] -> pick='use_cure'

   [play-live]    [engine] ITEM-INSTINCT pick -> use_cure (item 19, aim=active)

   [play-live]    [engine] use_item walk n=0: party=False bag=True white=False cb2party=False cb2bag=True pcur=None lead=False

   [dialogue] +++ 'FULL RESTORE is selected.'  tags=[]

   [kira-voice] -> T2·savor· (dialogue) 'you read: "FULL RESTORE is selected."'  fired=True  [age 0.0s + post 11ms]

   [dialogue] +++ 'Use on which POK.MON?'  tags=[]

   [kira-voice] -> T2·savor· (dialogue) 'you read: "Use on which POK.MON?"'  fired=True  [age 0.0s + post 22ms]

   [play-live]    [engine] use_item walk n=1: party=True bag=False white=True cb2party=True cb2bag=False pcur=None lead=True

   [play-live]    [engine] use_item: USED item 19 (count 2->1)

   [kira-voice] -> T1·brisk· (event) "used an item — that's better"  fired=True  [age 0.0s + post 3ms]

   [play-live]    [engine] battle-progress: item 19 consumed

   [dialogue] +++ "BLASTOISE's HP was restored by 114 point.s.. ."  tags=[]

   [kira-voice] -> T2·savor· (dialogue) 'you read: "BLASTOISE\'s HP was restored by 114 point.s.. ."'  fired=True  [age 0.0s + post 4ms]

   [play-live]    [engine] use_item: post-use settle NOT confirmed — blind B-unwind (the bag can sit open invisible to every classifier)

   [play-live]    [engine] JUST FIGHT: L72 vs L52 + connecting damage — skipping bag/switch hierarchy this turn

   [play-live]    [engine] action menu: Surf - a not-very-effective hit -> slot 1 (eff x0.5) vs slowbro 68/176 | [0]Skull Bash(p100,pp=14,ref=0,sc=50) [1]Surf(p95*STAB,pp=11,ref=0,sc=71.25) [2]Earthquake(p100,pp=0,ref=0,sc=100)

   [play-live]    [engine] STREAM COMMIT: Surf - a not-very-effective hit slot 1 (menu_up=1 action=True moves=False)

   [play-live]    [engine] battle-progress: move resolved

   [kira-voice] -> T2·savor· (event) 'your blastoise used Surf - a not-very-effective hit'  fired=True  [age 0.0s + post 8ms]

   [play-live]    [engine] ITEM-INSTINCT offer: ['use_cure', 'keep_fighting'] ctx={'hp': '220/220', 'status': 'sleep', 'foe': 'slowbro'}

   [kira-voice] ORACLE kind=battle_item options=['use_cure', 'keep_fighting'] -> pick='use_cure'

   [play-live]    [engine] ITEM-INSTINCT pick -> use_cure (item 17, aim=active)

   [play-live]    [engine] use_item walk n=0: party=False bag=True white=False cb2party=False cb2bag=True pcur=None lead=False

   [dialogue] +++ 'AWAKENING is selected.'  tags=[]

   [kira-voice] -> T2·savor· (dialogue) 'you read: "AWAKENING is selected."'  fired=True  [age 0.0s + post 8ms]

   [dialogue] +++ 'Use on which POK.MON?'  tags=[]

   [kira-voice] -> T2·savor· (dialogue) 'you read: "Use on which POK.MON?"'  fired=True  [age 0.0s + post 4ms]

   [play-live]    [engine] use_item: active has NO status — aborting cure (no_effect; was the Awakening re-open loop)

   [dialogue] +++ 'BLASTOISE woke up. .'  tags=[]

   [kira-voice] -> T2·savor· (dialogue) 'you read: "BLASTOISE woke up. ."'  fired=True  [age 0.0s + post 5ms]

   [play-live]    [engine] HEAL-FAIL LATCH: item 17 did not consume (no_effect) -> suppressing further in-battle item offers for species 9 this battle (anti bag-USE/CANCEL livelock — fight/faint, let the next mon resolve it)

   [play-live]    [engine] CURE-BLOCK: no more status-cure offers this battle (already-clear / no_effect abort)

   [play-live]    [engine] MUST-LEAVE: active alive but stuck (status/famine/exhausted) -> bench slot 1 (NOT re-picking species 9)

   [play-live]    [engine] switch: target party slot 1 sp=144 -> menu row 1

   [play-live]    [engine] switch: SWITCHED to species 144 (slot 1)

   [kira-voice] -> T2·savor· (event) "this one's stuck — switching to someone who can still fight."  fired=True  [age 0.0s + post 13ms]

   [play-live]    [engine] battle-progress: must-leave switch

   [kira-voice] ·floor· (<0.4s since last) T2 'your articuno took a big hit'

   [Bridge] INPUT OWNER = 'agent' (sole writer; others dropped+logged)

   [play-live] battle context: trainer=True foe=slowbro rare=False -> Tier 2 savor

   [Bridge] INPUT OWNER = 'agent' (sole writer; others dropped+logged)

   [kira-voice] -> T2·savor· (stakes) "okay okay — a trainer just locked eyes with me. team's in good shape — let's play it smart."  fired=True  [age 0.0s + post 5ms]

   [kira-voice] -> T2·savor· (event) 'a battle started against slowbro — your articuno is up front'  fired=True  [age 0.0s + post 12ms]

   [play-live]    [engine] action menu: Ice Beam - a not-very-effective hit -> slot 3 (eff x0.5) vs slowbro 42/176 | [0]move#54(p0*STAB,pp=30,ref=0,sc=0) [1]Agility(p0,pp=30,ref=0,sc=0) [2]move#170(p0,pp=5,ref=0,sc=0) [3]Ice Beam(p95*STAB,pp=10,ref=0,sc=71.25)

   [play-live]    [engine] STREAM COMMIT: Ice Beam - a not-very-effective hit slot 3 (menu_up=1 action=True moves=False)

   [play-live]    [engine] battle-progress: our mon fainted

   [kira-voice] -> T2·savor· (event) 'your articuno fainted'  fired=True  [age 0.0s + post 6ms]

   [play-live]    [engine] !! WRONG SLOT FIRED: chose 3 but slot 0 was consumed (cursor desync survived the force-write; wrong-fires 1) — LOUD

   [play-live]    [engine] fswitch: BUDGET 5s hit — blind-sending strongest live (anti 60–90s party theater)

   [play-live]    [engine] fswitch BLIND: row 1 blastoise L72

   [play-live]    [engine] battle-progress: force-switch seated (blind)

   [kira-voice] -> T2·savor· (event) "that one's down - sending out my next Pokemon"  fired=True  [age 0.0s + post 3ms]

   [play-live]    [engine] JUST FIGHT: L72 vs L52 + connecting damage — skipping bag/switch hierarchy this turn

   [play-live]    [engine] action menu: Surf - a not-very-effective hit -> slot 1 (eff x0.5) vs slowbro 42/176 | [0]Skull Bash(p100,pp=14,ref=0,sc=50) [1]Surf(p95*STAB,pp=10,ref=0,sc=71.25) [2]Earthquake(p100,pp=0,ref=0,sc=100)

   [play-live]    [engine] STREAM COMMIT: Surf - a not-very-effective hit slot 1 (menu_up=1 action=True moves=False)

   [play-live]    [engine] battle-progress: move resolved

   [kira-voice] -> T2·savor· (event) 'your blastoise used Surf - a not-very-effective hit'  fired=True  [age 0.0s + post 20ms]

   [play-live]    [engine] JUST FIGHT: L72 vs L52 + connecting damage — skipping bag/switch hierarchy this turn

   [play-live]    [engine] action menu: Surf - a not-very-effective hit -> slot 1 (eff x0.5) vs slowbro 12/176 | [0]Skull Bash(p100,pp=14,ref=0,sc=50) [1]Surf(p95*STAB,pp=9,ref=0,sc=71.25) [2]Earthquake(p100,pp=0,ref=0,sc=100)

   [play-live]    [engine] STREAM COMMIT: Surf - a not-very-effective hit slot 1 (menu_up=1 action=True moves=False)

   [play-live]    [engine] battle-progress: move resolved

   [play-live]    [engine] battle-progress: enemy fainted

   [kira-voice] -> T2·savor· (event) "the enemy's slowbro fainted — your blastoise took it down"  fired=True  [age 0.0s + post 4ms]

   [play-live]    [engine] party screen in drain: voluntary (shift prompt) -> single B out

   [kira-voice] -> T2·savor· (event) 'the trainer sent out jynx'  fired=True  [age 0.0s + post 5ms]

   [play-live]    [engine] JUST FIGHT: L72 vs L54 + connecting damage — skipping bag/switch hierarchy this turn

   [play-live]    [engine] action menu: Surf - a STAB hit -> slot 1 (eff x1) vs jynx 150/150 | [0]Skull Bash(p100,pp=14,ref=0,sc=50) [1]Surf(p95*STAB,pp=8,ref=0,sc=142.5) [2]Earthquake(p100,pp=0,ref=0,sc=100)

   [play-live]    [engine] STREAM COMMIT: Surf - a STAB hit slot 1 (menu_up=1 action=True moves=False)

   [play-live]    [engine] battle-progress: move resolved

   [kira-voice] -> T2·savor· (event) 'your blastoise used Surf - a STAB hit'  fired=True  [age 0.0s + post 4ms]

   [play-live]    [engine] JUST FIGHT: L72 vs L54 + connecting damage — skipping bag/switch hierarchy this turn

   [play-live]    [engine] action menu: Surf - a STAB hit -> slot 1 (eff x1) vs jynx 68/150 | [0]Skull Bash(p100,pp=14,ref=0,sc=50) [1]Surf(p95*STAB,pp=7,ref=0,sc=142.5) [2]Earthquake(p100,pp=0,ref=0,sc=100)

   [play-live]    [engine] STREAM COMMIT: Surf - a STAB hit slot 1 (menu_up=1 action=True moves=False)

   [play-live]    [engine] battle-progress: move resolved

   [play-live]    [engine] battle-progress: enemy fainted

   [kira-voice] -> T2·savor· (event) "the enemy's jynx fainted — your blastoise took it down"  fired=True  [age 0.0s + post 21ms]

   [play-live]    [engine] party screen in drain: voluntary (shift prompt) -> single B out

   [kira-voice] -> T2·savor· (event) 'the trainer sent out lapras'  fired=True  [age 0.0s + post 3ms]

   [play-live]    [engine] JUST FIGHT: L72 vs L54 + connecting damage — skipping bag/switch hierarchy this turn

   [play-live]    [engine] action menu: Surf - a not-very-effective hit -> slot 1 (eff x0.5) vs lapras 220/220 | [0]Skull Bash(p100,pp=14,ref=0,sc=50) [1]Surf(p95*STAB,pp=6,ref=0,sc=71.25) [2]Earthquake(p100,pp=0,ref=0,sc=100)

   [play-live]    [engine] STREAM COMMIT: Surf - a not-very-effective hit slot 1 (menu_up=1 action=True moves=False)

   [play-live]    [engine] battle-progress: move resolved

   [play-live]    [engine] WHIFF: foe HP unchanged at 220 across the full turn -> accuracy-debuff spiral (streak 1/3)

   [play-live]    [engine] JUST FIGHT: L72 vs L54 + connecting damage — skipping bag/switch hierarchy this turn

   [play-live]    [engine] action menu: Surf - a not-very-effective hit -> slot 1 (eff x0.5) vs lapras 220/220 | [0]Skull Bash(p100,pp=14,ref=0,sc=50) [1]Surf(p95*STAB,pp=5,ref=0,sc=71.25) [2]Earthquake(p100,pp=0,ref=0,sc=100)

   [play-live]    [engine] STREAM COMMIT: Surf - a not-very-effective hit slot 1 (menu_up=1 action=True moves=False)

   [play-live]    [engine] JUST FIGHT: L72 vs L54 + connecting damage — skipping bag/switch hierarchy this turn

   [play-live]    [engine] action menu: Surf - a not-very-effective hit -> slot 1 (eff x0.5) vs lapras 220/220 | [0]Skull Bash(p100,pp=14,ref=0,sc=50) [1]Surf(p95*STAB,pp=5,ref=0,sc=71.25) [2]Earthquake(p100,pp=0,ref=0,sc=100)

   [play-live]    [engine] STREAM COMMIT: Surf - a not-very-effective hit slot 1 (menu_up=1 action=True moves=False)

   [play-live]    [engine] JUST FIGHT: L72 vs L54 + connecting damage — skipping bag/switch hierarchy this turn

   [play-live]    [engine] action menu: Surf - a not-very-effective hit -> slot 1 (eff x0.5) vs lapras 220/220 | [0]Skull Bash(p100,pp=14,ref=0,sc=50) [1]Surf(p95*STAB,pp=5,ref=0,sc=71.25) [2]Earthquake(p100,pp=0,ref=0,sc=100)

   [play-live]    [engine] STREAM COMMIT: Surf - a not-very-effective hit slot 1 (menu_up=1 action=True moves=False)

   [play-live]    [engine] battle-progress: move resolved

   [play-live]    [engine] WHIFF: foe HP unchanged at 220 across the full turn -> accuracy-debuff spiral (streak 2/3)

   [play-live]    [engine] revive-check: NO offer (revive_item=24, worthy=None, party sp/hp/lv=[(9, 57, 72), (144, 0, 50), (145, 156, 50), (146, 150, 50), (0, 0, 0), (0, 0, 0)])

   [play-live]    [engine] ITEM-INSTINCT offer: ['use_potion', 'keep_fighting'] ctx={'hp': '57/220', 'status': 'none', 'foe': 'lapras'}

   [play-live]    [engine] ITEM-INSTINCT FORCED -> use_potion (active at 25% <= crit floor 30% — a faint loses the fight; oracle bypassed)

   [kira-voice] -> T1·brisk· (event) "nope, I'm about to drop — potion FIRST, pride later."  fired=True  [age 0.0s + post 5ms]

   [play-live]    [engine] ITEM-INSTINCT pick -> use_potion (item 21, aim=active)

   [play-live]    [engine] use_item: pocket byte MUTE + NO bag/white pixels + callback2 not the bag — bag never opened; keep fighting (LOUD, no blind taps fired)

   [play-live]    [engine] HEAL-FAIL LATCH: item 21 did not consume (failed) -> suppressing further in-battle item offers for species 9 this battle (anti bag-USE/CANCEL livelock — fight/faint, let the next mon resolve it)

   [play-live]    [engine] POTION-BLOCK: no more heal-item offers this battle (full-HP / no_effect abort)

   [play-live]    [engine] action menu: Surf - a not-very-effective hit -> slot 1 (eff x0.5) vs lapras 220/220 | [0]Skull Bash(p100,pp=14,ref=0,sc=50) [1]Surf(p95*STAB,pp=4,ref=0,sc=71.25) [2]Earthquake(p100,pp=0,ref=0,sc=100)

   [play-live]    [engine] STREAM COMMIT: Surf - a not-very-effective hit slot 1 (menu_up=0 action=False moves=False)

   [play-live]    [engine] battle-progress: move resolved

   [kira-voice] -> T2·savor· (event) 'your blastoise is at low HP - this is getting tense'  fired=True  [age 0.0s + post 15ms]

   [play-live]    [engine] WHIFF: foe HP unchanged at 220 across the full turn -> accuracy-debuff spiral (streak 3/3)

   [play-live]    [engine] WHIFF-SPIRAL but no healthy reserve to reset with -> fighting on

   [play-live]    [engine] action menu: Surf - a not-very-effective hit -> slot 1 (eff x0.5) vs lapras 220/220 | [0]Skull Bash(p100,pp=14,ref=0,sc=50) [1]Surf(p95*STAB,pp=3,ref=0,sc=71.25) [2]Earthquake(p100,pp=0,ref=0,sc=100)

   [play-live]    [engine] STREAM COMMIT: Surf - a not-very-effective hit slot 1 (menu_up=1 action=True moves=False)

   [play-live]    [engine] action menu: Surf - a not-very-effective hit -> slot 1 (eff x0.5) vs lapras 220/220 | [0]Skull Bash(p100,pp=14,ref=0,sc=50) [1]Surf(p95*STAB,pp=3,ref=0,sc=71.25) [2]Earthquake(p100,pp=0,ref=0,sc=100)

   [play-live]    [engine] STREAM COMMIT: Surf - a not-very-effective hit slot 1 (menu_up=1 action=True moves=False)

   [play-live]    [engine] battle-progress: our mon fainted

   [kira-voice] -> T2·savor· (event) 'your blastoise fainted'  fired=True  [age 0.0s + post 4ms]

   [play-live]    [engine] fswitch retry 4: target row 2 sp=145 skip_rows=[] party_cur=2 menu_rows=[(9, 0), (144, 0), (145, 156), (146, 150)]

   [play-live]    [engine] fswitch: selecting row 2 (sp=145 L50 hp=156)

   [play-live]    [engine] battle-progress: force-switch seated

   [kira-voice] -> T2·savor· (event) "that one's down - sending out my next Pokemon"  fired=True  [age 0.0s + post 4ms]

   [play-live]    [engine] ITEM-INSTINCT offer: ['use_revive', 'keep_fighting'] ctx={'hp': '156/156', 'status': 'none', 'foe': 'lapras'}

   [kira-voice] ORACLE kind=battle_item options=['use_revive', 'keep_fighting'] -> pick='keep_fighting'

   [play-live]    [engine] ITEM-INSTINCT pick -> 'keep_fighting' (keep fighting)

   [play-live]    [engine] action menu: Drill Peck - a STAB hit -> slot 3 (eff x1) vs lapras 220/220 | [0]move#86(p0*STAB,pp=20,ref=0,sc=0) [1]Agility(p0,pp=30,ref=0,sc=0) [2]move#197(p0,pp=5,ref=0,sc=0) [3]Drill Peck(p80*STAB,pp=20,ref=0,sc=120)

   [play-live]    [engine] STREAM COMMIT: Drill Peck - a STAB hit slot 3 (menu_up=1 action=True moves=False)

   [play-live]    [engine] battle-progress: move resolved

   [kira-voice] -> T2·savor· (event) 'your zapdos used Drill Peck - a STAB hit'  fired=True  [age 0.0s + post 33ms]

   [play-live]    [engine] ITEM-INSTINCT offer: ['use_revive', 'keep_fighting'] ctx={'hp': '156/156', 'status': 'none', 'foe': 'lapras'}

   [kira-voice] ORACLE kind=battle_item options=['use_revive', 'keep_fighting'] -> pick='use_revive'

   [play-live]    [engine] ITEM-INSTINCT pick -> use_revive (item 24, aim=fainted)

   [play-live]    [engine] use_item: pocket byte MUTE + NO bag/white pixels + callback2 not the bag — bag never opened; keep fighting (LOUD, no blind taps fired)

   [pkmn-audio] !! AUDIO CHILD DIED (exit=None, ran 2944s, restart 1/8) — GAME CONTINUES; respawning audio.

