===== playlive_2026-08-14_16-07-54.log =====
===== playlive_2026-08-14_15-57-07.log =====
   [play-live]    [engine] MATCHUP SWITCH: Zapdos vs Water — fight instead (Electric STAB)
   [play-live]    [engine] MATCHUP SWITCH: Zapdos vs Water — fight instead (Electric STAB)
   [play-live]    [engine] E4 MOVE: Shock Wave - E4 wincon — firing the max-damage pick (EQ Gengar is 0x Levitate; Surf Gengar; EQ Arbok; Surf Onix)
   [play-live]    [engine] action menu: Shock Wave - E4 wincon -> slot 1 (eff x4) vs gyarados 189/189 | [0]move#86(p0*STAB,pp=20,ref=0,sc=0) [1]Shock Wave(p60*STAB,pp=14,ref=0,sc=360) [2]move#197(p0,pp=5,ref=0,sc=0) [3]Drill Peck(p80*STAB,pp=20,ref=0,sc=120)
   [play-live]    [engine] STREAM COMMIT: Shock Wave - E4 wincon slot 1 (menu_up=1 action=True moves=False)
   [play-live]    [engine] battle-progress: our mon fainted
   [play-live]    [engine] !! WRONG SLOT FIRED: chose 1 but slot 0 was consumed (cursor desync survived the force-write; wrong-fires 1) — LOUD
   [play-live]    [engine] E4 SEND: articuno (matchup, not highest-level; skipped dying stepping-stone)
   [play-live]    [engine] fswitch retry 2: target row 3 sp=144 skip_rows=[] party_cur=1 menu_rows=[(145, 0), (9, 17), (146, 86), (144, 157)]
   [play-live]    [engine] fswitch: selecting row 3 (sp=144 L51 hp=157)
   [play-live]    [engine] battle-progress: force-switch seated
   [play-live]    [engine] MATCHUP SWITCH: Lance answer holds — fight instead
   [play-live]    [engine] E4/league: wincon revive offered (Blastoise+EQ / Moltres vs Jynx / Articuno vs dragon; cursor MUST land on 0-HP at use)
   [play-live]    [engine] ITEM-INSTINCT offer: ['use_revive', 'keep_fighting'] ctx={'hp': '157/157', 'status': 'none', 'foe': 'gyarados'}
   [play-live]    [engine] ITEM-INSTINCT FORCED -> use_revive (E4 thin-party/wincon; alive=3 fainted=1; oracle bypassed — live Agatha keep_fighting)
   [play-live]    [engine] ITEM-INSTINCT pick -> use_revive (item 24, aim=fainted)
   [play-live]    [engine] use_item walk n=0: party=False bag=True white=False cb2party=False cb2bag=True pcur=None lead=False
   [play-live]    [engine] use_item: slotId=1 want=3 kind=revive lap=0
   [play-live]    [engine] use_item: slotId=1 want=3 kind=revive lap=1
   [play-live]    [engine] use_item: slotId=2 want=3 kind=revive lap=2
   [play-live]    [engine] use_item: slotId=1 want=3 kind=revive lap=3
   [play-live]    [engine] use_item: slotId=2 want=3 kind=revive lap=4
   [play-live]    [engine] use_item: slotId=2 want=3 kind=revive lap=5
   [play-live]    [engine] use_item: slotId=1 want=3 kind=revive lap=6
   [play-live]    [engine] use_item: slotId=2 want=3 kind=revive lap=7
   [play-live]    [engine] use_item: slotId=2 want=3 kind=revive lap=8
   [play-live]    [engine] use_item: slotId=1 want=3 kind=revive lap=9
   [play-live]    [engine] use_item: slotId=2 want=3 kind=revive lap=10
   [play-live]    [engine] use_item: slotId=1 want=3 kind=revive lap=11
   [play-live]    [engine] use_item: slotId=1 want=3 kind=revive lap=12
   [play-live]    [engine] use_item: slotId=2 want=3 kind=revive lap=13
   [play-live]    [engine] use_item: slotId=1 consume-or-step 0 want=3
   [play-live]    [engine] use_item: slotId=2 consume-or-step 1 want=3
   [play-live]    [engine] use_item: slotId=2 consume-or-step 2 want=3
   [play-live]    [engine] use_item: slotId=1 consume-or-step 3 want=3
   [play-live]    [engine] use_item: slotId=2 consume-or-step 4 want=3
   [play-live]    [engine] use_item: slotId=2 consume-or-step 5 want=3
   [play-live]    [engine] use_item: revive walk missed row 3 (slotId=1) — no A
   [play-live]    [engine] use_item: REFUSE A on alive slot (wanted fainted row 3, cursor=0 not 0-HP; tried rows [3]) — B out, fight
   [play-live]    [engine] BAG-FAIL LATCH: use_revive item 24 not consumed — species only (no battle-wide potion block)
   [play-live]    [engine] REVIVE-FAIL: first miss (failed) — retry next turn (no battle-wide latch; E4 cursor miss)
   [play-live]    [engine] HEAL-FAIL: item 24 failed — NOT latching species 144 (actuation miss; retry next turn)
   [play-live]    [engine] MATCHUP SWITCH: Lance answer holds — fight instead
   [play-live]    [engine] E4 MOVE: Ice Beam - E4 wincon — firing the max-damage pick (EQ Gengar is 0x Levitate; Surf Gengar; EQ Arbok; Surf Onix)
   [play-live]    [engine] action menu: Ice Beam - E4 wincon -> slot 3 (eff x1) vs gyarados 189/189 | [0]move#54(p0*STAB,pp=30,ref=0,sc=0) [1]Agility(p0,pp=30,ref=0,sc=0) [2]move#170(p0,pp=5,ref=0,sc=0) [3]Ice Beam(p95*STAB,pp=10,ref=0,sc=142.5)
   [play-live]    [engine] STREAM COMMIT: Ice Beam - E4 wincon slot 3 (menu_up=1 action=True moves=False)
   [play-live]    [engine] battle-progress: move resolved
   [play-live]    [engine] MATCHUP SWITCH: Lance answer holds — fight instead
   [play-live]    [engine] E4/league: wincon revive offered (Blastoise+EQ / Moltres vs Jynx / Articuno vs dragon; cursor MUST land on 0-HP at use)
   [play-live]    [engine] ITEM-INSTINCT offer: ['use_revive', 'keep_fighting'] ctx={'hp': '157/157', 'status': 'none', 'foe': 'gyarados'}
   [play-live]    [engine] ITEM-INSTINCT FORCED -> use_revive (E4 thin-party/wincon; alive=3 fainted=1; oracle bypassed — live Agatha keep_fighting)
   [play-live]    [engine] ITEM-INSTINCT pick -> use_revive (item 24, aim=fainted)
   [play-live]    [engine] use_item walk n=0: party=False bag=True white=False cb2party=False cb2bag=True pcur=None lead=False
   [play-live]    [engine] use_item: slotId=1 want=3 kind=revive lap=0
   [play-live]    [engine] use_item: slotId=1 want=3 kind=revive lap=1
   [play-live]    [engine] use_item: slotId=2 want=3 kind=revive lap=2
   [play-live]    [engine] use_item: slotId=1 want=3 kind=revive lap=3
   [play-live]    [engine] use_item: slotId=2 want=3 kind=revive lap=4
   [play-live]    [engine] use_item: slotId=2 want=3 kind=revive lap=5
   [play-live]    [engine] use_item: slotId=1 want=3 kind=revive lap=6
   [play-live]    [engine] use_item: slotId=2 want=3 kind=revive lap=7
   [play-live]    [engine] use_item: slotId=2 want=3 kind=revive lap=8
   [play-live]    [engine] use_item: slotId=1 want=3 kind=revive lap=9
   [play-live]    [engine] use_item: slotId=2 want=3 kind=revive lap=10
   [play-live]    [engine] use_item: slotId=1 want=3 kind=revive lap=11
   [play-live]    [engine] use_item: slotId=1 want=3 kind=revive lap=12
   [play-live]    [engine] use_item: slotId=2 want=3 kind=revive lap=13
   [play-live]    [engine] use_item: slotId=1 consume-or-step 0 want=3
   [play-live]    [engine] use_item: slotId=2 consume-or-step 1 want=3
   [play-live]    [engine] use_item: slotId=2 consume-or-step 2 want=3
   [play-live]    [engine] use_item: slotId=1 consume-or-step 3 want=3
   [play-live]    [engine] use_item: slotId=2 consume-or-step 4 want=3
   [play-live]    [engine] use_item: slotId=2 consume-or-step 5 want=3
   [play-live]    [engine] use_item: revive walk missed row 3 (slotId=1) — no A
   [play-live]    [engine] use_item: REFUSE A on alive slot (wanted fainted row 3, cursor=0 not 0-HP; tried rows [3]) — B out, fight
   [play-live]    [engine] BAG-FAIL LATCH: use_revive item 24 not consumed — species only (no battle-wide potion block)
   [play-live]    [engine] REVIVE-FAIL: miss 2/6 (failed) — retry next turn (no battle-wide latch; E4 cursor miss)
   [play-live]    [engine] HEAL-FAIL: item 24 failed — NOT latching species 144 (actuation miss; retry next turn)
   [play-live]    [engine] MATCHUP SWITCH: Lance answer holds — fight instead
   [play-live]    [engine] E4 MOVE: Ice Beam - E4 wincon — firing the max-damage pick (EQ Gengar is 0x Levitate; Surf Gengar; EQ Arbok; Surf Onix)
   [play-live]    [engine] action menu: Ice Beam - E4 wincon -> slot 3 (eff x1) vs gyarados 131/189 | [0]move#54(p0*STAB,pp=30,ref=0,sc=0) [1]Agility(p0,pp=30,ref=0,sc=0) [2]move#170(p0,pp=5,ref=0,sc=0) [3]Ice Beam(p95*STAB,pp=9,ref=0,sc=142.5)
   [play-live]    [engine] STREAM COMMIT: Ice Beam - E4 wincon slot 3 (menu_up=1 action=True moves=False)
   [play-live]    [engine] battle-progress: move resolved
   [play-live]    [engine] MATCHUP SWITCH: Lance answer holds — fight instead
   [play-live]    [engine] E4/league: wincon revive offered (Blastoise+EQ / Moltres vs Jynx / Articuno vs dragon; cursor MUST land on 0-HP at use)
   [play-live]    [engine] ITEM-INSTINCT offer: ['use_revive', 'keep_fighting'] ctx={'hp': '157/157', 'status': 'none', 'foe': 'gyarados'}
   [play-live]    [engine] ITEM-INSTINCT FORCED -> use_revive (E4 thin-party/wincon; alive=3 fainted=1; oracle bypassed — live Agatha keep_fighting)
   [play-live]    [engine] ITEM-INSTINCT pick -> use_revive (item 24, aim=fainted)
   [play-live]    [engine] use_item: pocket byte MUTE + NO bag/white pixels + callback2 not the bag — bag never opened; keep fighting (LOUD, no blind taps fired)
   [play-live]    [engine] BAG-FAIL LATCH: pocket byte MUTE — bag never opened — species only (no battle-wide potion block)
   [play-live]    [engine] BAG-FAIL LATCH: use_revive item 24 not consumed — species only (no battle-wide potion block)
   [play-live]    [engine] REVIVE-FAIL: miss 3/6 (failed) — retry next turn (no battle-wide latch; E4 cursor miss)
   [play-live]    [engine] HEAL-FAIL: item 24 failed — NOT latching species 144 (actuation miss; retry next turn)
   [play-live]    [engine] MATCHUP SWITCH: Lance answer holds — fight instead
   [play-live]    [engine] E4 MOVE: Ice Beam - E4 wincon — firing the max-damage pick (EQ Gengar is 0x Levitate; Surf Gengar; EQ Arbok; Surf Onix)
   [play-live]    [engine] action menu: Ice Beam - E4 wincon -> slot 3 (eff x1) vs gyarados 69/189 | [0]move#54(p0*STAB,pp=30,ref=0,sc=0) [1]Agility(p0,pp=30,ref=0,sc=0) [2]move#170(p0,pp=5,ref=0,sc=0) [3]Ice Beam(p95*STAB,pp=8,ref=0,sc=142.5)
   [play-live]    [engine] STREAM COMMIT: Ice Beam - E4 wincon slot 3 (menu_up=1 action=True moves=False)
   [play-live]    [engine] battle-progress: move resolved
   [play-live]    [engine] MATCHUP SWITCH: Lance answer holds — fight instead
   [play-live]    [engine] E4/league: wincon revive offered (Blastoise+EQ / Moltres vs Jynx / Articuno vs dragon; cursor MUST land on 0-HP at use)
   [play-live]    [engine] ITEM-INSTINCT offer: ['use_revive', 'keep_fighting'] ctx={'hp': '140/157', 'status': 'none', 'foe': 'gyarados'}
   [play-live]    [engine] ITEM-INSTINCT FORCED -> use_revive (E4 thin-party/wincon; alive=3 fainted=1; oracle bypassed — live Agatha keep_fighting)
   [play-live]    [engine] ITEM-INSTINCT pick -> use_revive (item 24, aim=fainted)
   [play-live]    [engine] use_item walk n=0: party=False bag=True white=False cb2party=False cb2bag=True pcur=None lead=False
   [play-live]    [engine] use_item: slotId=1 want=3 kind=revive lap=0
   [play-live]    [engine] use_item: slotId=1 want=3 kind=revive lap=1
   [play-live]    [engine] use_item: slotId=2 want=3 kind=revive lap=2
   [play-live]    [engine] use_item: slotId=1 want=3 kind=revive lap=3
   [play-live]    [engine] use_item: slotId=0 want=3 kind=revive lap=4
   [play-live]    [engine] use_item: slotId=2 want=3 kind=revive lap=5
   [play-live]    [engine] use_item: slotId=1 want=3 kind=revive lap=6
   [play-live]    [engine] use_item: slotId=2 want=3 kind=revive lap=7
   [play-live]    [engine] use_item: slotId=2 want=3 kind=revive lap=8
   [play-live]    [engine] use_item: slotId=1 want=3 kind=revive lap=9
   [play-live]    [engine] use_item: slotId=2 want=3 kind=revive lap=10
   [play-live]    [engine] use_item: slotId=1 want=3 kind=revive lap=11
   [play-live]    [engine] use_item: slotId=1 want=3 kind=revive lap=12
   [play-live]    [engine] use_item: slotId=2 want=3 kind=revive lap=13
   [play-live]    [engine] use_item: slotId=1 consume-or-step 0 want=3
   [play-live]    [engine] use_item: slotId=1 consume-or-step 1 want=3
   [play-live]    [engine] use_item: slotId=2 consume-or-step 2 want=3
   [play-live]    [engine] use_item: slotId=1 consume-or-step 3 want=3
   [play-live]    [engine] use_item: slotId=2 consume-or-step 4 want=3
   [play-live]    [engine] use_item: slotId=2 consume-or-step 5 want=3
   [play-live]    [engine] use_item: revive walk missed row 3 (slotId=1) — no A
   [play-live]    [engine] use_item: REFUSE A on alive slot (wanted fainted row 3, cursor=0 not 0-HP; tried rows [3]) — B out, fight
   [play-live]    [engine] BAG-FAIL LATCH: use_revive item 24 not consumed — species only (no battle-wide potion block)
   [play-live]    [engine] REVIVE-FAIL: miss 4/6 (failed) — retry next turn (no battle-wide latch; E4 cursor miss)
   [play-live]    [engine] HEAL-FAIL: item 24 failed — NOT latching species 144 (actuation miss; retry next turn)
   [play-live]    [engine] MATCHUP SWITCH: Lance answer holds — fight instead
   [play-live]    [engine] E4 MOVE: Ice Beam - E4 wincon — firing the max-damage pick (EQ Gengar is 0x Levitate; Surf Gengar; EQ Arbok; Surf Onix)
   [play-live]    [engine] action menu: Ice Beam - E4 wincon -> slot 3 (eff x1) vs gyarados 134/189 | [0]move#54(p0*STAB,pp=30,ref=0,sc=0) [1]Agility(p0,pp=30,ref=0,sc=0) [2]move#170(p0,pp=5,ref=0,sc=0) [3]Ice Beam(p95*STAB,pp=6,ref=0,sc=142.5)
   [play-live]    [engine] STREAM COMMIT: Ice Beam - E4 wincon slot 3 (menu_up=1 action=True moves=False)
   [play-live]    [engine] MATCHUP SWITCH: Lance answer holds — fight instead
   [play-live]    [engine] E4/league: wincon revive offered (Blastoise+EQ / Moltres vs Jynx / Articuno vs dragon; cursor MUST land on 0-HP at use)
   [play-live]    [engine] ITEM-INSTINCT offer: ['use_revive', 'keep_fighting'] ctx={'hp': '100/157', 'status': 'none', 'foe': 'gyarados'}
   [play-live]    [engine] ITEM-INSTINCT FORCED -> use_revive (E4 thin-party/wincon; alive=3 fainted=1; oracle bypassed — live Agatha keep_fighting)
   [play-live]    [engine] ITEM-INSTINCT pick -> use_revive (item 24, aim=fainted)
   [play-live]    [engine] use_item walk n=0: party=False bag=True white=False cb2party=False cb2bag=True pcur=None lead=False
   [play-live]    [engine] use_item: slotId=1 want=3 kind=revive lap=0
   [play-live]    [engine] use_item: slotId=0 want=3 kind=revive lap=1
   [play-live]    [engine] use_item: slotId=2 want=3 kind=revive lap=2
   [play-live]    [engine] use_item: slotId=1 want=3 kind=revive lap=3
   [play-live]    [engine] use_item: slotId=2 want=3 kind=revive lap=4
   [play-live]    [engine] use_item: slotId=2 want=3 kind=revive lap=5
   [play-live]    [engine] use_item: slotId=1 want=3 kind=revive lap=6
   [play-live]    [engine] use_item: slotId=2 want=3 kind=revive lap=7
   [play-live]    [engine] use_item: slotId=1 want=3 kind=revive lap=8
   [play-live]    [engine] use_item: slotId=1 want=3 kind=revive lap=9
   [play-live]    [engine] use_item: slotId=2 want=3 kind=revive lap=10
   [play-live]    [engine] use_item: slotId=1 want=3 kind=revive lap=11
   [play-live]    [engine] use_item: slotId=1 want=3 kind=revive lap=12
   [play-live]    [engine] use_item: slotId=2 want=3 kind=revive lap=13
   [play-live]    [engine] use_item: slotId=1 consume-or-step 0 want=3
   [play-live]    [engine] use_item: slotId=2 consume-or-step 1 want=3
   [play-live]    [engine] use_item: slotId=2 consume-or-step 2 want=3
   [play-live]    [engine] use_item: slotId=1 consume-or-step 3 want=3
   [play-live]    [engine] use_item: slotId=2 consume-or-step 4 want=3
   [play-live]    [engine] use_item: slotId=1 consume-or-step 5 want=3
   [play-live]    [engine] use_item: revive walk missed row 3 (slotId=1) — no A
   [play-live]    [engine] use_item: REFUSE A on alive slot (wanted fainted row 3, cursor=0 not 0-HP; tried rows [3]) — B out, fight
   [play-live]    [engine] BAG-FAIL LATCH: use_revive item 24 not consumed — species only (no battle-wide potion block)
   [play-live]    [engine] REVIVE-FAIL: miss 5/6 (failed) — retry next turn (no battle-wide latch; E4 cursor miss)
   [play-live]    [engine] HEAL-FAIL: item 24 failed — NOT latching species 144 (actuation miss; retry next turn)
   [play-live]    [engine] MATCHUP SWITCH: Lance answer holds — fight instead
   [play-live]    [engine] E4 MOVE: Ice Beam - E4 wincon — firing the max-damage pick (EQ Gengar is 0x Levitate; Surf Gengar; EQ Arbok; Surf Onix)
   [play-live]    [engine] action menu: Ice Beam - E4 wincon -> slot 3 (eff x1) vs gyarados 76/189 | [0]move#54(p0*STAB,pp=30,ref=0,sc=0) [1]Agility(p0,pp=30,ref=0,sc=0) [2]move#170(p0,pp=5,ref=0,sc=0) [3]Ice Beam(p95*STAB,pp=5,ref=0,sc=142.5)
   [play-live]    [engine] STREAM COMMIT: Ice Beam - E4 wincon slot 3 (menu_up=1 action=True moves=False)
   [play-live]    [engine] battle-progress: move resolved
   [play-live]    [engine] MATCHUP SWITCH: Lance answer holds — fight instead
   [play-live]    [engine] ACE-FIRST: L51 legendary bird is NOT fodder next to L79 — offering heal
   [play-live]    [engine] E4/league: wincon revive offered (Blastoise+EQ / Moltres vs Jynx / Articuno vs dragon; cursor MUST land on 0-HP at use)
   [play-live]    [engine] ITEM-INSTINCT offer: ['use_revive', 'keep_fighting'] ctx={'hp': '26/157', 'status': 'none', 'foe': 'gyarados'}
   [play-live]    [engine] ITEM-INSTINCT FORCED -> use_revive (E4 thin-party/wincon; alive=3 fainted=1; oracle bypassed — live Agatha keep_fighting)
   [play-live]    [engine] ITEM-INSTINCT pick -> use_revive (item 24, aim=fainted)
   [play-live]    [engine] use_item: pocket byte MUTE + NO bag/white pixels + callback2 not the bag — bag never opened; keep fighting (LOUD, no blind taps fired)
   [play-live]    [engine] BAG-FAIL LATCH: pocket byte MUTE — bag never opened — species only (no battle-wide potion block)
   [play-live]    [engine] BAG-FAIL LATCH: use_revive item 24 not consumed — species only (no battle-wide potion block)
   [play-live]    [engine] REVIVE-FAIL LATCH: failed — no more revive offers this battle (keep fighting; battle-wide after 6 misses)
   [play-live]    [engine] HEAL-FAIL: item 24 failed — NOT latching species 144 (actuation miss; retry next turn)
   [play-live]    [engine] MATCHUP SWITCH: Lance answer holds — fight instead
   [play-live]    [engine] E4 MOVE: Ice Beam - E4 wincon — firing the max-damage pick (EQ Gengar is 0x Levitate; Surf Gengar; EQ Arbok; Surf Onix)
   [play-live]    [engine] action menu: Ice Beam - E4 wincon -> slot 3 (eff x1) vs gyarados 15/189 | [0]move#54(p0*STAB,pp=30,ref=0,sc=0) [1]Agility(p0,pp=30,ref=0,sc=0) [2]move#170(p0,pp=5,ref=0,sc=0) [3]Ice Beam(p95*STAB,pp=4,ref=0,sc=142.5)
   [play-live]    [engine] STREAM COMMIT: Ice Beam - E4 wincon slot 3 (menu_up=0 action=False moves=False)
   [play-live]    [engine] battle-progress: enemy fainted
   [play-live]    [engine] battle-progress: move resolved
   [play-live]    [engine] party screen in drain: voluntary (shift prompt) -> single B out
   [play-live]    [engine] ACE-FIRST: L51 legendary bird is NOT fodder next to L79 — offering heal
   [play-live]    [engine] revive-check: TYPE-ANSWER revive slot 0 (no standing mon has an SE move on this foe; the fainted one does)
   [play-live]    [engine] revive-check: NO offer (revive_item=24, worthy=0, party sp/hp/lv=[(145, 0, 52), (9, 17, 79), (146, 86, 51), (144, 26, 51), (0, 0, 0), (0, 0, 0)])
   [play-live]    [engine] E4 MOVE: Ice Beam - E4 wincon — firing the max-damage pick (EQ Gengar is 0x Levitate; Surf Gengar; EQ Arbok; Surf Onix)
   [play-live]    [engine] action menu: Ice Beam - E4 wincon -> slot 3 (eff x2) vs aerodactyl 178/178 | [0]move#54(p0*STAB,pp=30,ref=0,sc=0) [1]Agility(p0,pp=30,ref=0,sc=0) [2]move#170(p0,pp=5,ref=0,sc=0) [3]Ice Beam(p95*STAB,pp=3,ref=0,sc=285)
   [play-live]    [engine] STREAM COMMIT: Ice Beam - E4 wincon slot 3 (menu_up=1 action=True moves=False)
   [play-live]    [engine] battle-progress: our mon fainted
   [play-live]    [engine] E4 SEND: blastoise (matchup, not highest-level)
   [play-live]    [engine] fswitch retry 2: target row 1 sp=9 skip_rows=[] party_cur=1 menu_rows=[(144, 0), (9, 17), (146, 86), (145, 0)]
   [play-live]    [engine] fswitch: selecting row 1 (sp=9 L79 hp=17)
   [play-live]    [engine] battle-progress: force-switch seated
   [play-live]    [engine] revive-check: NO offer (revive_item=24, worthy=3, party sp/hp/lv=[(145, 0, 52), (9, 17, 79), (146, 86, 51), (144, 0, 51), (0, 0, 0), (0, 0, 0)])
   [play-live]    [engine] E4 MOVE: Skull Bash - E4 wincon — firing the max-damage pick (EQ Gengar is 0x Levitate; Surf Gengar; EQ Arbok; Surf Onix)
   [play-live]    [engine] action menu: Skull Bash - E4 wincon -> slot 0 (eff x0.5) vs aerodactyl 178/178 | [0]Skull Bash(p100,pp=8,ref=0,sc=25) [1]Surf(p95*STAB,pp=0,ref=0,sc=285) [2]Earthquake(p100,pp=0,ref=0,sc=0)
   [play-live]    [engine] STREAM COMMIT: Skull Bash - E4 wincon slot 0 (menu_up=1 action=True moves=False)
   [play-live]    [engine] battle-progress: move resolved
   [play-live]    [engine] battle-progress: our mon fainted
   [play-live]    [engine] fswitch retry 1: target row 2 sp=146 skip_rows=[] party_cur=2 menu_rows=[(9, 0), (144, 0), (146, 86), (145, 0)]
   [play-live]    [engine] fswitch: selecting row 2 (sp=146 L51 hp=86)
   [play-live]    [engine] battle-progress: force-switch seated
   [play-live]    [engine] WHIFF: foe HP unchanged at 178 across the full turn -> accuracy-debuff spiral (streak 1/3)
   [play-live]    [engine] move list already open at turn top — STREAM COMMIT, skipping switch/item menu theater
   [play-live]    [engine] E4 MOVE: move#53 - E4 wincon — firing the max-damage pick (EQ Gengar is 0x Levitate; Surf Gengar; EQ Arbok; Surf Onix)
   [play-live]    [engine] action menu: move#53 - E4 wincon -> slot 2 (eff x0.5) vs aerodactyl 178/178 | [0]Agility(p0,pp=30,ref=0,sc=0) [1]move#203(p0,pp=10,ref=0,sc=0) [2]move#53(p95*STAB,pp=14,ref=0,sc=71.25)
   [play-live]    [engine] STREAM COMMIT: move#53 - E4 wincon slot 2 (menu_up=0 action=False moves=True)
   [play-live]    [engine] move slot 2 didn't fire (0-PP / disabled / blocked) -> rotating to an untried move (streak now [2], refusals {2: 1}, futility 1/4)
   [play-live]    [engine] !! PARTY THRASH #1: open but active ALIVE — B-closing (never A)
   [play-live]    [engine] revive-check: NO offer (revive_item=24, worthy=1, party sp/hp/lv=[(145, 0, 52), (9, 0, 79), (146, 86, 51), (144, 0, 51), (0, 0, 0), (0, 0, 0)])
   [play-live]    [engine] E4 RETRY: wincon still has PP — last commit was a menu miss, not 0-PP. Firing it again (never rotate Surf?Skull Bash / Flamethrower?Agility)
   [play-live]    [engine] E4 MOVE: move#53 - E4 wincon — firing the max-damage pick (EQ Gengar is 0x Levitate; Surf Gengar; EQ Arbok; Surf Onix)
   [play-live]    [engine] action menu: move#53 - E4 wincon -> slot 2 (eff x0.5) vs aerodactyl 178/178 | [0]Agility(p0,pp=30,ref=0,sc=0) [1]move#203(p0,pp=10,ref=0,sc=0) [2]move#53(p95*STAB,pp=14,ref=1,sc=71.25)
   [play-live]    [engine] STREAM COMMIT: move#53 - E4 wincon slot 2 (menu_up=1 action=True moves=False)
   [play-live]    [engine] battle-progress: our mon fainted
   [travel] start map=(13, 0) coords=(13, 12) -> coord (11, 15) (budget 60s, surf-capable)
   [travel] path blocked at (13, 12) (NPC on the gap?) - waiting
   [travel] no clean path from (13, 12); NPC-allowing path EXISTS (len 6), blocker NPC tile=None, npcs nearby=[(7, 14), (13, 10)] -> approaching to interact/trigger
