===== playlive_2026-08-14_17-32-25.log =====
   [travel] start map=(13, 0) coords=(2, 7) -> coord (11, 15) (budget 60s, surf-capable)
   [travel] step 0: (2, 7)->(2, 8) map=(13, 0) (path 18 to exit)
   [travel] step 10: (4, 15)->(5, 15) map=(13, 0) (path 8 to exit)
   [travel] reached target coord (11, 15)
   [play-live]    [engine] MATCHUP SWITCH: Zapdos vs Water — fight instead (Electric STAB)
   [play-live]    [engine] MATCHUP SWITCH: Zapdos vs Water — fight instead (Electric STAB)
   [play-live]    [engine] E4 MOVE: Shock Wave - E4 wincon — firing the max-damage pick (EQ Gengar is 0x Levitate; Surf Gengar; EQ Arbok; Surf Onix)
   [play-live]    [engine] action menu: Shock Wave - E4 wincon -> slot 1 (eff x2) vs dewgong 171/171 | [0]move#86(p0*STAB,pp=20,ref=0,sc=0) [1]Shock Wave(p60*STAB,pp=20,ref=0,sc=180) [2]move#197(p0,pp=5,ref=0,sc=0) [3]Drill Peck(p80*STAB,pp=20,ref=0,sc=120)
   [play-live]    [engine] STREAM COMMIT: Shock Wave - E4 wincon slot 1 (menu_up=1 action=True moves=False)
   [play-live]    [engine] battle-progress: move resolved
   [play-live]    [engine] MATCHUP SWITCH: Zapdos vs Water — fight instead (Electric STAB)
   [play-live]    [engine] ACE-FIRST: L50 legendary bird is NOT fodder next to L75 — offering heal
   [play-live]    [engine] ITEM-INSTINCT offer: ['use_potion', 'keep_fighting'] ctx={'hp': '52/156', 'status': 'none', 'foe': 'dewgong'}
   [play-live]    [engine] ITEM-INSTINCT pick -> use_potion (item 22, aim=active)
   [play-live]    [engine] use_item walk n=0: party=False bag=True white=False cb2party=False cb2bag=True pcur=None lead=False
   [play-live]    [engine] use_item: slotId=0 want=0 kind=heal lap=0
   [play-live]    [engine] use_item: heal WALK landed row 0 (zapdos hp=86) via slotId walk (never UP from 0; never LEFT from 0; A only if highlight is 0-HP — orange is the selection)
   [play-live]    [engine] use_item: USED item 22 (count 6->5)
   [play-live]    [engine] battle-progress: item 22 consumed
   [play-live]    [engine] use_item: post-use settle NOT confirmed — blind B-unwind (the bag can sit open invisible to every classifier)
   [play-live]    [engine] battle-progress: our mon fainted
   [play-live]    [engine] E4 SEND: blastoise (matchup, not highest-level)
   [play-live]    [engine] fswitch retry 1: target row 2 sp=9 skip_rows=[] party_cur=1 menu_rows=[(145, 0), (144, 157), (9, 229), (146, 150)]
   [play-live]    [engine] fswitch: selecting row 2 (sp=9 L75 hp=229)
   [play-live]    [engine] battle-progress: force-switch seated
   [play-live]    [engine] MATCHUP SWITCH: Lorelei answer holds — fight instead
   [play-live]    [engine] MATCHUP SWITCH: Lorelei answer holds — fight instead
   [play-live]    [engine] JUST FIGHT: L75 vs L52 + connecting damage — skipping bag/switch hierarchy this turn
   [play-live]    [engine] E4 MOVE: Earthquake - E4 wincon — firing the max-damage pick (EQ Gengar is 0x Levitate; Surf Gengar; EQ Arbok; Surf Onix)
   [play-live]    [engine] action menu: Earthquake - E4 wincon -> slot 2 (eff x1) vs dewgong 72/171 | [0]Skull Bash(p100,pp=15,ref=0,sc=50) [1]Surf(p95*STAB,pp=15,ref=0,sc=71.25) [2]Earthquake(p100,pp=10,ref=0,sc=100)
   [play-live]    [engine] STREAM COMMIT: Earthquake - E4 wincon slot 2 (menu_up=1 action=True moves=False)
   [play-live]    [engine] battle-progress: move resolved
   [play-live]    [engine] battle-progress: enemy fainted
   [play-live]    [engine] party screen in drain: voluntary (shift prompt) -> single B out
   [play-live]    [engine] MATCHUP SWITCH: Lorelei answer holds — fight instead
   [play-live]    [engine] MATCHUP SWITCH: Lorelei answer holds — fight instead
   [play-live]    [engine] JUST FIGHT: L75 vs L51 + connecting damage — skipping bag/switch hierarchy this turn
   [play-live]    [engine] E4 MOVE: Earthquake - E4 wincon — firing the max-damage pick (EQ Gengar is 0x Levitate; Surf Gengar; EQ Arbok; Surf Onix)
   [play-live]    [engine] action menu: Earthquake - E4 wincon -> slot 2 (eff x1) vs cloyster 127/127 | [0]Skull Bash(p100,pp=15,ref=0,sc=50) [1]Surf(p95*STAB,pp=15,ref=0,sc=71.25) [2]Earthquake(p100,pp=9,ref=0,sc=100)
   [play-live]    [engine] STREAM COMMIT: Earthquake - E4 wincon slot 2 (menu_up=1 action=True moves=False)
   [play-live]    [engine] battle-progress: move resolved
   [play-live]    [engine] MATCHUP SWITCH: Lorelei answer holds — fight instead
   [play-live]    [engine] MATCHUP SWITCH: Lorelei answer holds — fight instead
   [play-live]    [engine] JUST FIGHT: L75 vs L51 + connecting damage — skipping bag/switch hierarchy this turn
   [play-live]    [engine] E4 MOVE: Earthquake - E4 wincon — firing the max-damage pick (EQ Gengar is 0x Levitate; Surf Gengar; EQ Arbok; Surf Onix)
   [play-live]    [engine] action menu: Earthquake - E4 wincon -> slot 2 (eff x1) vs cloyster 79/127 | [0]Skull Bash(p100,pp=15,ref=0,sc=50) [1]Surf(p95*STAB,pp=15,ref=0,sc=71.25) [2]Earthquake(p100,pp=8,ref=0,sc=100)
   [play-live]    [engine] STREAM COMMIT: Earthquake - E4 wincon slot 2 (menu_up=1 action=True moves=False)
   [play-live]    [engine] battle-progress: move resolved
   [play-live]    [engine] WHIFF: foe HP unchanged at 79 across the full turn -> accuracy-debuff spiral (streak 1/3)
   [play-live]    [engine] MATCHUP SWITCH: Lorelei answer holds — fight instead
   [play-live]    [engine] MATCHUP SWITCH: Lorelei answer holds — fight instead
   [play-live]    [engine] JUST FIGHT: L75 vs L51 + connecting damage — skipping bag/switch hierarchy this turn
   [play-live]    [engine] E4 MOVE: banned matchup for blastoise — picked Earthquake - a solid hit (never Ice Beam Lapras / never Surf Water)
   [play-live]    [engine] action menu: Earthquake - a solid hit -> slot 2 (eff x1) vs cloyster 79/127 | [0]Skull Bash(p100,pp=15,ref=0,sc=50) [1]Surf(p95*STAB,pp=15,ref=0,sc=71.25) [2]Earthquake(p100,pp=7,ref=0,sc=100)
   [play-live]    [engine] STREAM COMMIT: Earthquake - a solid hit slot 2 (menu_up=1 action=True moves=False)
   [play-live]    [engine] battle-progress: move resolved
   [play-live]    [engine] MATCHUP SWITCH: Lorelei answer holds — fight instead
   [play-live]    [engine] MATCHUP SWITCH: Lorelei answer holds — fight instead
   [play-live]    [engine] JUST FIGHT: L75 vs L51 + connecting damage — skipping bag/switch hierarchy this turn
   [play-live]    [engine] E4 MOVE: Earthquake - E4 wincon — firing the max-damage pick (EQ Gengar is 0x Levitate; Surf Gengar; EQ Arbok; Surf Onix)
   [play-live]    [engine] action menu: Earthquake - E4 wincon -> slot 2 (eff x1) vs cloyster 31/127 | [0]Skull Bash(p100,pp=15,ref=0,sc=50) [1]Surf(p95*STAB,pp=15,ref=0,sc=71.25) [2]Earthquake(p100,pp=6,ref=0,sc=100)
   [play-live]    [engine] STREAM COMMIT: Earthquake - E4 wincon slot 2 (menu_up=1 action=True moves=False)
   [play-live]    [engine] battle-progress: move resolved
   [play-live]    [engine] WHIFF: foe HP unchanged at 31 across the full turn -> accuracy-debuff spiral (streak 1/3)
   [play-live]    [engine] MATCHUP SWITCH: Lorelei answer holds — fight instead
   [play-live]    [engine] MATCHUP SWITCH: Lorelei answer holds — fight instead
   [play-live]    [engine] JUST FIGHT: L75 vs L51 + connecting damage — skipping bag/switch hierarchy this turn
   [play-live]    [engine] E4 MOVE: banned matchup for blastoise — picked Earthquake - a solid hit (never Ice Beam Lapras / never Surf Water)
   [play-live]    [engine] action menu: Earthquake - a solid hit -> slot 2 (eff x1) vs cloyster 31/127 | [0]Skull Bash(p100,pp=15,ref=0,sc=50) [1]Surf(p95*STAB,pp=15,ref=0,sc=71.25) [2]Earthquake(p100,pp=5,ref=0,sc=100)
   [play-live]    [engine] STREAM COMMIT: Earthquake - a solid hit slot 2 (menu_up=1 action=True moves=False)
   [play-live]    [engine] battle-progress: move resolved
   [play-live]    [engine] battle-progress: enemy fainted
   [play-live]    [engine] party screen in drain: voluntary (shift prompt) -> single B out
   [play-live]    [engine] MATCHUP SWITCH: Lorelei answer holds — fight instead
   [play-live]    [engine] MATCHUP SWITCH: Lorelei answer holds — fight instead
   [play-live]    [engine] JUST FIGHT: L75 vs L52 + connecting damage — skipping bag/switch hierarchy this turn
   [play-live]    [engine] E4 MOVE: Earthquake - E4 wincon — firing the max-damage pick (EQ Gengar is 0x Levitate; Surf Gengar; EQ Arbok; Surf Onix)
   [play-live]    [engine] action menu: Earthquake - E4 wincon -> slot 2 (eff x1) vs slowbro 176/176 | [0]Skull Bash(p100,pp=15,ref=0,sc=50) [1]Surf(p95*STAB,pp=15,ref=0,sc=71.25) [2]Earthquake(p100,pp=4,ref=0,sc=100)
   [play-live]    [engine] STREAM COMMIT: Earthquake - E4 wincon slot 2 (menu_up=1 action=True moves=False)
   [play-live]    [engine] battle-progress: move resolved
   [play-live]    [engine] MATCHUP SWITCH: Lorelei answer holds — fight instead
   [play-live]    [engine] MATCHUP SWITCH: Lorelei answer holds — fight instead
   [play-live]    [engine] JUST FIGHT: L75 vs L52 + connecting damage — skipping bag/switch hierarchy this turn
   [play-live]    [engine] E4 MOVE: Earthquake - E4 wincon — firing the max-damage pick (EQ Gengar is 0x Levitate; Surf Gengar; EQ Arbok; Surf Onix)
   [play-live]    [engine] action menu: Earthquake - E4 wincon -> slot 2 (eff x1) vs slowbro 101/176 | [0]Skull Bash(p100,pp=15,ref=0,sc=50) [1]Surf(p95*STAB,pp=15,ref=0,sc=71.25) [2]Earthquake(p100,pp=3,ref=0,sc=100)
   [play-live]    [engine] STREAM COMMIT: Earthquake - E4 wincon slot 2 (menu_up=1 action=True moves=False)
   [play-live]    [engine] battle-progress: move resolved
   [play-live]    [engine] MATCHUP SWITCH: Lorelei answer holds — fight instead
   [play-live]    [engine] MATCHUP SWITCH: Lorelei answer holds — fight instead
   [play-live]    [engine] E4/league: wincon revive offered (Blastoise+EQ / Moltres vs Jynx / Articuno vs dragon; cursor MUST land on 0-HP at use)
   [play-live]    [engine] ITEM-INSTINCT offer: ['use_cure', 'use_revive', 'keep_fighting'] ctx={'hp': '153/229', 'status': 'sleep', 'foe': 'slowbro'}
   [play-live]    [engine] ITEM-INSTINCT FORCED -> use_revive (E4 thin-party/wincon; alive=3 fainted=1; oracle bypassed — live Agatha keep_fighting)
   [play-live]    [engine] ITEM-INSTINCT pick -> use_revive (item 24, aim=fainted)
   [play-live]    [engine] use_item walk n=0: party=False bag=True white=False cb2party=False cb2bag=True pcur=None lead=False
   [play-live]    [engine] use_item: revive RIGHT off living lead (same pick as switch — not insta-A on the fighter)
   [play-live]    [engine] use_item: REFUSE A — still on living lead after RIGHT/DOWN (never insta-A the fighter)
   [play-live]    [engine] use_item: REFUSE A on alive slot (wanted fainted row 2, cursor=0 not 0-HP; tried rows [2]) — B out, fight
   [play-live]    [engine] BAG-FAIL LATCH: use_revive item 24 not consumed — species only (no battle-wide potion block)
   [play-live]    [engine] REVIVE-FAIL: first miss (failed) — retry next turn (no battle-wide latch; E4 cursor miss)
   [play-live]    [engine] HEAL-FAIL: item 24 failed — NOT latching species 9 (actuation miss; retry next turn)
   [play-live]    [engine] MATCHUP SWITCH: Lorelei answer holds — fight instead
   [play-live]    [engine] E4 MOVE: Earthquake - E4 wincon — firing the max-damage pick (EQ Gengar is 0x Levitate; Surf Gengar; EQ Arbok; Surf Onix)
   [play-live]    [engine] action menu: Earthquake - E4 wincon -> slot 2 (eff x1) vs slowbro 25/176 | [0]Skull Bash(p100,pp=15,ref=0,sc=50) [1]Surf(p95*STAB,pp=15,ref=0,sc=71.25) [2]Earthquake(p100,pp=2,ref=0,sc=100)
   [play-live]    [engine] STREAM COMMIT: Earthquake - E4 wincon slot 2 (menu_up=1 action=True moves=False)
   [play-live]    [engine] battle-progress: foe HP changed
   [play-live]    [engine] MATCHUP SWITCH: Lorelei answer holds — fight instead
   [play-live]    [engine] MATCHUP SWITCH: Lorelei answer holds — fight instead
   [play-live]    [engine] E4/league: wincon revive offered (Blastoise+EQ / Moltres vs Jynx / Articuno vs dragon; cursor MUST land on 0-HP at use)
   [play-live]    [engine] ITEM-INSTINCT offer: ['use_cure', 'use_revive', 'keep_fighting'] ctx={'hp': '153/229', 'status': 'sleep', 'foe': 'slowbro'}
   [play-live]    [engine] ITEM-INSTINCT FORCED -> use_revive (E4 thin-party/wincon; alive=3 fainted=1; oracle bypassed — live Agatha keep_fighting)
   [play-live]    [engine] ITEM-INSTINCT pick -> use_revive (item 24, aim=fainted)
   [play-live]    [engine] use_item walk n=0: party=False bag=True white=False cb2party=False cb2bag=True pcur=None lead=False
   [play-live]    [engine] use_item: revive RIGHT off living lead (same pick as switch — not insta-A on the fighter)
   [play-live]    [engine] use_item: REFUSE A — still on living lead after RIGHT/DOWN (never insta-A the fighter)
   [play-live]    [engine] use_item: REFUSE A on alive slot (wanted fainted row 2, cursor=0 not 0-HP; tried rows [2]) — B out, fight
   [play-live]    [engine] BAG-FAIL LATCH: use_revive item 24 not consumed — species only (no battle-wide potion block)
   [play-live]    [engine] REVIVE-FAIL: miss 2/6 (failed) — retry next turn (no battle-wide latch; E4 cursor miss)
   [play-live]    [engine] HEAL-FAIL: item 24 failed — NOT latching species 9 (actuation miss; retry next turn)
   [play-live]    [engine] MATCHUP SWITCH: Lorelei answer holds — fight instead
   [play-live]    [engine] E4 MOVE: Earthquake - E4 wincon — firing the max-damage pick (EQ Gengar is 0x Levitate; Surf Gengar; EQ Arbok; Surf Onix)
   [play-live]    [engine] action menu: Earthquake - E4 wincon -> slot 2 (eff x1) vs slowbro 176/176 | [0]Skull Bash(p100,pp=15,ref=0,sc=50) [1]Surf(p95*STAB,pp=15,ref=0,sc=71.25) [2]Earthquake(p100,pp=2,ref=0,sc=100)
   [play-live]    [engine] STREAM COMMIT: Earthquake - E4 wincon slot 2 (menu_up=1 action=True moves=False)
   [play-live]    [engine] MATCHUP SWITCH: Lorelei answer holds — fight instead
   [play-live]    [engine] MATCHUP SWITCH: Lorelei answer holds — fight instead
   [play-live]    [engine] E4/league: wincon revive offered (Blastoise+EQ / Moltres vs Jynx / Articuno vs dragon; cursor MUST land on 0-HP at use)
   [play-live]    [engine] ITEM-INSTINCT offer: ['use_cure', 'use_revive', 'keep_fighting'] ctx={'hp': '132/229', 'status': 'sleep', 'foe': 'slowbro'}
   [play-live]    [engine] ITEM-INSTINCT FORCED -> use_revive (E4 thin-party/wincon; alive=3 fainted=1; oracle bypassed — live Agatha keep_fighting)
   [play-live]    [engine] ITEM-INSTINCT pick -> use_revive (item 24, aim=fainted)
   [play-live]    [engine] use_item walk n=0: party=False bag=True white=False cb2party=False cb2bag=True pcur=None lead=False
   [play-live]    [engine] use_item: revive RIGHT off living lead (same pick as switch — not insta-A on the fighter)
   [play-live]    [engine] use_item: REFUSE A — still on living lead after RIGHT/DOWN (never insta-A the fighter)
   [play-live]    [engine] use_item: REFUSE A on alive slot (wanted fainted row 2, cursor=0 not 0-HP; tried rows [2]) — B out, fight
   [play-live]    [engine] BAG-FAIL LATCH: use_revive item 24 not consumed — species only (no battle-wide potion block)
   [play-live]    [engine] REVIVE-FAIL: miss 3/6 (failed) — retry next turn (no battle-wide latch; E4 cursor miss)
   [play-live]    [engine] HEAL-FAIL: item 24 failed — NOT latching species 9 (actuation miss; retry next turn)
   [play-live]    [engine] MATCHUP SWITCH: Lorelei answer holds — fight instead
   [play-live]    [engine] E4 MOVE: Earthquake - E4 wincon — firing the max-damage pick (EQ Gengar is 0x Levitate; Surf Gengar; EQ Arbok; Surf Onix)
   [play-live]    [engine] action menu: Earthquake - E4 wincon -> slot 2 (eff x1) vs slowbro 176/176 | [0]Skull Bash(p100,pp=15,ref=0,sc=50) [1]Surf(p95*STAB,pp=15,ref=0,sc=71.25) [2]Earthquake(p100,pp=2,ref=0,sc=100)
   [play-live]    [engine] STREAM COMMIT: Earthquake - E4 wincon slot 2 (menu_up=1 action=True moves=False)
   [play-live]    [engine] !! MENU WEDGE 63s with NO progress — escaping the scroll theater (fire 1/8, menu_up=0 action=False moves=False bag=False party=False)
   [play-live]    [engine] MATCHUP SWITCH: Lorelei answer holds — fight instead
   [play-live]    [engine] MATCHUP SWITCH: Lorelei answer holds — fight instead
   [play-live]    [engine] JUST FIGHT: L75 vs L52 + connecting damage — skipping bag/switch hierarchy this turn
   [play-live]    [engine] E4 MOVE: Earthquake - E4 wincon — firing the max-damage pick (EQ Gengar is 0x Levitate; Surf Gengar; EQ Arbok; Surf Onix)
   [play-live]    [engine] action menu: Earthquake - E4 wincon -> slot 2 (eff x1) vs slowbro 100/176 | [0]Skull Bash(p100,pp=15,ref=0,sc=50) [1]Surf(p95*STAB,pp=15,ref=0,sc=71.25) [2]Earthquake(p100,pp=1,ref=0,sc=100)
   [play-live]    [engine] STREAM COMMIT: Earthquake - E4 wincon slot 2 (menu_up=1 action=True moves=False)
   [play-live]    [engine] battle-progress: move resolved
   [play-live]    [engine] MATCHUP SWITCH: Lorelei answer holds — fight instead
   [play-live]    [engine] MATCHUP SWITCH: Lorelei answer holds — fight instead
   [play-live]    [engine] JUST FIGHT: L75 vs L52 + connecting damage — skipping bag/switch hierarchy this turn
   [play-live]    [engine] E4 MOVE: banned matchup for blastoise — picked Skull Bash - a solid hit (never Ice Beam Lapras / never Surf Water)
   [play-live]    [engine] action menu: Skull Bash - a solid hit -> slot 0 (eff x1) vs slowbro 31/176 | [0]Skull Bash(p100,pp=15,ref=0,sc=50) [1]Surf(p95*STAB,pp=15,ref=0,sc=71.25) [2]Earthquake(p100,pp=0,ref=0,sc=100)
   [play-live]    [engine] STREAM COMMIT: Skull Bash - a solid hit slot 0 (menu_up=1 action=True moves=False)
   [play-live]    [engine] battle-progress: move resolved
===== playlive_2026-08-14_16-43-47.log =====
   [travel] start map=(13, 0) coords=(2, 7) -> coord (11, 15) (budget 60s, surf-capable)
   [travel] step 0: (2, 7)->(2, 8) map=(13, 0) (path 18 to exit)
   [travel] step 10: (4, 15)->(5, 15) map=(13, 0) (path 8 to exit)
   [travel] reached target coord (11, 15)
   [travel] start map=(13, 0) coords=(11, 16) -> coord (11, 15) (budget 60s, surf-capable)
   [travel] !! WATCHDOG disengage requested — bailing this leg LOUD
