===== playlive_2026-08-14_11-59-30.log =====
===== playlive_2026-08-14_11-49-24.log =====
   [play-live]    [engine] MATCHUP SWITCH: Agatha Blastoise holds — fight instead
   [play-live]    [engine] MATCHUP SWITCH: Agatha Blastoise holds — fight instead
   [play-live]    [engine] JUST FIGHT: L78 vs L54 + connecting damage — skipping bag/switch hierarchy this turn
   [play-live]    [engine] E4 MOVE: Surf - E4 wincon — firing the max-damage pick (EQ Gengar is 0x Levitate; Surf Gengar; EQ Arbok; Surf Onix)
   [play-live]    [engine] action menu: Surf - E4 wincon -> slot 1 (eff x1) vs gengar 145/145 | [0]Skull Bash(p100,pp=13,ref=0,sc=0) [1]Surf(p95*STAB,pp=5,ref=0,sc=142.5) [2]Earthquake(p100,pp=0,ref=0,sc=200)
   [play-live]    [engine] STREAM COMMIT: Surf - E4 wincon slot 1 (menu_up=1 action=True moves=False)
   [play-live]    [engine] battle-progress: move resolved
   [play-live]    [engine] MATCHUP SWITCH: Agatha Blastoise holds — fight instead
   [play-live]    [engine] MATCHUP SWITCH: Agatha Blastoise holds — fight instead
   [play-live]    [engine] JUST FIGHT: L78 vs L54 + connecting damage — skipping bag/switch hierarchy this turn
   [play-live]    [engine] E4 MOVE: Surf - E4 wincon — firing the max-damage pick (EQ Gengar is 0x Levitate; Surf Gengar; EQ Arbok; Surf Onix)
   [play-live]    [engine] action menu: Surf - E4 wincon -> slot 1 (eff x1) vs gengar 6/145 | [0]Skull Bash(p100,pp=13,ref=0,sc=0) [1]Surf(p95*STAB,pp=4,ref=0,sc=142.5) [2]Earthquake(p100,pp=0,ref=0,sc=200)
   [play-live]    [engine] STREAM COMMIT: Surf - E4 wincon slot 1 (menu_up=1 action=True moves=False)
   [play-live]    [engine] battle-progress: foe HP changed
   [play-live]    [engine] battle-progress: enemy fainted
   [play-live]    [engine] party screen in drain: voluntary (shift prompt) -> single B out
   [play-live]    [engine] MATCHUP SWITCH: Agatha Blastoise holds — fight instead
   [play-live]    [engine] MATCHUP SWITCH: Agatha Blastoise holds — fight instead
   [play-live]    [engine] JUST FIGHT: L78 vs L54 + connecting damage — skipping bag/switch hierarchy this turn
   [play-live]    [engine] E4 MOVE: Skull Bash - E4 wincon — firing the max-damage pick (EQ Gengar is 0x Levitate; Surf Gengar; EQ Arbok; Surf Onix)
   [play-live]    [engine] action menu: Skull Bash - E4 wincon -> slot 0 (eff x1) vs golbat 161/161 | [0]Skull Bash(p100,pp=13,ref=0,sc=50) [1]Surf(p95*STAB,pp=3,ref=0,sc=142.5) [2]Earthquake(p100,pp=0,ref=0,sc=0)
   [play-live]    [engine] STREAM COMMIT: Skull Bash - E4 wincon slot 0 (menu_up=1 action=True moves=False)
   [play-live]    [engine] battle-progress: move resolved
   [play-live]    [engine] battle-progress: enemy fainted
   [play-live]    [engine] party screen in drain: voluntary (shift prompt) -> single B out
   [play-live]    [engine] MATCHUP SWITCH: Agatha Blastoise holds — fight instead
   [play-live]    [engine] MATCHUP SWITCH: Agatha Blastoise holds — fight instead
   [play-live]    [engine] E4 EQ DRY: no Ether/Elixir in bag — Skull Bash/Bite, never Surf (LOUD)
   [play-live]    [engine] ITEM-INSTINCT offer: ['use_cure', 'keep_fighting'] ctx={'hp': '36/237', 'status': 'poison', 'foe': 'arbok'}
   [play-live]    [engine] ITEM-INSTINCT pick -> use_cure (item 23, aim=active)
   [play-live]    [engine] use_item walk n=0: party=False bag=True white=False cb2party=False cb2bag=True pcur=None lead=False
   [play-live]    [engine] use_item: USED item 23 (count 2->1)
   [play-live]    [engine] battle-progress: item 23 consumed
   [play-live]    [engine] MATCHUP SWITCH: Agatha Blastoise holds — fight instead
   [play-live]    [engine] MATCHUP SWITCH: Agatha Blastoise holds — fight instead
   [play-live]    [engine] E4 EQ DRY: no Ether/Elixir in bag — Skull Bash/Bite, never Surf (LOUD)
   [play-live]    [engine] MATCHUP SWITCH: Agatha Blastoise holds — fight instead
   [play-live]    [engine] MATCHUP SWITCH: Agatha Blastoise holds — fight instead
   [play-live]    [engine] E4 MOVE: Skull Bash - E4 wincon — firing the max-damage pick (EQ Gengar is 0x Levitate; Surf Gengar; EQ Arbok; Surf Onix)
   [play-live]    [engine] action menu: Skull Bash - E4 wincon -> slot 0 (eff x1) vs arbok 150/150 | [0]Skull Bash(p100,pp=12,ref=0,sc=50) [1]Surf(p95*STAB,pp=3,ref=0,sc=142.5) [2]Earthquake(p100,pp=0,ref=0,sc=400)
   [play-live]    [engine] STREAM COMMIT: Skull Bash - E4 wincon slot 0 (menu_up=1 action=True moves=False)
   [play-live]    [engine] battle-progress: move resolved
   [play-live]    [engine] battle-progress: our mon fainted
   [play-live]    [engine] E4 SEND: zapdos (matchup, not highest-level)
   [play-live]    [engine] fswitch retry 3: target row 1 sp=145 skip_rows=[] party_cur=2 menu_rows=[(9, 0), (145, 81), (146, 86), (144, 157)]
   [play-live]    [engine] fswitch: selecting row 1 (sp=145 L52 hp=81)
   [play-live]    [engine] battle-progress: force-switch seated
   [play-live]    [engine] WHIFF: foe HP unchanged at 150 across the full turn -> accuracy-debuff spiral (streak 1/3)
   [play-live]    [engine] MATCHUP SWITCH: Agatha Blastoise holds — fight instead
   [play-live]    [engine] revive-check: TYPE-ANSWER revive slot 0 (no standing mon has an SE move on this foe; the fainted one does)
   [play-live]    [engine] E4/league: wincon revive offered (Blastoise+EQ / Moltres vs Jynx / Articuno vs dragon; cursor MUST land on 0-HP at use)
   [play-live]    [engine] ITEM-INSTINCT offer: ['use_revive', 'keep_fighting'] ctx={'hp': '81/162', 'status': 'none', 'foe': 'arbok'}
   [play-live]    [engine] ITEM-INSTINCT FORCED -> use_revive (E4 thin-party/wincon; alive=3 fainted=1; oracle bypassed — live Agatha keep_fighting)
   [play-live]    [engine] ITEM-INSTINCT pick -> use_revive (item 24, aim=fainted)
   [play-live]    [engine] use_item walk n=0: party=False bag=True white=False cb2party=False cb2bag=True pcur=None lead=False
   [play-live]    [engine] use_item: revive WALK landed row 1 (blastoise 0-HP) via force-switch walk — A once (second LEFT is CANCEL; pixel cursor=0 ignored — lead-orange lies)
   [play-live]    [engine] use_item: revive A after walk did not consume (count still 1) — re-aim next lap, no A-spam
   [play-live]    [engine] use_item walk n=2: party=False bag=True white=False cb2party=False cb2bag=True pcur=None lead=False
   [play-live]    [engine] use_item: revive WALK landed row 1 (blastoise 0-HP) via force-switch walk — A once (second LEFT is CANCEL; pixel cursor=0 ignored — lead-orange lies)
   [play-live]    [engine] use_item: revive A after walk did not consume (count still 1) — re-aim next lap, no A-spam
   [play-live]    [engine] use_item walk n=4: party=False bag=True white=False cb2party=False cb2bag=True pcur=None lead=False
   [play-live]    [engine] use_item: revive WALK landed row 1 (blastoise 0-HP) via force-switch walk — A once (second LEFT is CANCEL; pixel cursor=0 ignored — lead-orange lies)
   [play-live]    [engine] use_item: revive A after walk did not consume (count still 1) — re-aim next lap, no A-spam
   [play-live]    [engine] use_item: pocket=0 cursor=2 scroll=0 row=2 — selected but item 24 NOT consumed (count still 1) — keep fighting (LOUD)
   [play-live]    [engine] BAG-FAIL LATCH: use_revive item 24 not consumed — species only (no battle-wide potion block)
   [play-live]    [engine] REVIVE-FAIL: first miss (failed) — retry next turn (no battle-wide latch; E4 cursor miss)
   [play-live]    [engine] HEAL-FAIL: item 24 failed — NOT latching species 145 (actuation miss; retry next turn)
   [play-live]    [engine] MATCHUP SWITCH: Agatha Blastoise holds — fight instead
   [play-live]    [engine] E4 MOVE: Drill Peck - E4 wincon — firing the max-damage pick (EQ Gengar is 0x Levitate; Surf Gengar; EQ Arbok; Surf Onix)
   [play-live]    [engine] action menu: Drill Peck - E4 wincon -> slot 3 (eff x1) vs arbok 150/150 | [0]move#86(p0*STAB,pp=20,ref=0,sc=0) [1]Shock Wave(p60*STAB,pp=14,ref=0,sc=90) [2]move#197(p0,pp=5,ref=0,sc=0) [3]Drill Peck(p80*STAB,pp=20,ref=0,sc=120)
   [play-live]    [engine] STREAM COMMIT: Drill Peck - E4 wincon slot 3 (menu_up=1 action=True moves=False)
   [play-live]    [engine] battle-progress: move resolved
   [play-live]    [engine] battle-progress: our mon fainted
   [play-live]    [engine] E4 SEND: moltres (matchup, not highest-level)
   [play-live]    [engine] fswitch retry 1: target row 2 sp=146 skip_rows=[] party_cur=2 menu_rows=[(145, 0), (9, 0), (146, 86), (144, 157)]
   [play-live]    [engine] fswitch: selecting row 2 (sp=146 L51 hp=86)
   [play-live]    [engine] battle-progress: force-switch seated
   [play-live]    [engine] MATCHUP SWITCH: Agatha Blastoise holds — fight instead
   [play-live]    [engine] revive-check: TYPE-ANSWER revive slot 0 (no standing mon has an SE move on this foe; the fainted one does)
   [play-live]    [engine] E4/league: THIN-PARTY revive kept (alive=2 fainted=2 — spend the turn, do not strip)
   [play-live]    [engine] ITEM-INSTINCT offer: ['use_revive', 'keep_fighting'] ctx={'hp': '86/153', 'status': 'none', 'foe': 'arbok'}
   [play-live]    [engine] ITEM-INSTINCT FORCED -> use_revive (E4 thin-party/wincon; alive=2 fainted=2; oracle bypassed — live Agatha keep_fighting)
   [play-live]    [engine] ITEM-INSTINCT pick -> use_revive (item 24, aim=fainted)
   [play-live]    [engine] use_item walk n=0: party=False bag=True white=False cb2party=False cb2bag=True pcur=None lead=False
   [play-live]    [engine] use_item: revive WALK landed row 1 (blastoise 0-HP) via force-switch walk — A once (second LEFT is CANCEL; pixel cursor=0 ignored — lead-orange lies)
   [play-live]    [engine] use_item: revive A after walk did not consume (count still 1) — re-aim next lap, no A-spam
   [play-live]    [engine] use_item walk n=2: party=False bag=True white=False cb2party=False cb2bag=True pcur=None lead=False
   [play-live]    [engine] use_item: revive WALK landed row 1 (blastoise 0-HP) via force-switch walk — A once (second LEFT is CANCEL; pixel cursor=0 ignored — lead-orange lies)
   [play-live]    [engine] use_item: revive A after walk did not consume (count still 1) — re-aim next lap, no A-spam
   [play-live]    [engine] use_item walk n=4: party=False bag=True white=False cb2party=False cb2bag=True pcur=None lead=False
   [play-live]    [engine] use_item: revive WALK landed row 1 (blastoise 0-HP) via force-switch walk — A once (second LEFT is CANCEL; pixel cursor=0 ignored — lead-orange lies)
   [play-live]    [engine] use_item: revive A after walk did not consume (count still 1) — re-aim next lap, no A-spam
   [play-live]    [engine] use_item: pocket=0 cursor=2 scroll=0 row=2 — selected but item 24 NOT consumed (count still 1) — keep fighting (LOUD)
   [play-live]    [engine] BAG-FAIL LATCH: use_revive item 24 not consumed — species only (no battle-wide potion block)
   [play-live]    [engine] REVIVE-FAIL: miss 2/6 (failed) — retry next turn (no battle-wide latch; E4 cursor miss)
   [play-live]    [engine] HEAL-FAIL: item 24 failed — NOT latching species 146 (actuation miss; retry next turn)
   [play-live]    [engine] MATCHUP SWITCH: Agatha Blastoise holds — fight instead
   [play-live]    [engine] E4 MOVE: move#53 - E4 wincon — firing the max-damage pick (EQ Gengar is 0x Levitate; Surf Gengar; EQ Arbok; Surf Onix)
   [play-live]    [engine] action menu: move#53 - E4 wincon -> slot 2 (eff x1) vs arbok 87/150 | [0]Agility(p0,pp=30,ref=0,sc=0) [1]move#203(p0,pp=10,ref=0,sc=0) [2]move#53(p95*STAB,pp=14,ref=0,sc=142.5)
   [play-live]    [engine] STREAM COMMIT: move#53 - E4 wincon slot 2 (menu_up=1 action=True moves=False)
   [play-live]    [engine] battle-progress: move resolved
   [play-live]    [engine] battle-progress: enemy fainted
   [play-live]    [engine] party screen in drain: voluntary (shift prompt) -> single B out
   [play-live]    [engine] MATCHUP SWITCH: Agatha Blastoise holds — fight instead
   [play-live]    [engine] revive-check: TYPE-ANSWER revive slot 0 (no standing mon has an SE move on this foe; the fainted one does)
   [play-live]    [engine] E4/league: THIN-PARTY revive kept (alive=2 fainted=2 — spend the turn, do not strip)
   [play-live]    [engine] ITEM-INSTINCT offer: ['use_revive', 'keep_fighting'] ctx={'hp': '89/156', 'status': 'none', 'foe': 'gengar'}
   [play-live]    [engine] ITEM-INSTINCT FORCED -> use_revive (E4 thin-party/wincon; alive=2 fainted=2; oracle bypassed — live Agatha keep_fighting)
   [play-live]    [engine] ITEM-INSTINCT pick -> use_revive (item 24, aim=fainted)
   [play-live]    [engine] use_item walk n=0: party=False bag=True white=False cb2party=False cb2bag=True pcur=None lead=False
   [play-live]    [engine] use_item walk n=1: party=False bag=False white=False cb2party=False cb2bag=True pcur=None lead=False
   [play-live]    [engine] use_item walk n=2: party=False bag=True white=False cb2party=False cb2bag=True pcur=None lead=False
   [play-live]    [engine] use_item: revive WALK landed row 1 (blastoise 0-HP) via force-switch walk — A once (second LEFT is CANCEL; pixel cursor=0 ignored — lead-orange lies)
   [play-live]    [engine] use_item: revive A after walk did not consume (count still 1) — re-aim next lap, no A-spam
   [play-live]    [engine] use_item walk n=4: party=False bag=True white=False cb2party=False cb2bag=True pcur=None lead=False
   [play-live]    [engine] use_item: revive WALK landed row 1 (blastoise 0-HP) via force-switch walk — A once (second LEFT is CANCEL; pixel cursor=0 ignored — lead-orange lies)
   [play-live]    [engine] use_item: revive A after walk did not consume (count still 1) — re-aim next lap, no A-spam
   [play-live]    [engine] use_item: pocket=0 cursor=2 scroll=0 row=2 — selected but item 24 NOT consumed (count still 1) — keep fighting (LOUD)
   [play-live]    [engine] BAG-FAIL LATCH: use_revive item 24 not consumed — species only (no battle-wide potion block)
   [play-live]    [engine] REVIVE-FAIL: miss 3/6 (failed) — retry next turn (no battle-wide latch; E4 cursor miss)
   [play-live]    [engine] HEAL-FAIL: item 24 failed — NOT latching species 146 (actuation miss; retry next turn)
   [play-live]    [engine] MATCHUP SWITCH: Agatha Blastoise holds — fight instead
   [play-live]    [engine] E4 MOVE: move#53 - E4 wincon — firing the max-damage pick (EQ Gengar is 0x Levitate; Surf Gengar; EQ Arbok; Surf Onix)
   [play-live]    [engine] action menu: move#53 - E4 wincon -> slot 2 (eff x1) vs gengar 155/155 | [0]Agility(p0,pp=30,ref=0,sc=0) [1]move#203(p0,pp=10,ref=0,sc=0) [2]move#53(p95*STAB,pp=13,ref=0,sc=142.5)
   [play-live]    [engine] STREAM COMMIT: move#53 - E4 wincon slot 2 (menu_up=1 action=True moves=False)
   [play-live]    [engine] !! MENU WEDGE 61s with NO progress — escaping the scroll theater (fire 1/8, menu_up=0 action=False moves=False bag=False party=False)
   [play-live]    [engine] MATCHUP SWITCH: Agatha Blastoise holds — fight instead
   [play-live]    [engine] ACE-FIRST: L52 legendary bird is NOT fodder next to L78 — offering heal
   [play-live]    [engine] revive-check: TYPE-ANSWER revive slot 0 (no standing mon has an SE move on this foe; the fainted one does)
   [play-live]    [engine] E4/league: THIN-PARTY revive kept (alive=2 fainted=2 — spend the turn, do not strip)
   [play-live]    [engine] ITEM-INSTINCT offer: ['use_revive', 'keep_fighting'] ctx={'hp': '45/156', 'status': 'none', 'foe': 'gengar'}
   [play-live]    [engine] ITEM-INSTINCT FORCED -> use_revive (E4 thin-party/wincon; alive=2 fainted=2; oracle bypassed — live Agatha keep_fighting)
   [play-live]    [engine] ITEM-INSTINCT pick -> use_revive (item 24, aim=fainted)
   [play-live]    [engine] use_item walk n=0: party=False bag=True white=False cb2party=False cb2bag=True pcur=None lead=False
   [play-live]    [engine] use_item: revive WALK landed row 1 (blastoise 0-HP) via force-switch walk — A once (second LEFT is CANCEL; pixel cursor=0 ignored — lead-orange lies)
   [play-live]    [engine] use_item: revive A after walk did not consume (count still 1) — re-aim next lap, no A-spam
   [play-live]    [engine] use_item walk n=2: party=False bag=True white=False cb2party=False cb2bag=True pcur=None lead=False
   [play-live]    [engine] use_item: revive WALK landed row 1 (blastoise 0-HP) via force-switch walk — A once (second LEFT is CANCEL; pixel cursor=0 ignored — lead-orange lies)
   [play-live]    [engine] use_item: revive A after walk did not consume (count still 1) — re-aim next lap, no A-spam
   [play-live]    [engine] use_item walk n=4: party=False bag=True white=False cb2party=False cb2bag=True pcur=None lead=False
   [play-live]    [engine] use_item: revive WALK landed row 1 (blastoise 0-HP) via force-switch walk — A once (second LEFT is CANCEL; pixel cursor=0 ignored — lead-orange lies)
   [play-live]    [engine] use_item: revive A after walk did not consume (count still 1) — re-aim next lap, no A-spam
   [play-live]    [engine] use_item: pocket=0 cursor=2 scroll=0 row=2 — selected but item 24 NOT consumed (count still 1) — keep fighting (LOUD)
   [play-live]    [engine] BAG-FAIL LATCH: use_revive item 24 not consumed — species only (no battle-wide potion block)
   [play-live]    [engine] REVIVE-FAIL: miss 4/6 (failed) — retry next turn (no battle-wide latch; E4 cursor miss)
   [play-live]    [engine] HEAL-FAIL: item 24 failed — NOT latching species 146 (actuation miss; retry next turn)
   [play-live]    [engine] MATCHUP SWITCH: Agatha Blastoise holds — fight instead
   [play-live]    [engine] E4 MOVE: move#53 - E4 wincon — firing the max-damage pick (EQ Gengar is 0x Levitate; Surf Gengar; EQ Arbok; Surf Onix)
   [play-live]    [engine] action menu: move#53 - E4 wincon -> slot 2 (eff x1) vs gengar 95/155 | [0]Agility(p0,pp=30,ref=0,sc=0) [1]move#203(p0,pp=10,ref=0,sc=0) [2]move#53(p95*STAB,pp=12,ref=0,sc=142.5)
   [play-live]    [engine] STREAM COMMIT: move#53 - E4 wincon slot 2 (menu_up=1 action=True moves=False)
   [play-live]    [engine] battle-progress: move resolved
   [play-live]    [engine] MATCHUP SWITCH: Agatha Blastoise holds — fight instead
   [play-live]    [engine] ACE-FIRST: L52 legendary bird is NOT fodder next to L78 — offering heal
   [play-live]    [engine] revive-check: TYPE-ANSWER revive slot 0 (no standing mon has an SE move on this foe; the fainted one does)
   [play-live]    [engine] E4/league: THIN-PARTY revive kept (alive=2 fainted=2 — spend the turn, do not strip)
   [play-live]    [engine] ITEM-INSTINCT offer: ['use_revive', 'keep_fighting'] ctx={'hp': '45/156', 'status': 'none', 'foe': 'gengar'}
   [play-live]    [engine] ITEM-INSTINCT FORCED -> use_revive (E4 thin-party/wincon; alive=2 fainted=2; oracle bypassed — live Agatha keep_fighting)
   [play-live]    [engine] ITEM-INSTINCT pick -> use_revive (item 24, aim=fainted)
   [play-live]    [engine] use_item: pocket byte MUTE + NO bag/white pixels + callback2 not the bag — bag never opened; keep fighting (LOUD, no blind taps fired)
   [play-live]    [engine] BAG-FAIL LATCH: pocket byte MUTE — bag never opened — species only (no battle-wide potion block)
   [play-live]    [engine] BAG-FAIL LATCH: use_revive item 24 not consumed — species only (no battle-wide potion block)
   [play-live]    [engine] REVIVE-FAIL: miss 5/6 (failed) — retry next turn (no battle-wide latch; E4 cursor miss)
   [play-live]    [engine] HEAL-FAIL: item 24 failed — NOT latching species 146 (actuation miss; retry next turn)
   [play-live]    [engine] MATCHUP SWITCH: Agatha Blastoise holds — fight instead
   [play-live]    [engine] E4 MOVE: move#53 - E4 wincon — firing the max-damage pick (EQ Gengar is 0x Levitate; Surf Gengar; EQ Arbok; Surf Onix)
   [play-live]    [engine] action menu: move#53 - E4 wincon -> slot 2 (eff x1) vs gengar 15/155 | [0]Agility(p0,pp=30,ref=0,sc=0) [1]move#203(p0,pp=10,ref=0,sc=0) [2]move#53(p95*STAB,pp=11,ref=0,sc=142.5)
   [play-live]    [engine] STREAM COMMIT: move#53 - E4 wincon slot 2 (menu_up=0 action=False moves=False)
   [play-live]    [engine] battle-progress: move resolved
   [play-live]    [engine] BAG is open at the turn loop (abandoned item flow) -> B-closing it
   [play-live]    [engine] MATCHUP SWITCH: Agatha Blastoise holds — fight instead
   [play-live]    [engine] ACE-FIRST: L52 legendary bird is NOT fodder next to L78 — offering heal
   [play-live]    [engine] revive-check: TYPE-ANSWER revive slot 0 (no standing mon has an SE move on this foe; the fainted one does)
   [play-live]    [engine] E4/league: THIN-PARTY revive kept (alive=2 fainted=2 — spend the turn, do not strip)
   [play-live]    [engine] ITEM-INSTINCT offer: ['use_revive', 'keep_fighting'] ctx={'hp': '45/156', 'status': 'none', 'foe': 'gengar'}
   [play-live]    [engine] ITEM-INSTINCT FORCED -> use_revive (E4 thin-party/wincon; alive=2 fainted=2; oracle bypassed — live Agatha keep_fighting)
   [play-live]    [engine] ITEM-INSTINCT pick -> use_revive (item 24, aim=fainted)
   [play-live]    [engine] use_item walk n=0: party=False bag=True white=False cb2party=False cb2bag=True pcur=None lead=False
   [play-live]    [engine] use_item: revive WALK landed row 1 (blastoise 0-HP) via force-switch walk — A once (second LEFT is CANCEL; pixel cursor=0 ignored — lead-orange lies)
   [play-live]    [engine] use_item: revive A after walk did not consume (count still 1) — re-aim next lap, no A-spam
   [play-live]    [engine] use_item walk n=2: party=False bag=True white=False cb2party=False cb2bag=True pcur=None lead=False
   [play-live]    [engine] use_item walk n=3: party=False bag=True white=False cb2party=False cb2bag=True pcur=None lead=False
   [play-live]    [engine] use_item: revive WALK landed row 1 (blastoise 0-HP) via force-switch walk — A once (second LEFT is CANCEL; pixel cursor=0 ignored — lead-orange lies)
   [play-live]    [engine] use_item: revive A after walk did not consume (count still 1) — re-aim next lap, no A-spam
   [play-live]    [engine] use_item walk n=5: party=False bag=True white=False cb2party=False cb2bag=True pcur=None lead=False
   [play-live]    [engine] use_item: pocket=0 cursor=2 scroll=0 row=2 — selected but item 24 NOT consumed (count still 1) — keep fighting (LOUD)
   [play-live]    [engine] BAG-FAIL LATCH: use_revive item 24 not consumed — species only (no battle-wide potion block)
   [play-live]    [engine] REVIVE-FAIL: first miss (failed) — retry next turn (no battle-wide latch; E4 cursor miss)
   [play-live]    [engine] HEAL-FAIL: item 24 failed — NOT latching species 146 (actuation miss; retry next turn)
   [play-live]    [engine] MATCHUP SWITCH: Agatha Blastoise holds — fight instead
   [play-live]    [engine] E4 MOVE: move#53 - E4 wincon — firing the max-damage pick (EQ Gengar is 0x Levitate; Surf Gengar; EQ Arbok; Surf Onix)
   [play-live]    [engine] action menu: move#53 - E4 wincon -> slot 2 (eff x1) vs gengar 69/155 | [0]Agility(p0,pp=30,ref=0,sc=0) [1]move#203(p0,pp=10,ref=0,sc=0) [2]move#53(p95*STAB,pp=10,ref=0,sc=142.5)
   [play-live]    [engine] STREAM COMMIT: move#53 - E4 wincon slot 2 (menu_up=1 action=True moves=False)
   [play-live]    [engine] battle-progress: our mon fainted
   [play-live]    [engine] E4 SEND: articuno (matchup, not highest-level)
   [play-live]    [engine] fswitch retry 2: target row 3 sp=144 skip_rows=[] party_cur=2 menu_rows=[(146, 0), (9, 0), (145, 0), (144, 157)]
   [play-live]    [engine] fswitch: selecting row 3 (sp=144 L51 hp=157)
   [play-live]    [engine] battle-progress: force-switch seated
   [play-live]    [engine] MATCHUP SWITCH: Agatha Blastoise holds — fight instead
   [play-live]    [engine] revive-check: TYPE-ANSWER revive slot 0 (no standing mon has an SE move on this foe; the fainted one does)
   [play-live]    [engine] E4/league: LAST-BODY revive kept (alive=1 fainted=3 — spend the turn, do not strip)
   [play-live]    [engine] ITEM-INSTINCT offer: ['use_revive', 'keep_fighting'] ctx={'hp': '157/157', 'status': 'none', 'foe': 'gengar'}
   [play-live]    [engine] ITEM-INSTINCT FORCED -> use_revive (E4 thin-party/wincon; alive=1 fainted=3; oracle bypassed — live Agatha keep_fighting)
   [play-live]    [engine] ITEM-INSTINCT pick -> use_revive (item 24, aim=fainted)
   [play-live]    [engine] use_item: pocket byte MUTE + NO bag/white pixels + callback2 not the bag — bag never opened; keep fighting (LOUD, no blind taps fired)
   [play-live]    [engine] BAG-FAIL LATCH: pocket byte MUTE — bag never opened — species only (no battle-wide potion block)
   [play-live]    [engine] BAG-FAIL LATCH: use_revive item 24 not consumed — species only (no battle-wide potion block)
   [play-live]    [engine] REVIVE-FAIL: miss 2/6 (failed) — retry next turn (no battle-wide latch; E4 cursor miss)
   [play-live]    [engine] HEAL-FAIL: item 24 failed — NOT latching species 144 (actuation miss; retry next turn)
   [play-live]    [engine] MATCHUP SWITCH: Agatha Blastoise holds — fight instead
   [play-live]    [engine] E4 MOVE: Ice Beam - E4 wincon — firing the max-damage pick (EQ Gengar is 0x Levitate; Surf Gengar; EQ Arbok; Surf Onix)
   [play-live]    [engine] action menu: Ice Beam - E4 wincon -> slot 3 (eff x1) vs gengar 69/155 | [0]move#54(p0*STAB,pp=30,ref=0,sc=0) [1]Agility(p0,pp=30,ref=0,sc=0) [2]move#170(p0,pp=5,ref=0,sc=0) [3]Ice Beam(p95*STAB,pp=10,ref=0,sc=142.5)
   [play-live]    [engine] STREAM COMMIT: Ice Beam - E4 wincon slot 3 (menu_up=0 action=False moves=False)
   [play-live]    [engine] turn resolved by IMMOBILIZATION (asleep) — not a dead move; fighting on (futility 1/4)
   [play-live]    [engine] MATCHUP SWITCH: Agatha Blastoise holds — fight instead
   [play-live]    [engine] revive-check: TYPE-ANSWER revive slot 0 (no standing mon has an SE move on this foe; the fainted one does)
   [play-live]    [engine] E4/league: LAST-BODY revive kept (alive=1 fainted=3 — spend the turn, do not strip)
   [play-live]    [engine] ITEM-INSTINCT offer: ['use_cure', 'use_revive', 'keep_fighting'] ctx={'hp': '157/157', 'status': 'sleep', 'foe': 'gengar'}
   [play-live]    [engine] ITEM-INSTINCT FORCED -> use_revive (E4 thin-party/wincon; alive=1 fainted=3; oracle bypassed — live Agatha keep_fighting)
   [play-live]    [engine] ITEM-INSTINCT pick -> use_revive (item 24, aim=fainted)
   [play-live]    [engine] use_item walk n=0: party=False bag=True white=False cb2party=False cb2bag=True pcur=None lead=False
