===== playlive_2026-08-07_19-39-49.log =====
   [travel] start map=(3, 31) coords=(35, 11) -> map (3, 30) (budget 300s, surf-capable)
   [travel] north connection band cols: [0, 1, 2, 3, 4, 5, 6, 7, 8, 9, 10, 11, 12, 13, 14, 15, 16, 17, 18, 19, 20, 21, 22, 23, 24, 25, 26, 27, 28, 29, 30, 31, 32, 33, 34, 35, 36, 37, 38, 39, 40, 41, 42, 43, 44, 45, 46, 47, 62, 63, 64, 65, 66, 67, 68, 69, 70, 71, 72]
   [travel] step 0: (35, 11)->(36, 11) map=(3, 31) (path 39 to exit)
   [travel] step 10: (45, 11)->(46, 11) map=(3, 31) (path 29 to exit)
   [travel] step 20: (55, 11)->(56, 11) map=(3, 31) (path 19 to exit)
   [travel] step 30: (62, 8)->(62, 7) map=(3, 31) (path 9 to exit)
   [travel] MAP TRANSITION (3, 31) -> (3, 30)
   [travel] north connection band cols: [11, 12, 24]
   [travel] ARRIVED at target map (3, 30) coords=(14, 119)
   [travel] start map=(3, 30) coords=(14, 119) -> map (3, 4) (budget 300s, surf-capable)
   [travel] north connection band cols: [11, 12, 24]
   [travel] path blocked at (14, 119) (NPC on the gap?) - waiting
   [travel] no clean path from (14, 119) AND no NPC-allowing path (npcs nearby=[(15, 126)]) - genuine wall/zone gap, will time out
   [travel] !! TRAVEL WEDGE: identical fp x4 retries at (14, 119) map=(3, 30) (reason=no_route) -> returning to roam LOUD (no inner spin)
   [travel] start map=(3, 30) coords=(14, 119) -> coord (14, 22) (budget 240s, surf-capable)
   [travel] step 0: (14, 119)->(14, 118) map=(3, 30) (path 164 to exit)
   [travel] step 10: (16, 111)->(16, 110) map=(3, 30) (path 154 to exit)
   [travel] step 20: (17, 106)->(16, 106) map=(3, 30) (path 146 to exit)
   [travel] step 30: (15, 98)->(15, 97) map=(3, 30) (path 136 to exit)
   [travel] HEARTBEAT step=40 map=(3, 30) coords=(11, 92) elapsed=17s
   [travel] step 40: (11, 92)->(10, 92) map=(3, 30) (path 126 to exit)
   [travel] step 50: (8, 86)->(8, 85) map=(3, 30) (path 119 to exit)
   [travel] step 60: (16, 84)->(17, 84) map=(3, 30) (path 109 to exit)
   [travel] step 70: (15, 79)->(15, 78) map=(3, 30) (path 99 to exit)
   [travel] HEARTBEAT step=80 map=(3, 30) coords=(14, 70) elapsed=35s
   [travel] step 80: (14, 70)->(14, 69) map=(3, 30) (path 89 to exit)
   [travel] step 90: (11, 63)->(10, 63) map=(3, 30) (path 79 to exit)
   [travel] step 100: (9, 55)->(9, 54) map=(3, 30) (path 69 to exit)
   [travel] step 110: (14, 58)->(15, 58) map=(3, 30) (path 59 to exit)
   [travel] HEARTBEAT step=120 map=(3, 30) coords=(16, 50) elapsed=41s
   [travel] step 120: (16, 50)->(16, 49) map=(3, 30) (path 49 to exit)
   [travel] step 130: (13, 43)->(13, 42) map=(3, 30) (path 39 to exit)
   [travel] step 140: (8, 38)->(8, 37) map=(3, 30) (path 31 to exit)
   [travel] step 150: (13, 33)->(13, 32) map=(3, 30) (path 21 to exit)
   [travel] HEARTBEAT step=160 map=(3, 30) coords=(18, 28) elapsed=71s
   [travel] step 160: (18, 28)->(18, 27) map=(3, 30) (path 11 to exit)
   [travel] reached target coord (14, 22)
   [travel] start map=(23, 0) coords=(5, 11) -> coord (6, 1) (budget 110s, surf-capable)
   [travel] path blocked at (5, 11) (NPC on the gap?) - waiting
   [travel] no clean path from (5, 11) AND no NPC-allowing path (npcs nearby=[(1, 5)]) - genuine wall/zone gap, will time out
   [travel] !! TRAVEL WEDGE: identical fp x4 retries at (5, 11) map=(23, 0) (reason=no_route) -> returning to roam LOUD (no inner spin)
   [travel] start map=(23, 0) coords=(5, 11) -> coord (6, 2) (budget 90s, surf-capable)
   [travel] step 0: (5, 11)->(5, 10) map=(23, 0) (path 11 to exit)
   [travel] reached target coord (6, 2)
   [travel] start map=(23, 0) coords=(6, 2) -> coord (5, 1) (budget 110s, surf-capable)
   [travel] step 0: (6, 2)->(5, 2) map=(23, 0) (path 3 to exit)
   [travel] reached target coord (5, 1)
   [travel] start map=(3, 30) coords=(14, 15) -> map (3, 4) (budget 300s, surf-capable)
   [travel] north connection band cols: [11, 12, 24]
   [travel] step 0: (14, 15)->(14, 14) map=(3, 30) (path 18 to exit)
   [travel] step 10: (12, 7)->(12, 6) map=(3, 30) (path 8 to exit)
   [travel] MAP TRANSITION (3, 30) -> (3, 4)
   [travel] north connection band cols: [8, 9, 10, 11, 12, 24]
   [travel] ARRIVED at target map (3, 4) coords=(12, 19)
   [travel] start map=(3, 4) coords=(12, 19) -> map (3, 28) (budget 300s, surf-capable)
   [travel] north connection band cols: [8, 9, 10, 11, 12, 24]
   [travel] step 0: (12, 19)->(12, 18) map=(3, 4) (path 23 to exit)
   [travel] step 10: (13, 10)->(13, 9) map=(3, 4) (path 13 to exit)
   [travel] step 20: (11, 2)->(11, 1) map=(3, 4) (path 3 to exit)
   [travel] MAP TRANSITION (3, 4) -> (3, 28)
   [travel] north connection band cols: [0, 1, 2, 3, 4, 5, 6, 7, 8, 9, 10, 11, 12, 13, 14, 15, 16, 17, 18, 19, 20, 21, 22, 23, 24]
   [travel] ARRIVED at target map (3, 28) coords=(11, 79)
   [travel] start map=(3, 28) coords=(11, 79) -> map (3, 4) (budget 300s, surf-capable)
   [travel] south connection band cols: [8, 9, 10, 11, 12, 24]
   [travel] MAP TRANSITION (3, 28) -> (3, 4)
   [travel] south connection band cols: [11, 12, 24]
   [travel] ARRIVED at target map (3, 4) coords=(11, 0)
   [travel] start map=(3, 4) coords=(11, 0) -> map (3, 30) (budget 300s, surf-capable)
   [travel] south connection band cols: [11, 12, 24]
   [travel] step 0: (11, 0)->(11, 1) map=(3, 4) (path 23 to exit)
   [travel] step 10: (13, 8)->(13, 9) map=(3, 4) (path 13 to exit)
   [travel] step 20: (13, 18)->(12, 18) map=(3, 4) (path 3 to exit)
   [travel] MAP TRANSITION (3, 4) -> (3, 30)
   [travel] south connection band cols: [14, 15, 16, 17, 18, 19, 20, 21, 22, 23, 24]
   [travel] ARRIVED at target map (3, 30) coords=(12, 0)
   [travel] start map=(3, 30) coords=(12, 0) -> map (3, 31) (budget 300s, surf-capable)
   [travel] south connection band cols: [14, 15, 16, 17, 18, 19, 20, 21, 22, 23, 24]
   [travel] path blocked at (12, 0) (NPC on the gap?) - waiting
   [travel] no clean path from (12, 0) AND no NPC-allowing path (npcs nearby=[]) - genuine wall/zone gap, will time out
   [travel] !! TRAVEL WEDGE: identical fp x4 retries at (12, 0) map=(3, 30) (reason=no_route) -> returning to roam LOUD (no inner spin)
   [travel] start map=(3, 30) coords=(12, 0) -> map (3, 31) (budget 300s, surf-capable)
   [travel] south connection band cols: [14, 15, 16, 17, 18, 19, 20, 21, 22, 23, 24]
   [travel] path blocked at (12, 0) (NPC on the gap?) - waiting
   [travel] no clean path from (12, 0) AND no NPC-allowing path (npcs nearby=[]) - genuine wall/zone gap, will time out
   [travel] !! TRAVEL WEDGE: identical fp x4 retries at (12, 0) map=(3, 30) (reason=no_route) -> returning to roam LOUD (no inner spin)
   [travel] start map=(3, 30) coords=(12, 0) -> map (3, 31) (budget 300s, surf-capable)
   [travel] south connection band cols: [14, 15, 16, 17, 18, 19, 20, 21, 22, 23, 24]
   [travel] path blocked at (12, 0) (NPC on the gap?) - waiting
   [travel] no clean path from (12, 0) AND no NPC-allowing path (npcs nearby=[]) - genuine wall/zone gap, will time out
   [travel] !! TRAVEL WEDGE: identical fp x4 retries at (12, 0) map=(3, 30) (reason=no_route) -> returning to roam LOUD (no inner spin)
   [travel] start map=(3, 30) coords=(12, 0) -> map (3, 31) (budget 300s, surf-capable)
   [travel] south connection band cols: [14, 15, 16, 17, 18, 19, 20, 21, 22, 23, 24]
   [travel] path blocked at (12, 0) (NPC on the gap?) - waiting
   [travel] no clean path from (12, 0) AND no NPC-allowing path (npcs nearby=[]) - genuine wall/zone gap, will time out
   [travel] !! TRAVEL WEDGE: identical fp x4 retries at (12, 0) map=(3, 30) (reason=no_route) -> returning to roam LOUD (no inner spin)
   [travel] start map=(3, 30) coords=(12, 0) -> map (3, 31) (budget 300s, surf-capable)
   [travel] south connection band cols: [14, 15, 16, 17, 18, 19, 20, 21, 22, 23, 24]
   [travel] path blocked at (12, 0) (NPC on the gap?) - waiting
   [travel] no clean path from (12, 0) AND no NPC-allowing path (npcs nearby=[]) - genuine wall/zone gap, will time out
   [travel] !! TRAVEL WEDGE: identical fp x4 retries at (12, 0) map=(3, 30) (reason=no_route) -> returning to roam LOUD (no inner spin)
   [travel] start map=(3, 30) coords=(12, 0) -> map (3, 4) (budget 300s, surf-capable)
   [travel] north connection band cols: [11, 12, 24]
   [travel] MAP TRANSITION (3, 30) -> (3, 4)
   [travel] north connection band cols: [8, 9, 10, 11, 12, 24]
   [travel] ARRIVED at target map (3, 4) coords=(12, 19)
   [travel] start map=(3, 4) coords=(12, 19) -> coord (6, 6) (budget 120s, surf-capable)
   [travel] step 0: (12, 19)->(12, 18) map=(3, 4) (path 22 to exit)
   [travel] step 10: (13, 10)->(13, 9) map=(3, 4) (path 12 to exit)
   [travel] step 20: (7, 6)->(6, 6) map=(3, 4) (path 2 to exit)
   [travel] reached target coord (6, 6)
   [travel] start map=(8, 0) coords=(11, 2) -> coord (7, 7) (budget 60s, surf-capable)
   [travel] step 0: (11, 2)->(11, 3) map=(8, 0) (path 10 to exit)
   [travel] reached target coord (7, 7)
   [travel] start map=(3, 4) coords=(6, 6) -> coord (6, 6) (budget 120s, surf-capable)
   [travel] reached target coord (6, 6)
   [travel] start map=(8, 0) coords=(11, 2) -> coord (7, 7) (budget 60s, surf-capable)
   [travel] step 0: (11, 2)->(11, 3) map=(8, 0) (path 10 to exit)
   [travel] reached target coord (7, 7)
   [travel] start map=(3, 4) coords=(6, 6) -> coord (6, 6) (budget 120s, surf-capable)
   [travel] reached target coord (6, 6)
   [travel] start map=(8, 0) coords=(11, 2) -> coord (7, 7) (budget 60s, surf-capable)
   [travel] step 0: (11, 2)->(11, 3) map=(8, 0) (path 10 to exit)
   [travel] reached target coord (7, 7)
   [travel] start map=(3, 4) coords=(6, 6) -> map (3, 28) (budget 300s, surf-capable)
   [travel] north connection band cols: [8, 9, 10, 11, 12, 24]
   [travel] step 0: (6, 6)->(7, 6) map=(3, 4) (path 10 to exit)
   [travel] MAP TRANSITION (3, 4) -> (3, 28)
   [travel] north connection band cols: [0, 1, 2, 3, 4, 5, 6, 7, 8, 9, 10, 11, 12, 13, 14, 15, 16, 17, 18, 19, 20, 21, 22, 23, 24]
   [travel] ARRIVED at target map (3, 28) coords=(9, 79)
   [travel] start map=(3, 28) coords=(9, 79) -> map (3, 4) (budget 300s, surf-capable)
   [travel] south connection band cols: [8, 9, 10, 11, 12, 24]
   [travel] MAP TRANSITION (3, 28) -> (3, 4)
   [travel] south connection band cols: [11, 12, 24]
   [travel] ARRIVED at target map (3, 4) coords=(9, 0)
   [travel] start map=(3, 4) coords=(9, 0) -> map (3, 30) (budget 300s, surf-capable)
   [travel] south connection band cols: [11, 12, 24]
   [travel] step 0: (9, 0)->(9, 1) map=(3, 4) (path 25 to exit)
   [travel] step 10: (11, 8)->(12, 8) map=(3, 4) (path 15 to exit)
   [travel] step 20: (13, 16)->(13, 17) map=(3, 4) (path 5 to exit)
   [travel] MAP TRANSITION (3, 4) -> (3, 30)
   [travel] south connection band cols: [14, 15, 16, 17, 18, 19, 20, 21, 22, 23, 24]
   [travel] ARRIVED at target map (3, 30) coords=(12, 0)
   [travel] start map=(3, 30) coords=(12, 0) -> map (3, 31) (budget 300s, surf-capable)
   [travel] south connection band cols: [14, 15, 16, 17, 18, 19, 20, 21, 22, 23, 24]
   [travel] path blocked at (12, 0) (NPC on the gap?) - waiting
   [travel] no clean path from (12, 0) AND no NPC-allowing path (npcs nearby=[]) - genuine wall/zone gap, will time out
   [travel] !! TRAVEL WEDGE: identical fp x4 retries at (12, 0) map=(3, 30) (reason=no_route) -> returning to roam LOUD (no inner spin)
   [travel] start map=(3, 30) coords=(12, 0) -> map (3, 31) (budget 300s, surf-capable)
   [travel] south connection band cols: [14, 15, 16, 17, 18, 19, 20, 21, 22, 23, 24]
   [travel] path blocked at (12, 0) (NPC on the gap?) - waiting
   [travel] no clean path from (12, 0) AND no NPC-allowing path (npcs nearby=[]) - genuine wall/zone gap, will time out
   [travel] !! TRAVEL WEDGE: identical fp x4 retries at (12, 0) map=(3, 30) (reason=no_route) -> returning to roam LOUD (no inner spin)
   [travel] start map=(3, 30) coords=(12, 0) -> map (3, 31) (budget 300s, surf-capable)
   [travel] south connection band cols: [14, 15, 16, 17, 18, 19, 20, 21, 22, 23, 24]
   [travel] path blocked at (12, 0) (NPC on the gap?) - waiting
   [travel] no clean path from (12, 0) AND no NPC-allowing path (npcs nearby=[]) - genuine wall/zone gap, will time out
   [travel] !! TRAVEL WEDGE: identical fp x4 retries at (12, 0) map=(3, 30) (reason=no_route) -> returning to roam LOUD (no inner spin)
   [travel] start map=(3, 30) coords=(12, 0) -> coord (14, 14) (budget 60s, surf-capable)
   [travel] step 0: (12, 0)->(12, 1) map=(3, 30) (path 17 to exit)
   [travel] step 10: (12, 10)->(12, 11) map=(3, 30) (path 7 to exit)
   [travel] reached target coord (14, 14)
   [travel] start map=(23, 0) coords=(5, 2) -> coord (8, 10) (budget 110s, surf-capable)
   [travel] step 0: (5, 2)->(5, 3) map=(23, 0) (path 12 to exit)
   [travel] step 10: (7, 10)->(8, 10) map=(23, 0) (path 2 to exit)
   [travel] reached target coord (8, 10)
   [travel] start map=(23, 1) coords=(10, 9) -> coord (11, 9) (budget 60s, surf-capable)
   [travel] step 0: (10, 9)->(11, 9) map=(23, 1) (path 2 to exit)
   [travel] reached target coord (11, 9)
   [travel] start map=(23, 0) coords=(8, 10) -> coord (5, 10) (budget 60s, surf-capable)
   [travel] step 0: (8, 10)->(7, 10) map=(23, 0) (path 4 to exit)
   [travel] reached target coord (5, 10)
   [travel] start map=(3, 30) coords=(14, 22) -> coord (15, 15) (budget 240s, surf-capable)
   [travel] path blocked at (14, 22) (NPC on the gap?) - waiting
   [travel] no clean path from (14, 22) AND no NPC-allowing path (npcs nearby=[]) - genuine wall/zone gap, will time out
   [travel] !! TRAVEL WEDGE: identical fp x4 retries at (14, 22) map=(3, 30) (reason=no_route) -> returning to roam LOUD (no inner spin)
   [travel] start map=(3, 30) coords=(14, 22) -> map (3, 31) (budget 300s, surf-capable)
   [travel] south connection band cols: [14, 15, 16, 17, 18, 19, 20, 21, 22, 23, 24]
   [travel] step 0: (14, 22)->(14, 23) map=(3, 30) (path 163 to exit)
   [travel] step 10: (18, 28)->(18, 29) map=(3, 30) (path 153 to exit)
   [travel] step 20: (14, 32)->(14, 33) map=(3, 30) (path 147 to exit)
   [travel] step 30: (9, 37)->(9, 38) map=(3, 30) (path 137 to exit)
   [travel] HEARTBEAT step=40 map=(3, 30) coords=(11, 43) elapsed=17s
   [travel] step 40: (11, 43)->(12, 43) map=(3, 30) (path 127 to exit)
   [travel] step 50: (16, 48)->(16, 49) map=(3, 30) (path 117 to exit)
   [travel] step 60: (16, 58)->(15, 58) map=(3, 30) (path 107 to exit)
   [travel] step 70: (10, 54)->(9, 54) map=(3, 30) (path 97 to exit)
   [travel] HEARTBEAT step=80 map=(3, 30) coords=(9, 63) elapsed=22s
   [travel] step 80: (9, 63)->(9, 64) map=(3, 30) (path 87 to exit)
   [travel] step 90: (14, 68)->(14, 69) map=(3, 30) (path 77 to exit)
   [travel] step 100: (14, 78)->(14, 79) map=(3, 30) (path 67 to exit)
   [travel] step 110: (18, 84)->(18, 85) map=(3, 30) (path 57 to exit)
   [travel] HEARTBEAT step=120 map=(3, 30) coords=(11, 87) elapsed=28s
   [travel] step 120: (11, 87)->(10, 87) map=(3, 30) (path 47 to exit)
   [travel] step 130: (9, 93)->(10, 93) map=(3, 30) (path 39 to exit)
   [travel] step 140: (14, 98)->(14, 99) map=(3, 30) (path 29 to exit)
   [travel] step 150: (15, 107)->(16, 107) map=(3, 30) (path 19 to exit)
   [travel] HEARTBEAT step=160 map=(3, 30) coords=(17, 111) elapsed=58s
   [travel] step 160: (17, 111)->(17, 112) map=(3, 30) (path 11 to exit)
   [travel] MAP TRANSITION (3, 30) -> (3, 31)
   [travel] south connection band cols: [0, 1, 2, 3, 4, 5, 6, 7, 8, 9, 10, 11, 12, 13, 14, 15, 16, 17, 18, 19, 20, 21, 22, 23, 24, 25, 26, 27, 28, 29, 30, 31, 32, 33, 34, 35, 36, 37, 38, 39, 40, 41, 42, 43, 44, 45, 46, 47, 48, 49, 50, 51, 52, 53, 54, 55, 56, 57, 58, 59, 60, 61, 62, 63, 64, 65, 66, 67, 68, 69, 70, 71, 72]
   [travel] ARRIVED at target map (3, 31) coords=(63, 0)
   [travel] start map=(3, 31) coords=(63, 0) -> map (3, 32) (budget 300s, surf-capable)
   [travel] west connection band rows: [5, 7, 9, 11, 13]
   [travel] step 0: (63, 0)->(63, 1) map=(3, 31) (path 97 to exit)
   [travel] step 10: (63, 10)->(63, 11) map=(3, 31) (path 87 to exit)
   [travel] step 20: (54, 11)->(54, 12) map=(3, 31) (path 79 to exit)
   [travel] step 30: (46, 11)->(45, 11) map=(3, 31) (path 69 to exit)
   [travel] HEARTBEAT step=40 map=(3, 31) coords=(36, 11) elapsed=17s
   [travel] step 40: (36, 11)->(35, 11) map=(3, 31) (path 59 to exit)
   [travel] step 50: (28, 9)->(27, 9) map=(3, 31) (path 49 to exit)
   [travel] step 60: (28, 7)->(29, 7) map=(3, 31) (path 39 to exit)
   [travel] step 70: (26, 5)->(25, 5) map=(3, 31) (path 29 to exit)
   [travel] HEARTBEAT step=80 map=(3, 31) coords=(18, 7) elapsed=23s
   [travel] step 80: (18, 7)->(17, 7) map=(3, 31) (path 19 to exit)
   [travel] step 90: (8, 7)->(7, 7) map=(3, 31) (path 9 to exit)
   [travel] MAP TRANSITION (3, 31) -> (3, 32)
   [travel] west connection band rows: [0, 1, 2, 3, 4, 5, 6, 7, 8, 9, 10, 11, 12, 13, 14, 15, 16, 17, 18, 19, 20, 21, 22, 23, 24, 25, 26, 27, 28, 29, 30, 31, 32, 33, 34, 35, 36, 37, 38, 39, 45, 46, 47, 48, 50, 51, 52, 53, 54, 56]
   [travel] ARRIVED at target map (3, 32) coords=(23, 7)
   [travel] start map=(3, 32) coords=(23, 7) -> map (3, 33) (budget 300s, surf-capable)
   [travel] west connection band rows: [0, 1, 2, 3, 4, 5, 6, 7, 8, 9, 10, 11, 12, 13, 14, 15, 16, 17, 18, 19, 20, 21, 22, 23, 24, 25, 26, 27, 28, 29, 30, 31, 32, 33, 34, 35, 36, 37, 38, 39, 45, 46, 47, 48, 50, 51, 52, 53, 54, 56]
   [travel] step 0: (23, 7)->(22, 7) map=(3, 32) (path 75 to exit)
   [travel] step 10: (15, 9)->(14, 9) map=(3, 32) (path 65 to exit)
   [travel] step 20: (13, 11)->(14, 11) map=(3, 32) (path 55 to exit)
   [travel] step 30: (14, 20)->(14, 21) map=(3, 32) (path 45 to exit)
   [travel] HEARTBEAT step=40 map=(3, 32) coords=(14, 30) elapsed=5s
   [travel] step 40: (14, 30)->(14, 31) map=(3, 32) (path 35 to exit)
   [travel] step 50: (14, 40)->(14, 41) map=(3, 32) (path 25 to exit)
   [travel] step 60: (14, 50)->(13, 50) map=(3, 32) (path 15 to exit)
   [travel] step 70: (4, 50)->(3, 50) map=(3, 32) (path 5 to exit)
   [travel] MAP TRANSITION (3, 32) -> (3, 33)
   [travel] west connection band rows: [10, 11, 12, 13]
   [travel] ARRIVED at target map (3, 33) coords=(71, 10)
   [travel] start map=(3, 33) coords=(71, 10) -> map (3, 7) (budget 300s, surf-capable)
   [travel] west connection band rows: [10, 11, 12, 13]
   [travel] path blocked at (71, 10) (NPC on the gap?) - waiting
   [travel] no clean path from (71, 10) AND no NPC-allowing path (npcs nearby=[(63, 13), (73, 7)]) - genuine wall/zone gap, will time out
   [travel] !! TRAVEL WEDGE: identical fp x4 retries at (71, 10) map=(3, 33) (reason=no_route) -> returning to roam LOUD (no inner spin)
   [travel] start map=(3, 33) coords=(71, 10) -> coord (16, 12) (budget 240s, surf-capable)
   [travel] step 0: (71, 10)->(71, 11) map=(3, 33) (path 60 to exit)
   [travel] step 10: (63, 12)->(62, 12) map=(3, 33) (path 50 to exit)
   [travel] step 20: (54, 13)->(53, 13) map=(3, 33) (path 40 to exit)
   [travel] step 30: (44, 13)->(43, 13) map=(3, 33) (path 30 to exit)
   [travel] HEARTBEAT step=40 map=(3, 33) coords=(34, 13) elapsed=5s
   [travel] step 40: (34, 13)->(33, 13) map=(3, 33) (path 20 to exit)
   [travel] step 50: (25, 12)->(24, 12) map=(3, 33) (path 10 to exit)
   [travel] reached target coord (16, 12)
   [travel] start map=(3, 33) coords=(16, 9) -> coord (17, 11) (budget 60s, surf-capable)
   [travel] step 0: (16, 9)->(16, 10) map=(3, 33) (path 4 to exit)
   [travel] reached target coord (17, 11)
   [travel] start map=(24, 0) coords=(11, 6) -> coord (1, 7) (budget 110s, surf-capable)
   [travel] step 0: (11, 6)->(11, 7) map=(24, 0) (path 12 to exit)
   [travel] step 10: (2, 7)->(1, 7) map=(24, 0) (path 2 to exit)
   [travel] reached target coord (1, 7)
   [travel] start map=(24, 0) coords=(1, 3) -> coord (1, 8) (budget 90s, surf-capable)
   [travel] step 0: (1, 3)->(1, 4) map=(24, 0) (path 6 to exit)
   [travel] reached target coord (1, 8)
   [travel] start map=(24, 0) coords=(1, 3) -> coord (2, 6) (budget 60s, surf-capable)
   [travel] step 0: (1, 3)->(1, 4) map=(24, 0) (path 5 to exit)
   [travel] reached target coord (2, 6)
   [travel] start map=(3, 33) coords=(9, 11) -> map (3, 7) (budget 300s, surf-capable)
   [travel] west connection band rows: [10, 11, 12, 13]
   [travel] step 0: (9, 11)->(8, 11) map=(3, 33) (path 10 to exit)
   [travel] MAP TRANSITION (3, 33) -> (3, 7)
   [travel] west connection band rows: [0, 1, 2, 3, 4, 5, 6, 7, 8, 9, 18, 19, 20, 30, 31, 32, 33, 34, 35, 36, 37, 38, 39]
   [travel] ARRIVED at target map (3, 7) coords=(47, 21)
   [travel] start map=(3, 7) coords=(47, 21) -> coord (25, 32) (budget 120s, surf-capable)
   [travel] step 0: (47, 21)->(47, 22) map=(3, 7) (path 86 to exit)
   [travel] step 10: (38, 22)->(37, 22) map=(3, 7) (path 76 to exit)
   [travel] step 20: (30, 24)->(30, 25) map=(3, 7) (path 66 to exit)
   [travel] step 30: (21, 25)->(20, 25) map=(3, 7) (path 56 to exit)
   [travel] HEARTBEAT step=40 map=(3, 7) coords=(11, 25) elapsed=5s
   [travel] step 40: (11, 25)->(10, 25) map=(3, 7) (path 46 to exit)
   [travel] step 50: (3, 27)->(3, 28) map=(3, 7) (path 36 to exit)
   [travel] step 60: (4, 36)->(5, 36) map=(3, 7) (path 26 to exit)
   [travel] step 70: (11, 33)->(11, 32) map=(3, 7) (path 16 to exit)
   [travel] HEARTBEAT step=80 map=(3, 7) coords=(20, 32) elapsed=11s
   [travel] step 80: (20, 32)->(21, 32) map=(3, 7) (path 6 to exit)
   [travel] reached target coord (25, 32)
   [travel] start map=(11, 5) coords=(11, 2) -> coord (7, 7) (budget 60s, surf-capable)
   [travel] step 0: (11, 2)->(11, 3) map=(11, 5) (path 10 to exit)
   [travel] reached target coord (7, 7)
   [travel] start map=(3, 7) coords=(25, 32) -> coord (25, 32) (budget 120s, surf-capable)
   [travel] reached target coord (25, 32)
   [travel] start map=(11, 5) coords=(11, 2) -> coord (7, 7) (budget 60s, surf-capable)
   [travel] step 0: (11, 2)->(11, 3) map=(11, 5) (path 10 to exit)
   [travel] reached target coord (7, 7)
   [travel] start map=(3, 7) coords=(25, 32) -> map (3, 37) (budget 300s, surf-capable)
   [travel] south connection band cols: [0, 1, 2, 3, 4, 5, 6, 7, 8, 9, 10, 11, 19, 20, 21, 22, 23, 24, 25, 26, 27, 28, 36, 37, 38, 39, 40, 41, 42, 43, 44, 45, 46, 47, 48]
   [travel] step 0: (25, 32)->(25, 33) map=(3, 7) (path 7 to exit)
   [travel] MAP TRANSITION (3, 7) -> (3, 37)
   [travel] south connection band cols: [0, 1, 2, 3, 4, 5, 6, 7, 8, 9, 10, 11, 12, 13, 14, 15, 16, 17, 18, 19, 20, 21, 22, 23, 24]
   [travel] ARRIVED at target map (3, 37) coords=(13, 0)
   [travel] start map=(3, 37) coords=(13, 0) -> map (3, 38) (budget 300s, surf-capable)
   [travel] west connection band rows: [0, 1, 2, 3, 4, 5, 6, 7, 8, 9, 10, 11, 12, 13, 14, 15, 16, 17, 18, 19, 20, 21, 22, 23, 24, 25, 26, 27, 28, 29, 30, 31, 32, 33, 34, 35, 36, 37, 38, 39, 40, 41, 42, 43, 44, 45, 46, 47, 48, 49, 50, 51, 52, 53, 54, 55, 56, 57, 58, 59]
   [travel] step 0: (13, 0)->(13, 1) map=(3, 37) (path 53 to exit)
   [travel] step 10: (13, 10)->(13, 11) map=(3, 37) (path 46 to exit)
   [campaign]    [dlg hm-surf] 'The water is dyed a deep blue.. Would you like to SURF?'
   [campaign]    [dlg hm-surf] 'BLASTOISE used SURF!'
   [campaign]    [dlg-pace hm-surf] box 'The water is dyed a deep blue.. Would you like t' visible 1.27s (sink 0ms, hold 0.09s, end=next_box)
   [campaign]    [dlg-pace hm-surf] box 'BLASTOISE used SURF!' visible 2.65s (sink 0ms, hold 0.04s, end=closed)
   [travel] ?? SURF MOUNT at (12, 13) -> (12, 14) (map (3, 37))
   [travel] step 20: (11, 18)->(11, 19) map=(3, 37) (path 36 to exit)
   [travel] step 30: (11, 28)->(11, 29) map=(3, 37) (path 26 to exit)
   [travel] HEARTBEAT step=40 map=(3, 37) coords=(11, 38) elapsed=13s
   [travel] step 40: (11, 38)->(11, 39) map=(3, 37) (path 16 to exit)
   [travel] step 50: (5, 42)->(4, 42) map=(3, 37) (path 6 to exit)
   [travel] edge row 42 won't cross (5+ W presses eaten) — dropped from the band, re-planning to another crossable row (1/6)
   [travel] MAP TRANSITION (3, 37) -> (3, 38)
   [travel] west connection band rows: [0, 1, 2, 3, 4, 5, 6, 7, 8, 9, 10, 11, 12, 13, 14, 15, 16, 17, 18, 19]
   [travel] ARRIVED at target map (3, 38) coords=(119, 3)
   [travel] start map=(3, 38) coords=(119, 3) -> map (3, 8) (budget 300s, surf-capable)
   [travel] west connection band rows: [0, 1, 2, 3, 4, 5, 6, 7, 8, 9, 10, 11, 12, 13, 14, 15, 16, 17, 18, 19]
   [travel] path blocked at (119, 3) (NPC on the gap?) - waiting
   [travel] no clean path from (119, 3) AND no NPC-allowing path (npcs nearby=[(107, 6), (128, 1), (129, 1), (129, 8)]) - genuine wall/zone gap, will time out
   [travel] !! TRAVEL WEDGE: identical fp x4 retries at (119, 3) map=(3, 38) (reason=no_route) -> returning to roam LOUD (no inner spin)
   [travel] start map=(3, 38) coords=(119, 3) -> map (3, 8) (budget 300s, surf-capable)
   [travel] west connection band rows: [0, 1, 2, 3, 4, 5, 6, 7, 8, 9, 10, 11, 12, 13, 14, 15, 16, 17, 18, 19]
   [travel] path blocked at (119, 3) (NPC on the gap?) - waiting
   [travel] no clean path from (119, 3) AND no NPC-allowing path (npcs nearby=[(108, 9), (128, 1), (129, 1), (129, 8)]) - genuine wall/zone gap, will time out
   [travel] !! TRAVEL WEDGE: identical fp x4 retries at (119, 3) map=(3, 38) (reason=no_route) -> returning to roam LOUD (no inner spin)
   [travel] start map=(3, 38) coords=(119, 3) -> map (3, 8) (budget 300s, surf-capable)
   [travel] west connection band rows: [0, 1, 2, 3, 4, 5, 6, 7, 8, 9, 10, 11, 12, 13, 14, 15, 16, 17, 18, 19]
   [travel] path blocked at (119, 3) (NPC on the gap?) - waiting
   [travel] no clean path from (119, 3) AND no NPC-allowing path (npcs nearby=[(110, 9), (128, 1), (129, 1), (129, 8)]) - genuine wall/zone gap, will time out
   [travel] !! TRAVEL WEDGE: identical fp x4 retries at (119, 3) map=(3, 38) (reason=no_route) -> returning to roam LOUD (no inner spin)
   [travel] start map=(3, 38) coords=(119, 3) -> map (3, 8) (budget 300s, surf-capable)
   [travel] west connection band rows: [0, 1, 2, 3, 4, 5, 6, 7, 8, 9, 10, 11, 12, 13, 14, 15, 16, 17, 18, 19]
   [travel] path blocked at (119, 3) (NPC on the gap?) - waiting
   [travel] no clean path from (119, 3) AND no NPC-allowing path (npcs nearby=[(109, 6), (128, 1), (129, 1), (129, 8)]) - genuine wall/zone gap, will time out
   [travel] !! TRAVEL WEDGE: identical fp x4 retries at (119, 3) map=(3, 38) (reason=no_route) -> returning to roam LOUD (no inner spin)
   [travel] start map=(3, 38) coords=(119, 3) -> map (3, 8) (budget 300s, surf-capable)
   [travel] west connection band rows: [0, 1, 2, 3, 4, 5, 6, 7, 8, 9, 10, 11, 12, 13, 14, 15, 16, 17, 18, 19]
   [travel] path blocked at (119, 3) (NPC on the gap?) - waiting
   [travel] no clean path from (119, 3) AND no NPC-allowing path (npcs nearby=[(106, 9), (128, 1), (129, 1), (129, 8)]) - genuine wall/zone gap, will time out
   [travel] !! TRAVEL WEDGE: identical fp x4 retries at (119, 3) map=(3, 38) (reason=no_route) -> returning to roam LOUD (no inner spin)
   [travel] start map=(3, 38) coords=(119, 3) -> map (3, 37) (budget 300s, surf-capable)
   [travel] east connection band rows: [0, 1, 2, 3, 4, 5, 6, 7, 8, 9, 10, 11, 12, 13, 14, 15, 16, 17, 18, 19]
   [travel] step 0: (119, 3)->(0, 43) map=(3, 38) (path 2 to exit)
   [travel] MAP TRANSITION (3, 38) -> (3, 37)
   [travel] east connection band rows: [0, 1, 2, 3, 4, 5, 6, 7, 8, 9, 10, 11, 12, 13, 14, 15, 16, 17, 18, 19, 20, 21, 22, 23, 24, 25, 26, 27, 28, 29, 30, 31, 32, 33, 34, 35, 36, 37, 38, 39, 40, 41, 42, 43, 44, 45, 46, 47, 48, 49, 50, 51, 52, 53, 54, 55, 56, 57, 58, 59]
   [travel] ARRIVED at target map (3, 37) coords=(0, 43)
   [travel] start map=(3, 37) coords=(0, 43) -> map (3, 7) (budget 300s, surf-capable)
   [travel] north connection band cols: [7, 8, 9, 10, 11, 12, 13, 14, 15, 16]
   [travel] step 0: (0, 43)->(0, 42) map=(3, 37) (path 59 to exit)
   [travel] step 10: (3, 36)->(3, 35) map=(3, 37) (path 49 to exit)
   [travel] step 20: (3, 26)->(3, 25) map=(3, 37) (path 39 to exit)
   [travel] step 30: (7, 20)->(7, 19) map=(3, 37) (path 29 to exit)
   [travel] HEARTBEAT step=40 map=(3, 37) coords=(7, 10) elapsed=5s
   [travel] step 40: (7, 10)->(7, 9) map=(3, 37) (path 19 to exit)
   [travel] step 50: (15, 8)->(15, 7) map=(3, 37) (path 9 to exit)
   [travel] MAP TRANSITION (3, 37) -> (3, 7)
   [travel] north connection band cols: [0, 1, 2, 3, 4, 5, 6, 7, 8, 9, 10, 11, 12, 13, 14, 15, 16, 17, 18, 19, 20, 21, 22, 23, 24, 25, 26, 27, 28, 29, 30, 31, 32, 33, 34, 35, 36, 37, 38, 39, 40, 41, 42, 43, 44, 45, 46, 47, 48]
   [travel] ARRIVED at target map (3, 7) coords=(27, 39)
   [travel] start map=(3, 7) coords=(27, 39) -> map (3, 33) (budget 300s, surf-capable)
   [travel] east connection band rows: [0, 1, 2, 3, 4, 5, 6, 7, 8, 9, 20, 21, 22, 30, 31, 32, 33, 34, 35, 36, 37, 38, 39]
   [travel] step 0: (27, 39)->(27, 38) map=(3, 7) (path 50 to exit)
   [travel] step 10: (21, 35)->(21, 34) map=(3, 7) (path 40 to exit)
   [travel] step 20: (28, 32)->(29, 32) map=(3, 7) (path 31 to exit)
   [travel] step 30: (29, 23)->(29, 22) map=(3, 7) (path 21 to exit)
   [travel] HEARTBEAT step=40 map=(3, 7) coords=(38, 22) elapsed=5s
   [travel] step 40: (38, 22)->(39, 22) map=(3, 7) (path 11 to exit)
   [travel] MAP TRANSITION (3, 7) -> (3, 33)
   [travel] east connection band rows: [7, 10, 11, 12, 13, 14, 16]
   [travel] ARRIVED at target map (3, 33) coords=(0, 12)
   [travel] start map=(3, 33) coords=(0, 12) -> map (3, 32) (budget 300s, surf-capable)
   [travel] east connection band rows: [7, 10, 11, 12, 13, 14, 16]
   [travel] path blocked at (0, 12) (NPC on the gap?) - waiting
   [travel] no clean path from (0, 12) AND no NPC-allowing path (npcs nearby=[]) - genuine wall/zone gap, will time out
   [travel] !! TRAVEL WEDGE: identical fp x4 retries at (0, 12) map=(3, 33) (reason=no_route) -> returning to roam LOUD (no inner spin)
   [travel] start map=(3, 33) coords=(0, 12) -> coord (9, 12) (budget 240s, surf-capable)
   [travel] step 0: (0, 12)->(1, 12) map=(3, 33) (path 10 to exit)
   [travel] reached target coord (9, 12)
   [travel] start map=(3, 33) coords=(9, 9) -> coord (8, 11) (budget 60s, surf-capable)
   [travel] step 0: (9, 9)->(9, 10) map=(3, 33) (path 4 to exit)
   [travel] reached target coord (8, 11)
   [travel] start map=(24, 0) coords=(1, 6) -> coord (9, 10) (budget 110s, surf-capable)
   [travel] step 0: (1, 6)->(1, 7) map=(24, 0) (path 13 to exit)
   [travel] step 10: (8, 9)->(8, 10) map=(24, 0) (path 3 to exit)
   [travel] reached target coord (9, 10)
   [travel] start map=(24, 1) coords=(10, 9) -> coord (11, 9) (budget 60s, surf-capable)
   [travel] step 0: (10, 9)->(11, 9) map=(24, 1) (path 2 to exit)
   [travel] reached target coord (11, 9)
   [travel] start map=(24, 0) coords=(9, 10) -> coord (10, 6) (budget 60s, surf-capable)
   [travel] step 0: (9, 10)->(9, 9) map=(24, 0) (path 6 to exit)
   [travel] reached target coord (10, 6)
   [travel] start map=(3, 33) coords=(16, 11) -> map (3, 32) (budget 300s, surf-capable)
   [travel] east connection band rows: [7, 10, 11, 12, 13, 14, 16]
   [travel] step 0: (16, 11)->(16, 12) map=(3, 33) (path 60 to exit)
   [travel] step 10: (24, 13)->(25, 13) map=(3, 33) (path 50 to exit)
   [travel] step 20: (33, 12)->(34, 12) map=(3, 33) (path 40 to exit)
   [travel] step 30: (43, 12)->(44, 12) map=(3, 33) (path 30 to exit)
   [travel] HEARTBEAT step=40 map=(3, 33) coords=(51, 14) elapsed=17s
   [travel] step 40: (51, 14)->(52, 14) map=(3, 33) (path 22 to exit)
   [travel] step 50: (61, 14)->(62, 14) map=(3, 33) (path 12 to exit)
   [travel] step 60: (71, 14)->(0, 54) map=(3, 33) (path 2 to exit)
   [travel] MAP TRANSITION (3, 33) -> (3, 32)
   [travel] east connection band rows: [5, 7, 9, 11, 13, 14, 16, 17, 18, 19, 20, 21, 22, 23, 24, 25, 26, 27, 28, 29, 30, 31, 32, 33, 34, 35, 36, 37, 38, 39, 40, 41, 42, 43, 44, 45, 46, 47, 48, 49, 50, 51, 52, 53, 54, 55, 56, 57, 58, 59]
   [travel] ARRIVED at target map (3, 32) coords=(0, 54)
   [travel] start map=(3, 32) coords=(0, 54) -> map (3, 31) (budget 300s, surf-capable)
   [travel] east connection band rows: [5, 7, 9, 11, 13, 14, 16, 17, 18, 19, 20, 21, 22, 23, 24, 25, 26, 27, 28, 29, 30, 31, 32, 33, 34, 35, 36, 37, 38, 39, 40, 41, 42, 43, 44, 45, 46, 47, 48, 49, 50, 51, 52, 53, 54, 55, 56, 57, 58, 59]
   [travel] step 0: (0, 54)->(0, 53) map=(3, 32) (path 68 to exit)
   [travel] step 10: (2, 46)->(2, 45) map=(3, 32) (path 58 to exit)
   [travel] step 20: (7, 41)->(7, 40) map=(3, 32) (path 48 to exit)
   [travel] step 30: (11, 35)->(11, 36) map=(3, 32) (path 60 to exit)
   [travel] HEARTBEAT step=40 map=(3, 32) coords=(11, 45) elapsed=18s
   [travel] step 40: (11, 45)->(11, 46) map=(3, 32) (path 50 to exit)
   [travel] step 50: (14, 40)->(14, 39) map=(3, 32) (path 40 to exit)
   [travel] step 60: (14, 30)->(14, 29) map=(3, 32) (path 30 to exit)
   [travel] step 70: (14, 20)->(14, 19) map=(3, 32) (path 20 to exit)
   [travel] HEARTBEAT step=80 map=(3, 32) coords=(15, 11) elapsed=23s
   [travel] step 80: (15, 11)->(16, 11) map=(3, 32) (path 10 to exit)
   [travel] MAP TRANSITION (3, 32) -> (3, 31)
   [travel] east connection band rows: [0, 1, 2, 3, 4, 5, 6, 7, 8, 9, 10, 11, 12, 13, 14, 15, 16, 17, 18, 19]
   [travel] ARRIVED at target map (3, 31) coords=(0, 11)
   [travel] start map=(3, 31) coords=(0, 11) -> map (3, 30) (budget 300s, surf-capable)
   [travel] north connection band cols: [0, 1, 2, 3, 4, 5, 6, 7, 8, 9, 10, 11, 12, 13, 14, 15, 16, 17, 18, 19, 20, 21, 22, 23, 24, 25, 26, 27, 28, 29, 30, 31, 32, 33, 34, 35, 36, 37, 38, 39, 40, 41, 42, 43, 44, 45, 46, 47, 62, 63, 64, 65, 66, 67, 68, 69, 70, 71, 72]
   [travel] step 0: (0, 11)->(1, 11) map=(3, 31) (path 100 to exit)
   [travel] step 10: (8, 9)->(9, 9) map=(3, 31) (path 90 to exit)
   [travel] step 20: (16, 7)->(16, 6) map=(3, 31) (path 80 to exit)
   [travel] step 30: (24, 5)->(25, 5) map=(3, 31) (path 70 to exit)
   [travel] HEARTBEAT step=40 map=(3, 31) coords=(30, 7) elapsed=5s
   [travel] step 40: (30, 7)->(29, 7) map=(3, 31) (path 60 to exit)
   [travel] step 50: (26, 9)->(27, 9) map=(3, 31) (path 50 to exit)
   [travel] step 60: (34, 11)->(35, 11) map=(3, 31) (path 40 to exit)
   [travel] step 70: (44, 11)->(45, 11) map=(3, 31) (path 30 to exit)
   [travel] HEARTBEAT step=80 map=(3, 31) coords=(54, 11) elapsed=11s
   [travel] step 80: (54, 11)->(55, 11) map=(3, 31) (path 20 to exit)
   [travel] step 90: (62, 9)->(62, 8) map=(3, 31) (path 10 to exit)
===== playlive_2026-08-07_19-24-47.log =====
   [travel] start map=(3, 38) coords=(60, 11) -> map (3, 37) (budget 300s, surf-capable)
   [travel] east connection band rows: [0, 1, 2, 3, 4, 5, 6, 7, 8, 9, 10, 11, 12, 13, 14, 15, 16, 17, 18, 19]
   [travel] releasing 1 stale NPC block(s) [(60, 12)] — tile(s) read empty now (wanderer moved on)
   [travel] step 0: (60, 11)->(60, 10) map=(3, 38) (path 69 to exit)
   [travel] step 10: (66, 7)->(66, 6) map=(3, 38) (path 59 to exit)
   [travel] step 20: (74, 5)->(75, 5) map=(3, 38) (path 49 to exit)
   [campaign]    [dlg hm-surf] 'The water is dyed a deep blue.. Would you like to SURF?'
   [campaign]    [dlg hm-surf] 'BLASTOISE used SURF!'
   [campaign]    [dlg-pace hm-surf] box 'The water is dyed a deep blue.. Would you like t' visible 1.54s (sink 0ms, hold 0.09s, end=next_box)
   [campaign]    [dlg-pace hm-surf] box 'BLASTOISE used SURF!' visible 2.64s (sink 0ms, hold 0.04s, end=closed)
   [travel] ?? SURF MOUNT at (77, 7) -> (78, 7) (map (3, 38))
   [travel] step 30: (82, 7)->(83, 7) map=(3, 38) (path 39 to exit)
   [travel] HEARTBEAT step=40 map=(3, 38) coords=(92, 7) elapsed=12s
   [travel] step 40: (92, 7)->(93, 7) map=(3, 38) (path 29 to exit)
   [travel] step 50: (102, 7)->(103, 7) map=(3, 38) (path 19 to exit)
   [travel] releasing 1 stale NPC block(s) [(110, 6)] — tile(s) read empty now (wanderer moved on)
   [travel] step 60: (112, 7)->(113, 7) map=(3, 38) (path 9 to exit)
   [travel] MAP TRANSITION (3, 38) -> (3, 37)
   [travel] east connection band rows: [0, 1, 2, 3, 4, 5, 6, 7, 8, 9, 10, 11, 12, 13, 14, 15, 16, 17, 18, 19, 20, 21, 22, 23, 24, 25, 26, 27, 28, 29, 30, 31, 32, 33, 34, 35, 36, 37, 38, 39, 40, 41, 42, 43, 44, 45, 46, 47, 48, 49, 50, 51, 52, 53, 54, 55, 56, 57, 58, 59]
   [travel] ARRIVED at target map (3, 37) coords=(0, 47)
   [travel] start map=(3, 37) coords=(0, 47) -> map (3, 7) (budget 300s, surf-capable)
   [travel] north connection band cols: [7, 8, 9, 10, 11, 12, 13, 14, 15, 16]
   [travel] step 0: (0, 47)->(0, 46) map=(3, 37) (path 63 to exit)
   [travel] step 10: (2, 39)->(2, 38) map=(3, 37) (path 53 to exit)
   [travel] step 20: (3, 30)->(3, 29) map=(3, 37) (path 43 to exit)
   [travel] step 30: (5, 22)->(5, 21) map=(3, 37) (path 33 to exit)
   [travel] HEARTBEAT step=40 map=(3, 37) coords=(7, 14) elapsed=6s
   [travel] step 40: (7, 14)->(7, 13) map=(3, 37) (path 23 to exit)
   [travel] step 50: (11, 8)->(12, 8) map=(3, 37) (path 13 to exit)
   [travel] step 60: (15, 2)->(15, 1) map=(3, 37) (path 3 to exit)
   [travel] MAP TRANSITION (3, 37) -> (3, 7)
   [travel] north connection band cols: [0, 1, 2, 3, 4, 5, 6, 7, 8, 9, 10, 11, 12, 13, 14, 15, 16, 17, 18, 19, 20, 21, 22, 23, 24, 25, 26, 27, 28, 29, 30, 31, 32, 33, 34, 35, 36, 37, 38, 39, 40, 41, 42, 43, 44, 45, 46, 47, 48]
   [travel] ARRIVED at target map (3, 7) coords=(27, 39)
   [travel] start map=(3, 7) coords=(27, 39) -> map (3, 33) (budget 300s, surf-capable)
   [travel] east connection band rows: [0, 1, 2, 3, 4, 5, 6, 7, 8, 9, 20, 21, 22, 30, 31, 32, 33, 34, 35, 36, 37, 38, 39]
   [travel] step 0: (27, 39)->(27, 38) map=(3, 7) (path 50 to exit)
   [travel] step 10: (21, 35)->(21, 34) map=(3, 7) (path 40 to exit)
   [travel] step 20: (28, 32)->(29, 32) map=(3, 7) (path 31 to exit)
   [travel] step 30: (29, 23)->(29, 22) map=(3, 7) (path 21 to exit)
   [travel] HEARTBEAT step=40 map=(3, 7) coords=(38, 22) elapsed=5s
   [travel] step 40: (38, 22)->(39, 22) map=(3, 7) (path 11 to exit)
   [travel] MAP TRANSITION (3, 7) -> (3, 33)
   [travel] east connection band rows: [7, 10, 11, 12, 13, 14, 16]
   [travel] ARRIVED at target map (3, 33) coords=(0, 12)
   [travel] start map=(3, 33) coords=(0, 12) -> map (3, 32) (budget 300s, surf-capable)
   [travel] east connection band rows: [7, 10, 11, 12, 13, 14, 16]
   [travel] path blocked at (0, 12) (NPC on the gap?) - waiting
   [travel] no clean path from (0, 12) AND no NPC-allowing path (npcs nearby=[]) - genuine wall/zone gap, will time out
   [travel] !! TRAVEL WEDGE: identical fp x4 retries at (0, 12) map=(3, 33) (reason=no_route) -> returning to roam LOUD (no inner spin)
   [travel] start map=(3, 33) coords=(0, 12) -> coord (9, 12) (budget 240s, surf-capable)
   [travel] step 0: (0, 12)->(1, 12) map=(3, 33) (path 10 to exit)
   [travel] reached target coord (9, 12)
   [travel] start map=(3, 33) coords=(9, 9) -> coord (8, 11) (budget 60s, surf-capable)
   [travel] step 0: (9, 9)->(9, 10) map=(3, 33) (path 4 to exit)
   [travel] reached target coord (8, 11)
   [travel] start map=(24, 0) coords=(1, 6) -> coord (9, 10) (budget 110s, surf-capable)
   [travel] step 0: (1, 6)->(1, 7) map=(24, 0) (path 13 to exit)
   [travel] step 10: (8, 9)->(8, 10) map=(24, 0) (path 3 to exit)
   [travel] reached target coord (9, 10)
   [travel] start map=(24, 1) coords=(10, 9) -> coord (11, 9) (budget 60s, surf-capable)
   [travel] step 0: (10, 9)->(11, 9) map=(24, 1) (path 2 to exit)
   [travel] reached target coord (11, 9)
   [travel] start map=(24, 0) coords=(9, 10) -> coord (10, 6) (budget 60s, surf-capable)
   [travel] step 0: (9, 10)->(9, 9) map=(24, 0) (path 6 to exit)
   [travel] reached target coord (10, 6)
   [travel] start map=(3, 33) coords=(16, 11) -> map (3, 32) (budget 300s, surf-capable)
   [travel] east connection band rows: [7, 10, 11, 12, 13, 14, 16]
   [travel] step 0: (16, 11)->(16, 12) map=(3, 33) (path 60 to exit)
   [travel] step 10: (23, 14)->(24, 14) map=(3, 33) (path 50 to exit)
   [travel] step 20: (33, 14)->(34, 14) map=(3, 33) (path 40 to exit)
   [travel] !! WATCHDOG disengage requested — bailing this leg LOUD
   [travel] start map=(3, 33) coords=(36, 13) -> map (3, 32) (budget 300s, surf-capable)
   [travel] east connection band rows: [7, 10, 11, 12, 13, 14, 16]
   [travel] step 0: (36, 13)->(37, 13) map=(3, 33) (path 38 to exit)
   [travel] path blocked at (43, 14) (NPC on the gap?) - waiting
   [travel] no clean path from (43, 14); NPC-allowing path EXISTS (len 30), blocker NPC tile=None, npcs nearby=[(37, 14), (39, 7), (40, 7), (43, 13), (50, 12), (52, 8)] -> approaching to interact/trigger
   [travel] blocker is a TRAINER - fighting through
   [play-live]    [engine] re-entry: foe is already DOWN — draining the faint/switch chain
   [play-live]    [engine] JUST FIGHT: L68 vs L28 + connecting damage — skipping bag/switch hierarchy this turn
   [play-live]    [engine] action menu: Surf - a not-very-effective hit -> slot 2 (eff x0.5) vs gloom 71/71 | [0]Bite(p60,pp=7,ref=0,sc=60) [1]Skull Bash(p100,pp=15,ref=0,sc=50) [2]Surf(p95*STAB,pp=13,ref=0,sc=71.25) [3]Earthquake(p100,pp=0,ref=0,sc=100)
   [play-live]    [engine] STREAM COMMIT: Surf - a not-very-effective hit slot 2 (menu_up=1 action=True moves=False)
   [play-live]    [engine] battle-progress: enemy fainted
   [play-live]    [engine] !! WRONG SLOT FIRED: chose 2 but slot 0 was consumed (cursor desync survived the force-write; wrong-fires 1) — LOUD
   [play-live]    [engine] battle-progress: move resolved
   [play-live]    [engine] party screen in drain: voluntary (shift prompt) -> single B out
   [play-live]    [engine] JUST FIGHT: L68 vs L28 + connecting damage — skipping bag/switch hierarchy this turn
   [play-live]    [engine] action menu: Surf - a not-very-effective hit -> slot 2 (eff x0.5) vs oddish 63/63 | [0]Bite(p60,pp=6,ref=0,sc=60) [1]Skull Bash(p100,pp=15,ref=0,sc=50) [2]Surf(p95*STAB,pp=13,ref=0,sc=71.25) [3]Earthquake(p100,pp=0,ref=0,sc=100)
   [play-live]    [engine] STREAM COMMIT: Surf - a not-very-effective hit slot 2 (menu_up=1 action=True moves=False)
   [play-live]    [engine] battle-progress: move resolved
   [play-live]    [engine] battle-progress: enemy fainted
   [play-live]    [engine] WHIFF: foe HP unchanged at 63 across the full turn -> accuracy-debuff spiral (streak 1/3)
   [play-live]    [engine] JUST FIGHT: L68 vs L28 + connecting damage — skipping bag/switch hierarchy this turn
   [play-live]    [engine] action menu: Surf - a not-very-effective hit -> slot 2 (eff x0.5) vs oddish 63/63 | [0]Bite(p60,pp=6,ref=0,sc=60) [1]Skull Bash(p100,pp=15,ref=0,sc=50) [2]Surf(p95*STAB,pp=12,ref=0,sc=71.25) [3]Earthquake(p100,pp=0,ref=0,sc=100)
   [play-live]    [engine] STREAM COMMIT: Surf - a not-very-effective hit slot 2 (menu_up=1 action=True moves=False)
   [play-live]    [engine] battle-progress: move resolved
   [play-live]    [engine] battle-progress: enemy fainted
   [play-live]    [engine] !! post-faint drain: 40 advances, zero progress -> switching to B-first decline pairs (wedge frame saved)
   [travel] blocker battle outcome=win; resuming pathfind
   [travel] step 20: (49, 14)->(50, 14) map=(3, 33) (path 24 to exit)
   [travel] step 30: (59, 14)->(60, 14) map=(3, 33) (path 14 to exit)
   [travel] HEARTBEAT step=40 map=(3, 33) coords=(69, 14) elapsed=95s
   [travel] step 40: (69, 14)->(70, 14) map=(3, 33) (path 4 to exit)
   [travel] MAP TRANSITION (3, 33) -> (3, 32)
   [travel] east connection band rows: [5, 7, 9, 11, 13, 14, 16, 17, 18, 19, 20, 21, 22, 23, 24, 25, 26, 27, 28, 29, 30, 31, 32, 33, 34, 35, 36, 37, 38, 39, 40, 41, 42, 43, 44, 45, 46, 47, 48, 49, 50, 51, 52, 53, 54, 55, 56, 57, 58, 59]
   [travel] ARRIVED at target map (3, 32) coords=(0, 54)
   [travel] start map=(3, 32) coords=(0, 54) -> map (3, 31) (budget 300s, surf-capable)
   [travel] east connection band rows: [5, 7, 9, 11, 13, 14, 16, 17, 18, 19, 20, 21, 22, 23, 24, 25, 26, 27, 28, 29, 30, 31, 32, 33, 34, 35, 36, 37, 38, 39, 40, 41, 42, 43, 44, 45, 46, 47, 48, 49, 50, 51, 52, 53, 54, 55, 56, 57, 58, 59]
   [travel] step 0: (0, 54)->(0, 53) map=(3, 32) (path 68 to exit)
   [travel] step 10: (2, 46)->(2, 45) map=(3, 32) (path 58 to exit)
   [travel] step 20: (7, 41)->(7, 40) map=(3, 32) (path 48 to exit)
   [travel] path blocked at (8, 37) (NPC on the gap?) - waiting
   [travel] no clean path from (8, 37); NPC-allowing path EXISTS (len 43), blocker NPC tile=(12, 35), npcs nearby=[(7, 31), (7, 34), (7, 37), (10, 33), (12, 35), (18, 35)] -> approaching to interact/trigger
   [travel] blocker is a TRAINER - fighting through
   [play-live]    [engine] re-entry: foe is already DOWN — draining the faint/switch chain
   [play-live]    [engine] JUST FIGHT: L68 vs L29 + connecting damage — skipping bag/switch hierarchy this turn
   [play-live]    [engine] action menu: Surf - a STAB hit -> slot 2 (eff x1) vs koffing 62/62 | [0]Bite(p60,pp=6,ref=0,sc=60) [1]Skull Bash(p100,pp=15,ref=0,sc=50) [2]Surf(p95*STAB,pp=11,ref=0,sc=142.5) [3]Earthquake(p100,pp=0,ref=0,sc=400)
   [play-live]    [engine] STREAM COMMIT: Surf - a STAB hit slot 2 (menu_up=1 action=True moves=False)
   [play-live]    [engine] battle-progress: move resolved
   [play-live]    [engine] battle-progress: enemy fainted
   [play-live]    [engine] party screen in drain: voluntary (shift prompt) -> single B out
   [play-live]    [engine] JUST FIGHT: L68 vs L29 + connecting damage — skipping bag/switch hierarchy this turn
   [play-live]    [engine] action menu: Surf - a STAB hit -> slot 2 (eff x1) vs muk 99/99 | [0]Bite(p60,pp=6,ref=0,sc=60) [1]Skull Bash(p100,pp=15,ref=0,sc=50) [2]Surf(p95*STAB,pp=10,ref=0,sc=142.5) [3]Earthquake(p100,pp=0,ref=0,sc=400)
   [play-live]    [engine] STREAM COMMIT: Surf - a STAB hit slot 2 (menu_up=1 action=True moves=False)
   [play-live]    [engine] battle-progress: move resolved
   [play-live]    [engine] battle-progress: enemy fainted
   [travel] blocker battle outcome=win; resuming pathfind
   [travel] HEARTBEAT step=40 map=(3, 32) coords=(8, 45) elapsed=75s
   [travel] step 40: (8, 45)->(8, 46) map=(3, 32) (path 53 to exit)
   [travel] step 50: (14, 43)->(14, 42) map=(3, 32) (path 43 to exit)
   [travel] step 60: (14, 33)->(14, 32) map=(3, 32) (path 33 to exit)
   [travel] step 70: (14, 23)->(14, 22) map=(3, 32) (path 23 to exit)
   [travel] HEARTBEAT step=80 map=(3, 32) coords=(14, 13) elapsed=81s
   [travel] step 80: (14, 13)->(14, 12) map=(3, 32) (path 13 to exit)
   [travel] step 90: (22, 11)->(23, 11) map=(3, 32) (path 3 to exit)
   [travel] MAP TRANSITION (3, 32) -> (3, 31)
   [travel] east connection band rows: [0, 1, 2, 3, 4, 5, 6, 7, 8, 9, 10, 11, 12, 13, 14, 15, 16, 17, 18, 19]
   [travel] ARRIVED at target map (3, 31) coords=(0, 11)
   [travel] start map=(3, 31) coords=(0, 11) -> map (3, 30) (budget 300s, surf-capable)
   [travel] north connection band cols: [0, 1, 2, 3, 4, 5, 6, 7, 8, 9, 10, 11, 12, 13, 14, 15, 16, 17, 18, 19, 20, 21, 22, 23, 24, 25, 26, 27, 28, 29, 30, 31, 32, 33, 34, 35, 36, 37, 38, 39, 40, 41, 42, 43, 44, 45, 46, 47, 62, 63, 64, 65, 66, 67, 68, 69, 70, 71, 72]
   [travel] step 0: (0, 11)->(1, 11) map=(3, 31) (path 100 to exit)
   [travel] step 10: (8, 9)->(9, 9) map=(3, 31) (path 90 to exit)
   [travel] step 20: (16, 7)->(16, 6) map=(3, 31) (path 80 to exit)
   [travel] step 30: (24, 5)->(25, 5) map=(3, 31) (path 70 to exit)
   [travel] HEARTBEAT step=40 map=(3, 31) coords=(30, 7) elapsed=5s
   [travel] step 40: (30, 7)->(29, 7) map=(3, 31) (path 60 to exit)
   [travel] step 50: (26, 9)->(27, 9) map=(3, 31) (path 50 to exit)
   [travel] step 60: (34, 11)->(35, 11) map=(3, 31) (path 40 to exit)
   [travel] step 70: (44, 11)->(45, 11) map=(3, 31) (path 30 to exit)
   [travel] HEARTBEAT step=80 map=(3, 31) coords=(54, 11) elapsed=11s
   [travel] step 80: (54, 11)->(55, 11) map=(3, 31) (path 20 to exit)
   [travel] step 90: (62, 9)->(62, 8) map=(3, 31) (path 10 to exit)
   [travel] MAP TRANSITION (3, 31) -> (3, 30)
   [travel] north connection band cols: [11, 12, 24]
   [travel] ARRIVED at target map (3, 30) coords=(14, 119)
   [travel] start map=(3, 30) coords=(14, 119) -> map (3, 4) (budget 300s, surf-capable)
   [travel] north connection band cols: [11, 12, 24]
   [travel] path blocked at (14, 119) (NPC on the gap?) - waiting
   [travel] no clean path from (14, 119) AND no NPC-allowing path (npcs nearby=[(14, 126)]) - genuine wall/zone gap, will time out
   [travel] !! TRAVEL WEDGE: identical fp x4 retries at (14, 119) map=(3, 30) (reason=no_route) -> returning to roam LOUD (no inner spin)
   [travel] start map=(3, 30) coords=(14, 119) -> coord (14, 22) (budget 240s, surf-capable)
   [travel] step 0: (14, 119)->(14, 118) map=(3, 30) (path 164 to exit)
   [travel] step 10: (16, 111)->(16, 110) map=(3, 30) (path 154 to exit)
   [travel] !! WATCHDOG disengage requested — bailing this leg LOUD
   [travel] start map=(3, 30) coords=(19, 109) -> coord (12, 87) (budget 240s, surf-capable)
   [travel] step 0: (19, 109)->(19, 108) map=(3, 30) (path 36 to exit)
   [travel] step 10: (15, 103)->(15, 102) map=(3, 30) (path 26 to exit)
   [travel] step 20: (15, 93)->(15, 92) map=(3, 30) (path 16 to exit)
   [travel] !! WATCHDOG disengage requested — bailing this leg LOUD
   [travel] start map=(3, 30) coords=(9, 90) -> map (3, 4) (budget 300s, surf-capable)
   [travel] north connection band cols: [11, 12, 24]
   [travel] path blocked at (9, 90) (NPC on the gap?) - waiting
   [travel] no clean path from (9, 90) AND no NPC-allowing path (npcs nearby=[(9, 89), (10, 99)]) - genuine wall/zone gap, will time out
   [travel] !! TRAVEL WEDGE: identical fp x4 retries at (9, 90) map=(3, 30) (reason=no_route) -> returning to roam LOUD (no inner spin)
   [travel] start map=(3, 30) coords=(9, 90) -> map (3, 4) (budget 180s, surf-capable)
   [travel] north connection band cols: [11, 12, 24]
   [travel] path blocked at (9, 90) (NPC on the gap?) - waiting
   [travel] no clean path from (9, 90) AND no NPC-allowing path (npcs nearby=[(9, 89), (10, 99)]) - genuine wall/zone gap, will time out
   [travel] !! TRAVEL WEDGE: identical fp x4 retries at (9, 90) map=(3, 30) (reason=no_route) -> returning to roam LOUD (no inner spin)
   [travel] start map=(3, 30) coords=(9, 90) -> map (3, 31) (budget 180s, surf-capable)
   [travel] south connection band cols: [14, 15, 16, 17, 18, 19, 20, 21, 22, 23, 24]
   [travel] step 0: (9, 90)->(9, 91) map=(3, 30) (path 42 to exit)
   [travel] releasing 1 stale NPC block(s) [(9, 89)] — tile(s) read empty now (wanderer moved on)
   [travel] step 10: (14, 95)->(14, 96) map=(3, 30) (path 32 to exit)
   [travel] step 20: (14, 105)->(14, 106) map=(3, 30) (path 22 to exit)
   [travel] !! WATCHDOG disengage requested — bailing this leg LOUD
   [travel] start map=(3, 30) coords=(19, 107) -> map (3, 4) (budget 180s, surf-capable)
   [travel] north connection band cols: [11, 12, 24]
   [travel] path blocked at (19, 107) (NPC on the gap?) - waiting
   [travel] no clean path from (19, 107) AND no NPC-allowing path (npcs nearby=[(11, 100), (12, 111), (18, 108)]) - genuine wall/zone gap, will time out
   [travel] !! TRAVEL WEDGE: identical fp x4 retries at (19, 107) map=(3, 30) (reason=no_route) -> returning to roam LOUD (no inner spin)
   [travel] start map=(3, 30) coords=(19, 107) -> map (3, 31) (budget 180s, surf-capable)
   [travel] south connection band cols: [14, 15, 16, 17, 18, 19, 20, 21, 22, 23, 24]
   [travel] step 0: (19, 107)->(19, 108) map=(3, 30) (path 17 to exit)
   [travel] step 10: (17, 115)->(17, 116) map=(3, 30) (path 7 to exit)
   [travel] MAP TRANSITION (3, 30) -> (3, 31)
   [travel] south connection band cols: [0, 1, 2, 3, 4, 5, 6, 7, 8, 9, 10, 11, 12, 13, 14, 15, 16, 17, 18, 19, 20, 21, 22, 23, 24, 25, 26, 27, 28, 29, 30, 31, 32, 33, 34, 35, 36, 37, 38, 39, 40, 41, 42, 43, 44, 45, 46, 47, 48, 49, 50, 51, 52, 53, 54, 55, 56, 57, 58, 59, 60, 61, 62, 63, 64, 65, 66, 67, 68, 69, 70, 71, 72]
   [travel] ARRIVED at target map (3, 31) coords=(63, 0)
   [travel] start map=(3, 31) coords=(63, 0) -> coord (-33, 0) (budget 150s, surf-capable)
   [travel] path blocked at (63, 0) (NPC on the gap?) - waiting
   [travel] no clean path from (63, 0) AND no NPC-allowing path (npcs nearby=[(62, 6)]) - genuine wall/zone gap, will time out
   [travel] !! TRAVEL WEDGE: identical fp x4 retries at (63, 0) map=(3, 31) (reason=no_route) -> returning to roam LOUD (no inner spin)
   [travel] start map=(3, 31) coords=(63, 0) -> coord (63, 0) (budget 150s, surf-capable)
   [travel] reached target coord (63, 0)
   [travel] start map=(3, 30) coords=(15, 119) -> map (3, 4) (budget 300s, surf-capable)
   [travel] north connection band cols: [11, 12, 24]
   [travel] path blocked at (15, 119) (NPC on the gap?) - waiting
   [travel] no clean path from (15, 119) AND no NPC-allowing path (npcs nearby=[(14, 126)]) - genuine wall/zone gap, will time out
   [travel] !! TRAVEL WEDGE: identical fp x4 retries at (15, 119) map=(3, 30) (reason=no_route) -> returning to roam LOUD (no inner spin)
   [travel] start map=(3, 30) coords=(15, 119) -> map (3, 4) (budget 300s, surf-capable)
   [travel] north connection band cols: [11, 12, 24]
   [travel] path blocked at (15, 119) (NPC on the gap?) - waiting
   [travel] no clean path from (15, 119) AND no NPC-allowing path (npcs nearby=[(14, 126)]) - genuine wall/zone gap, will time out
   [travel] !! TRAVEL WEDGE: identical fp x4 retries at (15, 119) map=(3, 30) (reason=no_route) -> returning to roam LOUD (no inner spin)
   [travel] start map=(3, 30) coords=(15, 119) -> map (3, 4) (budget 300s, surf-capable)
   [travel] north connection band cols: [11, 12, 24]
   [travel] path blocked at (15, 119) (NPC on the gap?) - waiting
   [travel] no clean path from (15, 119) AND no NPC-allowing path (npcs nearby=[(14, 126)]) - genuine wall/zone gap, will time out
   [travel] !! TRAVEL WEDGE: identical fp x4 retries at (15, 119) map=(3, 30) (reason=no_route) -> returning to roam LOUD (no inner spin)
   [travel] start map=(3, 30) coords=(15, 119) -> map (3, 4) (budget 300s, surf-capable)
   [travel] north connection band cols: [11, 12, 24]
   [travel] path blocked at (15, 119) (NPC on the gap?) - waiting
   [travel] no clean path from (15, 119) AND no NPC-allowing path (npcs nearby=[(15, 126)]) - genuine wall/zone gap, will time out
   [travel] !! TRAVEL WEDGE: identical fp x4 retries at (15, 119) map=(3, 30) (reason=no_route) -> returning to roam LOUD (no inner spin)
   [travel] start map=(3, 30) coords=(15, 119) -> map (3, 4) (budget 300s, surf-capable)
   [travel] north connection band cols: [11, 12, 24]
   [travel] path blocked at (15, 119) (NPC on the gap?) - waiting
   [travel] no clean path from (15, 119) AND no NPC-allowing path (npcs nearby=[(15, 126)]) - genuine wall/zone gap, will time out
   [travel] !! TRAVEL WEDGE: identical fp x4 retries at (15, 119) map=(3, 30) (reason=no_route) -> returning to roam LOUD (no inner spin)
   [travel] start map=(3, 30) coords=(15, 119) -> map (3, 4) (budget 300s, surf-capable)
   [travel] north connection band cols: [11, 12, 24]
   [travel] path blocked at (15, 119) (NPC on the gap?) - waiting
   [travel] no clean path from (15, 119) AND no NPC-allowing path (npcs nearby=[(14, 125)]) - genuine wall/zone gap, will time out
   [travel] !! TRAVEL WEDGE: identical fp x4 retries at (15, 119) map=(3, 30) (reason=no_route) -> returning to roam LOUD (no inner spin)
   [travel] start map=(3, 30) coords=(15, 119) -> map (3, 4) (budget 300s, surf-capable)
   [travel] north connection band cols: [11, 12, 24]
   [travel] path blocked at (15, 119) (NPC on the gap?) - waiting
   [travel] no clean path from (15, 119) AND no NPC-allowing path (npcs nearby=[(14, 126)]) - genuine wall/zone gap, will time out
   [travel] !! TRAVEL WEDGE: identical fp x4 retries at (15, 119) map=(3, 30) (reason=no_route) -> returning to roam LOUD (no inner spin)
   [travel] start map=(3, 30) coords=(15, 119) -> map (3, 1) (budget 300s, surf-capable)
   [travel] south connection band cols: [14, 15, 16, 17, 18, 19, 20, 21, 22, 23, 24]
   [travel] MAP TRANSITION (3, 30) -> (3, 31)
   [travel] south connection band cols: [0, 1, 2, 3, 4, 5, 6, 7, 8, 9, 10, 11, 12, 13, 14, 15, 16, 17, 18, 19, 20, 21, 22, 23, 24, 25, 26, 27, 28, 29, 30, 31, 32, 33, 34, 35, 36, 37, 38, 39, 40, 41, 42, 43, 44, 45, 46, 47, 48, 49, 50, 51, 52, 53, 54, 55, 56, 57, 58, 59, 60, 61, 62, 63, 64, 65, 66, 67, 68, 69, 70, 71, 72]
   [travel] path blocked at (63, 0) (NPC on the gap?) - waiting
   [travel] no clean path from (63, 0) AND no NPC-allowing path (npcs nearby=[(62, 5)]) - genuine wall/zone gap, will time out
   [travel] !! TRAVEL WEDGE: identical fp x4 retries at (63, 0) map=(3, 31) (reason=no_route) -> returning to roam LOUD (no inner spin)
   [travel] start map=(3, 31) coords=(63, 0) -> map (3, 30) (budget 300s, surf-capable)
   [travel] north connection band cols: [0, 1, 2, 3, 4, 5, 6, 7, 8, 9, 10, 11, 12, 13, 14, 15, 16, 17, 18, 19, 20, 21, 22, 23, 24, 25, 26, 27, 28, 29, 30, 31, 32, 33, 34, 35, 36, 37, 38, 39, 40, 41, 42, 43, 44, 45, 46, 47, 62, 63, 64, 65, 66, 67, 68, 69, 70, 71, 72]
   [travel] MAP TRANSITION (3, 31) -> (3, 30)
   [travel] north connection band cols: [11, 12, 24]
   [travel] ARRIVED at target map (3, 30) coords=(15, 119)
   [travel] start map=(3, 30) coords=(15, 119) -> map (3, 4) (budget 300s, surf-capable)
   [travel] north connection band cols: [11, 12, 24]
   [travel] path blocked at (15, 119) (NPC on the gap?) - waiting
   [travel] no clean path from (15, 119) AND no NPC-allowing path (npcs nearby=[(14, 125)]) - genuine wall/zone gap, will time out
   [travel] !! TRAVEL WEDGE: identical fp x4 retries at (15, 119) map=(3, 30) (reason=no_route) -> returning to roam LOUD (no inner spin)
   [travel] start map=(3, 30) coords=(15, 119) -> map (3, 4) (budget 300s, surf-capable)
   [travel] north connection band cols: [11, 12, 24]
   [travel] path blocked at (15, 119) (NPC on the gap?) - waiting
   [travel] no clean path from (15, 119) AND no NPC-allowing path (npcs nearby=[(14, 125)]) - genuine wall/zone gap, will time out
   [travel] !! TRAVEL WEDGE: identical fp x4 retries at (15, 119) map=(3, 30) (reason=no_route) -> returning to roam LOUD (no inner spin)
   [travel] start map=(3, 30) coords=(15, 119) -> map (3, 4) (budget 300s, surf-capable)
   [travel] north connection band cols: [11, 12, 24]
   [travel] path blocked at (15, 119) (NPC on the gap?) - waiting
   [travel] no clean path from (15, 119) AND no NPC-allowing path (npcs nearby=[(14, 125)]) - genuine wall/zone gap, will time out
   [travel] !! TRAVEL WEDGE: identical fp x4 retries at (15, 119) map=(3, 30) (reason=no_route) -> returning to roam LOUD (no inner spin)
   [travel] start map=(3, 30) coords=(15, 119) -> map (3, 4) (budget 300s, surf-capable)
   [travel] north connection band cols: [11, 12, 24]
   [travel] path blocked at (15, 119) (NPC on the gap?) - waiting
   [travel] no clean path from (15, 119) AND no NPC-allowing path (npcs nearby=[(14, 126)]) - genuine wall/zone gap, will time out
   [travel] !! TRAVEL WEDGE: identical fp x4 retries at (15, 119) map=(3, 30) (reason=no_route) -> returning to roam LOUD (no inner spin)
   [travel] start map=(3, 30) coords=(15, 119) -> map (3, 4) (budget 300s, surf-capable)
   [travel] north connection band cols: [11, 12, 24]
   [travel] path blocked at (15, 119) (NPC on the gap?) - waiting
   [travel] no clean path from (15, 119) AND no NPC-allowing path (npcs nearby=[(14, 126)]) - genuine wall/zone gap, will time out
   [travel] !! TRAVEL WEDGE: identical fp x4 retries at (15, 119) map=(3, 30) (reason=no_route) -> returning to roam LOUD (no inner spin)
   [travel] start map=(3, 30) coords=(15, 119) -> map (3, 4) (budget 300s, surf-capable)
   [travel] north connection band cols: [11, 12, 24]
   [travel] path blocked at (15, 119) (NPC on the gap?) - waiting
   [travel] no clean path from (15, 119) AND no NPC-allowing path (npcs nearby=[(14, 126)]) - genuine wall/zone gap, will time out
   [travel] !! TRAVEL WEDGE: identical fp x4 retries at (15, 119) map=(3, 30) (reason=no_route) -> returning to roam LOUD (no inner spin)
   [travel] start map=(3, 30) coords=(15, 119) -> map (3, 4) (budget 300s, surf-capable)
   [travel] north connection band cols: [11, 12, 24]
   [travel] path blocked at (15, 119) (NPC on the gap?) - waiting
   [travel] no clean path from (15, 119) AND no NPC-allowing path (npcs nearby=[(14, 125)]) - genuine wall/zone gap, will time out
   [travel] !! TRAVEL WEDGE: identical fp x4 retries at (15, 119) map=(3, 30) (reason=no_route) -> returning to roam LOUD (no inner spin)
   [travel] start map=(3, 30) coords=(15, 119) -> map (3, 1) (budget 300s, surf-capable)
   [travel] south connection band cols: [14, 15, 16, 17, 18, 19, 20, 21, 22, 23, 24]
   [travel] MAP TRANSITION (3, 30) -> (3, 31)
   [travel] south connection band cols: [0, 1, 2, 3, 4, 5, 6, 7, 8, 9, 10, 11, 12, 13, 14, 15, 16, 17, 18, 19, 20, 21, 22, 23, 24, 25, 26, 27, 28, 29, 30, 31, 32, 33, 34, 35, 36, 37, 38, 39, 40, 41, 42, 43, 44, 45, 46, 47, 48, 49, 50, 51, 52, 53, 54, 55, 56, 57, 58, 59, 60, 61, 62, 63, 64, 65, 66, 67, 68, 69, 70, 71, 72]
   [travel] path blocked at (63, 0) (NPC on the gap?) - waiting
   [travel] no clean path from (63, 0) AND no NPC-allowing path (npcs nearby=[(62, 5)]) - genuine wall/zone gap, will time out
   [travel] !! TRAVEL WEDGE: identical fp x4 retries at (63, 0) map=(3, 31) (reason=no_route) -> returning to roam LOUD (no inner spin)
   [travel] start map=(3, 31) coords=(63, 0) -> map (3, 30) (budget 300s, surf-capable)
   [travel] north connection band cols: [0, 1, 2, 3, 4, 5, 6, 7, 8, 9, 10, 11, 12, 13, 14, 15, 16, 17, 18, 19, 20, 21, 22, 23, 24, 25, 26, 27, 28, 29, 30, 31, 32, 33, 34, 35, 36, 37, 38, 39, 40, 41, 42, 43, 44, 45, 46, 47, 62, 63, 64, 65, 66, 67, 68, 69, 70, 71, 72]
   [travel] MAP TRANSITION (3, 31) -> (3, 30)
   [travel] north connection band cols: [11, 12, 24]
   [travel] ARRIVED at target map (3, 30) coords=(15, 119)
   [travel] start map=(3, 30) coords=(15, 119) -> map (3, 4) (budget 300s, surf-capable)
   [travel] north connection band cols: [11, 12, 24]
   [travel] path blocked at (15, 119) (NPC on the gap?) - waiting
   [travel] no clean path from (15, 119) AND no NPC-allowing path (npcs nearby=[(15, 125)]) - genuine wall/zone gap, will time out
   [travel] !! TRAVEL WEDGE: identical fp x4 retries at (15, 119) map=(3, 30) (reason=no_route) -> returning to roam LOUD (no inner spin)
   [travel] start map=(3, 30) coords=(15, 119) -> map (3, 4) (budget 300s, surf-capable)
   [travel] north connection band cols: [11, 12, 24]
   [travel] path blocked at (15, 119) (NPC on the gap?) - waiting
   [travel] no clean path from (15, 119) AND no NPC-allowing path (npcs nearby=[(14, 125)]) - genuine wall/zone gap, will time out
   [travel] !! TRAVEL WEDGE: identical fp x4 retries at (15, 119) map=(3, 30) (reason=no_route) -> returning to roam LOUD (no inner spin)
   [travel] start map=(3, 30) coords=(15, 119) -> map (3, 4) (budget 300s, surf-capable)
   [travel] north connection band cols: [11, 12, 24]
   [travel] path blocked at (15, 119) (NPC on the gap?) - waiting
   [travel] no clean path from (15, 119) AND no NPC-allowing path (npcs nearby=[(15, 125)]) - genuine wall/zone gap, will time out
   [travel] !! TRAVEL WEDGE: identical fp x4 retries at (15, 119) map=(3, 30) (reason=no_route) -> returning to roam LOUD (no inner spin)
   [travel] start map=(3, 30) coords=(15, 119) -> map (3, 4) (budget 300s, surf-capable)
   [travel] north connection band cols: [11, 12, 24]
   [travel] path blocked at (15, 119) (NPC on the gap?) - waiting
   [travel] no clean path from (15, 119) AND no NPC-allowing path (npcs nearby=[(15, 125)]) - genuine wall/zone gap, will time out
   [travel] !! TRAVEL WEDGE: identical fp x4 retries at (15, 119) map=(3, 30) (reason=no_route) -> returning to roam LOUD (no inner spin)
   [travel] start map=(3, 30) coords=(15, 119) -> map (3, 4) (budget 300s, surf-capable)
   [travel] north connection band cols: [11, 12, 24]
   [travel] path blocked at (15, 119) (NPC on the gap?) - waiting
   [travel] no clean path from (15, 119) AND no NPC-allowing path (npcs nearby=[(15, 125)]) - genuine wall/zone gap, will time out
   [travel] !! TRAVEL WEDGE: identical fp x4 retries at (15, 119) map=(3, 30) (reason=no_route) -> returning to roam LOUD (no inner spin)
   [travel] start map=(3, 30) coords=(15, 119) -> map (3, 4) (budget 300s, surf-capable)
   [travel] north connection band cols: [11, 12, 24]
   [travel] path blocked at (15, 119) (NPC on the gap?) - waiting
   [travel] no clean path from (15, 119) AND no NPC-allowing path (npcs nearby=[(14, 126)]) - genuine wall/zone gap, will time out
   [travel] !! TRAVEL WEDGE: identical fp x4 retries at (15, 119) map=(3, 30) (reason=no_route) -> returning to roam LOUD (no inner spin)
   [travel] start map=(3, 30) coords=(15, 119) -> map (3, 4) (budget 300s, surf-capable)
   [travel] north connection band cols: [11, 12, 24]
   [travel] path blocked at (15, 119) (NPC on the gap?) - waiting
   [travel] no clean path from (15, 119) AND no NPC-allowing path (npcs nearby=[(14, 126)]) - genuine wall/zone gap, will time out
   [travel] !! TRAVEL WEDGE: identical fp x4 retries at (15, 119) map=(3, 30) (reason=no_route) -> returning to roam LOUD (no inner spin)
   [travel] start map=(3, 30) coords=(15, 119) -> map (3, 1) (budget 300s, surf-capable)
   [travel] south connection band cols: [14, 15, 16, 17, 18, 19, 20, 21, 22, 23, 24]
   [travel] MAP TRANSITION (3, 30) -> (3, 31)
   [travel] south connection band cols: [0, 1, 2, 3, 4, 5, 6, 7, 8, 9, 10, 11, 12, 13, 14, 15, 16, 17, 18, 19, 20, 21, 22, 23, 24, 25, 26, 27, 28, 29, 30, 31, 32, 33, 34, 35, 36, 37, 38, 39, 40, 41, 42, 43, 44, 45, 46, 47, 48, 49, 50, 51, 52, 53, 54, 55, 56, 57, 58, 59, 60, 61, 62, 63, 64, 65, 66, 67, 68, 69, 70, 71, 72]
   [travel] path blocked at (63, 0) (NPC on the gap?) - waiting
   [travel] no clean path from (63, 0) AND no NPC-allowing path (npcs nearby=[(62, 5)]) - genuine wall/zone gap, will time out
   [travel] !! TRAVEL WEDGE: identical fp x4 retries at (63, 0) map=(3, 31) (reason=no_route) -> returning to roam LOUD (no inner spin)
   [travel] start map=(3, 31) coords=(63, 0) -> map (3, 30) (budget 300s, surf-capable)
   [travel] north connection band cols: [0, 1, 2, 3, 4, 5, 6, 7, 8, 9, 10, 11, 12, 13, 14, 15, 16, 17, 18, 19, 20, 21, 22, 23, 24, 25, 26, 27, 28, 29, 30, 31, 32, 33, 34, 35, 36, 37, 38, 39, 40, 41, 42, 43, 44, 45, 46, 47, 62, 63, 64, 65, 66, 67, 68, 69, 70, 71, 72]
   [travel] MAP TRANSITION (3, 31) -> (3, 30)
   [travel] north connection band cols: [11, 12, 24]
   [travel] ARRIVED at target map (3, 30) coords=(15, 119)
   [travel] start map=(3, 30) coords=(15, 119) -> map (3, 4) (budget 300s, surf-capable)
   [travel] north connection band cols: [11, 12, 24]
   [travel] path blocked at (15, 119) (NPC on the gap?) - waiting
   [travel] no clean path from (15, 119) AND no NPC-allowing path (npcs nearby=[(14, 126)]) - genuine wall/zone gap, will time out
   [travel] !! TRAVEL WEDGE: identical fp x4 retries at (15, 119) map=(3, 30) (reason=no_route) -> returning to roam LOUD (no inner spin)
   [travel] start map=(3, 30) coords=(15, 119) -> map (3, 4) (budget 300s, surf-capable)
   [travel] north connection band cols: [11, 12, 24]
   [travel] path blocked at (15, 119) (NPC on the gap?) - waiting
   [travel] no clean path from (15, 119) AND no NPC-allowing path (npcs nearby=[(14, 125)]) - genuine wall/zone gap, will time out
   [travel] !! TRAVEL WEDGE: identical fp x4 retries at (15, 119) map=(3, 30) (reason=no_route) -> returning to roam LOUD (no inner spin)
   [travel] start map=(3, 30) coords=(15, 119) -> map (3, 4) (budget 300s, surf-capable)
   [travel] north connection band cols: [11, 12, 24]
   [travel] path blocked at (15, 119) (NPC on the gap?) - waiting
   [travel] no clean path from (15, 119) AND no NPC-allowing path (npcs nearby=[(15, 126)]) - genuine wall/zone gap, will time out
   [travel] !! TRAVEL WEDGE: identical fp x4 retries at (15, 119) map=(3, 30) (reason=no_route) -> returning to roam LOUD (no inner spin)
   [travel] start map=(3, 30) coords=(15, 119) -> map (3, 4) (budget 300s, surf-capable)
   [travel] north connection band cols: [11, 12, 24]
   [travel] path blocked at (15, 119) (NPC on the gap?) - waiting
   [travel] no clean path from (15, 119) AND no NPC-allowing path (npcs nearby=[(15, 126)]) - genuine wall/zone gap, will time out
   [travel] !! TRAVEL WEDGE: identical fp x4 retries at (15, 119) map=(3, 30) (reason=no_route) -> returning to roam LOUD (no inner spin)
   [travel] start map=(3, 30) coords=(15, 119) -> map (3, 4) (budget 300s, surf-capable)
   [travel] north connection band cols: [11, 12, 24]
   [travel] path blocked at (15, 119) (NPC on the gap?) - waiting
   [travel] no clean path from (15, 119) AND no NPC-allowing path (npcs nearby=[(15, 125)]) - genuine wall/zone gap, will time out
   [travel] !! TRAVEL WEDGE: identical fp x4 retries at (15, 119) map=(3, 30) (reason=no_route) -> returning to roam LOUD (no inner spin)
   [travel] start map=(3, 30) coords=(15, 119) -> map (3, 4) (budget 300s, surf-capable)
   [travel] north connection band cols: [11, 12, 24]
   [travel] path blocked at (15, 119) (NPC on the gap?) - waiting
   [travel] no clean path from (15, 119) AND no NPC-allowing path (npcs nearby=[(14, 125)]) - genuine wall/zone gap, will time out
   [travel] !! TRAVEL WEDGE: identical fp x4 retries at (15, 119) map=(3, 30) (reason=no_route) -> returning to roam LOUD (no inner spin)
   [travel] start map=(3, 30) coords=(15, 119) -> map (3, 4) (budget 300s, surf-capable)
   [travel] north connection band cols: [11, 12, 24]
   [travel] path blocked at (15, 119) (NPC on the gap?) - waiting
   [travel] no clean path from (15, 119) AND no NPC-allowing path (npcs nearby=[(15, 125)]) - genuine wall/zone gap, will time out
   [travel] !! TRAVEL WEDGE: identical fp x4 retries at (15, 119) map=(3, 30) (reason=no_route) -> returning to roam LOUD (no inner spin)
   [travel] start map=(3, 30) coords=(15, 119) -> map (3, 1) (budget 300s, surf-capable)
   [travel] south connection band cols: [14, 15, 16, 17, 18, 19, 20, 21, 22, 23, 24]
   [travel] MAP TRANSITION (3, 30) -> (3, 31)
   [travel] south connection band cols: [0, 1, 2, 3, 4, 5, 6, 7, 8, 9, 10, 11, 12, 13, 14, 15, 16, 17, 18, 19, 20, 21, 22, 23, 24, 25, 26, 27, 28, 29, 30, 31, 32, 33, 34, 35, 36, 37, 38, 39, 40, 41, 42, 43, 44, 45, 46, 47, 48, 49, 50, 51, 52, 53, 54, 55, 56, 57, 58, 59, 60, 61, 62, 63, 64, 65, 66, 67, 68, 69, 70, 71, 72]
   [travel] path blocked at (63, 0) (NPC on the gap?) - waiting
   [travel] no clean path from (63, 0) AND no NPC-allowing path (npcs nearby=[(63, 5)]) - genuine wall/zone gap, will time out
   [travel] !! TRAVEL WEDGE: identical fp x4 retries at (63, 0) map=(3, 31) (reason=no_route) -> returning to roam LOUD (no inner spin)
   [travel] start map=(3, 31) coords=(63, 0) -> map (3, 30) (budget 300s, surf-capable)
   [travel] north connection band cols: [0, 1, 2, 3, 4, 5, 6, 7, 8, 9, 10, 11, 12, 13, 14, 15, 16, 17, 18, 19, 20, 21, 22, 23, 24, 25, 26, 27, 28, 29, 30, 31, 32, 33, 34, 35, 36, 37, 38, 39, 40, 41, 42, 43, 44, 45, 46, 47, 62, 63, 64, 65, 66, 67, 68, 69, 70, 71, 72]
   [travel] MAP TRANSITION (3, 31) -> (3, 30)
   [travel] north connection band cols: [11, 12, 24]
   [travel] ARRIVED at target map (3, 30) coords=(15, 119)
   [travel] start map=(3, 30) coords=(15, 119) -> map (3, 4) (budget 300s, surf-capable)
   [travel] north connection band cols: [11, 12, 24]
   [travel] path blocked at (15, 119) (NPC on the gap?) - waiting
   [travel] no clean path from (15, 119) AND no NPC-allowing path (npcs nearby=[(14, 125)]) - genuine wall/zone gap, will time out
   [travel] !! TRAVEL WEDGE: identical fp x4 retries at (15, 119) map=(3, 30) (reason=no_route) -> returning to roam LOUD (no inner spin)
   [travel] start map=(3, 30) coords=(15, 119) -> map (3, 4) (budget 300s, surf-capable)
   [travel] north connection band cols: [11, 12, 24]
   [travel] path blocked at (15, 119) (NPC on the gap?) - waiting
   [travel] no clean path from (15, 119) AND no NPC-allowing path (npcs nearby=[(14, 125)]) - genuine wall/zone gap, will time out
   [travel] !! TRAVEL WEDGE: identical fp x4 retries at (15, 119) map=(3, 30) (reason=no_route) -> returning to roam LOUD (no inner spin)
   [travel] start map=(3, 30) coords=(15, 119) -> map (3, 4) (budget 300s, surf-capable)
   [travel] north connection band cols: [11, 12, 24]
   [travel] path blocked at (15, 119) (NPC on the gap?) - waiting
   [travel] no clean path from (15, 119) AND no NPC-allowing path (npcs nearby=[(14, 125)]) - genuine wall/zone gap, will time out
   [travel] !! TRAVEL WEDGE: identical fp x4 retries at (15, 119) map=(3, 30) (reason=no_route) -> returning to roam LOUD (no inner spin)
   [travel] start map=(3, 30) coords=(15, 119) -> map (3, 4) (budget 300s, surf-capable)
   [travel] north connection band cols: [11, 12, 24]
   [travel] path blocked at (15, 119) (NPC on the gap?) - waiting
   [travel] no clean path from (15, 119) AND no NPC-allowing path (npcs nearby=[(14, 126)]) - genuine wall/zone gap, will time out
   [travel] !! TRAVEL WEDGE: identical fp x4 retries at (15, 119) map=(3, 30) (reason=no_route) -> returning to roam LOUD (no inner spin)
   [travel] start map=(3, 30) coords=(15, 119) -> map (3, 4) (budget 300s, surf-capable)
   [travel] north connection band cols: [11, 12, 24]
   [travel] path blocked at (15, 119) (NPC on the gap?) - waiting
   [travel] no clean path from (15, 119) AND no NPC-allowing path (npcs nearby=[(14, 125)]) - genuine wall/zone gap, will time out
   [travel] !! TRAVEL WEDGE: identical fp x4 retries at (15, 119) map=(3, 30) (reason=no_route) -> returning to roam LOUD (no inner spin)
   [travel] start map=(3, 30) coords=(15, 119) -> map (3, 1) (budget 300s, surf-capable)
   [travel] south connection band cols: [14, 15, 16, 17, 18, 19, 20, 21, 22, 23, 24]
   [travel] MAP TRANSITION (3, 30) -> (3, 31)
   [travel] south connection band cols: [0, 1, 2, 3, 4, 5, 6, 7, 8, 9, 10, 11, 12, 13, 14, 15, 16, 17, 18, 19, 20, 21, 22, 23, 24, 25, 26, 27, 28, 29, 30, 31, 32, 33, 34, 35, 36, 37, 38, 39, 40, 41, 42, 43, 44, 45, 46, 47, 48, 49, 50, 51, 52, 53, 54, 55, 56, 57, 58, 59, 60, 61, 62, 63, 64, 65, 66, 67, 68, 69, 70, 71, 72]
   [travel] path blocked at (63, 0) (NPC on the gap?) - waiting
   [travel] no clean path from (63, 0) AND no NPC-allowing path (npcs nearby=[(62, 7)]) - genuine wall/zone gap, will time out
   [travel] !! TRAVEL WEDGE: identical fp x4 retries at (63, 0) map=(3, 31) (reason=no_route) -> returning to roam LOUD (no inner spin)
   [travel] start map=(3, 31) coords=(63, 0) -> coord (58, 5) (budget 80s, surf-capable)
   [travel] step 0: (63, 0)->(63, 1) map=(3, 31) (path 91 to exit)
   [travel] step 10: (63, 10)->(63, 11) map=(3, 31) (path 81 to exit)
   [travel] step 20: (54, 11)->(53, 11) map=(3, 31) (path 71 to exit)
   [travel] step 30: (44, 11)->(43, 11) map=(3, 31) (path 61 to exit)
   [travel] path blocked at (35, 11) (NPC on the gap?) - waiting
   [travel] !! WATCHDOG disengage requested — bailing this leg LOUD
   [travel] start map=(3, 31) coords=(35, 11) -> map (3, 1) (budget 300s, surf-capable)
   [travel] south connection band cols: [0, 1, 2, 3, 4, 5, 6, 7, 8, 9, 10, 11, 12, 13, 14, 15, 16, 17, 18, 19, 20, 21, 22, 23, 24, 25, 26, 27, 28, 29, 30, 31, 32, 33, 34, 35, 36, 37, 38, 39, 40, 41, 42, 43, 44, 45, 46, 47, 48, 49, 50, 51, 52, 53, 54, 55, 56, 57, 58, 59, 60, 61, 62, 63, 64, 65, 66, 67, 68, 69, 70, 71, 72]
   [travel] path blocked at (35, 11) (NPC on the gap?) - waiting
   [travel] no clean path from (35, 11) AND no NPC-allowing path (npcs nearby=[(29, 11), (35, 10), (42, 7), (43, 7), (44, 5)]) - genuine wall/zone gap, will time out
   [travel] !! TRAVEL WEDGE: identical fp x4 retries at (35, 11) map=(3, 31) (reason=no_route) -> returning to roam LOUD (no inner spin)
   [travel] start map=(3, 31) coords=(35, 11) -> map (3, 1) (budget 300s, surf-capable)
   [travel] south connection band cols: [0, 1, 2, 3, 4, 5, 6, 7, 8, 9, 10, 11, 12, 13, 14, 15, 16, 17, 18, 19, 20, 21, 22, 23, 24, 25, 26, 27, 28, 29, 30, 31, 32, 33, 34, 35, 36, 37, 38, 39, 40, 41, 42, 43, 44, 45, 46, 47, 48, 49, 50, 51, 52, 53, 54, 55, 56, 57, 58, 59, 60, 61, 62, 63, 64, 65, 66, 67, 68, 69, 70, 71, 72]
   [travel] path blocked at (35, 11) (NPC on the gap?) - waiting
   [travel] no clean path from (35, 11) AND no NPC-allowing path (npcs nearby=[(29, 11), (35, 10), (42, 7), (43, 7), (44, 5)]) - genuine wall/zone gap, will time out
   [travel] !! TRAVEL WEDGE: identical fp x4 retries at (35, 11) map=(3, 31) (reason=no_route) -> returning to roam LOUD (no inner spin)
   [travel] start map=(3, 31) coords=(35, 11) -> map (3, 1) (budget 300s, surf-capable)
   [travel] south connection band cols: [0, 1, 2, 3, 4, 5, 6, 7, 8, 9, 10, 11, 12, 13, 14, 15, 16, 17, 18, 19, 20, 21, 22, 23, 24, 25, 26, 27, 28, 29, 30, 31, 32, 33, 34, 35, 36, 37, 38, 39, 40, 41, 42, 43, 44, 45, 46, 47, 48, 49, 50, 51, 52, 53, 54, 55, 56, 57, 58, 59, 60, 61, 62, 63, 64, 65, 66, 67, 68, 69, 70, 71, 72]
   [travel] path blocked at (35, 11) (NPC on the gap?) - waiting
   [travel] no clean path from (35, 11) AND no NPC-allowing path (npcs nearby=[(29, 11), (35, 10), (42, 7), (43, 7), (44, 5)]) - genuine wall/zone gap, will time out
   [travel] !! TRAVEL WEDGE: identical fp x4 retries at (35, 11) map=(3, 31) (reason=no_route) -> returning to roam LOUD (no inner spin)
   [travel] start map=(3, 31) coords=(35, 11) -> map (3, 1) (budget 300s, surf-capable)
   [travel] south connection band cols: [0, 1, 2, 3, 4, 5, 6, 7, 8, 9, 10, 11, 12, 13, 14, 15, 16, 17, 18, 19, 20, 21, 22, 23, 24, 25, 26, 27, 28, 29, 30, 31, 32, 33, 34, 35, 36, 37, 38, 39, 40, 41, 42, 43, 44, 45, 46, 47, 48, 49, 50, 51, 52, 53, 54, 55, 56, 57, 58, 59, 60, 61, 62, 63, 64, 65, 66, 67, 68, 69, 70, 71, 72]
   [travel] path blocked at (35, 11) (NPC on the gap?) - waiting
   [travel] no clean path from (35, 11) AND no NPC-allowing path (npcs nearby=[(29, 11), (35, 10), (42, 7), (43, 7), (44, 5)]) - genuine wall/zone gap, will time out
   [travel] !! TRAVEL WEDGE: identical fp x4 retries at (35, 11) map=(3, 31) (reason=no_route) -> returning to roam LOUD (no inner spin)
   [travel] start map=(3, 31) coords=(35, 11) -> map (3, 1) (budget 300s, surf-capable)
   [travel] south connection band cols: [0, 1, 2, 3, 4, 5, 6, 7, 8, 9, 10, 11, 12, 13, 14, 15, 16, 17, 18, 19, 20, 21, 22, 23, 24, 25, 26, 27, 28, 29, 30, 31, 32, 33, 34, 35, 36, 37, 38, 39, 40, 41, 42, 43, 44, 45, 46, 47, 48, 49, 50, 51, 52, 53, 54, 55, 56, 57, 58, 59, 60, 61, 62, 63, 64, 65, 66, 67, 68, 69, 70, 71, 72]
   [travel] path blocked at (35, 11) (NPC on the gap?) - waiting
   [travel] no clean path from (35, 11) AND no NPC-allowing path (npcs nearby=[(29, 11), (35, 10), (42, 7), (43, 7), (44, 5)]) - genuine wall/zone gap, will time out
   [travel] !! TRAVEL WEDGE: identical fp x4 retries at (35, 11) map=(3, 31) (reason=no_route) -> returning to roam LOUD (no inner spin)
   [travel] start map=(3, 31) coords=(35, 11) -> map (3, 1) (budget 300s, surf-capable)
   [travel] south connection band cols: [0, 1, 2, 3, 4, 5, 6, 7, 8, 9, 10, 11, 12, 13, 14, 15, 16, 17, 18, 19, 20, 21, 22, 23, 24, 25, 26, 27, 28, 29, 30, 31, 32, 33, 34, 35, 36, 37, 38, 39, 40, 41, 42, 43, 44, 45, 46, 47, 48, 49, 50, 51, 52, 53, 54, 55, 56, 57, 58, 59, 60, 61, 62, 63, 64, 65, 66, 67, 68, 69, 70, 71, 72]
   [travel] path blocked at (35, 11) (NPC on the gap?) - waiting
   [travel] !! WATCHDOG disengage requested — bailing this leg LOUD
   [travel] start map=(3, 31) coords=(35, 11) -> map (3, 1) (budget 300s, surf-capable)
   [travel] south connection band cols: [0, 1, 2, 3, 4, 5, 6, 7, 8, 9, 10, 11, 12, 13, 14, 15, 16, 17, 18, 19, 20, 21, 22, 23, 24, 25, 26, 27, 28, 29, 30, 31, 32, 33, 34, 35, 36, 37, 38, 39, 40, 41, 42, 43, 44, 45, 46, 47, 48, 49, 50, 51, 52, 53, 54, 55, 56, 57, 58, 59, 60, 61, 62, 63, 64, 65, 66, 67, 68, 69, 70, 71, 72]
   [travel] !! WATCHDOG disengage requested — bailing this leg LOUD
   [travel] start map=(3, 31) coords=(35, 11) -> map (3, 1) (budget 300s, surf-capable)
   [travel] south connection band cols: [0, 1, 2, 3, 4, 5, 6, 7, 8, 9, 10, 11, 12, 13, 14, 15, 16, 17, 18, 19, 20, 21, 22, 23, 24, 25, 26, 27, 28, 29, 30, 31, 32, 33, 34, 35, 36, 37, 38, 39, 40, 41, 42, 43, 44, 45, 46, 47, 48, 49, 50, 51, 52, 53, 54, 55, 56, 57, 58, 59, 60, 61, 62, 63, 64, 65, 66, 67, 68, 69, 70, 71, 72]
   [travel] path blocked at (35, 11) (NPC on the gap?) - waiting
   [travel] no clean path from (35, 11) AND no NPC-allowing path (npcs nearby=[(29, 11), (35, 10), (42, 7), (43, 7), (44, 5)]) - genuine wall/zone gap, will time out
   [travel] !! TRAVEL WEDGE: identical fp x4 retries at (35, 11) map=(3, 31) (reason=no_route) -> returning to roam LOUD (no inner spin)
   [travel] start map=(3, 31) coords=(35, 11) -> coord (49, 8) (budget 80s, surf-capable)
   [travel] path blocked at (35, 11) (NPC on the gap?) - waiting
   [travel] no clean path from (35, 11); NPC-allowing path EXISTS (len 46), blocker NPC tile=(35, 10), npcs nearby=[(29, 11), (35, 10), (42, 7), (43, 7), (44, 5)] -> approaching to interact/trigger
   [travel] chokepoint blocker (35, 10) on (3, 31) is a PLAIN NPC (dialogue, no battle) -> added to shared block memory (12 total) + routing around (LAYER A)
   [travel] !! WATCHDOG disengage requested — bailing this leg LOUD
   [travel] start map=(3, 31) coords=(35, 11) -> map (3, 1) (budget 300s, surf-capable)
   [travel] south connection band cols: [0, 1, 2, 3, 4, 5, 6, 7, 8, 9, 10, 11, 12, 13, 14, 15, 16, 17, 18, 19, 20, 21, 22, 23, 24, 25, 26, 27, 28, 29, 30, 31, 32, 33, 34, 35, 36, 37, 38, 39, 40, 41, 42, 43, 44, 45, 46, 47, 48, 49, 50, 51, 52, 53, 54, 55, 56, 57, 58, 59, 60, 61, 62, 63, 64, 65, 66, 67, 68, 69, 70, 71, 72]
   [travel] !! WATCHDOG disengage requested — bailing this leg LOUD
   [travel] start map=(3, 31) coords=(35, 11) -> map (3, 1) (budget 300s, surf-capable)
   [travel] south connection band cols: [0, 1, 2, 3, 4, 5, 6, 7, 8, 9, 10, 11, 12, 13, 14, 15, 16, 17, 18, 19, 20, 21, 22, 23, 24, 25, 26, 27, 28, 29, 30, 31, 32, 33, 34, 35, 36, 37, 38, 39, 40, 41, 42, 43, 44, 45, 46, 47, 48, 49, 50, 51, 52, 53, 54, 55, 56, 57, 58, 59, 60, 61, 62, 63, 64, 65, 66, 67, 68, 69, 70, 71, 72]
   [travel] path blocked at (35, 11) (NPC on the gap?) - waiting
   [travel] no clean path from (35, 11) AND no NPC-allowing path (npcs nearby=[(29, 11), (35, 10), (42, 7), (43, 7), (44, 5)]) - genuine wall/zone gap, will time out
   [travel] !! TRAVEL WEDGE: identical fp x4 retries at (35, 11) map=(3, 31) (reason=no_route) -> returning to roam LOUD (no inner spin)
   [travel] start map=(3, 31) coords=(35, 11) -> map (3, 1) (budget 300s, surf-capable)
   [travel] south connection band cols: [0, 1, 2, 3, 4, 5, 6, 7, 8, 9, 10, 11, 12, 13, 14, 15, 16, 17, 18, 19, 20, 21, 22, 23, 24, 25, 26, 27, 28, 29, 30, 31, 32, 33, 34, 35, 36, 37, 38, 39, 40, 41, 42, 43, 44, 45, 46, 47, 48, 49, 50, 51, 52, 53, 54, 55, 56, 57, 58, 59, 60, 61, 62, 63, 64, 65, 66, 67, 68, 69, 70, 71, 72]
   [travel] path blocked at (35, 11) (NPC on the gap?) - waiting
   [travel] no clean path from (35, 11) AND no NPC-allowing path (npcs nearby=[(29, 11), (35, 10), (42, 7), (43, 7), (44, 5)]) - genuine wall/zone gap, will time out
   [travel] !! TRAVEL WEDGE: identical fp x4 retries at (35, 11) map=(3, 31) (reason=no_route) -> returning to roam LOUD (no inner spin)
   [travel] start map=(3, 31) coords=(35, 11) -> map (3, 1) (budget 300s, surf-capable)
   [travel] south connection band cols: [0, 1, 2, 3, 4, 5, 6, 7, 8, 9, 10, 11, 12, 13, 14, 15, 16, 17, 18, 19, 20, 21, 22, 23, 24, 25, 26, 27, 28, 29, 30, 31, 32, 33, 34, 35, 36, 37, 38, 39, 40, 41, 42, 43, 44, 45, 46, 47, 48, 49, 50, 51, 52, 53, 54, 55, 56, 57, 58, 59, 60, 61, 62, 63, 64, 65, 66, 67, 68, 69, 70, 71, 72]
   [travel] path blocked at (35, 11) (NPC on the gap?) - waiting
   [travel] no clean path from (35, 11) AND no NPC-allowing path (npcs nearby=[(29, 11), (35, 10), (42, 7), (43, 7), (44, 5)]) - genuine wall/zone gap, will time out
   [travel] !! TRAVEL WEDGE: identical fp x4 retries at (35, 11) map=(3, 31) (reason=no_route) -> returning to roam LOUD (no inner spin)
   [travel] start map=(3, 31) coords=(35, 11) -> map (3, 1) (budget 300s, surf-capable)
   [travel] south connection band cols: [0, 1, 2, 3, 4, 5, 6, 7, 8, 9, 10, 11, 12, 13, 14, 15, 16, 17, 18, 19, 20, 21, 22, 23, 24, 25, 26, 27, 28, 29, 30, 31, 32, 33, 34, 35, 36, 37, 38, 39, 40, 41, 42, 43, 44, 45, 46, 47, 48, 49, 50, 51, 52, 53, 54, 55, 56, 57, 58, 59, 60, 61, 62, 63, 64, 65, 66, 67, 68, 69, 70, 71, 72]
   [travel] path blocked at (35, 11) (NPC on the gap?) - waiting
   [travel] no clean path from (35, 11) AND no NPC-allowing path (npcs nearby=[(29, 11), (35, 10), (42, 7), (43, 7), (44, 5)]) - genuine wall/zone gap, will time out
   [travel] !! TRAVEL WEDGE: identical fp x4 retries at (35, 11) map=(3, 31) (reason=no_route) -> returning to roam LOUD (no inner spin)
   [travel] start map=(3, 31) coords=(35, 11) -> map (3, 1) (budget 300s, surf-capable)
   [travel] south connection band cols: [0, 1, 2, 3, 4, 5, 6, 7, 8, 9, 10, 11, 12, 13, 14, 15, 16, 17, 18, 19, 20, 21, 22, 23, 24, 25, 26, 27, 28, 29, 30, 31, 32, 33, 34, 35, 36, 37, 38, 39, 40, 41, 42, 43, 44, 45, 46, 47, 48, 49, 50, 51, 52, 53, 54, 55, 56, 57, 58, 59, 60, 61, 62, 63, 64, 65, 66, 67, 68, 69, 70, 71, 72]
   [travel] path blocked at (35, 11) (NPC on the gap?) - waiting
   [travel] no clean path from (35, 11) AND no NPC-allowing path (npcs nearby=[(29, 11), (35, 10), (42, 7), (43, 7), (44, 5)]) - genuine wall/zone gap, will time out
   [travel] !! TRAVEL WEDGE: identical fp x4 retries at (35, 11) map=(3, 31) (reason=no_route) -> returning to roam LOUD (no inner spin)
   [travel] start map=(3, 31) coords=(35, 11) -> map (3, 1) (budget 300s, surf-capable)
   [travel] south connection band cols: [0, 1, 2, 3, 4, 5, 6, 7, 8, 9, 10, 11, 12, 13, 14, 15, 16, 17, 18, 19, 20, 21, 22, 23, 24, 25, 26, 27, 28, 29, 30, 31, 32, 33, 34, 35, 36, 37, 38, 39, 40, 41, 42, 43, 44, 45, 46, 47, 48, 49, 50, 51, 52, 53, 54, 55, 56, 57, 58, 59, 60, 61, 62, 63, 64, 65, 66, 67, 68, 69, 70, 71, 72]
   [travel] path blocked at (35, 11) (NPC on the gap?) - waiting
   [travel] !! WATCHDOG disengage requested — bailing this leg LOUD
   [travel] start map=(3, 31) coords=(35, 11) -> map (3, 1) (budget 300s, surf-capable)
   [travel] south connection band cols: [0, 1, 2, 3, 4, 5, 6, 7, 8, 9, 10, 11, 12, 13, 14, 15, 16, 17, 18, 19, 20, 21, 22, 23, 24, 25, 26, 27, 28, 29, 30, 31, 32, 33, 34, 35, 36, 37, 38, 39, 40, 41, 42, 43, 44, 45, 46, 47, 48, 49, 50, 51, 52, 53, 54, 55, 56, 57, 58, 59, 60, 61, 62, 63, 64, 65, 66, 67, 68, 69, 70, 71, 72]
   [travel] !! WATCHDOG disengage requested — bailing this leg LOUD
   [travel] start map=(3, 31) coords=(35, 11) -> coord (49, 8) (budget 80s, surf-capable)
   [travel] path blocked at (35, 11) (NPC on the gap?) - waiting
   [travel] no clean path from (35, 11); NPC-allowing path EXISTS (len 46), blocker NPC tile=(44, 5), npcs nearby=[(29, 11), (35, 10), (42, 7), (43, 7), (44, 5)] -> approaching to interact/trigger
