   [travel] ARRIVED at target map (3, 31) coords=(63, 0)

   [kira-voice] ·dedup· (repeat text, T1, looping?) 'made it to a new area'

   [campaign]    [roam] RESULT: victory_lap -> hop_ok | pos (3, 30)(14, 22) -> (3, 31)(63, 0) (MOVED)

   [campaign]    [roam] structural dead routes KEPT on (3, 30) across exit (≥2 strikes): ['head_to_gym']

   [campaign]    ⛰️  CAMPAIGN SAVE [new_area] -> campaign/kira_campaign.state  (map=(3, 31) coords=(63, 0) badges=8 party=6)

   [campaign]    [sanctity] bundle VALID (schema/encoding/truth/monotonic all clean)

   [campaign]    📌 AUTO-CHECKPOINT [gain-new_area] -> checkpoints/20260807_194708_route-13_8b_37h41m_gain-new-area  (4 bundle file(s))

   [campaign]    [lap] checklist owes 'box_bench' — victory_lap is the endgame action (head_to_league/enter_league held until the lap clears)

   [campaign] -- ROAM TICK 31/100000000 --

   [campaign]    [roam] STATE IN: Route 13 (63, 0) | badges=8 (Boulder, Cascade, Thunder, Rainbow, Soul, Marsh, Volcano, Earth) | party=[blastoise L68, lapras L26, moltres L50, articuno L50, diglett L18, kadabra L19] | 8 badge(s) earned (Boulder, Cascade, Thunder, Rainbow, Soul, Marsh, Volcano, Earth). All 8 badges earned. Pokédex: 19 caught. All 8 badges — Victory Road and the Elite Four are next. This is the endgame.

   [campaign]    [roam] PROGRESS: GREEN (unchanged 0 ticks) | fp[(3, 31) (63,0) f1 -- badge8 $2238 party:cd44 bag:212a]

   [campaign]    [roam] OPTIONS OFFERED: ['victory_lap', 'battle', 'wander_catch', 'travel:3,32', 'travel:3,29', 'travel:3,33', 'use_surf']

   [campaign]    [soul] surface_want FIRE -> Route 13

   [campaign]    [soul] ORACLE decision: kind=want ctx={'place': "You're on Route 13 — outdoors under open sky (tall grass around — wild Pokémon live in it).. ALREADY BESIDE YOU — your current team: blastoise (L68), lapras (L26), moltres (L50), articuno (L50), diglett (L18), abra the kadabra (L19). A want is something you DON'T yet have; never wish for a teammate who's already on your team.", 'map': (3, 31), 'badges': ['Boulder', 'Cascade', 'Thunder', 'Rainbow', 'Soul', 'Marsh', 'Volcano', 'Earth'], 'progress': '8 badge(s) earned (Boulder, Cascade, Thunder, Rainbow, Soul, Marsh, Volcano, Earth). All 8 badges earned. Pokédex: 19 caught. All 8 badges — Victory Road and the Elite Four are next. This is the endgame.', 'party': 'blastoise (L68), lapras (L26), moltres (L50), articuno (L50), diglett (L18), abra the kadabra (L19)', 'goal': {'short': "You're ready — stop grinding and push forward to the next objective", 'medium': "FIRST Zapdos — the L50 legendary bird inside the Power Plant, across Route 10's water strip. The electric answer to Lorelei's waters and Lance's Gyarados, free for the catching once Surf is taught — the gym comes right after; that errand is the road", 'long': 'Take on the Elite Four'}} options=['eevee', 'fossil', 'starters', 'rare', 'legendaries']

   [kira-voice] ORACLE kind=want options=['eevee', 'fossil', 'starters', 'rare', 'legendaries'] -> pick='Zapdos — get to the Power Plant now'

   [campaign]    [soul] ORACLE pick -> 'Zapdos — get to the Power Plant now'

   [campaign]    [lap] !! FORCE VICTORY LAP — oracle SKIPPED (the checklist owns the endgame sequencing; the order is code, not mood)

   [campaign]    [roam] PICK OUT: victory_lap

   [campaign]    [roam] RATIONALE: You're ready — stop grinding and push forward to the next objective. then on to the Elite Four

   [campaign]    [box] 'box_bench' needs a Center PC — marching to Cinnabar Island (3, 8)

   [campaign]    [roam] TRAVEL: Route 13 -> Cinnabar Island (next hop west -> Route 14)

   [Bridge] INPUT OWNER = 'agent' (sole writer; others dropped+logged)

   [travel] start map=(3, 31) coords=(63, 0) -> map (3, 32) (budget 300s, surf-capable)

   [travel] west connection band rows: [5, 7, 9, 11, 13]

   [kira-voice] -> T2·savor· (want) 'Zapdos — get to the Power Plant now'  fired=True  [age 0.0s + post 30ms]

   [travel] step 0: (63, 0)->(63, 1) map=(3, 31) (path 97 to exit)

   [travel] step 10: (63, 10)->(63, 11) map=(3, 31) (path 87 to exit)

   [egress] blocker on (53, 11) (committed step) — holding position, waiting up to 12s for it to wander off (live bodies=[(53, 11), (62, 6), (63, 12)])

   [egress] wait on (53, 11) TIMED OUT (12s) — re-pathing around it

   [travel] step 20: (54, 11)->(54, 12) map=(3, 31) (path 79 to exit)

   [kira-voice] ·dedup· (repeat text, T1, looping?) 'the route opens up ahead, grass swaying at the edges of the path'

   [travel] step 30: (46, 11)->(45, 11) map=(3, 31) (path 69 to exit)

   [travel] HEARTBEAT step=40 map=(3, 31) coords=(36, 11) elapsed=17s

   [travel] step 40: (36, 11)->(35, 11) map=(3, 31) (path 59 to exit)

   [travel] step 50: (28, 9)->(27, 9) map=(3, 31) (path 49 to exit)

   [travel] step 60: (28, 7)->(29, 7) map=(3, 31) (path 39 to exit)

   [travel] step 70: (26, 5)->(25, 5) map=(3, 31) (path 29 to exit)

   [travel] HEARTBEAT step=80 map=(3, 31) coords=(18, 7) elapsed=23s

   [travel] step 80: (18, 7)->(17, 7) map=(3, 31) (path 19 to exit)

   [travel] step 90: (8, 7)->(7, 7) map=(3, 31) (path 9 to exit)

   [travel] MAP TRANSITION (3, 31) -> (3, 32)

   [travel] west connection band rows: [0, 1, 2, 3, 4, 5, 6, 7, 8, 9, 10, 11, 12, 13, 14, 15, 16, 17, 18, 19, 20, 21, 22, 23, 24, 25, 26, 27, 28, 29, 30, 31, 32, 33, 34, 35, 36, 37, 38, 39, 45, 46, 47, 48, 50, 51, 52, 53, 54, 56]

   [travel] ARRIVED at target map (3, 32) coords=(23, 7)

   [kira-voice] ·dedup· (repeat text, T1, looping?) 'made it to a new area'

   [campaign]    [roam] RESULT: victory_lap -> hop_ok | pos (3, 31)(63, 0) -> (3, 32)(23, 7) (MOVED)

   [campaign]    ⛰️  CAMPAIGN SAVE [new_area] -> campaign/kira_campaign.state  (map=(3, 32) coords=(23, 7) badges=8 party=6)

   [campaign]    [sanctity] bundle VALID (schema/encoding/truth/monotonic all clean)

   [campaign]    📌 AUTO-CHECKPOINT [gain-new_area] -> checkpoints/20260807_194741_route-14_8b_37h42m_gain-new-area  (4 bundle file(s))

   [campaign]    [lap] checklist owes 'box_bench' — victory_lap is the endgame action (head_to_league/enter_league held until the lap clears)

   [campaign] -- ROAM TICK 32/100000000 --

   [campaign]    [roam] STATE IN: Route 14 (23, 7) | badges=8 (Boulder, Cascade, Thunder, Rainbow, Soul, Marsh, Volcano, Earth) | party=[blastoise L68, lapras L26, moltres L50, articuno L50, diglett L18, kadabra L19] | 8 badge(s) earned (Boulder, Cascade, Thunder, Rainbow, Soul, Marsh, Volcano, Earth). All 8 badges earned. Pokédex: 19 caught. All 8 badges — Victory Road and the Elite Four are next. This is the endgame.

   [campaign]    [roam] PROGRESS: GREEN (unchanged 0 ticks) | fp[(3, 32) (23,7) f3 -- badge8 $2238 party:cd44 bag:212a]

   [campaign]    [roam] OPTIONS OFFERED: ['victory_lap', 'battle', 'wander_catch', 'travel:3,31', 'travel:3,33', 'travel:3,29']

   [campaign]    [lap] !! FORCE VICTORY LAP — oracle SKIPPED (the checklist owns the endgame sequencing; the order is code, not mood)

   [campaign]    [roam] PICK OUT: victory_lap

   [campaign]    [roam] RATIONALE: You're ready — stop grinding and push forward to the next objective. then on to the Elite Four

   [campaign]    [box] 'box_bench' needs a Center PC — marching to Cinnabar Island (3, 8)

   [campaign]    [roam] TRAVEL: Route 14 -> Cinnabar Island (next hop west -> Route 15)

   [Bridge] INPUT OWNER = 'agent' (sole writer; others dropped+logged)

   [travel] start map=(3, 32) coords=(23, 7) -> map (3, 33) (budget 300s, surf-capable)

   [travel] west connection band rows: [0, 1, 2, 3, 4, 5, 6, 7, 8, 9, 10, 11, 12, 13, 14, 15, 16, 17, 18, 19, 20, 21, 22, 23, 24, 25, 26, 27, 28, 29, 30, 31, 32, 33, 34, 35, 36, 37, 38, 39, 45, 46, 47, 48, 50, 51, 52, 53, 54, 56]

   [travel] step 0: (23, 7)->(22, 7) map=(3, 32) (path 75 to exit)

   [travel] step 10: (15, 9)->(14, 9) map=(3, 32) (path 65 to exit)

   [travel] step 20: (13, 11)->(14, 11) map=(3, 32) (path 55 to exit)

   [travel] step 30: (14, 20)->(14, 21) map=(3, 32) (path 45 to exit)

   [travel] HEARTBEAT step=40 map=(3, 32) coords=(14, 30) elapsed=5s

   [travel] step 40: (14, 30)->(14, 31) map=(3, 32) (path 35 to exit)

   [travel] step 50: (14, 40)->(14, 41) map=(3, 32) (path 25 to exit)

   [travel] step 60: (14, 50)->(13, 50) map=(3, 32) (path 15 to exit)

   [travel] step 70: (4, 50)->(3, 50) map=(3, 32) (path 5 to exit)

   [travel] MAP TRANSITION (3, 32) -> (3, 33)

   [campaign]    [world] learned 2 warp(s) on (3, 33): (9, 11)->(24, 0), (16, 11)->(24, 0)

   [travel] west connection band rows: [10, 11, 12, 13]

   [travel] ARRIVED at target map (3, 33) coords=(71, 10)

   [kira-voice] ·dedup· (repeat text, T1, looping?) 'made it to a new area'

   [campaign]    [roam] RESULT: victory_lap -> hop_ok | pos (3, 32)(23, 7) -> (3, 33)(71, 10) (MOVED)

   [campaign]    ⛰️  CAMPAIGN SAVE [new_area] -> campaign/kira_campaign.state  (map=(3, 33) coords=(71, 10) badges=8 party=6)

   [campaign]    [sanctity] bundle VALID (schema/encoding/truth/monotonic all clean)

   [campaign]    📌 AUTO-CHECKPOINT [gain-new_area] -> checkpoints/20260807_194751_route-15_8b_37h42m_gain-new-area  (4 bundle file(s))

   [campaign]    [world] learned 2 warp(s) on (3, 33): (9, 11)->(24, 0), (16, 11)->(24, 0)

   [campaign]    [lap] checklist owes 'box_bench' — victory_lap is the endgame action (head_to_league/enter_league held until the lap clears)

   [campaign]    [roam] known-good snapshot SKIPPED — this spot can't reach a Center; refusing to bank a poisoned escape target (would reload back into the strand)

   [campaign] -- ROAM TICK 33/100000000 --

   [campaign]    [roam] STATE IN: Route 15 (71, 10) | badges=8 (Boulder, Cascade, Thunder, Rainbow, Soul, Marsh, Volcano, Earth) | party=[blastoise L68, lapras L26, moltres L50, articuno L50, diglett L18, kadabra L19] | 8 badge(s) earned (Boulder, Cascade, Thunder, Rainbow, Soul, Marsh, Volcano, Earth). All 8 badges earned. Pokédex: 19 caught. All 8 badges — Victory Road and the Elite Four are next. This is the endgame.

   [campaign]    [roam] PROGRESS: GREEN (unchanged 0 ticks) | fp[(3, 33) (71,10) f3 -- badge8 $2238 party:cd44 bag:212a]

   [campaign]    [roam] OPTIONS OFFERED: ['victory_lap', 'battle', 'wander_catch', 'talk_npc', 'travel:3,32', 'travel:3,31', 'travel:3,36']

   [campaign]    [lap] !! FORCE VICTORY LAP — oracle SKIPPED (the checklist owns the endgame sequencing; the order is code, not mood)

   [campaign]    [roam] PICK OUT: victory_lap

   [campaign]    [roam] RATIONALE: You're ready — stop grinding and push forward to the next objective. then on to the Elite Four

   [campaign]    [box] 'box_bench' needs a Center PC — marching to Cinnabar Island (3, 8)

   [campaign]    [roam] TRAVEL: Route 15 -> Cinnabar Island (next hop west -> Fuchsia City)

   [Bridge] INPUT OWNER = 'agent' (sole writer; others dropped+logged)

   [travel] start map=(3, 33) coords=(71, 10) -> map (3, 7) (budget 300s, surf-capable)

   [travel] west connection band rows: [10, 11, 12, 13]

   [travel] path blocked at (71, 10) (NPC on the gap?) - waiting

   [travel] no clean path from (71, 10) AND no NPC-allowing path (npcs nearby=[(63, 13), (73, 7)]) - genuine wall/zone gap, will time out

   [travel] !! TRAVEL WEDGE: identical fp x4 retries at (71, 10) map=(3, 33) (reason=no_route) -> returning to roam LOUD (no inner spin)

   [kira-voice] ·dedup· (repeat text, T1, looping?) "I can't find a way through here — let me rethink this"

   [campaign]    PASSTHROUGH: overworld can't reach the target — trying 1 door(s) as connectors (a building can open onto the far side)

   [kira-voice] ·dedup· (repeat text, T1, looping?) 'hmm — no way through out here. maybe one of these buildings has a back way…'

   [campaign]    2 door(s); candidates (chosen order): [(16, 11)]

   [campaign]    reachable door (16, 11): walking to approach (16, 12)

   [Bridge] INPUT OWNER = 'agent' (sole writer; others dropped+logged)

   [travel] start map=(3, 33) coords=(71, 10) -> coord (16, 12) (budget 240s, surf-capable)

   [travel] step 0: (71, 10)->(71, 11) map=(3, 33) (path 60 to exit)

   [travel] step 10: (63, 12)->(62, 12) map=(3, 33) (path 50 to exit)

   [travel] step 20: (54, 13)->(53, 13) map=(3, 33) (path 40 to exit)

   [travel] step 30: (44, 13)->(43, 13) map=(3, 33) (path 30 to exit)

   [travel] HEARTBEAT step=40 map=(3, 33) coords=(34, 13) elapsed=5s

   [travel] step 40: (34, 13)->(33, 13) map=(3, 33) (path 20 to exit)

   [travel] step 50: (25, 12)->(24, 12) map=(3, 33) (path 10 to exit)

   [travel] reached target coord (16, 12)

   [Bridge] INPUT OWNER = 'agent' (sole writer; others dropped+logged)

   [travel] start map=(3, 33) coords=(16, 9) -> coord (17, 11) (budget 60s, surf-capable)

   [travel] step 0: (16, 9)->(16, 10) map=(3, 33) (path 4 to exit)

   [travel] reached target coord (17, 11)

   [campaign]    [roam] watchdog: SCENE callback owns the screen (evolution/naming/cutscene) — deliberate stillness, watch resets until the world returns

   [campaign]    directional warp (16, 11) (behavior 0x63) entered via LEFT

   [campaign]    [world] learned 5 warp(s) on (24, 0): (1, 6)->(3, 33), (1, 7)->(3, 33), (11, 6)->(3, 33), (11, 7)->(3, 33), (9, 10)->(24, 1)

   [campaign]    WARPED (3, 33) -> (24, 0) via directional door (16, 11)

   [campaign]    [world] learned 5 warp(s) on (24, 0): (1, 6)->(3, 33), (1, 7)->(3, 33), (11, 6)->(3, 33), (11, 7)->(3, 33), (9, 10)->(24, 1)

   [Bridge] INPUT OWNER = 'agent' (sole writer; others dropped+logged)

   [travel] start map=(24, 0) coords=(11, 6) -> coord (1, 7) (budget 110s, surf-capable)

   [travel] step 0: (11, 6)->(11, 7) map=(24, 0) (path 12 to exit)

   [travel] step 10: (2, 7)->(1, 7) map=(24, 0) (path 2 to exit)

   [travel] reached target coord (1, 7)

   [campaign]    3 door(s); candidates (chosen order): [(1, 7)]

   [campaign]    door (1, 7): at (1, 7) (approach=(1, 8)) — stepping UP in

   [campaign]    reachable door (1, 7): walking to approach (1, 8)

   [Bridge] INPUT OWNER = 'agent' (sole writer; others dropped+logged)

   [travel] start map=(24, 0) coords=(1, 3) -> coord (1, 8) (budget 90s, surf-capable)

   [travel] step 0: (1, 3)->(1, 4) map=(24, 0) (path 6 to exit)

   [travel] reached target coord (1, 8)

   [campaign]    pick (1, 7) failed — trying adjacent actuatable door (1, 6) (mat-row)

   [Bridge] INPUT OWNER = 'agent' (sole writer; others dropped+logged)

   [travel] start map=(24, 0) coords=(1, 3) -> coord (2, 6) (budget 60s, surf-capable)

   [travel] step 0: (1, 3)->(1, 4) map=(24, 0) (path 5 to exit)

   [travel] reached target coord (2, 6)

   [campaign]    [roam] watchdog: SCENE callback owns the screen (evolution/naming/cutscene) — deliberate stillness, watch resets until the world returns

   [campaign]    directional warp (1, 6) (behavior 0x63) entered via LEFT

   [campaign]    [world] learned 2 warp(s) on (3, 33): (9, 11)->(24, 0), (16, 11)->(24, 0)

   [campaign]    WARPED (24, 0) -> (3, 33) via mat-row door (1, 6)

   [campaign]    PASSTHROUGH: CROSSED via door (16, 11): (3, 33)@(71, 10) -> (3, 33)@(9, 11)

   [Bridge] INPUT OWNER = 'agent' (sole writer; others dropped+logged)

   [kira-voice] -> T2·savor· (route) "ha — knew it! through the building and out the other side. the road's open."  fired=True  [age 0.0s + post 11ms]

   [travel] start map=(3, 33) coords=(9, 11) -> map (3, 7) (budget 300s, surf-capable)

   [travel] west connection band rows: [10, 11, 12, 13]

   [travel] step 0: (9, 11)->(8, 11) map=(3, 33) (path 10 to exit)

   [travel] MAP TRANSITION (3, 33) -> (3, 7)

   [campaign]    [world] learned 11 warp(s) on (3, 7): (24, 5)->(11, 0), (33, 31)->(11, 7), (11, 15)->(11, 1), (28, 16)->(11, 2), (9, 32)->(11, 3), (14, 31)->(11, 4)

   [travel] west connection band rows: [0, 1, 2, 3, 4, 5, 6, 7, 8, 9, 18, 19, 20, 30, 31, 32, 33, 34, 35, 36, 37, 38, 39]

   [travel] ARRIVED at target map (3, 7) coords=(47, 21)

   [kira-voice] ·throttle· (brisk <1.8s) 'made it to a new area'

   [campaign]    [roam] RESULT: victory_lap -> hop_ok | pos (3, 33)(71, 10) -> (3, 7)(47, 21) (MOVED)

   [campaign]    ⛰️  CAMPAIGN SAVE [new_area] -> campaign/kira_campaign.state  (map=(3, 7) coords=(47, 21) badges=8 party=6)

   [campaign]    [sanctity] bundle VALID (schema/encoding/truth/monotonic all clean)

   [campaign]    📌 AUTO-CHECKPOINT [gain-new_area] -> checkpoints/20260807_194843_fuchsia-city_8b_37h43m_gain-new-area  (4 bundle file(s))

   [campaign]    [world] learned 11 warp(s) on (3, 7): (24, 5)->(11, 0), (33, 31)->(11, 7), (11, 15)->(11, 1), (28, 16)->(11, 2), (9, 32)->(11, 3), (14, 31)->(11, 4)

   [campaign]    [lap] checklist owes 'box_bench' — victory_lap is the endgame action (head_to_league/enter_league held until the lap clears)

   [campaign]    [roam] grass she KNOWS: routing east -> (3, 33) toward Route 15 (FORWARD — on the road to the objective, visited grass, avoiding any wall)

   [campaign] -- ROAM TICK 34/100000000 --

   [campaign]    [roam] STATE IN: Fuchsia City (47, 21) | badges=8 (Boulder, Cascade, Thunder, Rainbow, Soul, Marsh, Volcano, Earth) | party=[blastoise L68, lapras L26, moltres L50, articuno L50, diglett L18, kadabra L19] | 8 badge(s) earned (Boulder, Cascade, Thunder, Rainbow, Soul, Marsh, Volcano, Earth). All 8 badges earned. Pokédex: 19 caught. All 8 badges — Victory Road and the Elite Four are next. This is the endgame.

   [campaign]    [roam] PROGRESS: GREEN (unchanged 0 ticks) | fp[(3, 7) (47,21) f3 -- badge8 $2238 party:cd44 bag:212a]

   [campaign]    [roam] OPTIONS OFFERED: ['victory_lap', 'battle', 'wander_catch', 'stock_up', 'travel:3,33', 'travel:3,36', 'travel:3,32', 'travel:1,63']

   [campaign]    [soul] surface_want FIRE -> Fuchsia City

   [campaign]    [soul] ORACLE decision: kind=want ctx={'place': "You're in Fuchsia City — outdoors under open sky (a town with a Pokémon Center and a Mart).. ALREADY BESIDE YOU — your current team: blastoise (L68), lapras (L26), moltres (L50), articuno (L50), diglett (L18), abra the kadabra (L19). A want is something you DON'T yet have; never wish for a teammate who's already on your team.", 'map': (3, 7), 'badges': ['Boulder', 'Cascade', 'Thunder', 'Rainbow', 'Soul', 'Marsh', 'Volcano', 'Earth'], 'progress': '8 badge(s) earned (Boulder, Cascade, Thunder, Rainbow, Soul, Marsh, Volcano, Earth). All 8 badges earned. Pokédex: 19 caught. All 8 badges — Victory Road and the Elite Four are next. This is the endgame.', 'party': 'blastoise (L68), lapras (L26), moltres (L50), articuno (L50), diglett (L18), abra the kadabra (L19)', 'goal': {'short': "You're ready — stop grinding and push forward to the next objective", 'medium': "FIRST Zapdos — the L50 legendary bird inside the Power Plant, across Route 10's water strip. The electric answer to Lorelei's waters and Lance's Gyarados, free for the catching once Surf is taught — the gym comes right after; that errand is the road", 'long': 'Take on the Elite Four'}} options=['eevee', 'fossil', 'starters', 'rare', 'legendaries']

   [kira-voice] ORACLE kind=want options=['eevee', 'fossil', 'starters', 'rare', 'legendaries'] -> pick='Zapdos'

   [campaign]    [soul] ORACLE pick -> 'Zapdos'

   [campaign]    [lap] !! FORCE VICTORY LAP — oracle SKIPPED (the checklist owns the endgame sequencing; the order is code, not mood)

   [kira-voice] -> T2·savor· (want) 'Zapdos'  fired=True  [age 0.0s + post 6ms]

   [campaign]    [roam] PICK OUT: victory_lap

   [campaign]    [roam] RATIONALE: You're ready — stop grinding and push forward to the next objective. then on to the Elite Four

   [campaign]    [box] depositing diglett L18 (party slot 4) — freeing a seat for the lap's legendaries

   [campaign]    PCBOX: depositing party slot 4 at the Center on (3, 7) (door (25, 31))

   [Bridge] INPUT OWNER = 'agent' (sole writer; others dropped+logged)

   [travel] start map=(3, 7) coords=(47, 21) -> coord (25, 32) (budget 120s, surf-capable)

   [travel] step 0: (47, 21)->(47, 22) map=(3, 7) (path 86 to exit)

   [travel] step 10: (38, 22)->(37, 22) map=(3, 7) (path 76 to exit)

   [travel] step 20: (30, 24)->(30, 25) map=(3, 7) (path 66 to exit)

   [travel] step 30: (21, 25)->(20, 25) map=(3, 7) (path 56 to exit)

   [travel] HEARTBEAT step=40 map=(3, 7) coords=(11, 25) elapsed=5s

   [travel] step 40: (11, 25)->(10, 25) map=(3, 7) (path 46 to exit)

   [travel] step 50: (3, 27)->(3, 28) map=(3, 7) (path 36 to exit)

   [travel] step 60: (4, 36)->(5, 36) map=(3, 7) (path 26 to exit)

   [travel] step 70: (11, 33)->(11, 32) map=(3, 7) (path 16 to exit)

   [travel] HEARTBEAT step=80 map=(3, 7) coords=(20, 32) elapsed=11s

   [travel] step 80: (20, 32)->(21, 32) map=(3, 7) (path 6 to exit)

   [travel] reached target coord (25, 32)

   [Bridge] INPUT OWNER = 'agent' (sole writer; others dropped+logged)

   [campaign]    PCBOX: PC console stand = (11, 2)

   [dialogue] +++ 'KIRA booted up the PC.'  tags=[]

   [kira-voice] -> T1·brisk· (dialogue) 'you read: "KIRA booted up the PC."'  fired=True  [age 0.0s + post 7ms]

   [dialogue] +++ 'Which PC should be accessed?'  tags=[]

   [kira-voice] -> T1·brisk· (dialogue) 'you read: "Which PC should be accessed?"'  fired=True  [age 0.0s + post 5ms]

   [dialogue] +++ "Accessed BILL's PC."  tags=[]

   [kira-voice] -> T1·brisk· (dialogue) 'you read: "Accessed BILL\'s PC."'  fired=True  [age 0.0s + post 2ms]

   [dialogue] +++ 'POK.MON Storage System opened.'  tags=[]

   [kira-voice] -> T1·brisk· (dialogue) 'you read: "POK.MON Storage System opened."'  fired=True  [age 0.0s + post 3ms]

   [campaign]    [roam] watchdog: SCENE callback owns the screen (evolution/naming/cutscene) — deliberate stillness, watch resets until the world returns

   [dialogue] +++ 'Which PC should be accessed?'  tags=[]

   [kira-voice] ·dedup· (repeat text, T1, looping?) 'you read: "Which PC should be accessed?"'

   [Bridge] INPUT OWNER = 'agent' (sole writer; others dropped+logged)

   [Bridge] INPUT OWNER = 'agent' (sole writer; others dropped+logged)

   [travel] start map=(11, 5) coords=(11, 2) -> coord (7, 7) (budget 60s, surf-capable)

   [travel] step 0: (11, 2)->(11, 3) map=(11, 5) (path 10 to exit)

   [travel] reached target coord (7, 7)

   [campaign]    [roam] watchdog: SCENE callback owns the screen (evolution/naming/cutscene) — deliberate stillness, watch resets until the world returns

   [campaign]    directional warp (7, 8) (behavior 0x65) entered via DOWN

   [campaign]    [world] learned 11 warp(s) on (3, 7): (24, 5)->(11, 0), (33, 31)->(11, 7), (11, 15)->(11, 1), (28, 16)->(11, 2), (9, 32)->(11, 3), (14, 31)->(11, 4)

   [campaign]    EXIT-BUILDING: (11, 5) -> (3, 7)@(25, 32)

   [campaign]    PCBOX: party count 6 -> 5 (map=(3, 7) coords=(25, 32))

   [campaign]    [box] ✅ bench deposited (1 mon) — party 5/6, seats open for the birds

   [campaign]    [box] bench COMPLETE — box_bench LATCHED done for this session (mid-lap pickups ride the trunk until 'repack')

   [campaign]    [roam] RESULT: victory_lap -> ok | pos (3, 7)(47, 21) -> (3, 7)(25, 32) (MOVED)

   [campaign]    ⛰️  CAMPAIGN SAVE [catch] -> campaign/kira_campaign.state  (map=(3, 7) coords=(25, 32) badges=8 party=5)

   [kira-voice] -> T1·brisk· (roster) 'benched one of the team for now — making room for the mon my plan actually wants.'  fired=True  [age 0.0s + post 10ms]

   [kira-voice] -> T3·BIG· (roster) 'benched 1 of the crew at the Center PC — the legendary birds get real team seats, not a storage box.'  fired=True  [age 0.0s + post 28ms]

   [campaign]    [sanctity] bundle VALID (schema/encoding/truth/monotonic all clean)

   [campaign]    📌 AUTO-CHECKPOINT [gain-catch] -> checkpoints/20260807_194956_fuchsia-city_8b_37h44m_gain-catch  (4 bundle file(s))

   [campaign]    [world] learned 11 warp(s) on (3, 7): (24, 5)->(11, 0), (33, 31)->(11, 7), (11, 15)->(11, 1), (28, 16)->(11, 2), (9, 32)->(11, 3), (14, 31)->(11, 4)

   [campaign]    [lap] CHECKLIST {'earthquake': 'done', 'box_bench': 'done', 'moltres': 'done', 'articuno': 'done', 'fly': 'SKIPPED', 'zapdos': 'pending', 'ice_beam': 'done', 'repack': 'pending'} -> next: zapdos (cost-ordered from (3, 7))

   [campaign]    [lap] checklist owes 'zapdos' — victory_lap is the endgame action (head_to_league/enter_league held until the lap clears)

   [campaign]    [roam] grass she KNOWS: routing east -> (3, 33) toward Route 15 (FORWARD — on the road to the objective, visited grass, avoiding any wall)

   [campaign] -- ROAM TICK 35/100000000 --

   [campaign]    [roam] STATE IN: Fuchsia City (25, 32) | badges=8 (Boulder, Cascade, Thunder, Rainbow, Soul, Marsh, Volcano, Earth) | party=[blastoise L68, lapras L26, moltres L50, articuno L50, kadabra L19] | 8 badge(s) earned (Boulder, Cascade, Thunder, Rainbow, Soul, Marsh, Volcano, Earth). All 8 badges earned. Pokédex: 19 caught. All 8 badges — Victory Road and the Elite Four are next. This is the endgame.

   [campaign]    [roam] PROGRESS: GREEN (unchanged 0 ticks) | fp[(3, 7) (25,32) f1 -- badge8 $2238 party:a466 bag:212a]

   [campaign]    [roam] OPTIONS OFFERED: ['victory_lap', 'battle', 'wander_catch', 'stock_up', 'travel:3,33', 'travel:3,36', 'travel:3,32', 'travel:1,63', 'swap_keeper']

   [campaign]    [strat] roster size = 5

   [campaign]    [roam] !! TEAM-BUILD BREATHER (3/6 this badge): the forced march yields ONE tick to 'swap_keeper' — the bench is dead weight and the plan has a cheap fix on the menu; back on the gym road next tick

   [campaign]    [roam] PICK OUT: swap_keeper

   [campaign]    [roam] RATIONALE: You're ready — stop grinding and push forward to the next objective. then on to the Elite Four

   [campaign]    PCBOX: withdrawing diglett from box 0 slot 12 at the Center on (3, 7) (door (25, 31))

   [Bridge] INPUT OWNER = 'agent' (sole writer; others dropped+logged)

   [travel] start map=(3, 7) coords=(25, 32) -> coord (25, 32) (budget 120s, surf-capable)

   [travel] reached target coord (25, 32)

   [campaign]    [roam] watchdog: SCENE callback owns the screen (evolution/naming/cutscene) — deliberate stillness, watch resets until the world returns

   [Bridge] INPUT OWNER = 'agent' (sole writer; others dropped+logged)

   [campaign]    PCBOX: PC console stand = (11, 2)

   [dialogue] +++ 'KIRA booted up the PC.'  tags=[]

   [kira-voice] ·dedup· (repeat text, T1, looping?) 'you read: "KIRA booted up the PC."'

   [dialogue] +++ 'Which PC should be accessed?'  tags=[]

   [kira-voice] ·dedup· (repeat text, T1, looping?) 'you read: "Which PC should be accessed?"'

   [dialogue] +++ "Accessed BILL's PC."  tags=[]

   [kira-voice] ·dedup· (repeat text, T1, looping?) 'you read: "Accessed BILL\'s PC."'

   [dialogue] +++ 'POK.MON Storage System opened.'  tags=[]

   [kira-voice] ·dedup· (repeat text, T1, looping?) 'you read: "POK.MON Storage System opened."'

   [campaign]    [roam] watchdog: SCENE callback owns the screen (evolution/naming/cutscene) — deliberate stillness, watch resets until the world returns

   [dialogue] +++ 'Which PC should be accessed?'  tags=[]

   [kira-voice] ·dedup· (repeat text, T1, looping?) 'you read: "Which PC should be accessed?"'

   [Bridge] INPUT OWNER = 'agent' (sole writer; others dropped+logged)

   [Bridge] INPUT OWNER = 'agent' (sole writer; others dropped+logged)

   [travel] start map=(11, 5) coords=(11, 2) -> coord (7, 7) (budget 60s, surf-capable)

   [travel] step 0: (11, 2)->(11, 3) map=(11, 5) (path 10 to exit)

   [travel] reached target coord (7, 7)

   [campaign]    [roam] watchdog: SCENE callback owns the screen (evolution/naming/cutscene) — deliberate stillness, watch resets until the world returns

   [campaign]    directional warp (7, 8) (behavior 0x65) entered via DOWN

   [campaign]    [world] learned 11 warp(s) on (3, 7): (24, 5)->(11, 0), (33, 31)->(11, 7), (11, 15)->(11, 1), (28, 16)->(11, 2), (9, 32)->(11, 3), (14, 31)->(11, 4)

   [campaign]    EXIT-BUILDING: (11, 5) -> (3, 7)@(25, 32)

   [campaign]    PCBOX: party count 5 -> 6 | species [9, 131, 146, 144, 64, 50] (map=(3, 7))

   [campaign]    [roam] RESULT: swap_keeper -> swapped | pos (3, 7)(25, 32) -> (3, 7)(25, 32) (NO MOVEMENT)

   [campaign]    ⛰️  CAMPAIGN SAVE [catch] -> campaign/kira_campaign.state  (map=(3, 7) coords=(25, 32) badges=8 party=6)

   [kira-voice] -> T1·brisk· (roster) 'pulled one of mine back out of the box — bringing them onto the active team.'  fired=True  [age 0.0s + post 8ms]

   [campaign]    [sanctity] bundle VALID (schema/encoding/truth/monotonic all clean)

   [campaign]    📌 AUTO-CHECKPOINT [gain-catch] -> checkpoints/20260807_195050_fuchsia-city_8b_37h45m_gain-catch  (4 bundle file(s))

   [campaign]    [world] learned 11 warp(s) on (3, 7): (24, 5)->(11, 0), (33, 31)->(11, 7), (11, 15)->(11, 1), (28, 16)->(11, 2), (9, 32)->(11, 3), (14, 31)->(11, 4)

   [campaign]    [box] bench already DONE this session — a mid-lap pickup regrew the plan but the LATCH holds (no march back to the Center; trunk until repack)

   [campaign]    [lap] CHECKLIST {'earthquake': 'done', 'box_bench': 'done', 'moltres': 'done', 'articuno': 'done', 'fly': 'SKIPPED', 'zapdos': 'pending', 'ice_beam': 'done', 'repack': 'done'} -> next: zapdos (cost-ordered from (3, 7))

   [campaign]    [lap] checklist owes 'zapdos' — victory_lap is the endgame action (head_to_league/enter_league held until the lap clears)

   [campaign]    [roam] grass she KNOWS: routing east -> (3, 33) toward Route 15 (FORWARD — on the road to the objective, visited grass, avoiding any wall)

   [campaign] -- ROAM TICK 36/100000000 --

   [campaign]    [roam] STATE IN: Fuchsia City (25, 32) | badges=8 (Boulder, Cascade, Thunder, Rainbow, Soul, Marsh, Volcano, Earth) | party=[blastoise L68, lapras L26, moltres L50, articuno L50, kadabra L19, diglett L18] | 8 badge(s) earned (Boulder, Cascade, Thunder, Rainbow, Soul, Marsh, Volcano, Earth). All 8 badges earned. Pokédex: 19 caught. All 8 badges — Victory Road and the Elite Four are next. This is the endgame.

   [campaign]    [roam] PROGRESS: GREEN (unchanged 0 ticks) | fp[(3, 7) (25,32) f1 -- badge8 $2238 party:71c2 bag:212a]

   [campaign]    [roam] OPTIONS OFFERED: ['victory_lap', 'battle', 'wander_catch', 'stock_up', 'travel:3,33', 'travel:3,36', 'travel:3,32', 'travel:1,63']

   [campaign]    [strat] roster size = 6

   [campaign]    [lap] !! FORCE VICTORY LAP — oracle SKIPPED (the checklist owns the endgame sequencing; the order is code, not mood)

   [campaign]    [roam] PICK OUT: victory_lap

   [campaign]    [roam] RATIONALE: You're ready — stop grinding and push forward to the next objective. then on to the Elite Four

   [campaign]    [roam] 🧭 QUESTLINE STEP: 'Zapdos — the L50 legendary bird inside the Power Plant, across Route 10's water strip. The electric answer to Lorelei's waters and Lance's Gyarados, free for the catching once Surf is taught' — heading SOUTH toward the Power Plant — Surf the Route 10 water strip south of the Rock Tunnel Pokemon Center; the door is across the water at (7,40) (success=('flag', 'FLAG_FOUGHT_ZAPDOS'))

   [Bridge] INPUT OWNER = 'agent' (sole writer; others dropped+logged)

   [travel] start map=(3, 7) coords=(25, 32) -> map (3, 37) (budget 300s, surf-capable)

   [travel] south connection band cols: [0, 1, 2, 3, 4, 5, 6, 7, 8, 9, 10, 11, 19, 20, 21, 22, 23, 24, 25, 26, 27, 28, 36, 37, 38, 39, 40, 41, 42, 43, 44, 45, 46, 47, 48]

   [travel] step 0: (25, 32)->(25, 33) map=(3, 7) (path 7 to exit)

   [travel] MAP TRANSITION (3, 7) -> (3, 37)

   [travel] south connection band cols: [0, 1, 2, 3, 4, 5, 6, 7, 8, 9, 10, 11, 12, 13, 14, 15, 16, 17, 18, 19, 20, 21, 22, 23, 24]

   [travel] ARRIVED at target map (3, 37) coords=(13, 0)

   [campaign]    [lap] 'zapdos' questline step -> arrived

   [campaign]    [roam] RESULT: victory_lap -> arrived | pos (3, 7)(25, 32) -> (3, 37)(13, 0) (MOVED)

   [kira-voice] -> T1·brisk· (beat) 'made it to a new area'  fired=True  [age 0.0s + post 3ms]

   [campaign]    ⛰️  CAMPAIGN SAVE [new_area] -> campaign/kira_campaign.state  (map=(3, 37) coords=(13, 0) badges=8 party=6)

   [campaign]    [sanctity] bundle VALID (schema/encoding/truth/monotonic all clean)

   [campaign]    📌 AUTO-CHECKPOINT [gain-new_area] -> checkpoints/20260807_195052_route-19_8b_37h45m_gain-new-area  (4 bundle file(s))

   [campaign]    [lap] checklist owes 'zapdos' — victory_lap is the endgame action (head_to_league/enter_league held until the lap clears)

   [campaign]    [roam] grass she KNOWS: routing north -> (3, 7) toward Route 15 (FORWARD — on the road to the objective, visited grass, avoiding any wall)

   [campaign] -- ROAM TICK 37/100000000 --

   [campaign]    [roam] STATE IN: Route 19 (13, 0) | badges=8 (Boulder, Cascade, Thunder, Rainbow, Soul, Marsh, Volcano, Earth) | party=[blastoise L68, lapras L26, moltres L50, articuno L50, kadabra L19, diglett L18] | 8 badge(s) earned (Boulder, Cascade, Thunder, Rainbow, Soul, Marsh, Volcano, Earth). All 8 badges earned. Pokédex: 19 caught. All 8 badges — Victory Road and the Elite Four are next. This is the endgame.

   [campaign]    [roam] PROGRESS: GREEN (unchanged 0 ticks) | fp[(3, 37) (13,0) f1 -- badge8 $2238 party:71c2 bag:212a]

   [campaign]    [roam] OPTIONS OFFERED: ['victory_lap', 'battle', 'wander_catch', 'travel:3,33', 'travel:3,36', 'travel:3,32', 'travel:1,63']

   [campaign]    [soul] surface_want FIRE -> Route 19

   [campaign]    [soul] ORACLE decision: kind=want ctx={'place': "You're on Route 19 — outdoors under open sky.. ALREADY BESIDE YOU — your current team: blastoise (L68), lapras (L26), moltres (L50), articuno (L50), abra the kadabra (L19), diglett (L18). A want is something you DON'T yet have; never wish for a teammate who's already on your team.", 'map': (3, 37), 'badges': ['Boulder', 'Cascade', 'Thunder', 'Rainbow', 'Soul', 'Marsh', 'Volcano', 'Earth'], 'progress': '8 badge(s) earned (Boulder, Cascade, Thunder, Rainbow, Soul, Marsh, Volcano, Earth). All 8 badges earned. Pokédex: 19 caught. All 8 badges — Victory Road and the Elite Four are next. This is the endgame.', 'party': 'blastoise (L68), lapras (L26), moltres (L50), articuno (L50), abra the kadabra (L19), diglett (L18)', 'goal': {'short': "You're ready — stop grinding and push forward to the next objective", 'medium': "FIRST Zapdos — the L50 legendary bird inside the Power Plant, across Route 10's water strip. The electric answer to Lorelei's waters and Lance's Gyarados, free for the catching once Surf is taught — the gym comes right after; that errand is the road", 'long': 'Take on the Elite Four'}} options=['eevee', 'fossil', 'starters', 'rare', 'legendaries']

   [kira-voice] ORACLE kind=want options=['eevee', 'fossil', 'starters', 'rare', 'legendaries'] -> pick='Zapdos from the Power Plant'

   [campaign]    [soul] ORACLE pick -> 'Zapdos from the Power Plant'

   [campaign]    [lap] !! FORCE VICTORY LAP — oracle SKIPPED (the checklist owns the endgame sequencing; the order is code, not mood)

   [campaign]    [roam] PICK OUT: victory_lap

   [campaign]    [roam] RATIONALE: You're ready — stop grinding and push forward to the next objective. then on to the Elite Four

   [kira-voice] -> T2·savor· (want) 'Zapdos from the Power Plant'  fired=True  [age 0.0s + post 6ms]

   [campaign]    [roam] 🧭 QUESTLINE STEP: 'Zapdos — the L50 legendary bird inside the Power Plant, across Route 10's water strip. The electric answer to Lorelei's waters and Lance's Gyarados, free for the catching once Surf is taught' — heading SOUTH toward the Power Plant — Surf the Route 10 water strip south of the Rock Tunnel Pokemon Center; the door is across the water at (7,40) (success=('flag', 'FLAG_FOUGHT_ZAPDOS'))

   [campaign]    [roam] 🧭 QUESTLINE EXPLORE: no south edge from (3, 37) — the route bends; crossing W into known-but-forward (3, 38) toward the Power Plant — Surf the Route 10 water strip south of the Rock Tunnel Pokemon Center; the door is across the water at (7,40)

   [Bridge] INPUT OWNER = 'agent' (sole writer; others dropped+logged)

   [travel] start map=(3, 37) coords=(13, 0) -> map (3, 38) (budget 300s, surf-capable)

   [travel] west connection band rows: [0, 1, 2, 3, 4, 5, 6, 7, 8, 9, 10, 11, 12, 13, 14, 15, 16, 17, 18, 19, 20, 21, 22, 23, 24, 25, 26, 27, 28, 29, 30, 31, 32, 33, 34, 35, 36, 37, 38, 39, 40, 41, 42, 43, 44, 45, 46, 47, 48, 49, 50, 51, 52, 53, 54, 55, 56, 57, 58, 59]

   [travel] step 0: (13, 0)->(13, 1) map=(3, 37) (path 53 to exit)

   [travel] step 10: (13, 10)->(13, 11) map=(3, 37) (path 46 to exit)

   [Bridge] INPUT OWNER = 'agent' (sole writer; others dropped+logged)

   [dialogue] +++ 'The water is dyed a deep blue.. Would you like to SURF?'  tags=['TYPE']

   [kira-voice]    (dialogue tags: type)

   [kira-voice] -> T2·savor· (dialogue) 'you read: "The water is dyed a deep blue.. Would you like to SURF?"'  fired=True  [age 0.0s + post 22ms]

   [Bridge] INPUT OWNER = 'agent' (sole writer; others dropped+logged)

   [campaign]    [dlg hm-surf] 'The water is dyed a deep blue.. Would you like to SURF?'

   [dialogue] +++ 'BLASTOISE used SURF!'  tags=[]

   [kira-voice] -> T1·brisk· (dialogue) 'you read: "BLASTOISE used SURF!"'  fired=True  [age 0.0s + post 4ms]

   [campaign]    [dlg hm-surf] 'BLASTOISE used SURF!'

   [campaign]    [dlg-pace hm-surf] box 'The water is dyed a deep blue.. Would you like t' visible 1.27s (sink 0ms, hold 0.09s, end=next_box)

   [campaign]    [dlg-pace hm-surf] box 'BLASTOISE used SURF!' visible 2.65s (sink 0ms, hold 0.04s, end=closed)

   [travel] 🌊 SURF MOUNT at (12, 13) -> (12, 14) (map (3, 37))

   [kira-voice] -> T1·brisk· (beat) "okay — onto the water. Surf's up."  fired=True  [age 0.0s + post 14ms]

   [travel] step 20: (11, 18)->(11, 19) map=(3, 37) (path 36 to exit)

   [travel] step 30: (11, 28)->(11, 29) map=(3, 37) (path 26 to exit)

   [travel] HEARTBEAT step=40 map=(3, 37) coords=(11, 38) elapsed=13s

   [travel] step 40: (11, 38)->(11, 39) map=(3, 37) (path 16 to exit)

   [kira-voice] -> T1·brisk· (beat) 'the route opens up ahead, grass swaying at the edges of the path'  fired=True  [age 0.0s + post 5ms]

   [travel] step 50: (5, 42)->(4, 42) map=(3, 37) (path 6 to exit)

   [travel] edge row 42 won't cross (5+ W presses eaten) — dropped from the band, re-planning to another crossable row (1/6)

   [travel] MAP TRANSITION (3, 37) -> (3, 38)

   [campaign]    [world] learned 2 warp(s) on (3, 38): (60, 8)->(1, 83), (72, 14)->(1, 83)

   [travel] west connection band rows: [0, 1, 2, 3, 4, 5, 6, 7, 8, 9, 10, 11, 12, 13, 14, 15, 16, 17, 18, 19]

   [travel] ARRIVED at target map (3, 38) coords=(119, 3)

   [kira-voice] ·dedup· (repeat text, T1, looping?) 'made it to a new area'

   [campaign]    [lap] 'zapdos' questline step -> arrived

   [campaign]    [roam] RESULT: victory_lap -> arrived | pos (3, 37)(13, 0) -> (3, 38)(119, 3) (MOVED)

   [campaign]    ⛰️  CAMPAIGN SAVE [new_area] -> campaign/kira_campaign.state  (map=(3, 38) coords=(119, 3) badges=8 party=6)

   [campaign]    [sanctity] bundle VALID (schema/encoding/truth/monotonic all clean)

   [campaign]    📌 AUTO-CHECKPOINT [gain-new_area] -> checkpoints/20260807_195112_route-20_8b_37h45m_gain-new-area  (4 bundle file(s))

   [campaign]    [world] learned 2 warp(s) on (3, 38): (60, 8)->(1, 83), (72, 14)->(1, 83)

   [campaign]    [lap] checklist owes 'zapdos' — victory_lap is the endgame action (head_to_league/enter_league held until the lap clears)

   [campaign]    [roam] grass she KNOWS: routing east -> (3, 37) toward Route 15 (FORWARD — on the road to the objective, visited grass, avoiding any wall)

   [campaign]    [roam] known-good snapshot SKIPPED — this spot can't reach a Center; refusing to bank a poisoned escape target (would reload back into the strand)

   [campaign] -- ROAM TICK 38/100000000 --

   [campaign]    [roam] STATE IN: Route 20 (119, 3) | badges=8 (Boulder, Cascade, Thunder, Rainbow, Soul, Marsh, Volcano, Earth) | party=[blastoise L68, lapras L26, moltres L50, articuno L50, kadabra L19, diglett L18] | 8 badge(s) earned (Boulder, Cascade, Thunder, Rainbow, Soul, Marsh, Volcano, Earth). All 8 badges earned. Pokédex: 19 caught. All 8 badges — Victory Road and the Elite Four are next. This is the endgame.

   [campaign]    [roam] PROGRESS: GREEN (unchanged 0 ticks) | fp[(3, 38) (119,3) f3 -- badge8 $2238 party:71c2 bag:212a]

   [campaign]    [roam] OPTIONS OFFERED: ['victory_lap', 'battle', 'wander_catch', 'travel:3,33', 'travel:3,36', 'travel:3,39', 'travel:3,32', 'use_surf']

   [campaign]    [lap] !! FORCE VICTORY LAP — oracle SKIPPED (the checklist owns the endgame sequencing; the order is code, not mood)

   [campaign]    [roam] PICK OUT: victory_lap

   [campaign]    [roam] RATIONALE: You're ready — stop grinding and push forward to the next objective. then on to the Elite Four

   [campaign]    [roam] 🧭 QUESTLINE STEP: 'Zapdos — the L50 legendary bird inside the Power Plant, across Route 10's water strip. The electric answer to Lorelei's waters and Lance's Gyarados, free for the catching once Surf is taught' — heading SOUTH toward the Power Plant — Surf the Route 10 water strip south of the Rock Tunnel Pokemon Center; the door is across the water at (7,40) (success=('flag', 'FLAG_FOUGHT_ZAPDOS'))

   [campaign]    [roam] 🧭 QUESTLINE EXPLORE: no south edge from (3, 38) — the route bends; crossing W into known-but-forward (3, 8) toward the Power Plant — Surf the Route 10 water strip south of the Rock Tunnel Pokemon Center; the door is across the water at (7,40)

   [Bridge] INPUT OWNER = 'agent' (sole writer; others dropped+logged)

   [travel] start map=(3, 38) coords=(119, 3) -> map (3, 8) (budget 300s, surf-capable)

   [travel] west connection band rows: [0, 1, 2, 3, 4, 5, 6, 7, 8, 9, 10, 11, 12, 13, 14, 15, 16, 17, 18, 19]

   [travel] path blocked at (119, 3) (NPC on the gap?) - waiting

   [travel] no clean path from (119, 3) AND no NPC-allowing path (npcs nearby=[(107, 6), (128, 1), (129, 1), (129, 8)]) - genuine wall/zone gap, will time out

   [travel] !! TRAVEL WEDGE: identical fp x4 retries at (119, 3) map=(3, 38) (reason=no_route) -> returning to roam LOUD (no inner spin)

   [kira-voice] -> T1·brisk· (event) "I can't find a way through here — let me rethink this"  fired=True  [age 0.0s + post 5ms]

   [campaign]    [lap] 'zapdos' questline step -> no_path

   [campaign]    [roam] RESULT: victory_lap -> no_path | pos (3, 38)(119, 3) -> (3, 38)(119, 3) (NO MOVEMENT)

   [campaign]    ⛰️  CAMPAIGN SAVE [tick38] -> campaign/kira_campaign.state  (map=(3, 38) coords=(119, 3) badges=8 party=6)

   [campaign]    [sanctity] bundle VALID (schema/encoding/truth/monotonic all clean)

   [campaign]    [world] learned 2 warp(s) on (3, 38): (60, 8)->(1, 83), (72, 14)->(1, 83)

   [campaign]    [lap] checklist owes 'zapdos' — victory_lap is the endgame action (head_to_league/enter_league held until the lap clears)

   [campaign]    [roam] grass she KNOWS: routing east -> (3, 37) toward Route 15 (FORWARD — on the road to the objective, visited grass, avoiding any wall)

   [campaign]    [roam] known-good snapshot SKIPPED — this spot can't reach a Center; refusing to bank a poisoned escape target (would reload back into the strand)

   [campaign] -- ROAM TICK 39/100000000 --

   [campaign]    [roam] STATE IN: Route 20 (119, 3) | badges=8 (Boulder, Cascade, Thunder, Rainbow, Soul, Marsh, Volcano, Earth) | party=[blastoise L68, lapras L26, moltres L50, articuno L50, kadabra L19, diglett L18] | 8 badge(s) earned (Boulder, Cascade, Thunder, Rainbow, Soul, Marsh, Volcano, Earth). All 8 badges earned. Pokédex: 19 caught. All 8 badges — Victory Road and the Elite Four are next. This is the endgame.

   [campaign]    [roam] PROGRESS: GREEN (unchanged 1 ticks) | fp[(3, 38) (119,3) f3 -- badge8 $2238 party:71c2 bag:212a]

   [campaign]    [roam] OPTIONS OFFERED: ['victory_lap', 'battle', 'wander_catch', 'travel:3,33', 'travel:3,36', 'travel:3,39', 'travel:3,32', 'use_surf']

   [campaign]    [lap] !! FORCE VICTORY LAP — oracle SKIPPED (the checklist owns the endgame sequencing; the order is code, not mood)

   [campaign]    [roam] PICK OUT: victory_lap

   [campaign]    [roam] RATIONALE: You're ready — stop grinding and push forward to the next objective. then on to the Elite Four

   [campaign]    [roam] 🧭 QUESTLINE STEP: 'Zapdos — the L50 legendary bird inside the Power Plant, across Route 10's water strip. The electric answer to Lorelei's waters and Lance's Gyarados, free for the catching once Surf is taught' — heading SOUTH toward the Power Plant — Surf the Route 10 water strip south of the Rock Tunnel Pokemon Center; the door is across the water at (7,40) (success=('flag', 'FLAG_FOUGHT_ZAPDOS'))

   [campaign]    [roam] 🧭 QUESTLINE EXPLORE: no south edge from (3, 38) — the route bends; crossing W into known-but-forward (3, 8) toward the Power Plant — Surf the Route 10 water strip south of the Rock Tunnel Pokemon Center; the door is across the water at (7,40)

   [Bridge] INPUT OWNER = 'agent' (sole writer; others dropped+logged)

   [travel] start map=(3, 38) coords=(119, 3) -> map (3, 8) (budget 300s, surf-capable)

   [travel] west connection band rows: [0, 1, 2, 3, 4, 5, 6, 7, 8, 9, 10, 11, 12, 13, 14, 15, 16, 17, 18, 19]

   [travel] path blocked at (119, 3) (NPC on the gap?) - waiting

   [travel] no clean path from (119, 3) AND no NPC-allowing path (npcs nearby=[(108, 9), (128, 1), (129, 1), (129, 8)]) - genuine wall/zone gap, will time out

   [travel] !! TRAVEL WEDGE: identical fp x4 retries at (119, 3) map=(3, 38) (reason=no_route) -> returning to roam LOUD (no inner spin)

   [campaign]    [lap] 'zapdos' questline step -> no_path

   [campaign]    [roam] RESULT: victory_lap -> no_path | pos (3, 38)(119, 3) -> (3, 38)(119, 3) (NO MOVEMENT)

   [campaign]    [world] learned 2 warp(s) on (3, 38): (60, 8)->(1, 83), (72, 14)->(1, 83)

   [campaign]    [lap] checklist owes 'zapdos' — victory_lap is the endgame action (head_to_league/enter_league held until the lap clears)

   [campaign]    [roam] grass she KNOWS: routing east -> (3, 37) toward Route 15 (FORWARD — on the road to the objective, visited grass, avoiding any wall)

   [campaign]    [roam] known-good snapshot SKIPPED — this spot can't reach a Center; refusing to bank a poisoned escape target (would reload back into the strand)

   [campaign] -- ROAM TICK 40/100000000 --

   [campaign]    [roam] STATE IN: Route 20 (119, 3) | badges=8 (Boulder, Cascade, Thunder, Rainbow, Soul, Marsh, Volcano, Earth) | party=[blastoise L68, lapras L26, moltres L50, articuno L50, kadabra L19, diglett L18] | 8 badge(s) earned (Boulder, Cascade, Thunder, Rainbow, Soul, Marsh, Volcano, Earth). All 8 badges earned. Pokédex: 19 caught. All 8 badges — Victory Road and the Elite Four are next. This is the endgame.

   [campaign]    [roam] PROGRESS: GREEN (unchanged 2 ticks) | fp[(3, 38) (119,3) f3 -- badge8 $2238 party:71c2 bag:212a]

   [campaign]    [roam] OPTIONS OFFERED: ['victory_lap', 'battle', 'wander_catch', 'travel:3,33', 'travel:3,36', 'travel:3,39', 'travel:3,32', 'use_surf']

   [campaign]    [soul] surface_want FIRE -> Route 20

   [campaign]    [soul] ORACLE decision: kind=want ctx={'place': "You're on Route 20 — outdoors under open sky.. ALREADY BESIDE YOU — your current team: blastoise (L68), lapras (L26), moltres (L50), articuno (L50), abra the kadabra (L19), diglett (L18). A want is something you DON'T yet have; never wish for a teammate who's already on your team.", 'map': (3, 38), 'badges': ['Boulder', 'Cascade', 'Thunder', 'Rainbow', 'Soul', 'Marsh', 'Volcano', 'Earth'], 'progress': '8 badge(s) earned (Boulder, Cascade, Thunder, Rainbow, Soul, Marsh, Volcano, Earth). All 8 badges earned. Pokédex: 19 caught. All 8 badges — Victory Road and the Elite Four are next. This is the endgame.', 'party': 'blastoise (L68), lapras (L26), moltres (L50), articuno (L50), abra the kadabra (L19), diglett (L18)', 'goal': {'short': "You're ready — stop grinding and push forward to the next objective", 'medium': "FIRST Zapdos — the L50 legendary bird inside the Power Plant, across Route 10's water strip. The electric answer to Lorelei's waters and Lance's Gyarados, free for the catching once Surf is taught — the gym comes right after; that errand is the road", 'long': 'Take on the Elite Four'}} options=['eevee', 'fossil', 'starters', 'rare', 'legendaries']

   [kira-voice] ORACLE kind=want options=['eevee', 'fossil', 'starters', 'rare', 'legendaries'] -> pick='Zapdos, Power Plant'

   [campaign]    [soul] ORACLE pick -> 'Zapdos, Power Plant'

   [campaign]    [lap] !! FORCE VICTORY LAP — oracle SKIPPED (the checklist owns the endgame sequencing; the order is code, not mood)

   [campaign]    [roam] PICK OUT: victory_lap

   [campaign]    [roam] RATIONALE: You're ready — stop grinding and push forward to the next objective. then on to the Elite Four

   [campaign]    [roam] 🧭 QUESTLINE STEP: 'Zapdos — the L50 legendary bird inside the Power Plant, across Route 10's water strip. The electric answer to Lorelei's waters and Lance's Gyarados, free for the catching once Surf is taught' — heading SOUTH toward the Power Plant — Surf the Route 10 water strip south of the Rock Tunnel Pokemon Center; the door is across the water at (7,40) (success=('flag', 'FLAG_FOUGHT_ZAPDOS'))

   [campaign]    [roam] 🧭 QUESTLINE EXPLORE: no south edge from (3, 38) — the route bends; crossing W into known-but-forward (3, 8) toward the Power Plant — Surf the Route 10 water strip south of the Rock Tunnel Pokemon Center; the door is across the water at (7,40)

   [Bridge] INPUT OWNER = 'agent' (sole writer; others dropped+logged)

   [kira-voice] -> T2·savor· (want) 'Zapdos, Power Plant'  fired=True  [age 0.0s + post 10ms]

   [travel] start map=(3, 38) coords=(119, 3) -> map (3, 8) (budget 300s, surf-capable)

   [travel] west connection band rows: [0, 1, 2, 3, 4, 5, 6, 7, 8, 9, 10, 11, 12, 13, 14, 15, 16, 17, 18, 19]

   [travel] path blocked at (119, 3) (NPC on the gap?) - waiting

   [travel] no clean path from (119, 3) AND no NPC-allowing path (npcs nearby=[(110, 9), (128, 1), (129, 1), (129, 8)]) - genuine wall/zone gap, will time out

   [travel] !! TRAVEL WEDGE: identical fp x4 retries at (119, 3) map=(3, 38) (reason=no_route) -> returning to roam LOUD (no inner spin)

   [kira-voice] ·dedup· (repeat text, T1, looping?) "I can't find a way through here — let me rethink this"

   [campaign]    [lap] 'zapdos' questline step -> no_path

   [campaign]    [roam] RESULT: victory_lap -> no_path | pos (3, 38)(119, 3) -> (3, 38)(119, 3) (NO MOVEMENT)

   [campaign]    ⛰️  CAMPAIGN SAVE [tick40] -> campaign/kira_campaign.state  (map=(3, 38) coords=(119, 3) badges=8 party=6)

   [campaign]    [sanctity] bundle VALID (schema/encoding/truth/monotonic all clean)

   [campaign]    [world] learned 2 warp(s) on (3, 38): (60, 8)->(1, 83), (72, 14)->(1, 83)

   [campaign]    [lap] checklist owes 'zapdos' — victory_lap is the endgame action (head_to_league/enter_league held until the lap clears)

   [campaign]    [roam] grass she KNOWS: routing east -> (3, 37) toward Route 15 (FORWARD — on the road to the objective, visited grass, avoiding any wall)

   [campaign] -- ROAM TICK 41/100000000 --

   [campaign]    [roam] STATE IN: Route 20 (119, 3) | badges=8 (Boulder, Cascade, Thunder, Rainbow, Soul, Marsh, Volcano, Earth) | party=[blastoise L68, lapras L26, moltres L50, articuno L50, kadabra L19, diglett L18] | 8 badge(s) earned (Boulder, Cascade, Thunder, Rainbow, Soul, Marsh, Volcano, Earth). All 8 badges earned. Pokédex: 19 caught. All 8 badges — Victory Road and the Elite Four are next. This is the endgame.

   [campaign]    [roam] PROGRESS: YELLOW (unchanged 3 ticks) | fp[(3, 38) (119,3) f3 -- badge8 $2238 party:71c2 bag:212a]

   [campaign]    [roam] OPTIONS OFFERED: ['victory_lap', 'battle', 'wander_catch', 'travel:3,33', 'travel:3,36', 'travel:3,39', 'travel:3,32', 'use_surf']

   [campaign]    [roam] !! MACRO YELLOW: no progress 3 ticks — feeding awareness back to the oracle: "You keep trying to victory lap but the world hasn't changed in 3 turns - it went 'no_path', and you don't seem to be getting anywhere."

   [campaign]    [roam] !! REPEAT-NO-PROGRESS: 'victory_lap' repeated with a stuck fingerprint — nudging a different action

   [campaign]    [lap] !! FORCE VICTORY LAP — oracle SKIPPED (the checklist owns the endgame sequencing; the order is code, not mood)

   [campaign]    [roam] PICK OUT: victory_lap  <- her RECOVERY move (YELLOW)

   [campaign]    [roam] RATIONALE: You're ready — stop grinding and push forward to the next objective. then on to the Elite Four

   [campaign]    [roam] 🧭 QUESTLINE STEP: 'Zapdos — the L50 legendary bird inside the Power Plant, across Route 10's water strip. The electric answer to Lorelei's waters and Lance's Gyarados, free for the catching once Surf is taught' — heading SOUTH toward the Power Plant — Surf the Route 10 water strip south of the Rock Tunnel Pokemon Center; the door is across the water at (7,40) (success=('flag', 'FLAG_FOUGHT_ZAPDOS'))

   [campaign]    [roam] 🧭 QUESTLINE EXPLORE: no south edge from (3, 38) — the route bends; crossing W into known-but-forward (3, 8) toward the Power Plant — Surf the Route 10 water strip south of the Rock Tunnel Pokemon Center; the door is across the water at (7,40)

   [Bridge] INPUT OWNER = 'agent' (sole writer; others dropped+logged)

   [travel] start map=(3, 38) coords=(119, 3) -> map (3, 8) (budget 300s, surf-capable)

   [travel] west connection band rows: [0, 1, 2, 3, 4, 5, 6, 7, 8, 9, 10, 11, 12, 13, 14, 15, 16, 17, 18, 19]

   [travel] path blocked at (119, 3) (NPC on the gap?) - waiting

   [travel] no clean path from (119, 3) AND no NPC-allowing path (npcs nearby=[(109, 6), (128, 1), (129, 1), (129, 8)]) - genuine wall/zone gap, will time out

   [travel] !! TRAVEL WEDGE: identical fp x4 retries at (119, 3) map=(3, 38) (reason=no_route) -> returning to roam LOUD (no inner spin)

   [kira-voice] ·dedup· (repeat text, T1, looping?) "I can't find a way through here — let me rethink this"

   [campaign]    [lap] 'zapdos' questline step -> no_path

   [campaign]    [roam] RESULT: victory_lap -> no_path | pos (3, 38)(119, 3) -> (3, 38)(119, 3) (NO MOVEMENT)

   [campaign]    [world] learned 2 warp(s) on (3, 38): (60, 8)->(1, 83), (72, 14)->(1, 83)

   [campaign]    [lap] checklist owes 'zapdos' — victory_lap is the endgame action (head_to_league/enter_league held until the lap clears)

   [campaign]    [roam] grass she KNOWS: routing east -> (3, 37) toward Route 15 (FORWARD — on the road to the objective, visited grass, avoiding any wall)

   [campaign] -- ROAM TICK 42/100000000 --

   [campaign]    [roam] STATE IN: Route 20 (119, 3) | badges=8 (Boulder, Cascade, Thunder, Rainbow, Soul, Marsh, Volcano, Earth) | party=[blastoise L68, lapras L26, moltres L50, articuno L50, kadabra L19, diglett L18] | 8 badge(s) earned (Boulder, Cascade, Thunder, Rainbow, Soul, Marsh, Volcano, Earth). All 8 badges earned. Pokédex: 19 caught. All 8 badges — Victory Road and the Elite Four are next. This is the endgame.

   [campaign]    [roam] PROGRESS: YELLOW (unchanged 4 ticks) | fp[(3, 38) (119,3) f3 -- badge8 $2238 party:71c2 bag:212a]

   [campaign]    [roam] OPTIONS OFFERED: ['victory_lap', 'battle', 'wander_catch', 'travel:3,33', 'travel:3,36', 'travel:3,39', 'travel:3,32', 'use_surf']

   [campaign]    [roam] !! MACRO YELLOW: no progress 4 ticks — feeding awareness back to the oracle: "You keep trying to victory lap but the world hasn't changed in 4 turns - it went 'no_path', and you don't seem to be getting anywhere."

   [campaign]    [roam] !! REPEAT-NO-PROGRESS: 'victory_lap' repeated with a stuck fingerprint — nudging a different action

   [campaign]    [lap] !! FORCE VICTORY LAP — oracle SKIPPED (the checklist owns the endgame sequencing; the order is code, not mood)

   [campaign]    [roam] PICK OUT: victory_lap  <- her RECOVERY move (YELLOW)

   [campaign]    [roam] RATIONALE: You're ready — stop grinding and push forward to the next objective. then on to the Elite Four

   [campaign]    [roam] 🧭 QUESTLINE STEP: 'Zapdos — the L50 legendary bird inside the Power Plant, across Route 10's water strip. The electric answer to Lorelei's waters and Lance's Gyarados, free for the catching once Surf is taught' — heading SOUTH toward the Power Plant — Surf the Route 10 water strip south of the Rock Tunnel Pokemon Center; the door is across the water at (7,40) (success=('flag', 'FLAG_FOUGHT_ZAPDOS'))

   [campaign]    [roam] 🧭 QUESTLINE EXPLORE: no south edge from (3, 38) — the route bends; crossing W into known-but-forward (3, 8) toward the Power Plant — Surf the Route 10 water strip south of the Rock Tunnel Pokemon Center; the door is across the water at (7,40)

   [Bridge] INPUT OWNER = 'agent' (sole writer; others dropped+logged)

   [travel] start map=(3, 38) coords=(119, 3) -> map (3, 8) (budget 300s, surf-capable)

   [travel] west connection band rows: [0, 1, 2, 3, 4, 5, 6, 7, 8, 9, 10, 11, 12, 13, 14, 15, 16, 17, 18, 19]

   [travel] path blocked at (119, 3) (NPC on the gap?) - waiting

   [travel] no clean path from (119, 3) AND no NPC-allowing path (npcs nearby=[(106, 9), (128, 1), (129, 1), (129, 8)]) - genuine wall/zone gap, will time out

   [travel] !! TRAVEL WEDGE: identical fp x4 retries at (119, 3) map=(3, 38) (reason=no_route) -> returning to roam LOUD (no inner spin)

   [kira-voice] ·dedup· (repeat text, T1, looping?) "I can't find a way through here — let me rethink this"

   [campaign]    [lap] 'zapdos' questline step -> no_path

   [campaign]    [roam] RESULT: victory_lap -> no_path | pos (3, 38)(119, 3) -> (3, 38)(119, 3) (NO MOVEMENT)

   [campaign]    ⛰️  CAMPAIGN SAVE [tick42] -> campaign/kira_campaign.state  (map=(3, 38) coords=(119, 3) badges=8 party=6)

   [campaign]    [sanctity] bundle VALID (schema/encoding/truth/monotonic all clean)

   [campaign]    [world] learned 2 warp(s) on (3, 38): (60, 8)->(1, 83), (72, 14)->(1, 83)

   [campaign]    [lap] checklist owes 'zapdos' — victory_lap is the endgame action (head_to_league/enter_league held until the lap clears)

   [campaign]    [roam] grass she KNOWS: routing east -> (3, 37) toward Route 15 (FORWARD — on the road to the objective, visited grass, avoiding any wall)

   [campaign] -- ROAM TICK 43/100000000 --

   [campaign]    [roam] STATE IN: Route 20 (119, 3) | badges=8 (Boulder, Cascade, Thunder, Rainbow, Soul, Marsh, Volcano, Earth) | party=[blastoise L68, lapras L26, moltres L50, articuno L50, kadabra L19, diglett L18] | 8 badge(s) earned (Boulder, Cascade, Thunder, Rainbow, Soul, Marsh, Volcano, Earth). All 8 badges earned. Pokédex: 19 caught. All 8 badges — Victory Road and the Elite Four are next. This is the endgame.

   [campaign]    [roam] PROGRESS: YELLOW (unchanged 5 ticks) | fp[(3, 38) (119,3) f3 -- badge8 $2238 party:71c2 bag:212a]

   [campaign]    [roam] OPTIONS OFFERED: ['victory_lap', 'battle', 'wander_catch', 'travel:3,33', 'travel:3,36', 'travel:3,39', 'travel:3,32', 'use_surf']

   [campaign]    [soul] surface_want FIRE -> Route 20

   [campaign]    [soul] ORACLE decision: kind=want ctx={'place': "You're on Route 20 — outdoors under open sky.. ALREADY BESIDE YOU — your current team: blastoise (L68), lapras (L26), moltres (L50), articuno (L50), abra the kadabra (L19), diglett (L18). A want is something you DON'T yet have; never wish for a teammate who's already on your team.", 'map': (3, 38), 'badges': ['Boulder', 'Cascade', 'Thunder', 'Rainbow', 'Soul', 'Marsh', 'Volcano', 'Earth'], 'progress': '8 badge(s) earned (Boulder, Cascade, Thunder, Rainbow, Soul, Marsh, Volcano, Earth). All 8 badges earned. Pokédex: 19 caught. All 8 badges — Victory Road and the Elite Four are next. This is the endgame.', 'party': 'blastoise (L68), lapras (L26), moltres (L50), articuno (L50), abra the kadabra (L19), diglett (L18)', 'goal': {'short': "You're ready — stop grinding and push forward to the next objective", 'medium': "FIRST Zapdos — the L50 legendary bird inside the Power Plant, across Route 10's water strip. The electric answer to Lorelei's waters and Lance's Gyarados, free for the catching once Surf is taught — the gym comes right after; that errand is the road", 'long': 'Take on the Elite Four'}} options=['eevee', 'fossil', 'starters', 'rare', 'legendaries']

   [kira-voice] ORACLE kind=want options=['eevee', 'fossil', 'starters', 'rare', 'legendaries'] -> pick='Reach the Power Plant and catch Zapdos'

   [campaign]    [soul] ORACLE pick -> 'Reach the Power Plant and catch Zapdos'

   [campaign]    [roam] !! MACRO YELLOW: no progress 5 ticks — feeding awareness back to the oracle: "You keep trying to victory lap but the world hasn't changed in 5 turns - it went 'no_path', and you don't seem to be getting anywhere."

   [campaign]    [roam] !! REPEAT-NO-PROGRESS: 'victory_lap' repeated with a stuck fingerprint — nudging a different action

   [campaign]    [lap] !! FORCE VICTORY LAP — oracle SKIPPED (the checklist owns the endgame sequencing; the order is code, not mood)

   [campaign]    [roam] PICK OUT: victory_lap  <- her RECOVERY move (YELLOW)

   [campaign]    [roam] RATIONALE: You're ready — stop grinding and push forward to the next objective. then on to the Elite Four

   [campaign]    [roam] !! QUESTLINE NO-PROGRESS ×5 (zapdos) — abandoning the errand; re-recognizing fresh

   [kira-voice] ·floor· (<1s since last) T1 "hm — this plan's going nowhere from here. let me rethink."

   [campaign]    [roam] questline cleared (no-progress abandon)

   [campaign]    [lap] 'zapdos' questline step -> questline_abandoned

   [campaign]    [lap] 'zapdos' dispatch failed (questline_abandoned) — bounded attempt 4/6

   [campaign]    [roam] RESULT: victory_lap -> questline_abandoned | pos (3, 38)(119, 3) -> (3, 38)(119, 3) (NO MOVEMENT)

   [kira-voice] -> T2·savor· (want) 'Reach the Power Plant and catch Zapdos'  fired=True  [age 0.0s + post 14ms]

   [campaign]    [world] learned 2 warp(s) on (3, 38): (60, 8)->(1, 83), (72, 14)->(1, 83)

   [campaign]    [roam] 🎯 QUESTLINE OPENED: gate=story_npc/zapdos → steps=['surf', 'zapdos'] actionable=zapdos (resolved=True)

   [kira-voice] ·floor· (<1s since last) T2 "Okay — to get past this I need Zapdos — the L50 legendary bird inside the Power Plant, across Route 10's water strip. The electric answer to Lorelei's waters and Lance's Gyarados, free for the catching once Surf is taught."

   [campaign]    [lap] 🏁 VICTORY LAP arms 'zapdos' — the pre-E4 checklist owns the errand slot (order: earthquake → box_bench → moltres → articuno → fly → zapdos → ice_beam → repack)

   [campaign]    [lap] checklist owes 'zapdos' — victory_lap is the endgame action (head_to_league/enter_league held until the lap clears)

   [campaign]    [roam] grass she KNOWS: routing east -> (3, 37) toward Route 15 (FORWARD — on the road to the objective, visited grass, avoiding any wall)

   [campaign] -- ROAM TICK 44/100000000 --

   [campaign]    [roam] STATE IN: Route 20 (119, 3) | badges=8 (Boulder, Cascade, Thunder, Rainbow, Soul, Marsh, Volcano, Earth) | party=[blastoise L68, lapras L26, moltres L50, articuno L50, kadabra L19, diglett L18] | 8 badge(s) earned (Boulder, Cascade, Thunder, Rainbow, Soul, Marsh, Volcano, Earth). All 8 badges earned. Pokédex: 19 caught. All 8 badges — Victory Road and the Elite Four are next. This is the endgame.

   [campaign]    [roam] PROGRESS: RED (unchanged 6 ticks) | fp[(3, 38) (119,3) f3 -- badge8 $2238 party:71c2 bag:212a]

   [campaign]    [roam] OPTIONS OFFERED: ['victory_lap', 'battle', 'wander_catch', 'travel:3,33', 'travel:3,36', 'travel:3,39', 'travel:3,32', 'use_surf']

   [campaign]    [roam] !! MACRO RED: no progress 6 ticks — feeding awareness back to the oracle: "You keep trying to victory lap but the world hasn't changed in 6 turns - it went 'questline_abandoned', and you're completely stuck."

   [campaign]    [roam] !! REPEAT-NO-PROGRESS: 'victory_lap' repeated with a stuck fingerprint — nudging a different action

   [campaign]    [lap] !! FORCE VICTORY LAP — oracle SKIPPED (the checklist owns the endgame sequencing; the order is code, not mood)

   [campaign]    [roam] PICK OUT: victory_lap  <- her RECOVERY move (RED)

   [campaign]    [roam] RATIONALE: You're ready — stop grinding and push forward to the next objective. then on to the Elite Four

   [campaign]    [roam] 🧭 QUESTLINE ANCHOR-FIRST: 'Zapdos — the L50 legendary bird inside the Power Plant, across Route 10's water strip. The electric answer to Lorelei's waters and Lance's Gyarados, free for the catching once Surf is taught' anchors on Route 10 and we're at Route 20 — edge -> (3, 37) toward the anchor first

   [Bridge] INPUT OWNER = 'agent' (sole writer; others dropped+logged)

   [travel] start map=(3, 38) coords=(119, 3) -> map (3, 37) (budget 300s, surf-capable)

   [travel] east connection band rows: [0, 1, 2, 3, 4, 5, 6, 7, 8, 9, 10, 11, 12, 13, 14, 15, 16, 17, 18, 19]

   [travel] step 0: (119, 3)->(0, 43) map=(3, 38) (path 2 to exit)

   [travel] MAP TRANSITION (3, 38) -> (3, 37)

   [travel] east connection band rows: [0, 1, 2, 3, 4, 5, 6, 7, 8, 9, 10, 11, 12, 13, 14, 15, 16, 17, 18, 19, 20, 21, 22, 23, 24, 25, 26, 27, 28, 29, 30, 31, 32, 33, 34, 35, 36, 37, 38, 39, 40, 41, 42, 43, 44, 45, 46, 47, 48, 49, 50, 51, 52, 53, 54, 55, 56, 57, 58, 59]

   [travel] ARRIVED at target map (3, 37) coords=(0, 43)

   [kira-voice] ·floor· (<1s since last) T1 'made it to a new area'

   [campaign]    [lap] 'zapdos' questline step -> arrived

   [campaign]    [roam] RESULT: victory_lap -> arrived | pos (3, 38)(119, 3) -> (3, 37)(0, 43) (MOVED)

   [campaign]    ⛰️  CAMPAIGN SAVE [new_area] -> campaign/kira_campaign.state  (map=(3, 37) coords=(0, 43) badges=8 party=6)

   [campaign]    [sanctity] bundle VALID (schema/encoding/truth/monotonic all clean)

   [campaign]    📌 AUTO-CHECKPOINT [gain-new_area] -> checkpoints/20260807_195130_route-19_8b_37h46m_gain-new-area  (4 bundle file(s))

   [campaign]    [lap] checklist owes 'zapdos' — victory_lap is the endgame action (head_to_league/enter_league held until the lap clears)

   [campaign]    [roam] grass she KNOWS: routing north -> (3, 7) toward Route 15 (FORWARD — on the road to the objective, visited grass, avoiding any wall)

   [campaign]    [roam] known-good snapshot SKIPPED — this spot can't reach a Center; refusing to bank a poisoned escape target (would reload back into the strand)

   [campaign] -- ROAM TICK 45/100000000 --

   [campaign]    [roam] STATE IN: Route 19 (0, 43) | badges=8 (Boulder, Cascade, Thunder, Rainbow, Soul, Marsh, Volcano, Earth) | party=[blastoise L68, lapras L26, moltres L50, articuno L50, kadabra L19, diglett L18] | 8 badge(s) earned (Boulder, Cascade, Thunder, Rainbow, Soul, Marsh, Volcano, Earth). All 8 badges earned. Pokédex: 19 caught. All 8 badges — Victory Road and the Elite Four are next. This is the endgame.

   [campaign]    [roam] PROGRESS: GREEN (unchanged 0 ticks) | fp[(3, 37) (0,43) f4 -- badge8 $2238 party:71c2 bag:212a]

   [campaign]    [roam] OPTIONS OFFERED: ['victory_lap', 'battle', 'wander_catch', 'travel:3,33', 'travel:3,36', 'travel:3,32', 'travel:1,63', 'use_surf']

   [campaign]    [lap] !! FORCE VICTORY LAP — oracle SKIPPED (the checklist owns the endgame sequencing; the order is code, not mood)

   [campaign]    [roam] PICK OUT: victory_lap

   [campaign]    [roam] RATIONALE: You're ready — stop grinding and push forward to the next objective. then on to the Elite Four

   [campaign]    [roam] 🧭 QUESTLINE ANCHOR-FIRST: 'Zapdos — the L50 legendary bird inside the Power Plant, across Route 10's water strip. The electric answer to Lorelei's waters and Lance's Gyarados, free for the catching once Surf is taught' anchors on Route 10 and we're at Route 19 — edge -> (3, 7) toward the anchor first

   [Bridge] INPUT OWNER = 'agent' (sole writer; others dropped+logged)

   [travel] start map=(3, 37) coords=(0, 43) -> map (3, 7) (budget 300s, surf-capable)

   [travel] north connection band cols: [7, 8, 9, 10, 11, 12, 13, 14, 15, 16]

   [travel] step 0: (0, 43)->(0, 42) map=(3, 37) (path 59 to exit)

   [travel] step 10: (3, 36)->(3, 35) map=(3, 37) (path 49 to exit)

   [travel] step 20: (3, 26)->(3, 25) map=(3, 37) (path 39 to exit)

   [travel] step 30: (7, 20)->(7, 19) map=(3, 37) (path 29 to exit)

   [travel] HEARTBEAT step=40 map=(3, 37) coords=(7, 10) elapsed=5s

   [travel] step 40: (7, 10)->(7, 9) map=(3, 37) (path 19 to exit)

   [travel] step 50: (15, 8)->(15, 7) map=(3, 37) (path 9 to exit)

   [travel] MAP TRANSITION (3, 37) -> (3, 7)

   [campaign]    [world] learned 11 warp(s) on (3, 7): (24, 5)->(11, 0), (33, 31)->(11, 7), (11, 15)->(11, 1), (28, 16)->(11, 2), (9, 32)->(11, 3), (14, 31)->(11, 4)

   [travel] north connection band cols: [0, 1, 2, 3, 4, 5, 6, 7, 8, 9, 10, 11, 12, 13, 14, 15, 16, 17, 18, 19, 20, 21, 22, 23, 24, 25, 26, 27, 28, 29, 30, 31, 32, 33, 34, 35, 36, 37, 38, 39, 40, 41, 42, 43, 44, 45, 46, 47, 48]

   [travel] ARRIVED at target map (3, 7) coords=(27, 39)

   [campaign]    [lap] 'zapdos' questline step -> arrived

   [campaign]    [roam] RESULT: victory_lap -> arrived | pos (3, 37)(0, 43) -> (3, 7)(27, 39) (MOVED)

   [campaign]    ⛰️  CAMPAIGN SAVE [new_area] -> campaign/kira_campaign.state  (map=(3, 7) coords=(27, 39) badges=8 party=6)

   [kira-voice] -> T1·brisk· (beat) 'made it to a new area'  fired=True  [age 0.0s + post 11ms]

   [campaign]    [sanctity] bundle VALID (schema/encoding/truth/monotonic all clean)

   [campaign]    📌 AUTO-CHECKPOINT [gain-new_area] -> checkpoints/20260807_195138_fuchsia-city_8b_37h46m_gain-new-area  (4 bundle file(s))

   [campaign]    [world] learned 11 warp(s) on (3, 7): (24, 5)->(11, 0), (33, 31)->(11, 7), (11, 15)->(11, 1), (28, 16)->(11, 2), (9, 32)->(11, 3), (14, 31)->(11, 4)

   [campaign]    [lap] checklist owes 'zapdos' — victory_lap is the endgame action (head_to_league/enter_league held until the lap clears)

   [campaign]    [roam] grass she KNOWS: routing east -> (3, 33) toward Route 15 (FORWARD — on the road to the objective, visited grass, avoiding any wall)

   [campaign] -- ROAM TICK 46/100000000 --

   [campaign]    [roam] STATE IN: Fuchsia City (27, 39) | badges=8 (Boulder, Cascade, Thunder, Rainbow, Soul, Marsh, Volcano, Earth) | party=[blastoise L68, lapras L26, moltres L50, articuno L50, kadabra L19, diglett L18] | 8 badge(s) earned (Boulder, Cascade, Thunder, Rainbow, Soul, Marsh, Volcano, Earth). All 8 badges earned. Pokédex: 19 caught. All 8 badges — Victory Road and the Elite Four are next. This is the endgame.

   [campaign]    [roam] PROGRESS: GREEN (unchanged 0 ticks) | fp[(3, 7) (27,39) f2 -- badge8 $2238 party:71c2 bag:212a]

   [campaign]    [roam] OPTIONS OFFERED: ['victory_lap', 'battle', 'wander_catch', 'stock_up', 'travel:3,33', 'travel:3,36', 'travel:3,32', 'travel:1,63']

   [campaign]    [soul] surface_want FIRE -> Fuchsia City

   [campaign]    [soul] ORACLE decision: kind=want ctx={'place': "You're in Fuchsia City — outdoors under open sky (a town with a Pokémon Center and a Mart).. ALREADY BESIDE YOU — your current team: blastoise (L68), lapras (L26), moltres (L50), articuno (L50), abra the kadabra (L19), diglett (L18). A want is something you DON'T yet have; never wish for a teammate who's already on your team.", 'map': (3, 7), 'badges': ['Boulder', 'Cascade', 'Thunder', 'Rainbow', 'Soul', 'Marsh', 'Volcano', 'Earth'], 'progress': '8 badge(s) earned (Boulder, Cascade, Thunder, Rainbow, Soul, Marsh, Volcano, Earth). All 8 badges earned. Pokédex: 19 caught. All 8 badges — Victory Road and the Elite Four are next. This is the endgame.', 'party': 'blastoise (L68), lapras (L26), moltres (L50), articuno (L50), abra the kadabra (L19), diglett (L18)', 'goal': {'short': "You're ready — stop grinding and push forward to the next objective", 'medium': "FIRST Zapdos — the L50 legendary bird inside the Power Plant, across Route 10's water strip. The electric answer to Lorelei's waters and Lance's Gyarados, free for the catching once Surf is taught — the gym comes right after; that errand is the road", 'long': 'Take on the Elite Four'}} options=['eevee', 'fossil', 'starters', 'rare', 'legendaries']

   [kira-voice] ORACLE kind=want options=['eevee', 'fossil', 'starters', 'rare', 'legendaries'] -> pick='Zapdos on the team'

   [campaign]    [soul] ORACLE pick -> 'Zapdos on the team'

   [campaign]    [lap] !! FORCE VICTORY LAP — oracle SKIPPED (the checklist owns the endgame sequencing; the order is code, not mood)

   [campaign]    [roam] PICK OUT: victory_lap

   [campaign]    [roam] RATIONALE: You're ready — stop grinding and push forward to the next objective. then on to the Elite Four

   [kira-voice] -> T2·savor· (want) 'Zapdos on the team'  fired=True  [age 0.0s + post 5ms]

   [campaign]    [roam] 🧭 QUESTLINE ANCHOR-FIRST: 'Zapdos — the L50 legendary bird inside the Power Plant, across Route 10's water strip. The electric answer to Lorelei's waters and Lance's Gyarados, free for the catching once Surf is taught' anchors on Route 10 and we're at Fuchsia City — edge -> (3, 33) toward the anchor first

   [Bridge] INPUT OWNER = 'agent' (sole writer; others dropped+logged)

   [travel] start map=(3, 7) coords=(27, 39) -> map (3, 33) (budget 300s, surf-capable)

   [travel] east connection band rows: [0, 1, 2, 3, 4, 5, 6, 7, 8, 9, 20, 21, 22, 30, 31, 32, 33, 34, 35, 36, 37, 38, 39]

   [travel] step 0: (27, 39)->(27, 38) map=(3, 7) (path 50 to exit)

   [travel] step 10: (21, 35)->(21, 34) map=(3, 7) (path 40 to exit)

   [travel] step 20: (28, 32)->(29, 32) map=(3, 7) (path 31 to exit)

   [travel] step 30: (29, 23)->(29, 22) map=(3, 7) (path 21 to exit)

   [travel] HEARTBEAT step=40 map=(3, 7) coords=(38, 22) elapsed=5s

   [travel] step 40: (38, 22)->(39, 22) map=(3, 7) (path 11 to exit)

   [travel] MAP TRANSITION (3, 7) -> (3, 33)

   [campaign]    [world] learned 2 warp(s) on (3, 33): (9, 11)->(24, 0), (16, 11)->(24, 0)

   [travel] east connection band rows: [7, 10, 11, 12, 13, 14, 16]

   [travel] ARRIVED at target map (3, 33) coords=(0, 12)

   [kira-voice] ·dedup· (repeat text, T1, looping?) 'made it to a new area'

   [campaign]    [lap] 'zapdos' questline step -> arrived

   [campaign]    [roam] RESULT: victory_lap -> arrived | pos (3, 7)(27, 39) -> (3, 33)(0, 12) (MOVED)

   [campaign]    ⛰️  CAMPAIGN SAVE [new_area] -> campaign/kira_campaign.state  (map=(3, 33) coords=(0, 12) badges=8 party=6)

   [campaign]    [sanctity] bundle VALID (schema/encoding/truth/monotonic all clean)

   [campaign]    📌 AUTO-CHECKPOINT [gain-new_area] -> checkpoints/20260807_195150_route-15_8b_37h46m_gain-new-area  (4 bundle file(s))

   [campaign]    [world] learned 2 warp(s) on (3, 33): (9, 11)->(24, 0), (16, 11)->(24, 0)

   [campaign]    [lap] checklist owes 'zapdos' — victory_lap is the endgame action (head_to_league/enter_league held until the lap clears)

   [campaign]    [roam] grass she KNOWS: routing east -> (3, 32) toward Route 14 (FORWARD — on the road to the objective, visited grass, avoiding any wall)

   [campaign] -- ROAM TICK 47/100000000 --

   [campaign]    [roam] STATE IN: Route 15 (0, 12) | badges=8 (Boulder, Cascade, Thunder, Rainbow, Soul, Marsh, Volcano, Earth) | party=[blastoise L68, lapras L26, moltres L50, articuno L50, kadabra L19, diglett L18] | 8 badge(s) earned (Boulder, Cascade, Thunder, Rainbow, Soul, Marsh, Volcano, Earth). All 8 badges earned. Pokédex: 19 caught. All 8 badges — Victory Road and the Elite Four are next. This is the endgame.

   [campaign]    [roam] PROGRESS: GREEN (unchanged 0 ticks) | fp[(3, 33) (0,12) f4 -- badge8 $2238 party:71c2 bag:212a]

   [campaign]    [roam] OPTIONS OFFERED: ['victory_lap', 'battle', 'wander_catch', 'travel:3,32', 'travel:3,31', 'travel:3,36']

   [campaign]    [lap] !! FORCE VICTORY LAP — oracle SKIPPED (the checklist owns the endgame sequencing; the order is code, not mood)

   [campaign]    [roam] PICK OUT: victory_lap

   [campaign]    [roam] RATIONALE: You're ready — stop grinding and push forward to the next objective. then on to the Elite Four

   [campaign]    [roam] 🧭 QUESTLINE ANCHOR-FIRST: 'Zapdos — the L50 legendary bird inside the Power Plant, across Route 10's water strip. The electric answer to Lorelei's waters and Lance's Gyarados, free for the catching once Surf is taught' anchors on Route 10 and we're at Route 15 — edge -> (3, 32) toward the anchor first

   [Bridge] INPUT OWNER = 'agent' (sole writer; others dropped+logged)

   [travel] start map=(3, 33) coords=(0, 12) -> map (3, 32) (budget 300s, surf-capable)

   [travel] east connection band rows: [7, 10, 11, 12, 13, 14, 16]

   [travel] path blocked at (0, 12) (NPC on the gap?) - waiting

   [travel] no clean path from (0, 12) AND no NPC-allowing path (npcs nearby=[]) - genuine wall/zone gap, will time out

   [travel] !! TRAVEL WEDGE: identical fp x4 retries at (0, 12) map=(3, 33) (reason=no_route) -> returning to roam LOUD (no inner spin)

   [kira-voice] ·dedup· (repeat text, T1, looping?) "I can't find a way through here — let me rethink this"

   [campaign]    PASSTHROUGH: overworld can't reach the target — trying 2 door(s) as connectors (a building can open onto the far side)

   [campaign]    2 door(s); candidates (chosen order): [(16, 11)]

   [kira-voice] -> T1·brisk· (route) 'hmm — no way through out here. maybe one of these buildings has a back way…'  fired=True  [age 0.0s + post 21ms]

   [campaign]    directional warp (16, 11): no stand/neighbor reachable from (0, 12) — sealed pocket, skipping (0 legs)

   [campaign]    no reachable door warped (entry geometry?) - LOUD

   [campaign]    2 door(s); candidates (chosen order): [(9, 11)]

   [campaign]    reachable door (9, 11): walking to approach (9, 12)

   [Bridge] INPUT OWNER = 'agent' (sole writer; others dropped+logged)

   [travel] start map=(3, 33) coords=(0, 12) -> coord (9, 12) (budget 240s, surf-capable)

   [travel] step 0: (0, 12)->(1, 12) map=(3, 33) (path 10 to exit)

   [travel] reached target coord (9, 12)

   [Bridge] INPUT OWNER = 'agent' (sole writer; others dropped+logged)

   [travel] start map=(3, 33) coords=(9, 9) -> coord (8, 11) (budget 60s, surf-capable)

   [travel] step 0: (9, 9)->(9, 10) map=(3, 33) (path 4 to exit)

   [travel] reached target coord (8, 11)

   [campaign]    [roam] watchdog: SCENE callback owns the screen (evolution/naming/cutscene) — deliberate stillness, watch resets until the world returns

   [campaign]    directional warp (9, 11) (behavior 0x62) entered via RIGHT

   [campaign]    [world] learned 5 warp(s) on (24, 0): (1, 6)->(3, 33), (1, 7)->(3, 33), (11, 6)->(3, 33), (11, 7)->(3, 33), (9, 10)->(24, 1)

   [campaign]    WARPED (3, 33) -> (24, 0) via directional door (9, 11)

   [campaign]    [world] learned 5 warp(s) on (24, 0): (1, 6)->(3, 33), (1, 7)->(3, 33), (11, 6)->(3, 33), (11, 7)->(3, 33), (9, 10)->(24, 1)

   [Bridge] INPUT OWNER = 'agent' (sole writer; others dropped+logged)

   [travel] start map=(24, 0) coords=(1, 6) -> coord (9, 10) (budget 110s, surf-capable)

   [travel] step 0: (1, 6)->(1, 7) map=(24, 0) (path 13 to exit)

   [travel] step 10: (8, 9)->(8, 10) map=(24, 0) (path 3 to exit)

   [travel] reached target coord (9, 10)

   [campaign]    [roam] watchdog: SCENE callback owns the screen (evolution/naming/cutscene) — deliberate stillness, watch resets until the world returns

   [campaign]    [world] learned 1 warp(s) on (24, 1): (10, 9)->(24, 0)

   [campaign]    PASSTHROUGH: (9, 11) dead-ends inside ((24, 1)) — backing out

   [Bridge] INPUT OWNER = 'agent' (sole writer; others dropped+logged)

   [Bridge] INPUT OWNER = 'agent' (sole writer; others dropped+logged)

   [travel] start map=(24, 1) coords=(10, 9) -> coord (11, 9) (budget 60s, surf-capable)

   [travel] step 0: (10, 9)->(11, 9) map=(24, 1) (path 2 to exit)

   [travel] reached target coord (11, 9)

   [campaign]    [roam] watchdog: SCENE callback owns the screen (evolution/naming/cutscene) — deliberate stillness, watch resets until the world returns

   [campaign]    directional warp (10, 9) (behavior 0x6f) entered via LEFT

   [campaign]    [world] learned 5 warp(s) on (24, 0): (1, 6)->(3, 33), (1, 7)->(3, 33), (11, 6)->(3, 33), (11, 7)->(3, 33), (9, 10)->(24, 1)

   [campaign]    EXIT-BUILDING: (24, 1) -> (24, 0)@(9, 10)

   [Bridge] INPUT OWNER = 'agent' (sole writer; others dropped+logged)

   [travel] start map=(24, 0) coords=(9, 10) -> coord (10, 6) (budget 60s, surf-capable)

   [travel] step 0: (9, 10)->(9, 9) map=(24, 0) (path 6 to exit)

   [travel] reached target coord (10, 6)

   [campaign]    [roam] watchdog: SCENE callback owns the screen (evolution/naming/cutscene) — deliberate stillness, watch resets until the world returns

   [campaign]    directional warp (11, 6) (behavior 0x62) entered via RIGHT

   [campaign]    [world] learned 2 warp(s) on (3, 33): (9, 11)->(24, 0), (16, 11)->(24, 0)

   [campaign]    EXIT-BUILDING: (24, 0) -> (3, 33)@(16, 11)

   [campaign]    [lap] 'zapdos' questline step -> no_path

   [campaign]    [roam] RESULT: victory_lap -> no_path | pos (3, 33)(0, 12) -> (3, 33)(16, 11) (MOVED)

   [campaign]    [world] learned 2 warp(s) on (3, 33): (9, 11)->(24, 0), (16, 11)->(24, 0)

   [campaign]    [lap] checklist owes 'zapdos' — victory_lap is the endgame action (head_to_league/enter_league held until the lap clears)

   [campaign]    [roam] known-good snapshot SKIPPED — this spot can't reach a Center; refusing to bank a poisoned escape target (would reload back into the strand)

   [campaign] -- ROAM TICK 48/100000000 --

   [campaign]    [roam] STATE IN: Route 15 (16, 11) | badges=8 (Boulder, Cascade, Thunder, Rainbow, Soul, Marsh, Volcano, Earth) | party=[blastoise L68, lapras L26, moltres L50, articuno L50, kadabra L19, diglett L18] | 8 badge(s) earned (Boulder, Cascade, Thunder, Rainbow, Soul, Marsh, Volcano, Earth). All 8 badges earned. Pokédex: 19 caught. All 8 badges — Victory Road and the Elite Four are next. This is the endgame.

   [campaign]    [roam] PROGRESS: GREEN (unchanged 0 ticks) | fp[(3, 33) (16,11) f4 -- badge8 $2238 party:71c2 bag:212a]

   [campaign]    [roam] OPTIONS OFFERED: ['victory_lap', 'battle', 'wander_catch', 'talk_npc', 'travel:3,32', 'travel:3,31', 'travel:3,36']

   [campaign]    [lap] !! FORCE VICTORY LAP — oracle SKIPPED (the checklist owns the endgame sequencing; the order is code, not mood)

   [campaign]    [roam] PICK OUT: victory_lap

   [campaign]    [roam] RATIONALE: You're ready — stop grinding and push forward to the next objective. then on to the Elite Four

   [campaign]    [roam] 🧭 QUESTLINE ANCHOR-FIRST: 'Zapdos — the L50 legendary bird inside the Power Plant, across Route 10's water strip. The electric answer to Lorelei's waters and Lance's Gyarados, free for the catching once Surf is taught' anchors on Route 10 and we're at Route 15 — edge -> (3, 32) toward the anchor first

   [Bridge] INPUT OWNER = 'agent' (sole writer; others dropped+logged)

   [travel] start map=(3, 33) coords=(16, 11) -> map (3, 32) (budget 300s, surf-capable)

   [travel] east connection band rows: [7, 10, 11, 12, 13, 14, 16]

   [travel] step 0: (16, 11)->(16, 12) map=(3, 33) (path 60 to exit)

   [travel] step 10: (24, 13)->(25, 13) map=(3, 33) (path 50 to exit)

   [travel] step 20: (33, 12)->(34, 12) map=(3, 33) (path 40 to exit)

   [travel] step 30: (43, 12)->(44, 12) map=(3, 33) (path 30 to exit)

   [egress] blocker on (50, 12) (committed step) — holding position, waiting up to 12s for it to wander off (live bodies=[(40, 7), (43, 13), (50, 12), (51, 8), (54, 12), (59, 12)])

   [egress] wait on (50, 12) TIMED OUT (12s) — re-pathing around it

   [kira-voice] ·dedup· (repeat text, T1, looping?) 'the route opens up ahead, grass swaying at the edges of the path'

   [travel] HEARTBEAT step=40 map=(3, 33) coords=(51, 14) elapsed=17s

   [travel] step 40: (51, 14)->(52, 14) map=(3, 33) (path 22 to exit)

   [travel] step 50: (61, 14)->(62, 14) map=(3, 33) (path 12 to exit)

   [travel] step 60: (71, 14)->(0, 54) map=(3, 33) (path 2 to exit)

   [travel] MAP TRANSITION (3, 33) -> (3, 32)

   [travel] east connection band rows: [5, 7, 9, 11, 13, 14, 16, 17, 18, 19, 20, 21, 22, 23, 24, 25, 26, 27, 28, 29, 30, 31, 32, 33, 34, 35, 36, 37, 38, 39, 40, 41, 42, 43, 44, 45, 46, 47, 48, 49, 50, 51, 52, 53, 54, 55, 56, 57, 58, 59]

   [travel] ARRIVED at target map (3, 32) coords=(0, 54)

   [kira-voice] ·dedup· (repeat text, T1, looping?) 'made it to a new area'

   [campaign]    [lap] 'zapdos' questline step -> arrived

   [campaign]    [roam] RESULT: victory_lap -> arrived | pos (3, 33)(16, 11) -> (3, 32)(0, 54) (MOVED)

   [campaign]    ⛰️  CAMPAIGN SAVE [new_area] -> campaign/kira_campaign.state  (map=(3, 32) coords=(0, 54) badges=8 party=6)

   [campaign]    [sanctity] bundle VALID (schema/encoding/truth/monotonic all clean)

   [campaign]    📌 AUTO-CHECKPOINT [gain-new_area] -> checkpoints/20260807_195250_route-14_8b_37h47m_gain-new-area  (4 bundle file(s))

   [campaign]    [lap] checklist owes 'zapdos' — victory_lap is the endgame action (head_to_league/enter_league held until the lap clears)

   [campaign] -- ROAM TICK 49/100000000 --

   [campaign]    [roam] STATE IN: Route 14 (0, 54) | badges=8 (Boulder, Cascade, Thunder, Rainbow, Soul, Marsh, Volcano, Earth) | party=[blastoise L68, lapras L26, moltres L50, articuno L50, kadabra L19, diglett L18] | 8 badge(s) earned (Boulder, Cascade, Thunder, Rainbow, Soul, Marsh, Volcano, Earth). All 8 badges earned. Pokédex: 19 caught. All 8 badges — Victory Road and the Elite Four are next. This is the endgame.

   [campaign]    [roam] PROGRESS: GREEN (unchanged 0 ticks) | fp[(3, 32) (0,54) f4 -- badge8 $2238 party:71c2 bag:212a]

   [campaign]    [roam] OPTIONS OFFERED: ['victory_lap', 'battle', 'wander_catch', 'travel:3,31', 'travel:3,33', 'travel:3,29']

   [campaign]    [soul] surface_want FIRE -> Route 14

   [campaign]    [soul] ORACLE decision: kind=want ctx={'place': "You're on Route 14 — outdoors under open sky (tall grass around — wild Pokémon live in it).. ALREADY BESIDE YOU — your current team: blastoise (L68), lapras (L26), moltres (L50), articuno (L50), abra the kadabra (L19), diglett (L18). A want is something you DON'T yet have; never wish for a teammate who's already on your team.", 'map': (3, 32), 'badges': ['Boulder', 'Cascade', 'Thunder', 'Rainbow', 'Soul', 'Marsh', 'Volcano', 'Earth'], 'progress': '8 badge(s) earned (Boulder, Cascade, Thunder, Rainbow, Soul, Marsh, Volcano, Earth). All 8 badges earned. Pokédex: 19 caught. All 8 badges — Victory Road and the Elite Four are next. This is the endgame.', 'party': 'blastoise (L68), lapras (L26), moltres (L50), articuno (L50), abra the kadabra (L19), diglett (L18)', 'goal': {'short': "You're ready — stop grinding and push forward to the next objective", 'medium': "FIRST Zapdos — the L50 legendary bird inside the Power Plant, across Route 10's water strip. The electric answer to Lorelei's waters and Lance's Gyarados, free for the catching once Surf is taught — the gym comes right after; that errand is the road", 'long': 'Take on the Elite Four'}} options=['eevee', 'fossil', 'starters', 'rare', 'legendaries']

   [kira-voice] ORACLE kind=want options=['eevee', 'fossil', 'starters', 'rare', 'legendaries'] -> pick='Zapdos from the Power Plant'

   [campaign]    [soul] ORACLE pick -> 'Zapdos from the Power Plant'

   [campaign]    [lap] !! FORCE VICTORY LAP — oracle SKIPPED (the checklist owns the endgame sequencing; the order is code, not mood)

   [campaign]    [roam] PICK OUT: victory_lap

   [campaign]    [roam] RATIONALE: You're ready — stop grinding and push forward to the next objective. then on to the Elite Four

   [kira-voice] -> T2·savor· (want) 'Zapdos from the Power Plant'  fired=True  [age 0.0s + post 5ms]

   [campaign]    [roam] 🧭 QUESTLINE ANCHOR-FIRST: 'Zapdos — the L50 legendary bird inside the Power Plant, across Route 10's water strip. The electric answer to Lorelei's waters and Lance's Gyarados, free for the catching once Surf is taught' anchors on Route 10 and we're at Route 14 — edge -> (3, 31) toward the anchor first

   [Bridge] INPUT OWNER = 'agent' (sole writer; others dropped+logged)

   [travel] start map=(3, 32) coords=(0, 54) -> map (3, 31) (budget 300s, surf-capable)

   [travel] east connection band rows: [5, 7, 9, 11, 13, 14, 16, 17, 18, 19, 20, 21, 22, 23, 24, 25, 26, 27, 28, 29, 30, 31, 32, 33, 34, 35, 36, 37, 38, 39, 40, 41, 42, 43, 44, 45, 46, 47, 48, 49, 50, 51, 52, 53, 54, 55, 56, 57, 58, 59]

   [travel] step 0: (0, 54)->(0, 53) map=(3, 32) (path 68 to exit)

   [travel] step 10: (2, 46)->(2, 45) map=(3, 32) (path 58 to exit)

   [travel] step 20: (7, 41)->(7, 40) map=(3, 32) (path 48 to exit)

   [egress] blocker on (12, 35) (committed step) — holding position, waiting up to 12s for it to wander off (live bodies=[(7, 31), (7, 34), (7, 37), (10, 32), (12, 35), (18, 35)])

   [egress] wait on (12, 35) TIMED OUT (12s) — re-pathing around it

   [travel] step 30: (11, 35)->(11, 36) map=(3, 32) (path 60 to exit)

   [kira-voice] ·dedup· (repeat text, T1, looping?) 'the route opens up ahead, grass swaying at the edges of the path'

   [travel] HEARTBEAT step=40 map=(3, 32) coords=(11, 45) elapsed=18s

   [travel] step 40: (11, 45)->(11, 46) map=(3, 32) (path 50 to exit)

   [travel] step 50: (14, 40)->(14, 39) map=(3, 32) (path 40 to exit)

   [travel] step 60: (14, 30)->(14, 29) map=(3, 32) (path 30 to exit)

   [travel] step 70: (14, 20)->(14, 19) map=(3, 32) (path 20 to exit)

   [travel] HEARTBEAT step=80 map=(3, 32) coords=(15, 11) elapsed=23s

   [travel] step 80: (15, 11)->(16, 11) map=(3, 32) (path 10 to exit)

   [travel] MAP TRANSITION (3, 32) -> (3, 31)

   [travel] east connection band rows: [0, 1, 2, 3, 4, 5, 6, 7, 8, 9, 10, 11, 12, 13, 14, 15, 16, 17, 18, 19]

   [travel] ARRIVED at target map (3, 31) coords=(0, 11)

   [kira-voice] ·dedup· (repeat text, T1, looping?) 'made it to a new area'

   [campaign]    [lap] 'zapdos' questline step -> arrived

   [campaign]    [roam] RESULT: victory_lap -> arrived | pos (3, 32)(0, 54) -> (3, 31)(0, 11) (MOVED)

   [campaign]    ⛰️  CAMPAIGN SAVE [new_area] -> campaign/kira_campaign.state  (map=(3, 31) coords=(0, 11) badges=8 party=6)

   [campaign]    [sanctity] bundle VALID (schema/encoding/truth/monotonic all clean)

   [campaign]    📌 AUTO-CHECKPOINT [gain-new_area] -> checkpoints/20260807_195319_route-13_8b_37h47m_gain-new-area  (4 bundle file(s))

   [campaign]    [lap] checklist owes 'zapdos' — victory_lap is the endgame action (head_to_league/enter_league held until the lap clears)

   [campaign] -- ROAM TICK 50/100000000 --

   [campaign]    [roam] STATE IN: Route 13 (0, 11) | badges=8 (Boulder, Cascade, Thunder, Rainbow, Soul, Marsh, Volcano, Earth) | party=[blastoise L68, lapras L26, moltres L50, articuno L50, kadabra L19, diglett L18] | 8 badge(s) earned (Boulder, Cascade, Thunder, Rainbow, Soul, Marsh, Volcano, Earth). All 8 badges earned. Pokédex: 19 caught. All 8 badges — Victory Road and the Elite Four are next. This is the endgame.

   [campaign]    [roam] PROGRESS: GREEN (unchanged 0 ticks) | fp[(3, 31) (0,11) f4 -- badge8 $2238 party:71c2 bag:212a]

   [campaign]    [roam] OPTIONS OFFERED: ['victory_lap', 'battle', 'wander_catch', 'travel:3,32', 'travel:3,29', 'travel:3,33']

   [campaign]    [lap] !! FORCE VICTORY LAP — oracle SKIPPED (the checklist owns the endgame sequencing; the order is code, not mood)

   [campaign]    [roam] PICK OUT: victory_lap

   [campaign]    [roam] RATIONALE: You're ready — stop grinding and push forward to the next objective. then on to the Elite Four

   [campaign]    [roam] 🧭 QUESTLINE ANCHOR-FIRST: 'Zapdos — the L50 legendary bird inside the Power Plant, across Route 10's water strip. The electric answer to Lorelei's waters and Lance's Gyarados, free for the catching once Surf is taught' anchors on Route 10 and we're at Route 13 — edge -> (3, 30) toward the anchor first

   [Bridge] INPUT OWNER = 'agent' (sole writer; others dropped+logged)

   [travel] start map=(3, 31) coords=(0, 11) -> map (3, 30) (budget 300s, surf-capable)

   [travel] north connection band cols: [0, 1, 2, 3, 4, 5, 6, 7, 8, 9, 10, 11, 12, 13, 14, 15, 16, 17, 18, 19, 20, 21, 22, 23, 24, 25, 26, 27, 28, 29, 30, 31, 32, 33, 34, 35, 36, 37, 38, 39, 40, 41, 42, 43, 44, 45, 46, 47, 62, 63, 64, 65, 66, 67, 68, 69, 70, 71, 72]

   [travel] step 0: (0, 11)->(1, 11) map=(3, 31) (path 100 to exit)

   [travel] step 10: (8, 9)->(9, 9) map=(3, 31) (path 90 to exit)

   [travel] step 20: (16, 7)->(16, 6) map=(3, 31) (path 80 to exit)

   [travel] step 30: (24, 5)->(25, 5) map=(3, 31) (path 70 to exit)

   [travel] HEARTBEAT step=40 map=(3, 31) coords=(30, 7) elapsed=5s

   [travel] step 40: (30, 7)->(29, 7) map=(3, 31) (path 60 to exit)

   [travel] step 50: (26, 9)->(27, 9) map=(3, 31) (path 50 to exit)

   [travel] step 60: (34, 11)->(35, 11) map=(3, 31) (path 40 to exit)

   [travel] step 70: (44, 11)->(45, 11) map=(3, 31) (path 30 to exit)

   [egress] blocker on (54, 11) (committed step) — holding position, waiting up to 12s for it to wander off (live bodies=[(44, 5), (54, 11), (62, 6), (63, 12)])

   [egress] blocker cleared off (54, 11) after 1 poll(s) (~0.4s) — resuming the committed step

   [travel] HEARTBEAT step=80 map=(3, 31) coords=(54, 11) elapsed=11s

   [travel] step 80: (54, 11)->(55, 11) map=(3, 31) (path 20 to exit)

   [travel] step 90: (62, 9)->(62, 8) map=(3, 31) (path 10 to exit)

   [egress] blocker on (62, 7) (committed step) — holding position, waiting up to 12s for it to wander off (live bodies=[(54, 12), (62, 7), (63, 12)])

   [egress] blocker cleared off (62, 7) after 5 poll(s) (~2.0s) — resuming the committed step

   [kira-voice] ·dedup· (repeat text, T1, looping?) 'the route opens up ahead, grass swaying at the edges of the path'

