===== playlive_2026-08-10_17-36-27.log =====
   [travel] start map=(3, 27) coords=(71, 10) -> map (3, 3) (budget 300s, surf-capable)
   [travel] west connection band rows: [6, 8, 9, 11]
   [travel] path blocked at (71, 10) (NPC on the gap?) - waiting
   [travel] no clean path from (71, 10) AND no NPC-allowing path (npcs nearby=[(65, 17)]) - genuine wall/zone gap, will time out
   [travel] !! TRAVEL WEDGE: identical fp x4 retries at (71, 10) map=(3, 27) (reason=no_route) -> returning to roam LOUD (no inner spin)
   [travel] start map=(3, 27) coords=(71, 10) -> map (3, 3) (budget 300s, surf-capable)
   [travel] west connection band rows: [6, 8, 9, 11]
   [travel] path blocked at (71, 10) (NPC on the gap?) - waiting
   [travel] no clean path from (71, 10) AND no NPC-allowing path (npcs nearby=[(65, 17)]) - genuine wall/zone gap, will time out
   [travel] !! TRAVEL WEDGE: identical fp x4 retries at (71, 10) map=(3, 27) (reason=no_route) -> returning to roam LOUD (no inner spin)
   [travel] start map=(3, 27) coords=(71, 10) -> map (3, 3) (budget 300s, surf-capable)
   [travel] west connection band rows: [6, 8, 9, 11]
   [travel] path blocked at (71, 10) (NPC on the gap?) - waiting
   [travel] no clean path from (71, 10) AND no NPC-allowing path (npcs nearby=[(65, 17)]) - genuine wall/zone gap, will time out
   [travel] !! TRAVEL WEDGE: identical fp x4 retries at (71, 10) map=(3, 27) (reason=no_route) -> returning to roam LOUD (no inner spin)
   [travel] start map=(3, 27) coords=(71, 10) -> map (3, 3) (budget 300s, surf-capable)
   [travel] west connection band rows: [6, 8, 9, 11]
   [travel] path blocked at (71, 10) (NPC on the gap?) - waiting
   [travel] no clean path from (71, 10) AND no NPC-allowing path (npcs nearby=[(65, 17)]) - genuine wall/zone gap, will time out
   [travel] !! TRAVEL WEDGE: identical fp x4 retries at (71, 10) map=(3, 27) (reason=no_route) -> returning to roam LOUD (no inner spin)
   [travel] start map=(3, 27) coords=(71, 10) -> map (3, 3) (budget 300s, surf-capable)
   [travel] west connection band rows: [6, 8, 9, 11]
   [travel] path blocked at (71, 10) (NPC on the gap?) - waiting
   [travel] no clean path from (71, 10) AND no NPC-allowing path (npcs nearby=[(65, 17)]) - genuine wall/zone gap, will time out
   [travel] !! TRAVEL WEDGE: identical fp x4 retries at (71, 10) map=(3, 27) (reason=no_route) -> returning to roam LOUD (no inner spin)
   [travel] start map=(3, 27) coords=(71, 10) -> map (3, 3) (budget 300s, surf-capable)
   [travel] west connection band rows: [6, 8, 9, 11]
   [travel] path blocked at (71, 10) (NPC on the gap?) - waiting
   [travel] no clean path from (71, 10) AND no NPC-allowing path (npcs nearby=[(65, 17)]) - genuine wall/zone gap, will time out
   [travel] !! TRAVEL WEDGE: identical fp x4 retries at (71, 10) map=(3, 27) (reason=no_route) -> returning to roam LOUD (no inner spin)
   [travel] start map=(3, 27) coords=(71, 10) -> map (3, 3) (budget 300s, surf-capable)
   [travel] west connection band rows: [6, 8, 9, 11]
   [travel] path blocked at (71, 10) (NPC on the gap?) - waiting
   [travel] no clean path from (71, 10) AND no NPC-allowing path (npcs nearby=[(65, 17)]) - genuine wall/zone gap, will time out
   [travel] !! TRAVEL WEDGE: identical fp x4 retries at (71, 10) map=(3, 27) (reason=no_route) -> returning to roam LOUD (no inner spin)
   [travel] start map=(3, 27) coords=(71, 10) -> map (3, 3) (budget 300s, surf-capable)
   [travel] west connection band rows: [6, 8, 9, 11]
   [travel] path blocked at (71, 10) (NPC on the gap?) - waiting
   [travel] no clean path from (71, 10) AND no NPC-allowing path (npcs nearby=[(65, 17)]) - genuine wall/zone gap, will time out
   [travel] !! TRAVEL WEDGE: identical fp x4 retries at (71, 10) map=(3, 27) (reason=no_route) -> returning to roam LOUD (no inner spin)
   [travel] start map=(3, 27) coords=(71, 10) -> map (3, 3) (budget 300s, surf-capable)
   [travel] west connection band rows: [6, 8, 9, 11]
   [travel] path blocked at (71, 10) (NPC on the gap?) - waiting
   [travel] no clean path from (71, 10) AND no NPC-allowing path (npcs nearby=[(65, 17)]) - genuine wall/zone gap, will time out
   [travel] !! TRAVEL WEDGE: identical fp x4 retries at (71, 10) map=(3, 27) (reason=no_route) -> returning to roam LOUD (no inner spin)
   [travel] start map=(3, 27) coords=(71, 10) -> map (3, 3) (budget 300s, surf-capable)
   [travel] west connection band rows: [6, 8, 9, 11]
   [travel] path blocked at (71, 10) (NPC on the gap?) - waiting
   [travel] no clean path from (71, 10) AND no NPC-allowing path (npcs nearby=[(65, 17)]) - genuine wall/zone gap, will time out
   [travel] !! TRAVEL WEDGE: identical fp x4 retries at (71, 10) map=(3, 27) (reason=no_route) -> returning to roam LOUD (no inner spin)
   [travel] start map=(3, 27) coords=(71, 10) -> map (3, 3) (budget 300s, surf-capable)
   [travel] west connection band rows: [6, 8, 9, 11]
   [travel] path blocked at (71, 10) (NPC on the gap?) - waiting
   [travel] no clean path from (71, 10) AND no NPC-allowing path (npcs nearby=[(65, 17)]) - genuine wall/zone gap, will time out
   [travel] !! TRAVEL WEDGE: identical fp x4 retries at (71, 10) map=(3, 27) (reason=no_route) -> returning to roam LOUD (no inner spin)
   [travel] start map=(3, 27) coords=(71, 10) -> map (3, 3) (budget 300s, surf-capable)
   [travel] west connection band rows: [6, 8, 9, 11]
   [travel] path blocked at (71, 10) (NPC on the gap?) - waiting
   [travel] no clean path from (71, 10) AND no NPC-allowing path (npcs nearby=[(65, 17)]) - genuine wall/zone gap, will time out
   [travel] !! TRAVEL WEDGE: identical fp x4 retries at (71, 10) map=(3, 27) (reason=no_route) -> returning to roam LOUD (no inner spin)
   [travel] start map=(3, 27) coords=(71, 10) -> map (3, 3) (budget 300s, surf-capable)
   [travel] west connection band rows: [6, 8, 9, 11]
   [travel] path blocked at (71, 10) (NPC on the gap?) - waiting
   [travel] no clean path from (71, 10) AND no NPC-allowing path (npcs nearby=[(65, 17)]) - genuine wall/zone gap, will time out
   [travel] !! TRAVEL WEDGE: identical fp x4 retries at (71, 10) map=(3, 27) (reason=no_route) -> returning to roam LOUD (no inner spin)
   [travel] start map=(3, 27) coords=(71, 10) -> map (3, 3) (budget 300s, surf-capable)
   [travel] west connection band rows: [6, 8, 9, 11]
   [travel] path blocked at (71, 10) (NPC on the gap?) - waiting
   [travel] no clean path from (71, 10) AND no NPC-allowing path (npcs nearby=[(65, 17)]) - genuine wall/zone gap, will time out
   [travel] !! TRAVEL WEDGE: identical fp x4 retries at (71, 10) map=(3, 27) (reason=no_route) -> returning to roam LOUD (no inner spin)
   [travel] start map=(3, 27) coords=(71, 10) -> map (3, 3) (budget 300s, surf-capable)
   [travel] west connection band rows: [6, 8, 9, 11]
   [travel] path blocked at (71, 10) (NPC on the gap?) - waiting
   [travel] no clean path from (71, 10) AND no NPC-allowing path (npcs nearby=[(65, 17)]) - genuine wall/zone gap, will time out
   [travel] !! TRAVEL WEDGE: identical fp x4 retries at (71, 10) map=(3, 27) (reason=no_route) -> returning to roam LOUD (no inner spin)
   [travel] start map=(3, 27) coords=(71, 10) -> map (3, 3) (budget 300s, surf-capable)
   [travel] west connection band rows: [6, 8, 9, 11]
   [travel] path blocked at (71, 10) (NPC on the gap?) - waiting
   [travel] no clean path from (71, 10) AND no NPC-allowing path (npcs nearby=[(65, 17)]) - genuine wall/zone gap, will time out
   [travel] !! TRAVEL WEDGE: identical fp x4 retries at (71, 10) map=(3, 27) (reason=no_route) -> returning to roam LOUD (no inner spin)
   [travel] start map=(3, 27) coords=(71, 10) -> map (3, 3) (budget 300s, surf-capable)
   [travel] west connection band rows: [6, 8, 9, 11]
   [travel] path blocked at (71, 10) (NPC on the gap?) - waiting
   [travel] no clean path from (71, 10) AND no NPC-allowing path (npcs nearby=[(65, 17)]) - genuine wall/zone gap, will time out
   [travel] !! TRAVEL WEDGE: identical fp x4 retries at (71, 10) map=(3, 27) (reason=no_route) -> returning to roam LOUD (no inner spin)
   [travel] start map=(3, 27) coords=(71, 10) -> map (3, 3) (budget 300s, surf-capable)
   [travel] west connection band rows: [6, 8, 9, 11]
   [travel] path blocked at (71, 10) (NPC on the gap?) - waiting
   [travel] no clean path from (71, 10) AND no NPC-allowing path (npcs nearby=[(65, 17)]) - genuine wall/zone gap, will time out
   [travel] !! TRAVEL WEDGE: identical fp x4 retries at (71, 10) map=(3, 27) (reason=no_route) -> returning to roam LOUD (no inner spin)
===== playlive_2026-08-10_17-20-11.log =====
   [travel] start map=(3, 28) coords=(13, 10) -> map (3, 27) (budget 300s, surf-capable)
   [travel] west connection band rows: [8, 9, 10, 20, 21, 22, 23, 24, 25, 26, 27, 28, 29, 30, 31, 32, 33, 34, 35, 36, 37, 38, 39, 40, 41, 42, 43, 44, 45, 46, 47, 48, 49, 50, 51, 52, 53, 54, 55, 56, 57, 58, 59, 60, 61, 62, 63, 64, 65, 66, 67, 68, 69, 70, 71, 72, 73, 74, 75, 76, 77, 78, 79]
   [travel] step 0: (13, 10)->(13, 11) map=(3, 28) (path 16 to exit)
   [travel] step 10: (5, 10)->(4, 10) map=(3, 28) (path 6 to exit)
   [travel] MAP TRANSITION (3, 28) -> (3, 27)
   [travel] west connection band rows: [6, 8, 9, 11]
   [travel] ARRIVED at target map (3, 27) coords=(71, 10)
   [travel] start map=(3, 27) coords=(71, 10) -> map (3, 3) (budget 300s, surf-capable)
   [travel] west connection band rows: [6, 8, 9, 11]
   [travel] path blocked at (71, 10) (NPC on the gap?) - waiting
   [travel] no clean path from (71, 10) AND no NPC-allowing path (npcs nearby=[(65, 17)]) - genuine wall/zone gap, will time out
   [travel] !! TRAVEL WEDGE: identical fp x4 retries at (71, 10) map=(3, 27) (reason=no_route) -> returning to roam LOUD (no inner spin)
   [travel] start map=(3, 27) coords=(71, 10) -> map (3, 3) (budget 300s, surf-capable)
   [travel] west connection band rows: [6, 8, 9, 11]
   [travel] path blocked at (71, 10) (NPC on the gap?) - waiting
   [travel] no clean path from (71, 10) AND no NPC-allowing path (npcs nearby=[(65, 17)]) - genuine wall/zone gap, will time out
   [travel] !! TRAVEL WEDGE: identical fp x4 retries at (71, 10) map=(3, 27) (reason=no_route) -> returning to roam LOUD (no inner spin)
   [travel] start map=(3, 27) coords=(71, 10) -> map (3, 3) (budget 300s, surf-capable)
   [travel] west connection band rows: [6, 8, 9, 11]
   [travel] path blocked at (71, 10) (NPC on the gap?) - waiting
   [travel] no clean path from (71, 10) AND no NPC-allowing path (npcs nearby=[(65, 17)]) - genuine wall/zone gap, will time out
   [travel] !! TRAVEL WEDGE: identical fp x4 retries at (71, 10) map=(3, 27) (reason=no_route) -> returning to roam LOUD (no inner spin)
   [travel] start map=(3, 27) coords=(71, 10) -> map (3, 3) (budget 300s, surf-capable)
   [travel] west connection band rows: [6, 8, 9, 11]
   [travel] path blocked at (71, 10) (NPC on the gap?) - waiting
   [travel] no clean path from (71, 10) AND no NPC-allowing path (npcs nearby=[(65, 17)]) - genuine wall/zone gap, will time out
   [travel] !! TRAVEL WEDGE: identical fp x4 retries at (71, 10) map=(3, 27) (reason=no_route) -> returning to roam LOUD (no inner spin)
   [travel] start map=(3, 27) coords=(71, 10) -> map (3, 3) (budget 300s, surf-capable)
   [travel] west connection band rows: [6, 8, 9, 11]
   [travel] path blocked at (71, 10) (NPC on the gap?) - waiting
   [travel] no clean path from (71, 10) AND no NPC-allowing path (npcs nearby=[(65, 17)]) - genuine wall/zone gap, will time out
   [travel] !! TRAVEL WEDGE: identical fp x4 retries at (71, 10) map=(3, 27) (reason=no_route) -> returning to roam LOUD (no inner spin)
   [travel] start map=(3, 27) coords=(71, 10) -> map (3, 3) (budget 300s, surf-capable)
   [travel] west connection band rows: [6, 8, 9, 11]
   [travel] path blocked at (71, 10) (NPC on the gap?) - waiting
   [travel] no clean path from (71, 10) AND no NPC-allowing path (npcs nearby=[(65, 17)]) - genuine wall/zone gap, will time out
   [travel] !! TRAVEL WEDGE: identical fp x4 retries at (71, 10) map=(3, 27) (reason=no_route) -> returning to roam LOUD (no inner spin)
   [travel] start map=(3, 27) coords=(71, 10) -> map (3, 3) (budget 300s, surf-capable)
   [travel] west connection band rows: [6, 8, 9, 11]
   [travel] path blocked at (71, 10) (NPC on the gap?) - waiting
   [travel] no clean path from (71, 10) AND no NPC-allowing path (npcs nearby=[(65, 17)]) - genuine wall/zone gap, will time out
   [travel] !! TRAVEL WEDGE: identical fp x4 retries at (71, 10) map=(3, 27) (reason=no_route) -> returning to roam LOUD (no inner spin)
   [travel] start map=(3, 27) coords=(71, 10) -> map (3, 3) (budget 300s, surf-capable)
   [travel] west connection band rows: [6, 8, 9, 11]
   [travel] path blocked at (71, 10) (NPC on the gap?) - waiting
   [travel] no clean path from (71, 10) AND no NPC-allowing path (npcs nearby=[(65, 17)]) - genuine wall/zone gap, will time out
   [travel] !! TRAVEL WEDGE: identical fp x4 retries at (71, 10) map=(3, 27) (reason=no_route) -> returning to roam LOUD (no inner spin)
   [travel] start map=(3, 27) coords=(71, 10) -> map (3, 3) (budget 300s, surf-capable)
   [travel] west connection band rows: [6, 8, 9, 11]
   [travel] path blocked at (71, 10) (NPC on the gap?) - waiting
   [travel] no clean path from (71, 10) AND no NPC-allowing path (npcs nearby=[(65, 17)]) - genuine wall/zone gap, will time out
   [travel] !! TRAVEL WEDGE: identical fp x4 retries at (71, 10) map=(3, 27) (reason=no_route) -> returning to roam LOUD (no inner spin)
   [travel] start map=(3, 27) coords=(71, 10) -> map (3, 3) (budget 300s, surf-capable)
   [travel] west connection band rows: [6, 8, 9, 11]
   [travel] path blocked at (71, 10) (NPC on the gap?) - waiting
   [travel] no clean path from (71, 10) AND no NPC-allowing path (npcs nearby=[(65, 17)]) - genuine wall/zone gap, will time out
   [travel] !! TRAVEL WEDGE: identical fp x4 retries at (71, 10) map=(3, 27) (reason=no_route) -> returning to roam LOUD (no inner spin)
