   [campaign]    [roam] Mt. Moon off-mission escape -> stuck (now (1, 2))

   [campaign]    ⛰️  CAMPAIGN SAVE [tick1960] -> campaign/kira_campaign.state  (map=(1, 2) coords=(26, 36) badges=3 party=6)

   [campaign]    [sanctity] bundle VALID (schema/encoding/truth/monotonic all clean)

   [campaign]    [roam] !! OFF-MISSION: inside Mt. Moon B1F ((1, 2)) with 3 badges — escaping via clear_mt_moon (NOT Rock Tunnel)

   [campaign]    !! MTMOON: PLAN MISMATCH on (1, 2), expected [1, 1]

   [campaign]    [roam] Mt. Moon off-mission escape -> stuck (now (1, 2))

   [campaign]    [roam] !! OFF-MISSION: inside Mt. Moon B1F ((1, 2)) with 3 badges — escaping via clear_mt_moon (NOT Rock Tunnel)

   [campaign]    !! MTMOON: PLAN MISMATCH on (1, 2), expected [1, 1]

   [campaign]    [roam] Mt. Moon off-mission escape -> stuck (now (1, 2))

   [campaign]    [roam] !! OFF-MISSION: inside Mt. Moon B1F ((1, 2)) with 3 badges — escaping via clear_mt_moon (NOT Rock Tunnel)

   [campaign]    !! MTMOON: PLAN MISMATCH on (1, 2), expected [1, 1]

   [campaign]    [roam] Mt. Moon off-mission escape -> stuck (now (1, 2))

   [campaign]    [roam] !! OFF-MISSION: inside Mt. Moon B1F ((1, 2)) with 3 badges — escaping via clear_mt_moon (NOT Rock Tunnel)

   [campaign]    !! MTMOON: PLAN MISMATCH on (1, 2), expected [1, 1]

   [campaign]    [roam] Mt. Moon off-mission escape -> stuck (now (1, 2))

   [campaign]    [roam] !! OFF-MISSION: inside Mt. Moon B1F ((1, 2)) with 3 badges — escaping via clear_mt_moon (NOT Rock Tunnel)

   [campaign]    !! MTMOON: PLAN MISMATCH on (1, 2), expected [1, 1]

   [campaign]    [roam] Mt. Moon off-mission escape -> stuck (now (1, 2))

   [campaign]    ⛰️  CAMPAIGN SAVE [tick1965] -> campaign/kira_campaign.state  (map=(1, 2) coords=(26, 36) badges=3 party=6)

   [campaign]    [sanctity] bundle VALID (schema/encoding/truth/monotonic all clean)

   [campaign]    [roam] !! OFF-MISSION: inside Mt. Moon B1F ((1, 2)) with 3 badges — escaping via clear_mt_moon (NOT Rock Tunnel)

   [campaign]    !! MTMOON: PLAN MISMATCH on (1, 2), expected [1, 1]

   [campaign]    [roam] Mt. Moon off-mission escape -> stuck (now (1, 2))

   [campaign]    [roam] !! OFF-MISSION: inside Mt. Moon B1F ((1, 2)) with 3 badges — escaping via clear_mt_moon (NOT Rock Tunnel)

   [campaign]    !! MTMOON: PLAN MISMATCH on (1, 2), expected [1, 1]

   [campaign]    [roam] Mt. Moon off-mission escape -> stuck (now (1, 2))

   [campaign]    [roam] !! OFF-MISSION: inside Mt. Moon B1F ((1, 2)) with 3 badges — escaping via clear_mt_moon (NOT Rock Tunnel)

   [campaign]    !! MTMOON: PLAN MISMATCH on (1, 2), expected [1, 1]

   [campaign]    [roam] Mt. Moon off-mission escape -> stuck (now (1, 2))

   [campaign]    [roam] !! OFF-MISSION: inside Mt. Moon B1F ((1, 2)) with 3 badges — escaping via clear_mt_moon (NOT Rock Tunnel)

   [campaign]    !! MTMOON: PLAN MISMATCH on (1, 2), expected [1, 1]

   [campaign]    [roam] Mt. Moon off-mission escape -> stuck (now (1, 2))

   [campaign]    [roam] !! OFF-MISSION: inside Mt. Moon B1F ((1, 2)) with 3 badges — escaping via clear_mt_moon (NOT Rock Tunnel)

   [campaign]    !! MTMOON: PLAN MISMATCH on (1, 2), expected [1, 1]

   [campaign]    [roam] Mt. Moon off-mission escape -> stuck (now (1, 2))

   [campaign]    ⛰️  CAMPAIGN SAVE [tick1970] -> campaign/kira_campaign.state  (map=(1, 2) coords=(26, 36) badges=3 party=6)

   [campaign]    [sanctity] bundle VALID (schema/encoding/truth/monotonic all clean)

   [campaign]    [roam] !! OFF-MISSION: inside Mt. Moon B1F ((1, 2)) with 3 badges — escaping via clear_mt_moon (NOT Rock Tunnel)

   [campaign]    !! MTMOON: PLAN MISMATCH on (1, 2), expected [1, 1]

   [campaign]    [roam] Mt. Moon off-mission escape -> stuck (now (1, 2))

   [campaign]    [roam] !! OFF-MISSION: inside Mt. Moon B1F ((1, 2)) with 3 badges — escaping via clear_mt_moon (NOT Rock Tunnel)

   [campaign]    !! MTMOON: PLAN MISMATCH on (1, 2), expected [1, 1]

   [campaign]    [roam] Mt. Moon off-mission escape -> stuck (now (1, 2))

   [campaign]    [roam] !! OFF-MISSION: inside Mt. Moon B1F ((1, 2)) with 3 badges — escaping via clear_mt_moon (NOT Rock Tunnel)

   [campaign]    !! MTMOON: PLAN MISMATCH on (1, 2), expected [1, 1]

   [campaign]    [roam] Mt. Moon off-mission escape -> stuck (now (1, 2))

   [campaign]    [roam] !! OFF-MISSION: inside Mt. Moon B1F ((1, 2)) with 3 badges — escaping via clear_mt_moon (NOT Rock Tunnel)

   [campaign]    !! MTMOON: PLAN MISMATCH on (1, 2), expected [1, 1]

   [campaign]    [roam] Mt. Moon off-mission escape -> stuck (now (1, 2))

   [campaign]    [roam] !! OFF-MISSION: inside Mt. Moon B1F ((1, 2)) with 3 badges — escaping via clear_mt_moon (NOT Rock Tunnel)

   [campaign]    !! MTMOON: PLAN MISMATCH on (1, 2), expected [1, 1]

   [campaign]    [roam] Mt. Moon off-mission escape -> stuck (now (1, 2))

   [campaign]    ⛰️  CAMPAIGN SAVE [tick1975] -> campaign/kira_campaign.state  (map=(1, 2) coords=(26, 36) badges=3 party=6)

   [campaign]    [sanctity] bundle VALID (schema/encoding/truth/monotonic all clean)

   [campaign]    [roam] !! OFF-MISSION: inside Mt. Moon B1F ((1, 2)) with 3 badges — escaping via clear_mt_moon (NOT Rock Tunnel)

   [campaign]    !! MTMOON: PLAN MISMATCH on (1, 2), expected [1, 1]

   [campaign]    [roam] Mt. Moon off-mission escape -> stuck (now (1, 2))

   [campaign]    [roam] !! OFF-MISSION: inside Mt. Moon B1F ((1, 2)) with 3 badges — escaping via clear_mt_moon (NOT Rock Tunnel)

   [campaign]    !! MTMOON: PLAN MISMATCH on (1, 2), expected [1, 1]

   [campaign]    [roam] Mt. Moon off-mission escape -> stuck (now (1, 2))

   [campaign]    [roam] !! OFF-MISSION: inside Mt. Moon B1F ((1, 2)) with 3 badges — escaping via clear_mt_moon (NOT Rock Tunnel)

   [campaign]    !! MTMOON: PLAN MISMATCH on (1, 2), expected [1, 1]

   [campaign]    [roam] Mt. Moon off-mission escape -> stuck (now (1, 2))

   [campaign]    [roam] !! OFF-MISSION: inside Mt. Moon B1F ((1, 2)) with 3 badges — escaping via clear_mt_moon (NOT Rock Tunnel)

   [campaign]    !! MTMOON: PLAN MISMATCH on (1, 2), expected [1, 1]

   [campaign]    [roam] Mt. Moon off-mission escape -> stuck (now (1, 2))

   [campaign]    [roam] !! OFF-MISSION: inside Mt. Moon B1F ((1, 2)) with 3 badges — escaping via clear_mt_moon (NOT Rock Tunnel)

   [campaign]    !! MTMOON: PLAN MISMATCH on (1, 2), expected [1, 1]

   [campaign]    [roam] Mt. Moon off-mission escape -> stuck (now (1, 2))

   [campaign]    ⛰️  CAMPAIGN SAVE [tick1980] -> campaign/kira_campaign.state  (map=(1, 2) coords=(26, 36) badges=3 party=6)

   [campaign]    [sanctity] bundle VALID (schema/encoding/truth/monotonic all clean)

   [campaign]    [roam] !! OFF-MISSION: inside Mt. Moon B1F ((1, 2)) with 3 badges — escaping via clear_mt_moon (NOT Rock Tunnel)

   [campaign]    !! MTMOON: PLAN MISMATCH on (1, 2), expected [1, 1]

   [campaign]    [roam] Mt. Moon off-mission escape -> stuck (now (1, 2))

   [campaign]    [roam] !! OFF-MISSION: inside Mt. Moon B1F ((1, 2)) with 3 badges — escaping via clear_mt_moon (NOT Rock Tunnel)

   [campaign]    !! MTMOON: PLAN MISMATCH on (1, 2), expected [1, 1]

   [campaign]    [roam] Mt. Moon off-mission escape -> stuck (now (1, 2))

   [campaign]    [roam] !! OFF-MISSION: inside Mt. Moon B1F ((1, 2)) with 3 badges — escaping via clear_mt_moon (NOT Rock Tunnel)

   [campaign]    !! MTMOON: PLAN MISMATCH on (1, 2), expected [1, 1]

   [campaign]    [roam] Mt. Moon off-mission escape -> stuck (now (1, 2))

   [campaign]    [roam] !! OFF-MISSION: inside Mt. Moon B1F ((1, 2)) with 3 badges — escaping via clear_mt_moon (NOT Rock Tunnel)

   [campaign]    !! MTMOON: PLAN MISMATCH on (1, 2), expected [1, 1]

   [campaign]    [roam] Mt. Moon off-mission escape -> stuck (now (1, 2))

   [campaign]    [roam] !! OFF-MISSION: inside Mt. Moon B1F ((1, 2)) with 3 badges — escaping via clear_mt_moon (NOT Rock Tunnel)

   [campaign]    !! MTMOON: PLAN MISMATCH on (1, 2), expected [1, 1]

   [campaign]    [roam] Mt. Moon off-mission escape -> stuck (now (1, 2))

   [campaign]    ⛰️  CAMPAIGN SAVE [tick1985] -> campaign/kira_campaign.state  (map=(1, 2) coords=(26, 36) badges=3 party=6)

   [campaign]    [sanctity] bundle VALID (schema/encoding/truth/monotonic all clean)

   [campaign]    [roam] !! OFF-MISSION: inside Mt. Moon B1F ((1, 2)) with 3 badges — escaping via clear_mt_moon (NOT Rock Tunnel)

   [campaign]    !! MTMOON: PLAN MISMATCH on (1, 2), expected [1, 1]

   [campaign]    [roam] Mt. Moon off-mission escape -> stuck (now (1, 2))

   [campaign]    [roam] !! OFF-MISSION: inside Mt. Moon B1F ((1, 2)) with 3 badges — escaping via clear_mt_moon (NOT Rock Tunnel)

   [campaign]    !! MTMOON: PLAN MISMATCH on (1, 2), expected [1, 1]

   [campaign]    [roam] Mt. Moon off-mission escape -> stuck (now (1, 2))

   [campaign]    [roam] !! OFF-MISSION: inside Mt. Moon B1F ((1, 2)) with 3 badges — escaping via clear_mt_moon (NOT Rock Tunnel)

   [campaign]    !! MTMOON: PLAN MISMATCH on (1, 2), expected [1, 1]

   [campaign]    [roam] Mt. Moon off-mission escape -> stuck (now (1, 2))

   [campaign]    [roam] !! OFF-MISSION: inside Mt. Moon B1F ((1, 2)) with 3 badges — escaping via clear_mt_moon (NOT Rock Tunnel)

   [campaign]    !! MTMOON: PLAN MISMATCH on (1, 2), expected [1, 1]

   [campaign]    [roam] Mt. Moon off-mission escape -> stuck (now (1, 2))

   [campaign]    [roam] !! OFF-MISSION: inside Mt. Moon B1F ((1, 2)) with 3 badges — escaping via clear_mt_moon (NOT Rock Tunnel)

   [campaign]    !! MTMOON: PLAN MISMATCH on (1, 2), expected [1, 1]

   [campaign]    [roam] Mt. Moon off-mission escape -> stuck (now (1, 2))

   [campaign]    ⛰️  CAMPAIGN SAVE [tick1990] -> campaign/kira_campaign.state  (map=(1, 2) coords=(26, 36) badges=3 party=6)

   [campaign]    [sanctity] bundle VALID (schema/encoding/truth/monotonic all clean)

   [campaign]    [roam] !! OFF-MISSION: inside Mt. Moon B1F ((1, 2)) with 3 badges — escaping via clear_mt_moon (NOT Rock Tunnel)

   [campaign]    !! MTMOON: PLAN MISMATCH on (1, 2), expected [1, 1]

   [campaign]    [roam] Mt. Moon off-mission escape -> stuck (now (1, 2))

   [campaign]    [roam] !! OFF-MISSION: inside Mt. Moon B1F ((1, 2)) with 3 badges — escaping via clear_mt_moon (NOT Rock Tunnel)

   [campaign]    !! MTMOON: PLAN MISMATCH on (1, 2), expected [1, 1]

   [campaign]    [roam] Mt. Moon off-mission escape -> stuck (now (1, 2))

   [campaign]    [roam] !! OFF-MISSION: inside Mt. Moon B1F ((1, 2)) with 3 badges — escaping via clear_mt_moon (NOT Rock Tunnel)

   [campaign]    !! MTMOON: PLAN MISMATCH on (1, 2), expected [1, 1]

   [campaign]    [roam] Mt. Moon off-mission escape -> stuck (now (1, 2))

   [campaign]    [roam] !! OFF-MISSION: inside Mt. Moon B1F ((1, 2)) with 3 badges — escaping via clear_mt_moon (NOT Rock Tunnel)

   [campaign]    !! MTMOON: PLAN MISMATCH on (1, 2), expected [1, 1]

   [campaign]    [roam] Mt. Moon off-mission escape -> stuck (now (1, 2))

   [campaign]    [roam] !! OFF-MISSION: inside Mt. Moon B1F ((1, 2)) with 3 badges — escaping via clear_mt_moon (NOT Rock Tunnel)

   [campaign]    !! MTMOON: PLAN MISMATCH on (1, 2), expected [1, 1]

   [campaign]    [roam] Mt. Moon off-mission escape -> stuck (now (1, 2))

   [campaign]    ⛰️  CAMPAIGN SAVE [tick1995] -> campaign/kira_campaign.state  (map=(1, 2) coords=(26, 36) badges=3 party=6)

   [campaign]    [sanctity] bundle VALID (schema/encoding/truth/monotonic all clean)

   [campaign]    [roam] !! OFF-MISSION: inside Mt. Moon B1F ((1, 2)) with 3 badges — escaping via clear_mt_moon (NOT Rock Tunnel)

   [campaign]    !! MTMOON: PLAN MISMATCH on (1, 2), expected [1, 1]

   [campaign]    [roam] Mt. Moon off-mission escape -> stuck (now (1, 2))

   [campaign]    [roam] !! OFF-MISSION: inside Mt. Moon B1F ((1, 2)) with 3 badges — escaping via clear_mt_moon (NOT Rock Tunnel)

   [campaign]    !! MTMOON: PLAN MISMATCH on (1, 2), expected [1, 1]

   [campaign]    [roam] Mt. Moon off-mission escape -> stuck (now (1, 2))

   [campaign]    [roam] !! OFF-MISSION: inside Mt. Moon B1F ((1, 2)) with 3 badges — escaping via clear_mt_moon (NOT Rock Tunnel)

   [campaign]    !! MTMOON: PLAN MISMATCH on (1, 2), expected [1, 1]

   [campaign]    [roam] Mt. Moon off-mission escape -> stuck (now (1, 2))

   [campaign]    [roam] !! OFF-MISSION: inside Mt. Moon B1F ((1, 2)) with 3 badges — escaping via clear_mt_moon (NOT Rock Tunnel)

   [campaign]    !! MTMOON: PLAN MISMATCH on (1, 2), expected [1, 1]

   [campaign]    [roam] Mt. Moon off-mission escape -> stuck (now (1, 2))

   [campaign]    [roam] !! OFF-MISSION: inside Mt. Moon B1F ((1, 2)) with 3 badges — escaping via clear_mt_moon (NOT Rock Tunnel)

   [campaign]    !! MTMOON: PLAN MISMATCH on (1, 2), expected [1, 1]

   [campaign]    [roam] Mt. Moon off-mission escape -> stuck (now (1, 2))

   [campaign]    ⛰️  CAMPAIGN SAVE [tick2000] -> campaign/kira_campaign.state  (map=(1, 2) coords=(26, 36) badges=3 party=6)

   [campaign]    [sanctity] bundle VALID (schema/encoding/truth/monotonic all clean)

   [campaign]    [roam] !! OFF-MISSION: inside Mt. Moon B1F ((1, 2)) with 3 badges — escaping via clear_mt_moon (NOT Rock Tunnel)

   [campaign]    !! MTMOON: PLAN MISMATCH on (1, 2), expected [1, 1]

   [campaign]    [roam] Mt. Moon off-mission escape -> stuck (now (1, 2))

   [campaign]    [roam] !! OFF-MISSION: inside Mt. Moon B1F ((1, 2)) with 3 badges — escaping via clear_mt_moon (NOT Rock Tunnel)

   [campaign]    !! MTMOON: PLAN MISMATCH on (1, 2), expected [1, 1]

   [campaign]    [roam] Mt. Moon off-mission escape -> stuck (now (1, 2))

   [campaign]    [roam] !! OFF-MISSION: inside Mt. Moon B1F ((1, 2)) with 3 badges — escaping via clear_mt_moon (NOT Rock Tunnel)

   [campaign]    !! MTMOON: PLAN MISMATCH on (1, 2), expected [1, 1]

   [campaign]    [roam] Mt. Moon off-mission escape -> stuck (now (1, 2))

   [campaign]    [roam] !! OFF-MISSION: inside Mt. Moon B1F ((1, 2)) with 3 badges — escaping via clear_mt_moon (NOT Rock Tunnel)

   [campaign]    !! MTMOON: PLAN MISMATCH on (1, 2), expected [1, 1]

   [campaign]    [roam] Mt. Moon off-mission escape -> stuck (now (1, 2))

   [campaign]    [roam] !! OFF-MISSION: inside Mt. Moon B1F ((1, 2)) with 3 badges — escaping via clear_mt_moon (NOT Rock Tunnel)

   [campaign]    !! MTMOON: PLAN MISMATCH on (1, 2), expected [1, 1]

   [campaign]    [roam] Mt. Moon off-mission escape -> stuck (now (1, 2))

   [campaign]    ⛰️  CAMPAIGN SAVE [tick2005] -> campaign/kira_campaign.state  (map=(1, 2) coords=(26, 36) badges=3 party=6)

   [campaign]    [sanctity] bundle VALID (schema/encoding/truth/monotonic all clean)

   [campaign]    [roam] !! OFF-MISSION: inside Mt. Moon B1F ((1, 2)) with 3 badges — escaping via clear_mt_moon (NOT Rock Tunnel)

   [campaign]    !! MTMOON: PLAN MISMATCH on (1, 2), expected [1, 1]

   [campaign]    [roam] Mt. Moon off-mission escape -> stuck (now (1, 2))

   [campaign]    [roam] !! OFF-MISSION: inside Mt. Moon B1F ((1, 2)) with 3 badges — escaping via clear_mt_moon (NOT Rock Tunnel)

   [campaign]    !! MTMOON: PLAN MISMATCH on (1, 2), expected [1, 1]

   [campaign]    [roam] Mt. Moon off-mission escape -> stuck (now (1, 2))

   [campaign]    [roam] !! OFF-MISSION: inside Mt. Moon B1F ((1, 2)) with 3 badges — escaping via clear_mt_moon (NOT Rock Tunnel)

   [campaign]    !! MTMOON: PLAN MISMATCH on (1, 2), expected [1, 1]

   [campaign]    [roam] Mt. Moon off-mission escape -> stuck (now (1, 2))

   [campaign]    [roam] !! OFF-MISSION: inside Mt. Moon B1F ((1, 2)) with 3 badges — escaping via clear_mt_moon (NOT Rock Tunnel)

   [campaign]    !! MTMOON: PLAN MISMATCH on (1, 2), expected [1, 1]

   [campaign]    [roam] Mt. Moon off-mission escape -> stuck (now (1, 2))

   [campaign]    [roam] !! OFF-MISSION: inside Mt. Moon B1F ((1, 2)) with 3 badges — escaping via clear_mt_moon (NOT Rock Tunnel)

   [campaign]    !! MTMOON: PLAN MISMATCH on (1, 2), expected [1, 1]

   [campaign]    [roam] Mt. Moon off-mission escape -> stuck (now (1, 2))

   [campaign]    ⛰️  CAMPAIGN SAVE [tick2010] -> campaign/kira_campaign.state  (map=(1, 2) coords=(26, 36) badges=3 party=6)

   [campaign]    [sanctity] bundle VALID (schema/encoding/truth/monotonic all clean)

   [campaign]    [roam] !! OFF-MISSION: inside Mt. Moon B1F ((1, 2)) with 3 badges — escaping via clear_mt_moon (NOT Rock Tunnel)

   [campaign]    !! MTMOON: PLAN MISMATCH on (1, 2), expected [1, 1]

   [campaign]    [roam] Mt. Moon off-mission escape -> stuck (now (1, 2))

   [campaign]    [roam] !! OFF-MISSION: inside Mt. Moon B1F ((1, 2)) with 3 badges — escaping via clear_mt_moon (NOT Rock Tunnel)

   [campaign]    !! MTMOON: PLAN MISMATCH on (1, 2), expected [1, 1]

   [campaign]    [roam] Mt. Moon off-mission escape -> stuck (now (1, 2))

   [campaign]    [roam] !! OFF-MISSION: inside Mt. Moon B1F ((1, 2)) with 3 badges — escaping via clear_mt_moon (NOT Rock Tunnel)

   [campaign]    !! MTMOON: PLAN MISMATCH on (1, 2), expected [1, 1]

   [campaign]    [roam] Mt. Moon off-mission escape -> stuck (now (1, 2))

   [campaign]    [roam] !! OFF-MISSION: inside Mt. Moon B1F ((1, 2)) with 3 badges — escaping via clear_mt_moon (NOT Rock Tunnel)

   [campaign]    !! MTMOON: PLAN MISMATCH on (1, 2), expected [1, 1]

   [campaign]    [roam] Mt. Moon off-mission escape -> stuck (now (1, 2))

   [campaign]    [roam] !! OFF-MISSION: inside Mt. Moon B1F ((1, 2)) with 3 badges — escaping via clear_mt_moon (NOT Rock Tunnel)

   [campaign]    !! MTMOON: PLAN MISMATCH on (1, 2), expected [1, 1]

   [campaign]    [roam] Mt. Moon off-mission escape -> stuck (now (1, 2))

   [campaign]    ⛰️  CAMPAIGN SAVE [tick2015] -> campaign/kira_campaign.state  (map=(1, 2) coords=(26, 36) badges=3 party=6)

   [campaign]    [sanctity] bundle VALID (schema/encoding/truth/monotonic all clean)

   [campaign]    [roam] !! OFF-MISSION: inside Mt. Moon B1F ((1, 2)) with 3 badges — escaping via clear_mt_moon (NOT Rock Tunnel)

   [campaign]    !! MTMOON: PLAN MISMATCH on (1, 2), expected [1, 1]

   [campaign]    [roam] Mt. Moon off-mission escape -> stuck (now (1, 2))

   [campaign]    [roam] !! OFF-MISSION: inside Mt. Moon B1F ((1, 2)) with 3 badges — escaping via clear_mt_moon (NOT Rock Tunnel)

   [campaign]    !! MTMOON: PLAN MISMATCH on (1, 2), expected [1, 1]

   [campaign]    [roam] Mt. Moon off-mission escape -> stuck (now (1, 2))

   [campaign]    [roam] !! OFF-MISSION: inside Mt. Moon B1F ((1, 2)) with 3 badges — escaping via clear_mt_moon (NOT Rock Tunnel)

   [campaign]    !! MTMOON: PLAN MISMATCH on (1, 2), expected [1, 1]

   [campaign]    [roam] Mt. Moon off-mission escape -> stuck (now (1, 2))

   [campaign]    [roam] !! OFF-MISSION: inside Mt. Moon B1F ((1, 2)) with 3 badges — escaping via clear_mt_moon (NOT Rock Tunnel)

   [campaign]    !! MTMOON: PLAN MISMATCH on (1, 2), expected [1, 1]

   [campaign]    [roam] Mt. Moon off-mission escape -> stuck (now (1, 2))

   [campaign]    [roam] !! OFF-MISSION: inside Mt. Moon B1F ((1, 2)) with 3 badges — escaping via clear_mt_moon (NOT Rock Tunnel)

   [campaign]    !! MTMOON: PLAN MISMATCH on (1, 2), expected [1, 1]

   [campaign]    [roam] Mt. Moon off-mission escape -> stuck (now (1, 2))

   [campaign]    ⛰️  CAMPAIGN SAVE [tick2020] -> campaign/kira_campaign.state  (map=(1, 2) coords=(26, 36) badges=3 party=6)

   [campaign]    [sanctity] bundle VALID (schema/encoding/truth/monotonic all clean)

   [campaign]    [roam] !! OFF-MISSION: inside Mt. Moon B1F ((1, 2)) with 3 badges — escaping via clear_mt_moon (NOT Rock Tunnel)

   [campaign]    !! MTMOON: PLAN MISMATCH on (1, 2), expected [1, 1]

   [campaign]    [roam] Mt. Moon off-mission escape -> stuck (now (1, 2))

   [campaign]    [roam] !! OFF-MISSION: inside Mt. Moon B1F ((1, 2)) with 3 badges — escaping via clear_mt_moon (NOT Rock Tunnel)

   [campaign]    !! MTMOON: PLAN MISMATCH on (1, 2), expected [1, 1]

   [campaign]    [roam] Mt. Moon off-mission escape -> stuck (now (1, 2))

   [campaign]    [roam] !! OFF-MISSION: inside Mt. Moon B1F ((1, 2)) with 3 badges — escaping via clear_mt_moon (NOT Rock Tunnel)

   [campaign]    !! MTMOON: PLAN MISMATCH on (1, 2), expected [1, 1]

   [campaign]    [roam] Mt. Moon off-mission escape -> stuck (now (1, 2))

   [campaign]    [roam] !! OFF-MISSION: inside Mt. Moon B1F ((1, 2)) with 3 badges — escaping via clear_mt_moon (NOT Rock Tunnel)

   [campaign]    !! MTMOON: PLAN MISMATCH on (1, 2), expected [1, 1]

   [campaign]    [roam] Mt. Moon off-mission escape -> stuck (now (1, 2))

   [campaign]    [roam] !! OFF-MISSION: inside Mt. Moon B1F ((1, 2)) with 3 badges — escaping via clear_mt_moon (NOT Rock Tunnel)

   [campaign]    !! MTMOON: PLAN MISMATCH on (1, 2), expected [1, 1]

   [campaign]    [roam] Mt. Moon off-mission escape -> stuck (now (1, 2))

   [campaign]    ⛰️  CAMPAIGN SAVE [tick2025] -> campaign/kira_campaign.state  (map=(1, 2) coords=(26, 36) badges=3 party=6)

   [campaign]    [sanctity] bundle VALID (schema/encoding/truth/monotonic all clean)

   [campaign]    [roam] !! OFF-MISSION: inside Mt. Moon B1F ((1, 2)) with 3 badges — escaping via clear_mt_moon (NOT Rock Tunnel)

   [campaign]    !! MTMOON: PLAN MISMATCH on (1, 2), expected [1, 1]

   [campaign]    [roam] Mt. Moon off-mission escape -> stuck (now (1, 2))

   [campaign]    [roam] !! OFF-MISSION: inside Mt. Moon B1F ((1, 2)) with 3 badges — escaping via clear_mt_moon (NOT Rock Tunnel)

   [campaign]    !! MTMOON: PLAN MISMATCH on (1, 2), expected [1, 1]

   [campaign]    [roam] Mt. Moon off-mission escape -> stuck (now (1, 2))

   [campaign]    [roam] !! OFF-MISSION: inside Mt. Moon B1F ((1, 2)) with 3 badges — escaping via clear_mt_moon (NOT Rock Tunnel)

   [campaign]    !! MTMOON: PLAN MISMATCH on (1, 2), expected [1, 1]

   [campaign]    [roam] Mt. Moon off-mission escape -> stuck (now (1, 2))

   [campaign]    [roam] !! OFF-MISSION: inside Mt. Moon B1F ((1, 2)) with 3 badges — escaping via clear_mt_moon (NOT Rock Tunnel)

   [campaign]    !! MTMOON: PLAN MISMATCH on (1, 2), expected [1, 1]

   [campaign]    [roam] Mt. Moon off-mission escape -> stuck (now (1, 2))

   [campaign]    [roam] !! OFF-MISSION: inside Mt. Moon B1F ((1, 2)) with 3 badges — escaping via clear_mt_moon (NOT Rock Tunnel)

   [campaign]    !! MTMOON: PLAN MISMATCH on (1, 2), expected [1, 1]

   [campaign]    [roam] Mt. Moon off-mission escape -> stuck (now (1, 2))

   [campaign]    ⛰️  CAMPAIGN SAVE [tick2030] -> campaign/kira_campaign.state  (map=(1, 2) coords=(26, 36) badges=3 party=6)

   [campaign]    [sanctity] bundle VALID (schema/encoding/truth/monotonic all clean)

   [campaign]    [roam] !! OFF-MISSION: inside Mt. Moon B1F ((1, 2)) with 3 badges — escaping via clear_mt_moon (NOT Rock Tunnel)

   [campaign]    !! MTMOON: PLAN MISMATCH on (1, 2), expected [1, 1]

   [campaign]    [roam] Mt. Moon off-mission escape -> stuck (now (1, 2))

   [campaign]    [roam] !! OFF-MISSION: inside Mt. Moon B1F ((1, 2)) with 3 badges — escaping via clear_mt_moon (NOT Rock Tunnel)

   [campaign]    !! MTMOON: PLAN MISMATCH on (1, 2), expected [1, 1]

   [campaign]    [roam] Mt. Moon off-mission escape -> stuck (now (1, 2))

   [campaign]    [roam] !! OFF-MISSION: inside Mt. Moon B1F ((1, 2)) with 3 badges — escaping via clear_mt_moon (NOT Rock Tunnel)

   [campaign]    !! MTMOON: PLAN MISMATCH on (1, 2), expected [1, 1]

   [campaign]    [roam] Mt. Moon off-mission escape -> stuck (now (1, 2))

   [campaign]    [roam] !! OFF-MISSION: inside Mt. Moon B1F ((1, 2)) with 3 badges — escaping via clear_mt_moon (NOT Rock Tunnel)

   [campaign]    !! MTMOON: PLAN MISMATCH on (1, 2), expected [1, 1]

   [campaign]    [roam] Mt. Moon off-mission escape -> stuck (now (1, 2))

   [campaign]    [roam] !! OFF-MISSION: inside Mt. Moon B1F ((1, 2)) with 3 badges — escaping via clear_mt_moon (NOT Rock Tunnel)

   [campaign]    !! MTMOON: PLAN MISMATCH on (1, 2), expected [1, 1]

   [campaign]    [roam] Mt. Moon off-mission escape -> stuck (now (1, 2))

   [campaign]    ⛰️  CAMPAIGN SAVE [tick2035] -> campaign/kira_campaign.state  (map=(1, 2) coords=(26, 36) badges=3 party=6)

   [campaign]    [sanctity] bundle VALID (schema/encoding/truth/monotonic all clean)

   [campaign]    [roam] !! OFF-MISSION: inside Mt. Moon B1F ((1, 2)) with 3 badges — escaping via clear_mt_moon (NOT Rock Tunnel)

   [campaign]    !! MTMOON: PLAN MISMATCH on (1, 2), expected [1, 1]

   [campaign]    [roam] Mt. Moon off-mission escape -> stuck (now (1, 2))

   [campaign]    [roam] !! OFF-MISSION: inside Mt. Moon B1F ((1, 2)) with 3 badges — escaping via clear_mt_moon (NOT Rock Tunnel)

   [campaign]    !! MTMOON: PLAN MISMATCH on (1, 2), expected [1, 1]

   [campaign]    [roam] Mt. Moon off-mission escape -> stuck (now (1, 2))

   [campaign]    [roam] !! OFF-MISSION: inside Mt. Moon B1F ((1, 2)) with 3 badges — escaping via clear_mt_moon (NOT Rock Tunnel)

   [campaign]    !! MTMOON: PLAN MISMATCH on (1, 2), expected [1, 1]

   [campaign]    [roam] Mt. Moon off-mission escape -> stuck (now (1, 2))

   [campaign]    [roam] !! OFF-MISSION: inside Mt. Moon B1F ((1, 2)) with 3 badges — escaping via clear_mt_moon (NOT Rock Tunnel)

   [campaign]    !! MTMOON: PLAN MISMATCH on (1, 2), expected [1, 1]

   [campaign]    [roam] Mt. Moon off-mission escape -> stuck (now (1, 2))

   [campaign]    [roam] !! OFF-MISSION: inside Mt. Moon B1F ((1, 2)) with 3 badges — escaping via clear_mt_moon (NOT Rock Tunnel)

   [campaign]    !! MTMOON: PLAN MISMATCH on (1, 2), expected [1, 1]

   [campaign]    [roam] Mt. Moon off-mission escape -> stuck (now (1, 2))

   [campaign]    ⛰️  CAMPAIGN SAVE [tick2040] -> campaign/kira_campaign.state  (map=(1, 2) coords=(26, 36) badges=3 party=6)

   [campaign]    [sanctity] bundle VALID (schema/encoding/truth/monotonic all clean)

   [campaign]    [roam] !! OFF-MISSION: inside Mt. Moon B1F ((1, 2)) with 3 badges — escaping via clear_mt_moon (NOT Rock Tunnel)

   [campaign]    !! MTMOON: PLAN MISMATCH on (1, 2), expected [1, 1]

   [campaign]    [roam] Mt. Moon off-mission escape -> stuck (now (1, 2))

   [campaign]    [roam] !! OFF-MISSION: inside Mt. Moon B1F ((1, 2)) with 3 badges — escaping via clear_mt_moon (NOT Rock Tunnel)

   [campaign]    !! MTMOON: PLAN MISMATCH on (1, 2), expected [1, 1]

   [campaign]    [roam] Mt. Moon off-mission escape -> stuck (now (1, 2))

   [campaign]    [roam] !! OFF-MISSION: inside Mt. Moon B1F ((1, 2)) with 3 badges — escaping via clear_mt_moon (NOT Rock Tunnel)

   [campaign]    !! MTMOON: PLAN MISMATCH on (1, 2), expected [1, 1]

   [campaign]    [roam] Mt. Moon off-mission escape -> stuck (now (1, 2))

   [campaign]    [roam] !! OFF-MISSION: inside Mt. Moon B1F ((1, 2)) with 3 badges — escaping via clear_mt_moon (NOT Rock Tunnel)

   [campaign]    !! MTMOON: PLAN MISMATCH on (1, 2), expected [1, 1]

   [campaign]    [roam] Mt. Moon off-mission escape -> stuck (now (1, 2))

   [campaign]    [roam] !! OFF-MISSION: inside Mt. Moon B1F ((1, 2)) with 3 badges — escaping via clear_mt_moon (NOT Rock Tunnel)

   [campaign]    !! MTMOON: PLAN MISMATCH on (1, 2), expected [1, 1]

   [campaign]    [roam] Mt. Moon off-mission escape -> stuck (now (1, 2))

   [campaign]    ⛰️  CAMPAIGN SAVE [tick2045] -> campaign/kira_campaign.state  (map=(1, 2) coords=(26, 36) badges=3 party=6)

   [campaign]    [sanctity] bundle VALID (schema/encoding/truth/monotonic all clean)

   [campaign]    [roam] !! OFF-MISSION: inside Mt. Moon B1F ((1, 2)) with 3 badges — escaping via clear_mt_moon (NOT Rock Tunnel)

   [campaign]    !! MTMOON: PLAN MISMATCH on (1, 2), expected [1, 1]

   [campaign]    [roam] Mt. Moon off-mission escape -> stuck (now (1, 2))

   [campaign]    [roam] !! OFF-MISSION: inside Mt. Moon B1F ((1, 2)) with 3 badges — escaping via clear_mt_moon (NOT Rock Tunnel)

   [campaign]    !! MTMOON: PLAN MISMATCH on (1, 2), expected [1, 1]

   [campaign]    [roam] Mt. Moon off-mission escape -> stuck (now (1, 2))

   [campaign]    [roam] !! OFF-MISSION: inside Mt. Moon B1F ((1, 2)) with 3 badges — escaping via clear_mt_moon (NOT Rock Tunnel)

   [campaign]    !! MTMOON: PLAN MISMATCH on (1, 2), expected [1, 1]

   [campaign]    [roam] Mt. Moon off-mission escape -> stuck (now (1, 2))

   [campaign]    [roam] !! OFF-MISSION: inside Mt. Moon B1F ((1, 2)) with 3 badges — escaping via clear_mt_moon (NOT Rock Tunnel)

   [campaign]    !! MTMOON: PLAN MISMATCH on (1, 2), expected [1, 1]

   [campaign]    [roam] Mt. Moon off-mission escape -> stuck (now (1, 2))

   [campaign]    [roam] !! OFF-MISSION: inside Mt. Moon B1F ((1, 2)) with 3 badges — escaping via clear_mt_moon (NOT Rock Tunnel)

   [campaign]    !! MTMOON: PLAN MISMATCH on (1, 2), expected [1, 1]

   [campaign]    [roam] Mt. Moon off-mission escape -> stuck (now (1, 2))

   [campaign]    ⛰️  CAMPAIGN SAVE [tick2050] -> campaign/kira_campaign.state  (map=(1, 2) coords=(26, 36) badges=3 party=6)

   [campaign]    [sanctity] bundle VALID (schema/encoding/truth/monotonic all clean)

   [campaign]    [roam] !! OFF-MISSION: inside Mt. Moon B1F ((1, 2)) with 3 badges — escaping via clear_mt_moon (NOT Rock Tunnel)

   [campaign]    !! MTMOON: PLAN MISMATCH on (1, 2), expected [1, 1]

   [campaign]    [roam] Mt. Moon off-mission escape -> stuck (now (1, 2))

   [campaign]    [roam] !! OFF-MISSION: inside Mt. Moon B1F ((1, 2)) with 3 badges — escaping via clear_mt_moon (NOT Rock Tunnel)

   [campaign]    !! MTMOON: PLAN MISMATCH on (1, 2), expected [1, 1]

   [campaign]    [roam] Mt. Moon off-mission escape -> stuck (now (1, 2))

   [campaign]    [roam] !! OFF-MISSION: inside Mt. Moon B1F ((1, 2)) with 3 badges — escaping via clear_mt_moon (NOT Rock Tunnel)

   [campaign]    !! MTMOON: PLAN MISMATCH on (1, 2), expected [1, 1]

   [campaign]    [roam] Mt. Moon off-mission escape -> stuck (now (1, 2))

   [campaign]    [roam] !! OFF-MISSION: inside Mt. Moon B1F ((1, 2)) with 3 badges — escaping via clear_mt_moon (NOT Rock Tunnel)

   [campaign]    !! MTMOON: PLAN MISMATCH on (1, 2), expected [1, 1]

   [campaign]    [roam] Mt. Moon off-mission escape -> stuck (now (1, 2))

   [campaign]    [roam] !! OFF-MISSION: inside Mt. Moon B1F ((1, 2)) with 3 badges — escaping via clear_mt_moon (NOT Rock Tunnel)

   [campaign]    !! MTMOON: PLAN MISMATCH on (1, 2), expected [1, 1]

   [campaign]    [roam] Mt. Moon off-mission escape -> stuck (now (1, 2))

   [campaign]    ⛰️  CAMPAIGN SAVE [tick2055] -> campaign/kira_campaign.state  (map=(1, 2) coords=(26, 36) badges=3 party=6)

   [campaign]    [sanctity] bundle VALID (schema/encoding/truth/monotonic all clean)

   [campaign]    [roam] !! OFF-MISSION: inside Mt. Moon B1F ((1, 2)) with 3 badges — escaping via clear_mt_moon (NOT Rock Tunnel)

   [campaign]    !! MTMOON: PLAN MISMATCH on (1, 2), expected [1, 1]

   [campaign]    [roam] Mt. Moon off-mission escape -> stuck (now (1, 2))

   [campaign]    [roam] !! OFF-MISSION: inside Mt. Moon B1F ((1, 2)) with 3 badges — escaping via clear_mt_moon (NOT Rock Tunnel)

   [campaign]    !! MTMOON: PLAN MISMATCH on (1, 2), expected [1, 1]

   [campaign]    [roam] Mt. Moon off-mission escape -> stuck (now (1, 2))

   [campaign]    [roam] !! OFF-MISSION: inside Mt. Moon B1F ((1, 2)) with 3 badges — escaping via clear_mt_moon (NOT Rock Tunnel)

   [campaign]    !! MTMOON: PLAN MISMATCH on (1, 2), expected [1, 1]

   [campaign]    [roam] Mt. Moon off-mission escape -> stuck (now (1, 2))

   [campaign]    [roam] !! OFF-MISSION: inside Mt. Moon B1F ((1, 2)) with 3 badges — escaping via clear_mt_moon (NOT Rock Tunnel)

   [campaign]    !! MTMOON: PLAN MISMATCH on (1, 2), expected [1, 1]

   [campaign]    [roam] Mt. Moon off-mission escape -> stuck (now (1, 2))

   [campaign]    [roam] !! OFF-MISSION: inside Mt. Moon B1F ((1, 2)) with 3 badges — escaping via clear_mt_moon (NOT Rock Tunnel)

   [campaign]    !! MTMOON: PLAN MISMATCH on (1, 2), expected [1, 1]

   [campaign]    [roam] Mt. Moon off-mission escape -> stuck (now (1, 2))

   [campaign]    ⛰️  CAMPAIGN SAVE [tick2060] -> campaign/kira_campaign.state  (map=(1, 2) coords=(26, 36) badges=3 party=6)

   [campaign]    [sanctity] bundle VALID (schema/encoding/truth/monotonic all clean)

   [campaign]    [roam] !! OFF-MISSION: inside Mt. Moon B1F ((1, 2)) with 3 badges — escaping via clear_mt_moon (NOT Rock Tunnel)

   [campaign]    !! MTMOON: PLAN MISMATCH on (1, 2), expected [1, 1]

   [campaign]    [roam] Mt. Moon off-mission escape -> stuck (now (1, 2))

   [campaign]    [roam] !! OFF-MISSION: inside Mt. Moon B1F ((1, 2)) with 3 badges — escaping via clear_mt_moon (NOT Rock Tunnel)

   [campaign]    !! MTMOON: PLAN MISMATCH on (1, 2), expected [1, 1]

   [campaign]    [roam] Mt. Moon off-mission escape -> stuck (now (1, 2))

   [campaign]    [roam] !! OFF-MISSION: inside Mt. Moon B1F ((1, 2)) with 3 badges — escaping via clear_mt_moon (NOT Rock Tunnel)

   [campaign]    !! MTMOON: PLAN MISMATCH on (1, 2), expected [1, 1]

   [campaign]    [roam] Mt. Moon off-mission escape -> stuck (now (1, 2))

   [campaign]    [roam] !! OFF-MISSION: inside Mt. Moon B1F ((1, 2)) with 3 badges — escaping via clear_mt_moon (NOT Rock Tunnel)

   [campaign]    !! MTMOON: PLAN MISMATCH on (1, 2), expected [1, 1]

   [campaign]    [roam] Mt. Moon off-mission escape -> stuck (now (1, 2))

   [campaign]    [roam] !! OFF-MISSION: inside Mt. Moon B1F ((1, 2)) with 3 badges — escaping via clear_mt_moon (NOT Rock Tunnel)

   [campaign]    !! MTMOON: PLAN MISMATCH on (1, 2), expected [1, 1]

   [campaign]    [roam] Mt. Moon off-mission escape -> stuck (now (1, 2))

   [campaign]    ⛰️  CAMPAIGN SAVE [tick2065] -> campaign/kira_campaign.state  (map=(1, 2) coords=(26, 36) badges=3 party=6)

   [campaign]    [sanctity] bundle VALID (schema/encoding/truth/monotonic all clean)

   [campaign]    [roam] !! OFF-MISSION: inside Mt. Moon B1F ((1, 2)) with 3 badges — escaping via clear_mt_moon (NOT Rock Tunnel)

   [campaign]    !! MTMOON: PLAN MISMATCH on (1, 2), expected [1, 1]

   [campaign]    [roam] Mt. Moon off-mission escape -> stuck (now (1, 2))

   [campaign]    [roam] !! OFF-MISSION: inside Mt. Moon B1F ((1, 2)) with 3 badges — escaping via clear_mt_moon (NOT Rock Tunnel)

   [campaign]    !! MTMOON: PLAN MISMATCH on (1, 2), expected [1, 1]

   [campaign]    [roam] Mt. Moon off-mission escape -> stuck (now (1, 2))

   [campaign]    [roam] !! OFF-MISSION: inside Mt. Moon B1F ((1, 2)) with 3 badges — escaping via clear_mt_moon (NOT Rock Tunnel)

   [campaign]    !! MTMOON: PLAN MISMATCH on (1, 2), expected [1, 1]

   [campaign]    [roam] Mt. Moon off-mission escape -> stuck (now (1, 2))

   [campaign]    [roam] !! OFF-MISSION: inside Mt. Moon B1F ((1, 2)) with 3 badges — escaping via clear_mt_moon (NOT Rock Tunnel)

   [campaign]    !! MTMOON: PLAN MISMATCH on (1, 2), expected [1, 1]

   [campaign]    [roam] Mt. Moon off-mission escape -> stuck (now (1, 2))

   [campaign]    [roam] !! OFF-MISSION: inside Mt. Moon B1F ((1, 2)) with 3 badges — escaping via clear_mt_moon (NOT Rock Tunnel)

   [campaign]    !! MTMOON: PLAN MISMATCH on (1, 2), expected [1, 1]

   [campaign]    [roam] Mt. Moon off-mission escape -> stuck (now (1, 2))

   [campaign]    ⛰️  CAMPAIGN SAVE [tick2070] -> campaign/kira_campaign.state  (map=(1, 2) coords=(26, 36) badges=3 party=6)

   [campaign]    [sanctity] bundle VALID (schema/encoding/truth/monotonic all clean)

   [campaign]    [roam] !! OFF-MISSION: inside Mt. Moon B1F ((1, 2)) with 3 badges — escaping via clear_mt_moon (NOT Rock Tunnel)

   [campaign]    !! MTMOON: PLAN MISMATCH on (1, 2), expected [1, 1]

   [campaign]    [roam] Mt. Moon off-mission escape -> stuck (now (1, 2))

   [campaign]    [roam] !! OFF-MISSION: inside Mt. Moon B1F ((1, 2)) with 3 badges — escaping via clear_mt_moon (NOT Rock Tunnel)

   [campaign]    !! MTMOON: PLAN MISMATCH on (1, 2), expected [1, 1]

   [campaign]    [roam] Mt. Moon off-mission escape -> stuck (now (1, 2))

   [campaign]    [roam] !! OFF-MISSION: inside Mt. Moon B1F ((1, 2)) with 3 badges — escaping via clear_mt_moon (NOT Rock Tunnel)

   [campaign]    !! MTMOON: PLAN MISMATCH on (1, 2), expected [1, 1]

   [campaign]    [roam] Mt. Moon off-mission escape -> stuck (now (1, 2))

   [campaign]    [roam] !! OFF-MISSION: inside Mt. Moon B1F ((1, 2)) with 3 badges — escaping via clear_mt_moon (NOT Rock Tunnel)

   [campaign]    !! MTMOON: PLAN MISMATCH on (1, 2), expected [1, 1]

   [campaign]    [roam] Mt. Moon off-mission escape -> stuck (now (1, 2))

   [campaign]    [roam] !! OFF-MISSION: inside Mt. Moon B1F ((1, 2)) with 3 badges — escaping via clear_mt_moon (NOT Rock Tunnel)

   [campaign]    !! MTMOON: PLAN MISMATCH on (1, 2), expected [1, 1]

   [campaign]    [roam] Mt. Moon off-mission escape -> stuck (now (1, 2))

   [campaign]    ⛰️  CAMPAIGN SAVE [tick2075] -> campaign/kira_campaign.state  (map=(1, 2) coords=(26, 36) badges=3 party=6)

   [campaign]    [sanctity] bundle VALID (schema/encoding/truth/monotonic all clean)

   [campaign]    [roam] !! OFF-MISSION: inside Mt. Moon B1F ((1, 2)) with 3 badges — escaping via clear_mt_moon (NOT Rock Tunnel)

   [campaign]    !! MTMOON: PLAN MISMATCH on (1, 2), expected [1, 1]

   [campaign]    [roam] Mt. Moon off-mission escape -> stuck (now (1, 2))

   [campaign]    [roam] !! OFF-MISSION: inside Mt. Moon B1F ((1, 2)) with 3 badges — escaping via clear_mt_moon (NOT Rock Tunnel)

   [campaign]    !! MTMOON: PLAN MISMATCH on (1, 2), expected [1, 1]

   [campaign]    [roam] Mt. Moon off-mission escape -> stuck (now (1, 2))

   [campaign]    [roam] !! OFF-MISSION: inside Mt. Moon B1F ((1, 2)) with 3 badges — escaping via clear_mt_moon (NOT Rock Tunnel)

   [campaign]    !! MTMOON: PLAN MISMATCH on (1, 2), expected [1, 1]

   [campaign]    [roam] Mt. Moon off-mission escape -> stuck (now (1, 2))

   [campaign]    [roam] !! OFF-MISSION: inside Mt. Moon B1F ((1, 2)) with 3 badges — escaping via clear_mt_moon (NOT Rock Tunnel)

   [campaign]    !! MTMOON: PLAN MISMATCH on (1, 2), expected [1, 1]

   [campaign]    [roam] Mt. Moon off-mission escape -> stuck (now (1, 2))

   [campaign]    [roam] !! OFF-MISSION: inside Mt. Moon B1F ((1, 2)) with 3 badges — escaping via clear_mt_moon (NOT Rock Tunnel)

   [campaign]    !! MTMOON: PLAN MISMATCH on (1, 2), expected [1, 1]

   [campaign]    [roam] Mt. Moon off-mission escape -> stuck (now (1, 2))

   [campaign]    ⛰️  CAMPAIGN SAVE [tick2080] -> campaign/kira_campaign.state  (map=(1, 2) coords=(26, 36) badges=3 party=6)

   [campaign]    [sanctity] bundle VALID (schema/encoding/truth/monotonic all clean)

   [campaign]    [roam] !! OFF-MISSION: inside Mt. Moon B1F ((1, 2)) with 3 badges — escaping via clear_mt_moon (NOT Rock Tunnel)

   [campaign]    !! MTMOON: PLAN MISMATCH on (1, 2), expected [1, 1]

   [campaign]    [roam] Mt. Moon off-mission escape -> stuck (now (1, 2))

   [campaign]    [roam] !! OFF-MISSION: inside Mt. Moon B1F ((1, 2)) with 3 badges — escaping via clear_mt_moon (NOT Rock Tunnel)

   [campaign]    !! MTMOON: PLAN MISMATCH on (1, 2), expected [1, 1]

   [campaign]    [roam] Mt. Moon off-mission escape -> stuck (now (1, 2))

   [campaign]    [roam] !! OFF-MISSION: inside Mt. Moon B1F ((1, 2)) with 3 badges — escaping via clear_mt_moon (NOT Rock Tunnel)

   [campaign]    !! MTMOON: PLAN MISMATCH on (1, 2), expected [1, 1]

   [campaign]    [roam] Mt. Moon off-mission escape -> stuck (now (1, 2))

   [campaign]    [roam] !! OFF-MISSION: inside Mt. Moon B1F ((1, 2)) with 3 badges — escaping via clear_mt_moon (NOT Rock Tunnel)

   [campaign]    !! MTMOON: PLAN MISMATCH on (1, 2), expected [1, 1]

   [campaign]    [roam] Mt. Moon off-mission escape -> stuck (now (1, 2))

   [campaign]    [roam] !! OFF-MISSION: inside Mt. Moon B1F ((1, 2)) with 3 badges — escaping via clear_mt_moon (NOT Rock Tunnel)

   [campaign]    !! MTMOON: PLAN MISMATCH on (1, 2), expected [1, 1]

   [campaign]    [roam] Mt. Moon off-mission escape -> stuck (now (1, 2))

   [campaign]    ⛰️  CAMPAIGN SAVE [tick2085] -> campaign/kira_campaign.state  (map=(1, 2) coords=(26, 36) badges=3 party=6)

   [campaign]    [sanctity] bundle VALID (schema/encoding/truth/monotonic all clean)

   [campaign]    [roam] !! OFF-MISSION: inside Mt. Moon B1F ((1, 2)) with 3 badges — escaping via clear_mt_moon (NOT Rock Tunnel)

   [campaign]    !! MTMOON: PLAN MISMATCH on (1, 2), expected [1, 1]

   [campaign]    [roam] Mt. Moon off-mission escape -> stuck (now (1, 2))

   [campaign]    [roam] !! OFF-MISSION: inside Mt. Moon B1F ((1, 2)) with 3 badges — escaping via clear_mt_moon (NOT Rock Tunnel)

   [campaign]    !! MTMOON: PLAN MISMATCH on (1, 2), expected [1, 1]

   [campaign]    [roam] Mt. Moon off-mission escape -> stuck (now (1, 2))

   [campaign]    [roam] !! OFF-MISSION: inside Mt. Moon B1F ((1, 2)) with 3 badges — escaping via clear_mt_moon (NOT Rock Tunnel)

   [campaign]    !! MTMOON: PLAN MISMATCH on (1, 2), expected [1, 1]

   [campaign]    [roam] Mt. Moon off-mission escape -> stuck (now (1, 2))

   [campaign]    [roam] !! OFF-MISSION: inside Mt. Moon B1F ((1, 2)) with 3 badges — escaping via clear_mt_moon (NOT Rock Tunnel)

   [campaign]    !! MTMOON: PLAN MISMATCH on (1, 2), expected [1, 1]

   [campaign]    [roam] Mt. Moon off-mission escape -> stuck (now (1, 2))

   [campaign]    [roam] !! OFF-MISSION: inside Mt. Moon B1F ((1, 2)) with 3 badges — escaping via clear_mt_moon (NOT Rock Tunnel)

   [campaign]    !! MTMOON: PLAN MISMATCH on (1, 2), expected [1, 1]

   [campaign]    [roam] Mt. Moon off-mission escape -> stuck (now (1, 2))

   [campaign]    ⛰️  CAMPAIGN SAVE [tick2090] -> campaign/kira_campaign.state  (map=(1, 2) coords=(26, 36) badges=3 party=6)

   [campaign]    [sanctity] bundle VALID (schema/encoding/truth/monotonic all clean)

   [campaign]    [roam] !! OFF-MISSION: inside Mt. Moon B1F ((1, 2)) with 3 badges — escaping via clear_mt_moon (NOT Rock Tunnel)

   [campaign]    !! MTMOON: PLAN MISMATCH on (1, 2), expected [1, 1]

   [campaign]    [roam] Mt. Moon off-mission escape -> stuck (now (1, 2))

   [campaign]    [roam] !! OFF-MISSION: inside Mt. Moon B1F ((1, 2)) with 3 badges — escaping via clear_mt_moon (NOT Rock Tunnel)

   [campaign]    !! MTMOON: PLAN MISMATCH on (1, 2), expected [1, 1]

   [campaign]    [roam] Mt. Moon off-mission escape -> stuck (now (1, 2))

   [campaign]    [roam] !! OFF-MISSION: inside Mt. Moon B1F ((1, 2)) with 3 badges — escaping via clear_mt_moon (NOT Rock Tunnel)

   [campaign]    !! MTMOON: PLAN MISMATCH on (1, 2), expected [1, 1]

   [campaign]    [roam] Mt. Moon off-mission escape -> stuck (now (1, 2))

   [campaign]    [roam] !! OFF-MISSION: inside Mt. Moon B1F ((1, 2)) with 3 badges — escaping via clear_mt_moon (NOT Rock Tunnel)

   [campaign]    !! MTMOON: PLAN MISMATCH on (1, 2), expected [1, 1]

   [campaign]    [roam] Mt. Moon off-mission escape -> stuck (now (1, 2))

   [campaign]    [roam] !! OFF-MISSION: inside Mt. Moon B1F ((1, 2)) with 3 badges — escaping via clear_mt_moon (NOT Rock Tunnel)

   [campaign]    !! MTMOON: PLAN MISMATCH on (1, 2), expected [1, 1]

   [campaign]    [roam] Mt. Moon off-mission escape -> stuck (now (1, 2))

   [campaign]    ⛰️  CAMPAIGN SAVE [tick2095] -> campaign/kira_campaign.state  (map=(1, 2) coords=(26, 36) badges=3 party=6)

   [campaign]    [sanctity] bundle VALID (schema/encoding/truth/monotonic all clean)

   [campaign]    [roam] !! OFF-MISSION: inside Mt. Moon B1F ((1, 2)) with 3 badges — escaping via clear_mt_moon (NOT Rock Tunnel)

   [campaign]    !! MTMOON: PLAN MISMATCH on (1, 2), expected [1, 1]

   [campaign]    [roam] Mt. Moon off-mission escape -> stuck (now (1, 2))

   [campaign]    [roam] !! OFF-MISSION: inside Mt. Moon B1F ((1, 2)) with 3 badges — escaping via clear_mt_moon (NOT Rock Tunnel)

   [campaign]    !! MTMOON: PLAN MISMATCH on (1, 2), expected [1, 1]

   [campaign]    [roam] Mt. Moon off-mission escape -> stuck (now (1, 2))

   [campaign]    [roam] !! OFF-MISSION: inside Mt. Moon B1F ((1, 2)) with 3 badges — escaping via clear_mt_moon (NOT Rock Tunnel)

   [campaign]    !! MTMOON: PLAN MISMATCH on (1, 2), expected [1, 1]

   [campaign]    [roam] Mt. Moon off-mission escape -> stuck (now (1, 2))

   [campaign]    [roam] !! OFF-MISSION: inside Mt. Moon B1F ((1, 2)) with 3 badges — escaping via clear_mt_moon (NOT Rock Tunnel)

   [campaign]    !! MTMOON: PLAN MISMATCH on (1, 2), expected [1, 1]

   [campaign]    [roam] Mt. Moon off-mission escape -> stuck (now (1, 2))

   [campaign]    [roam] !! OFF-MISSION: inside Mt. Moon B1F ((1, 2)) with 3 badges — escaping via clear_mt_moon (NOT Rock Tunnel)

   [campaign]    !! MTMOON: PLAN MISMATCH on (1, 2), expected [1, 1]

   [campaign]    [roam] Mt. Moon off-mission escape -> stuck (now (1, 2))

   [campaign]    ⛰️  CAMPAIGN SAVE [tick2100] -> campaign/kira_campaign.state  (map=(1, 2) coords=(26, 36) badges=3 party=6)

   [campaign]    [sanctity] bundle VALID (schema/encoding/truth/monotonic all clean)

   [campaign]    [roam] !! OFF-MISSION: inside Mt. Moon B1F ((1, 2)) with 3 badges — escaping via clear_mt_moon (NOT Rock Tunnel)

   [campaign]    !! MTMOON: PLAN MISMATCH on (1, 2), expected [1, 1]

   [campaign]    [roam] Mt. Moon off-mission escape -> stuck (now (1, 2))

   [campaign]    [roam] !! OFF-MISSION: inside Mt. Moon B1F ((1, 2)) with 3 badges — escaping via clear_mt_moon (NOT Rock Tunnel)

   [campaign]    !! MTMOON: PLAN MISMATCH on (1, 2), expected [1, 1]

   [campaign]    [roam] Mt. Moon off-mission escape -> stuck (now (1, 2))

   [campaign]    [roam] !! OFF-MISSION: inside Mt. Moon B1F ((1, 2)) with 3 badges — escaping via clear_mt_moon (NOT Rock Tunnel)

   [campaign]    !! MTMOON: PLAN MISMATCH on (1, 2), expected [1, 1]

   [campaign]    [roam] Mt. Moon off-mission escape -> stuck (now (1, 2))

   [campaign]    [roam] !! OFF-MISSION: inside Mt. Moon B1F ((1, 2)) with 3 badges — escaping via clear_mt_moon (NOT Rock Tunnel)

   [campaign]    !! MTMOON: PLAN MISMATCH on (1, 2), expected [1, 1]

   [campaign]    [roam] Mt. Moon off-mission escape -> stuck (now (1, 2))

   [campaign]    [roam] !! OFF-MISSION: inside Mt. Moon B1F ((1, 2)) with 3 badges — escaping via clear_mt_moon (NOT Rock Tunnel)

   [campaign]    !! MTMOON: PLAN MISMATCH on (1, 2), expected [1, 1]

   [campaign]    [roam] Mt. Moon off-mission escape -> stuck (now (1, 2))

   [campaign]    ⛰️  CAMPAIGN SAVE [tick2105] -> campaign/kira_campaign.state  (map=(1, 2) coords=(26, 36) badges=3 party=6)

   [campaign]    [sanctity] bundle VALID (schema/encoding/truth/monotonic all clean)

   [campaign]    [roam] !! OFF-MISSION: inside Mt. Moon B1F ((1, 2)) with 3 badges — escaping via clear_mt_moon (NOT Rock Tunnel)

   [campaign]    !! MTMOON: PLAN MISMATCH on (1, 2), expected [1, 1]

   [campaign]    [roam] Mt. Moon off-mission escape -> stuck (now (1, 2))

   [campaign]    [roam] !! OFF-MISSION: inside Mt. Moon B1F ((1, 2)) with 3 badges — escaping via clear_mt_moon (NOT Rock Tunnel)

   [campaign]    !! MTMOON: PLAN MISMATCH on (1, 2), expected [1, 1]

   [campaign]    [roam] Mt. Moon off-mission escape -> stuck (now (1, 2))

   [campaign]    [roam] !! OFF-MISSION: inside Mt. Moon B1F ((1, 2)) with 3 badges — escaping via clear_mt_moon (NOT Rock Tunnel)

   [campaign]    !! MTMOON: PLAN MISMATCH on (1, 2), expected [1, 1]

   [campaign]    [roam] Mt. Moon off-mission escape -> stuck (now (1, 2))

   [campaign]    [roam] !! OFF-MISSION: inside Mt. Moon B1F ((1, 2)) with 3 badges — escaping via clear_mt_moon (NOT Rock Tunnel)

   [campaign]    !! MTMOON: PLAN MISMATCH on (1, 2), expected [1, 1]

   [campaign]    [roam] Mt. Moon off-mission escape -> stuck (now (1, 2))

   [campaign]    [roam] !! OFF-MISSION: inside Mt. Moon B1F ((1, 2)) with 3 badges — escaping via clear_mt_moon (NOT Rock Tunnel)

   [campaign]    !! MTMOON: PLAN MISMATCH on (1, 2), expected [1, 1]

   [campaign]    [roam] Mt. Moon off-mission escape -> stuck (now (1, 2))

   [campaign]    ⛰️  CAMPAIGN SAVE [tick2110] -> campaign/kira_campaign.state  (map=(1, 2) coords=(26, 36) badges=3 party=6)

   [campaign]    [sanctity] bundle VALID (schema/encoding/truth/monotonic all clean)

   [campaign]    [roam] !! OFF-MISSION: inside Mt. Moon B1F ((1, 2)) with 3 badges — escaping via clear_mt_moon (NOT Rock Tunnel)

   [campaign]    !! MTMOON: PLAN MISMATCH on (1, 2), expected [1, 1]

   [campaign]    [roam] Mt. Moon off-mission escape -> stuck (now (1, 2))

   [campaign]    [roam] !! OFF-MISSION: inside Mt. Moon B1F ((1, 2)) with 3 badges — escaping via clear_mt_moon (NOT Rock Tunnel)

   [campaign]    !! MTMOON: PLAN MISMATCH on (1, 2), expected [1, 1]

   [campaign]    [roam] Mt. Moon off-mission escape -> stuck (now (1, 2))

   [campaign]    [roam] !! OFF-MISSION: inside Mt. Moon B1F ((1, 2)) with 3 badges — escaping via clear_mt_moon (NOT Rock Tunnel)

   [campaign]    !! MTMOON: PLAN MISMATCH on (1, 2), expected [1, 1]

   [campaign]    [roam] Mt. Moon off-mission escape -> stuck (now (1, 2))

   [campaign]    [roam] !! OFF-MISSION: inside Mt. Moon B1F ((1, 2)) with 3 badges — escaping via clear_mt_moon (NOT Rock Tunnel)

   [campaign]    !! MTMOON: PLAN MISMATCH on (1, 2), expected [1, 1]

   [campaign]    [roam] Mt. Moon off-mission escape -> stuck (now (1, 2))

   [campaign]    [roam] !! OFF-MISSION: inside Mt. Moon B1F ((1, 2)) with 3 badges — escaping via clear_mt_moon (NOT Rock Tunnel)

   [campaign]    !! MTMOON: PLAN MISMATCH on (1, 2), expected [1, 1]

   [campaign]    [roam] Mt. Moon off-mission escape -> stuck (now (1, 2))

   [campaign]    ⛰️  CAMPAIGN SAVE [tick2115] -> campaign/kira_campaign.state  (map=(1, 2) coords=(26, 36) badges=3 party=6)

   [campaign]    [sanctity] bundle VALID (schema/encoding/truth/monotonic all clean)

   [campaign]    [roam] !! OFF-MISSION: inside Mt. Moon B1F ((1, 2)) with 3 badges — escaping via clear_mt_moon (NOT Rock Tunnel)

   [campaign]    !! MTMOON: PLAN MISMATCH on (1, 2), expected [1, 1]

   [campaign]    [roam] Mt. Moon off-mission escape -> stuck (now (1, 2))

   [campaign]    [roam] !! OFF-MISSION: inside Mt. Moon B1F ((1, 2)) with 3 badges — escaping via clear_mt_moon (NOT Rock Tunnel)

   [campaign]    !! MTMOON: PLAN MISMATCH on (1, 2), expected [1, 1]

   [campaign]    [roam] Mt. Moon off-mission escape -> stuck (now (1, 2))

   [campaign]    [roam] !! OFF-MISSION: inside Mt. Moon B1F ((1, 2)) with 3 badges — escaping via clear_mt_moon (NOT Rock Tunnel)

   [campaign]    !! MTMOON: PLAN MISMATCH on (1, 2), expected [1, 1]

   [campaign]    [roam] Mt. Moon off-mission escape -> stuck (now (1, 2))

   [campaign]    [roam] !! OFF-MISSION: inside Mt. Moon B1F ((1, 2)) with 3 badges — escaping via clear_mt_moon (NOT Rock Tunnel)

   [campaign]    !! MTMOON: PLAN MISMATCH on (1, 2), expected [1, 1]

   [campaign]    [roam] Mt. Moon off-mission escape -> stuck (now (1, 2))

   [campaign]    [roam] !! OFF-MISSION: inside Mt. Moon B1F ((1, 2)) with 3 badges — escaping via clear_mt_moon (NOT Rock Tunnel)

   [campaign]    !! MTMOON: PLAN MISMATCH on (1, 2), expected [1, 1]

   [campaign]    [roam] Mt. Moon off-mission escape -> stuck (now (1, 2))

   [campaign]    ⛰️  CAMPAIGN SAVE [tick2120] -> campaign/kira_campaign.state  (map=(1, 2) coords=(26, 36) badges=3 party=6)

   [campaign]    [sanctity] bundle VALID (schema/encoding/truth/monotonic all clean)

   [campaign]    [roam] !! OFF-MISSION: inside Mt. Moon B1F ((1, 2)) with 3 badges — escaping via clear_mt_moon (NOT Rock Tunnel)

   [campaign]    !! MTMOON: PLAN MISMATCH on (1, 2), expected [1, 1]

   [campaign]    [roam] Mt. Moon off-mission escape -> stuck (now (1, 2))

   [campaign]    [roam] !! OFF-MISSION: inside Mt. Moon B1F ((1, 2)) with 3 badges — escaping via clear_mt_moon (NOT Rock Tunnel)

   [campaign]    !! MTMOON: PLAN MISMATCH on (1, 2), expected [1, 1]

   [campaign]    [roam] Mt. Moon off-mission escape -> stuck (now (1, 2))

   [campaign]    [roam] !! OFF-MISSION: inside Mt. Moon B1F ((1, 2)) with 3 badges — escaping via clear_mt_moon (NOT Rock Tunnel)

   [campaign]    !! MTMOON: PLAN MISMATCH on (1, 2), expected [1, 1]

   [campaign]    [roam] Mt. Moon off-mission escape -> stuck (now (1, 2))

   [campaign]    [roam] !! OFF-MISSION: inside Mt. Moon B1F ((1, 2)) with 3 badges — escaping via clear_mt_moon (NOT Rock Tunnel)

   [campaign]    !! MTMOON: PLAN MISMATCH on (1, 2), expected [1, 1]

   [campaign]    [roam] Mt. Moon off-mission escape -> stuck (now (1, 2))

   [campaign]    [roam] !! OFF-MISSION: inside Mt. Moon B1F ((1, 2)) with 3 badges — escaping via clear_mt_moon (NOT Rock Tunnel)

   [campaign]    !! MTMOON: PLAN MISMATCH on (1, 2), expected [1, 1]

   [campaign]    [roam] Mt. Moon off-mission escape -> stuck (now (1, 2))

   [campaign]    ⛰️  CAMPAIGN SAVE [tick2125] -> campaign/kira_campaign.state  (map=(1, 2) coords=(26, 36) badges=3 party=6)

   [campaign]    [sanctity] bundle VALID (schema/encoding/truth/monotonic all clean)

   [campaign]    [roam] !! OFF-MISSION: inside Mt. Moon B1F ((1, 2)) with 3 badges — escaping via clear_mt_moon (NOT Rock Tunnel)

   [campaign]    !! MTMOON: PLAN MISMATCH on (1, 2), expected [1, 1]

   [campaign]    [roam] Mt. Moon off-mission escape -> stuck (now (1, 2))

   [campaign]    [roam] !! OFF-MISSION: inside Mt. Moon B1F ((1, 2)) with 3 badges — escaping via clear_mt_moon (NOT Rock Tunnel)

   [campaign]    !! MTMOON: PLAN MISMATCH on (1, 2), expected [1, 1]

   [campaign]    [roam] Mt. Moon off-mission escape -> stuck (now (1, 2))

   [campaign]    [roam] !! OFF-MISSION: inside Mt. Moon B1F ((1, 2)) with 3 badges — escaping via clear_mt_moon (NOT Rock Tunnel)

   [campaign]    !! MTMOON: PLAN MISMATCH on (1, 2), expected [1, 1]

   [campaign]    [roam] Mt. Moon off-mission escape -> stuck (now (1, 2))

   [campaign]    [roam] !! OFF-MISSION: inside Mt. Moon B1F ((1, 2)) with 3 badges — escaping via clear_mt_moon (NOT Rock Tunnel)

   [campaign]    !! MTMOON: PLAN MISMATCH on (1, 2), expected [1, 1]

   [campaign]    [roam] Mt. Moon off-mission escape -> stuck (now (1, 2))

   [campaign]    [roam] !! OFF-MISSION: inside Mt. Moon B1F ((1, 2)) with 3 badges — escaping via clear_mt_moon (NOT Rock Tunnel)

   [campaign]    !! MTMOON: PLAN MISMATCH on (1, 2), expected [1, 1]

   [campaign]    [roam] Mt. Moon off-mission escape -> stuck (now (1, 2))

   [campaign]    ⛰️  CAMPAIGN SAVE [tick2130] -> campaign/kira_campaign.state  (map=(1, 2) coords=(26, 36) badges=3 party=6)

   [campaign]    [sanctity] bundle VALID (schema/encoding/truth/monotonic all clean)

   [campaign]    [roam] !! OFF-MISSION: inside Mt. Moon B1F ((1, 2)) with 3 badges — escaping via clear_mt_moon (NOT Rock Tunnel)

   [campaign]    !! MTMOON: PLAN MISMATCH on (1, 2), expected [1, 1]

   [campaign]    [roam] Mt. Moon off-mission escape -> stuck (now (1, 2))

   [campaign]    [roam] !! OFF-MISSION: inside Mt. Moon B1F ((1, 2)) with 3 badges — escaping via clear_mt_moon (NOT Rock Tunnel)

   [campaign]    !! MTMOON: PLAN MISMATCH on (1, 2), expected [1, 1]

   [campaign]    [roam] Mt. Moon off-mission escape -> stuck (now (1, 2))

   [campaign]    [roam] !! OFF-MISSION: inside Mt. Moon B1F ((1, 2)) with 3 badges — escaping via clear_mt_moon (NOT Rock Tunnel)

   [campaign]    !! MTMOON: PLAN MISMATCH on (1, 2), expected [1, 1]

   [campaign]    [roam] Mt. Moon off-mission escape -> stuck (now (1, 2))

   [campaign]    [roam] !! OFF-MISSION: inside Mt. Moon B1F ((1, 2)) with 3 badges — escaping via clear_mt_moon (NOT Rock Tunnel)

   [campaign]    !! MTMOON: PLAN MISMATCH on (1, 2), expected [1, 1]

   [campaign]    [roam] Mt. Moon off-mission escape -> stuck (now (1, 2))

   [campaign]    [roam] !! OFF-MISSION: inside Mt. Moon B1F ((1, 2)) with 3 badges — escaping via clear_mt_moon (NOT Rock Tunnel)

   [campaign]    !! MTMOON: PLAN MISMATCH on (1, 2), expected [1, 1]

   [campaign]    [roam] Mt. Moon off-mission escape -> stuck (now (1, 2))

   [campaign]    ⛰️  CAMPAIGN SAVE [tick2135] -> campaign/kira_campaign.state  (map=(1, 2) coords=(26, 36) badges=3 party=6)

   [campaign]    [sanctity] bundle VALID (schema/encoding/truth/monotonic all clean)

   [campaign]    [roam] !! OFF-MISSION: inside Mt. Moon B1F ((1, 2)) with 3 badges — escaping via clear_mt_moon (NOT Rock Tunnel)

   [campaign]    !! MTMOON: PLAN MISMATCH on (1, 2), expected [1, 1]

   [campaign]    [roam] Mt. Moon off-mission escape -> stuck (now (1, 2))

   [campaign]    [roam] !! OFF-MISSION: inside Mt. Moon B1F ((1, 2)) with 3 badges — escaping via clear_mt_moon (NOT Rock Tunnel)

   [campaign]    !! MTMOON: PLAN MISMATCH on (1, 2), expected [1, 1]

   [campaign]    [roam] Mt. Moon off-mission escape -> stuck (now (1, 2))

   [campaign]    [roam] !! OFF-MISSION: inside Mt. Moon B1F ((1, 2)) with 3 badges — escaping via clear_mt_moon (NOT Rock Tunnel)

   [campaign]    !! MTMOON: PLAN MISMATCH on (1, 2), expected [1, 1]

   [campaign]    [roam] Mt. Moon off-mission escape -> stuck (now (1, 2))

   [campaign]    [roam] !! OFF-MISSION: inside Mt. Moon B1F ((1, 2)) with 3 badges — escaping via clear_mt_moon (NOT Rock Tunnel)

   [campaign]    !! MTMOON: PLAN MISMATCH on (1, 2), expected [1, 1]

   [campaign]    [roam] Mt. Moon off-mission escape -> stuck (now (1, 2))

   [campaign]    [roam] !! OFF-MISSION: inside Mt. Moon B1F ((1, 2)) with 3 badges — escaping via clear_mt_moon (NOT Rock Tunnel)

   [campaign]    !! MTMOON: PLAN MISMATCH on (1, 2), expected [1, 1]

   [campaign]    [roam] Mt. Moon off-mission escape -> stuck (now (1, 2))

   [campaign]    ⛰️  CAMPAIGN SAVE [tick2140] -> campaign/kira_campaign.state  (map=(1, 2) coords=(26, 36) badges=3 party=6)

   [campaign]    [sanctity] bundle VALID (schema/encoding/truth/monotonic all clean)

   [campaign]    [roam] !! OFF-MISSION: inside Mt. Moon B1F ((1, 2)) with 3 badges — escaping via clear_mt_moon (NOT Rock Tunnel)

   [campaign]    !! MTMOON: PLAN MISMATCH on (1, 2), expected [1, 1]

   [campaign]    [roam] Mt. Moon off-mission escape -> stuck (now (1, 2))

   [campaign]    [roam] !! OFF-MISSION: inside Mt. Moon B1F ((1, 2)) with 3 badges — escaping via clear_mt_moon (NOT Rock Tunnel)

   [campaign]    !! MTMOON: PLAN MISMATCH on (1, 2), expected [1, 1]

   [campaign]    [roam] Mt. Moon off-mission escape -> stuck (now (1, 2))

   [campaign]    [roam] !! OFF-MISSION: inside Mt. Moon B1F ((1, 2)) with 3 badges — escaping via clear_mt_moon (NOT Rock Tunnel)

   [campaign]    !! MTMOON: PLAN MISMATCH on (1, 2), expected [1, 1]

   [campaign]    [roam] Mt. Moon off-mission escape -> stuck (now (1, 2))

   [campaign]    [roam] !! OFF-MISSION: inside Mt. Moon B1F ((1, 2)) with 3 badges — escaping via clear_mt_moon (NOT Rock Tunnel)

   [campaign]    !! MTMOON: PLAN MISMATCH on (1, 2), expected [1, 1]

   [campaign]    [roam] Mt. Moon off-mission escape -> stuck (now (1, 2))

   [campaign]    [roam] !! OFF-MISSION: inside Mt. Moon B1F ((1, 2)) with 3 badges — escaping via clear_mt_moon (NOT Rock Tunnel)

   [campaign]    !! MTMOON: PLAN MISMATCH on (1, 2), expected [1, 1]

   [campaign]    [roam] Mt. Moon off-mission escape -> stuck (now (1, 2))

   [campaign]    ⛰️  CAMPAIGN SAVE [tick2145] -> campaign/kira_campaign.state  (map=(1, 2) coords=(26, 36) badges=3 party=6)

   [campaign]    [sanctity] bundle VALID (schema/encoding/truth/monotonic all clean)

   [campaign]    [roam] !! OFF-MISSION: inside Mt. Moon B1F ((1, 2)) with 3 badges — escaping via clear_mt_moon (NOT Rock Tunnel)

   [campaign]    !! MTMOON: PLAN MISMATCH on (1, 2), expected [1, 1]

   [campaign]    [roam] Mt. Moon off-mission escape -> stuck (now (1, 2))

   [campaign]    [roam] !! OFF-MISSION: inside Mt. Moon B1F ((1, 2)) with 3 badges — escaping via clear_mt_moon (NOT Rock Tunnel)

   [campaign]    !! MTMOON: PLAN MISMATCH on (1, 2), expected [1, 1]

   [campaign]    [roam] Mt. Moon off-mission escape -> stuck (now (1, 2))

   [campaign]    [roam] !! OFF-MISSION: inside Mt. Moon B1F ((1, 2)) with 3 badges — escaping via clear_mt_moon (NOT Rock Tunnel)

   [campaign]    !! MTMOON: PLAN MISMATCH on (1, 2), expected [1, 1]

   [campaign]    [roam] Mt. Moon off-mission escape -> stuck (now (1, 2))

   [campaign]    [roam] !! OFF-MISSION: inside Mt. Moon B1F ((1, 2)) with 3 badges — escaping via clear_mt_moon (NOT Rock Tunnel)

   [campaign]    !! MTMOON: PLAN MISMATCH on (1, 2), expected [1, 1]

   [campaign]    [roam] Mt. Moon off-mission escape -> stuck (now (1, 2))

   [campaign]    [roam] !! OFF-MISSION: inside Mt. Moon B1F ((1, 2)) with 3 badges — escaping via clear_mt_moon (NOT Rock Tunnel)

   [campaign]    !! MTMOON: PLAN MISMATCH on (1, 2), expected [1, 1]

   [campaign]    [roam] Mt. Moon off-mission escape -> stuck (now (1, 2))

   [campaign]    ⛰️  CAMPAIGN SAVE [tick2150] -> campaign/kira_campaign.state  (map=(1, 2) coords=(26, 36) badges=3 party=6)

   [campaign]    [sanctity] bundle VALID (schema/encoding/truth/monotonic all clean)

   [campaign]    [roam] !! OFF-MISSION: inside Mt. Moon B1F ((1, 2)) with 3 badges — escaping via clear_mt_moon (NOT Rock Tunnel)

   [campaign]    !! MTMOON: PLAN MISMATCH on (1, 2), expected [1, 1]

   [campaign]    [roam] Mt. Moon off-mission escape -> stuck (now (1, 2))

   [campaign]    [roam] !! OFF-MISSION: inside Mt. Moon B1F ((1, 2)) with 3 badges — escaping via clear_mt_moon (NOT Rock Tunnel)

   [campaign]    !! MTMOON: PLAN MISMATCH on (1, 2), expected [1, 1]

   [campaign]    [roam] Mt. Moon off-mission escape -> stuck (now (1, 2))

   [campaign]    [roam] !! OFF-MISSION: inside Mt. Moon B1F ((1, 2)) with 3 badges — escaping via clear_mt_moon (NOT Rock Tunnel)

   [campaign]    !! MTMOON: PLAN MISMATCH on (1, 2), expected [1, 1]

   [campaign]    [roam] Mt. Moon off-mission escape -> stuck (now (1, 2))

   [campaign]    [roam] !! OFF-MISSION: inside Mt. Moon B1F ((1, 2)) with 3 badges — escaping via clear_mt_moon (NOT Rock Tunnel)

   [campaign]    !! MTMOON: PLAN MISMATCH on (1, 2), expected [1, 1]

   [campaign]    [roam] Mt. Moon off-mission escape -> stuck (now (1, 2))

   [campaign]    [roam] !! OFF-MISSION: inside Mt. Moon B1F ((1, 2)) with 3 badges — escaping via clear_mt_moon (NOT Rock Tunnel)

   [campaign]    !! MTMOON: PLAN MISMATCH on (1, 2), expected [1, 1]

   [campaign]    [roam] Mt. Moon off-mission escape -> stuck (now (1, 2))

   [campaign]    ⛰️  CAMPAIGN SAVE [tick2155] -> campaign/kira_campaign.state  (map=(1, 2) coords=(26, 36) badges=3 party=6)

   [campaign]    [sanctity] bundle VALID (schema/encoding/truth/monotonic all clean)

   [campaign]    [roam] !! OFF-MISSION: inside Mt. Moon B1F ((1, 2)) with 3 badges — escaping via clear_mt_moon (NOT Rock Tunnel)

   [campaign]    !! MTMOON: PLAN MISMATCH on (1, 2), expected [1, 1]

   [campaign]    [roam] Mt. Moon off-mission escape -> stuck (now (1, 2))

   [campaign]    [roam] !! OFF-MISSION: inside Mt. Moon B1F ((1, 2)) with 3 badges — escaping via clear_mt_moon (NOT Rock Tunnel)

   [campaign]    !! MTMOON: PLAN MISMATCH on (1, 2), expected [1, 1]

   [campaign]    [roam] Mt. Moon off-mission escape -> stuck (now (1, 2))

   [campaign]    [roam] !! OFF-MISSION: inside Mt. Moon B1F ((1, 2)) with 3 badges — escaping via clear_mt_moon (NOT Rock Tunnel)

   [campaign]    !! MTMOON: PLAN MISMATCH on (1, 2), expected [1, 1]

   [campaign]    [roam] Mt. Moon off-mission escape -> stuck (now (1, 2))

   [campaign]    [roam] !! OFF-MISSION: inside Mt. Moon B1F ((1, 2)) with 3 badges — escaping via clear_mt_moon (NOT Rock Tunnel)

   [campaign]    !! MTMOON: PLAN MISMATCH on (1, 2), expected [1, 1]

   [campaign]    [roam] Mt. Moon off-mission escape -> stuck (now (1, 2))

   [campaign]    [roam] !! OFF-MISSION: inside Mt. Moon B1F ((1, 2)) with 3 badges — escaping via clear_mt_moon (NOT Rock Tunnel)

   [campaign]    !! MTMOON: PLAN MISMATCH on (1, 2), expected [1, 1]

   [campaign]    [roam] Mt. Moon off-mission escape -> stuck (now (1, 2))

   [campaign]    ⛰️  CAMPAIGN SAVE [tick2160] -> campaign/kira_campaign.state  (map=(1, 2) coords=(26, 36) badges=3 party=6)

   [campaign]    [sanctity] bundle VALID (schema/encoding/truth/monotonic all clean)

   [campaign]    [roam] !! OFF-MISSION: inside Mt. Moon B1F ((1, 2)) with 3 badges — escaping via clear_mt_moon (NOT Rock Tunnel)

   [campaign]    !! MTMOON: PLAN MISMATCH on (1, 2), expected [1, 1]

   [campaign]    [roam] Mt. Moon off-mission escape -> stuck (now (1, 2))

   [campaign]    [roam] !! OFF-MISSION: inside Mt. Moon B1F ((1, 2)) with 3 badges — escaping via clear_mt_moon (NOT Rock Tunnel)

   [campaign]    !! MTMOON: PLAN MISMATCH on (1, 2), expected [1, 1]

   [campaign]    [roam] Mt. Moon off-mission escape -> stuck (now (1, 2))

   [campaign]    [roam] !! OFF-MISSION: inside Mt. Moon B1F ((1, 2)) with 3 badges — escaping via clear_mt_moon (NOT Rock Tunnel)

   [campaign]    !! MTMOON: PLAN MISMATCH on (1, 2), expected [1, 1]

   [campaign]    [roam] Mt. Moon off-mission escape -> stuck (now (1, 2))

   [campaign]    [roam] !! OFF-MISSION: inside Mt. Moon B1F ((1, 2)) with 3 badges — escaping via clear_mt_moon (NOT Rock Tunnel)

   [campaign]    !! MTMOON: PLAN MISMATCH on (1, 2), expected [1, 1]

   [campaign]    [roam] Mt. Moon off-mission escape -> stuck (now (1, 2))

   [campaign]    [roam] !! OFF-MISSION: inside Mt. Moon B1F ((1, 2)) with 3 badges — escaping via clear_mt_moon (NOT Rock Tunnel)

   [campaign]    !! MTMOON: PLAN MISMATCH on (1, 2), expected [1, 1]

   [campaign]    [roam] Mt. Moon off-mission escape -> stuck (now (1, 2))

   [campaign]    ⛰️  CAMPAIGN SAVE [tick2165] -> campaign/kira_campaign.state  (map=(1, 2) coords=(26, 36) badges=3 party=6)

   [campaign]    [sanctity] bundle VALID (schema/encoding/truth/monotonic all clean)

   [campaign]    [roam] !! OFF-MISSION: inside Mt. Moon B1F ((1, 2)) with 3 badges — escaping via clear_mt_moon (NOT Rock Tunnel)

   [campaign]    !! MTMOON: PLAN MISMATCH on (1, 2), expected [1, 1]

   [campaign]    [roam] Mt. Moon off-mission escape -> stuck (now (1, 2))

   [campaign]    [roam] !! OFF-MISSION: inside Mt. Moon B1F ((1, 2)) with 3 badges — escaping via clear_mt_moon (NOT Rock Tunnel)

   [campaign]    !! MTMOON: PLAN MISMATCH on (1, 2), expected [1, 1]

   [campaign]    [roam] Mt. Moon off-mission escape -> stuck (now (1, 2))

   [campaign]    [roam] !! OFF-MISSION: inside Mt. Moon B1F ((1, 2)) with 3 badges — escaping via clear_mt_moon (NOT Rock Tunnel)

   [campaign]    !! MTMOON: PLAN MISMATCH on (1, 2), expected [1, 1]

   [campaign]    [roam] Mt. Moon off-mission escape -> stuck (now (1, 2))

   [campaign]    [roam] !! OFF-MISSION: inside Mt. Moon B1F ((1, 2)) with 3 badges — escaping via clear_mt_moon (NOT Rock Tunnel)

   [campaign]    !! MTMOON: PLAN MISMATCH on (1, 2), expected [1, 1]

   [campaign]    [roam] Mt. Moon off-mission escape -> stuck (now (1, 2))

   [campaign]    [roam] !! OFF-MISSION: inside Mt. Moon B1F ((1, 2)) with 3 badges — escaping via clear_mt_moon (NOT Rock Tunnel)

   [campaign]    !! MTMOON: PLAN MISMATCH on (1, 2), expected [1, 1]

   [campaign]    [roam] Mt. Moon off-mission escape -> stuck (now (1, 2))

   [campaign]    ⛰️  CAMPAIGN SAVE [tick2170] -> campaign/kira_campaign.state  (map=(1, 2) coords=(26, 36) badges=3 party=6)

   [campaign]    [sanctity] bundle VALID (schema/encoding/truth/monotonic all clean)

   [campaign]    [roam] !! OFF-MISSION: inside Mt. Moon B1F ((1, 2)) with 3 badges — escaping via clear_mt_moon (NOT Rock Tunnel)

   [campaign]    !! MTMOON: PLAN MISMATCH on (1, 2), expected [1, 1]

   [campaign]    [roam] Mt. Moon off-mission escape -> stuck (now (1, 2))

   [campaign]    [roam] !! OFF-MISSION: inside Mt. Moon B1F ((1, 2)) with 3 badges — escaping via clear_mt_moon (NOT Rock Tunnel)

   [campaign]    !! MTMOON: PLAN MISMATCH on (1, 2), expected [1, 1]

   [campaign]    [roam] Mt. Moon off-mission escape -> stuck (now (1, 2))

   [campaign]    [roam] !! OFF-MISSION: inside Mt. Moon B1F ((1, 2)) with 3 badges — escaping via clear_mt_moon (NOT Rock Tunnel)

   [campaign]    !! MTMOON: PLAN MISMATCH on (1, 2), expected [1, 1]

   [campaign]    [roam] Mt. Moon off-mission escape -> stuck (now (1, 2))

   [campaign]    [roam] !! OFF-MISSION: inside Mt. Moon B1F ((1, 2)) with 3 badges — escaping via clear_mt_moon (NOT Rock Tunnel)

   [campaign]    !! MTMOON: PLAN MISMATCH on (1, 2), expected [1, 1]

   [campaign]    [roam] Mt. Moon off-mission escape -> stuck (now (1, 2))

   [campaign]    [roam] !! OFF-MISSION: inside Mt. Moon B1F ((1, 2)) with 3 badges — escaping via clear_mt_moon (NOT Rock Tunnel)

   [campaign]    !! MTMOON: PLAN MISMATCH on (1, 2), expected [1, 1]

   [campaign]    [roam] Mt. Moon off-mission escape -> stuck (now (1, 2))

   [campaign]    ⛰️  CAMPAIGN SAVE [tick2175] -> campaign/kira_campaign.state  (map=(1, 2) coords=(26, 36) badges=3 party=6)

   [campaign]    [sanctity] bundle VALID (schema/encoding/truth/monotonic all clean)

   [campaign]    [roam] !! OFF-MISSION: inside Mt. Moon B1F ((1, 2)) with 3 badges — escaping via clear_mt_moon (NOT Rock Tunnel)

   [campaign]    !! MTMOON: PLAN MISMATCH on (1, 2), expected [1, 1]

   [campaign]    [roam] Mt. Moon off-mission escape -> stuck (now (1, 2))

   [campaign]    [roam] !! OFF-MISSION: inside Mt. Moon B1F ((1, 2)) with 3 badges — escaping via clear_mt_moon (NOT Rock Tunnel)

   [campaign]    !! MTMOON: PLAN MISMATCH on (1, 2), expected [1, 1]

   [campaign]    [roam] Mt. Moon off-mission escape -> stuck (now (1, 2))

   [campaign]    [roam] !! OFF-MISSION: inside Mt. Moon B1F ((1, 2)) with 3 badges — escaping via clear_mt_moon (NOT Rock Tunnel)

   [campaign]    !! MTMOON: PLAN MISMATCH on (1, 2), expected [1, 1]

   [campaign]    [roam] Mt. Moon off-mission escape -> stuck (now (1, 2))

   [campaign]    [roam] !! OFF-MISSION: inside Mt. Moon B1F ((1, 2)) with 3 badges — escaping via clear_mt_moon (NOT Rock Tunnel)

   [campaign]    !! MTMOON: PLAN MISMATCH on (1, 2), expected [1, 1]

   [campaign]    [roam] Mt. Moon off-mission escape -> stuck (now (1, 2))

   [campaign]    [roam] !! OFF-MISSION: inside Mt. Moon B1F ((1, 2)) with 3 badges — escaping via clear_mt_moon (NOT Rock Tunnel)

   [campaign]    !! MTMOON: PLAN MISMATCH on (1, 2), expected [1, 1]

   [campaign]    [roam] Mt. Moon off-mission escape -> stuck (now (1, 2))

   [campaign]    ⛰️  CAMPAIGN SAVE [tick2180] -> campaign/kira_campaign.state  (map=(1, 2) coords=(26, 36) badges=3 party=6)

