===== playlive_2026-08-13_20-20-08.log =====
   [travel] start map=(1, 76) coords=(6, 7) -> coord (6, 2) (budget 60s, surf-capable)
   [travel] releasing 1 stale NPC block(s) [(6, 8)] — tile(s) read empty now (wanderer moved on)
   [travel] step 0: (6, 7)->(6, 6) map=(1, 76) (path 8 to exit)
   [travel] reached target coord (6, 2)
   [travel] start map=(1, 77) coords=(6, 11) -> coord (6, 12) (budget 60s, surf-capable)
   [travel] path blocked at (6, 11) (NPC on the gap?) - waiting
   [travel] no clean path from (6, 7) AND no NPC-allowing path (npcs nearby=[(6, 5)]) - genuine wall/zone gap, will time out
   [travel] !! TRAVEL WEDGE: identical fp x4 retries at (6, 7) map=(1, 77) (reason=no_route) -> returning to roam LOUD (no inner spin)
   [travel] start map=(1, 77) coords=(6, 7) -> coord (6, 2) (budget 60s, surf-capable)
   [travel] path blocked at (6, 7) (NPC on the gap?) - waiting
   [travel] no clean path from (6, 7) AND no NPC-allowing path (npcs nearby=[(6, 5)]) - genuine wall/zone gap, will time out
   [travel] !! TRAVEL WEDGE: identical fp x4 retries at (6, 7) map=(1, 77) (reason=no_route) -> returning to roam LOUD (no inner spin)
   [campaign]    [dlg exit-guard] "I am AGATHA of the ELITE FOUR. I hear OAK's taken a lot of interest in y"
   [campaign]    [dlg-uwatch exit-guard] fp[(1, 77) (6,6) f2 D- badge8 $11364 party:73fd bag:1ae0] same line, frozen world x15/90
   [campaign]    [dlg-uwatch exit-guard] fp[(1, 77) (6,6) f2 D- badge8 $11364 party:73fd bag:1ae0] same line, frozen world x30/90
   [campaign]    [dlg-uwatch exit-guard] fp[(1, 77) (6,6) f2 D- badge8 $11364 party:73fd bag:1ae0] same line, frozen world x45/90
   [campaign]    [dlg exit-guard] battle opened mid-drain -> handing off (battle engine owns that UI)
   [play-live]    [engine] re-entry: foe is already DOWN — draining the faint/switch chain
   [play-live]    [engine] MATCHUP SWITCH: active is out-typed -> trying party slot 2
   [play-live]    [engine] switch: target party slot 2 sp=9 -> menu row 2
   [play-live]    [engine] switch: SWITCHED to species 9 (slot 2)
   [play-live]    [engine] E4 PREPLAN SWITCH: matchup decided before items (think once, then act — no continue-spam)
   [play-live]    [engine] MATCHUP SWITCH: Agatha Blastoise holds — fight instead
   [play-live]    [engine] MATCHUP SWITCH: Agatha Blastoise holds — fight instead
   [play-live]    [engine] JUST FIGHT: L75 vs L54 + connecting damage — skipping bag/switch hierarchy this turn
   [play-live]    [engine] E4 MOVE: Surf - E4 wincon — firing the max-damage pick (EQ Gengar is 0x Levitate; Surf Gengar; EQ Arbok; Surf Onix)
   [play-live]    [engine] action menu: Surf - E4 wincon -> slot 1 (eff x1) vs gengar 145/145 | [0]Skull Bash(p100,pp=14,ref=0,sc=0) [1]Surf(p95*STAB,pp=5,ref=0,sc=142.5) [2]Earthquake(p100,pp=0,ref=0,sc=200)
   [play-live]    [engine] STREAM COMMIT: Surf - E4 wincon slot 1 (menu_up=1 action=True moves=False)
   [play-live]    [engine] move slot 1 didn't fire (0-PP / disabled / blocked) -> rotating to an untried move (streak now [1], refusals {1: 1}, futility 1/4)
   [play-live]    [engine] battle-progress: move resolved
   [play-live]    [engine] WHIFF: foe HP unchanged at 145 across the full turn -> accuracy-debuff spiral (streak 1/3)
   [play-live]    [engine] MATCHUP SWITCH: Agatha Blastoise holds — fight instead
   [play-live]    [engine] MATCHUP SWITCH: Agatha Blastoise holds — fight instead
   [play-live]    [engine] JUST FIGHT: L75 vs L54 + connecting damage — skipping bag/switch hierarchy this turn
   [play-live]    [engine] E4 MOVE: Surf - E4 wincon — firing the max-damage pick (EQ Gengar is 0x Levitate; Surf Gengar; EQ Arbok; Surf Onix)
   [play-live]    [engine] NO EFFECTIVE MOVE in a TRAINER battle -> war-must-advance: firing Skull Bash anyway (a passed turn beats an eternal menu)
   [play-live]    [engine] action menu: Skull Bash -> slot 0 (eff x0) vs gengar 145/145 | [0]Skull Bash(p100,pp=13,ref=0,sc=0) [1]Surf(p95*STAB,pp=5,ref=1,sc=142.5) [2]Earthquake(p100,pp=0,ref=0,sc=200)
   [play-live]    [engine] STREAM COMMIT: Skull Bash slot 0 (menu_up=1 action=True moves=False)
   [play-live]    [engine] battle-progress: move resolved
   [play-live]    [engine] !! battle wedged stall=30 TRAINER -> screen-aware press, not stuck-abort (never a blind A — the bag-parked-cursor lesson)
   [play-live]    [engine] WHIFF: foe HP unchanged at 145 across the full turn -> accuracy-debuff spiral (streak 2/3)
   [play-live]    [engine] MATCHUP SWITCH: Agatha Blastoise holds — fight instead
   [play-live]    [engine] MATCHUP SWITCH: Agatha Blastoise holds — fight instead
   [play-live]    [engine] JUST FIGHT: L75 vs L54 + connecting damage — skipping bag/switch hierarchy this turn
   [play-live]    [engine] E4 MOVE: Surf - E4 wincon — firing the max-damage pick (EQ Gengar is 0x Levitate; Surf Gengar; EQ Arbok; Surf Onix)
   [play-live]    [engine] action menu: Surf - E4 wincon -> slot 1 (eff x1) vs gengar 145/145 | [0]Skull Bash(p100,pp=12,ref=0,sc=0) [1]Surf(p95*STAB,pp=5,ref=1,sc=142.5) [2]Earthquake(p100,pp=0,ref=0,sc=200)
   [play-live]    [engine] STREAM COMMIT: Surf - E4 wincon slot 1 (menu_up=1 action=True moves=False)
   [play-live]    [engine] battle-progress: move resolved
   [play-live]    [engine] WHIFF: foe HP unchanged at 145 across the full turn -> accuracy-debuff spiral (streak 3/3)
   [play-live]    [engine] MATCHUP SWITCH: Agatha Blastoise holds — fight instead
   [play-live]    [engine] MATCHUP SWITCH: Agatha Blastoise holds — fight instead
   [play-live]    [engine] JUST FIGHT: L75 vs L54 + connecting damage — skipping bag/switch hierarchy this turn
   [play-live]    [engine] WHIFF-SPIRAL but no healthy reserve to reset with -> fighting on
   [play-live]    [engine] E4 MOVE: Surf - E4 wincon — firing the max-damage pick (EQ Gengar is 0x Levitate; Surf Gengar; EQ Arbok; Surf Onix)
   [play-live]    [engine] action menu: Surf - E4 wincon -> slot 1 (eff x1) vs gengar 145/145 | [0]Skull Bash(p100,pp=12,ref=0,sc=0) [1]Surf(p95*STAB,pp=4,ref=1,sc=142.5) [2]Earthquake(p100,pp=0,ref=0,sc=200)
   [play-live]    [engine] STREAM COMMIT: Surf - E4 wincon slot 1 (menu_up=1 action=True moves=False)
   [play-live]    [engine] battle-progress: move resolved
   [play-live]    [engine] WHIFF: foe HP unchanged at 145 across the full turn -> accuracy-debuff spiral (streak 1/3)
   [play-live]    [engine] MATCHUP SWITCH: Agatha Blastoise holds — fight instead
   [play-live]    [engine] MATCHUP SWITCH: Agatha Blastoise holds — fight instead
   [play-live]    [engine] JUST FIGHT: L75 vs L54 + connecting damage — skipping bag/switch hierarchy this turn
   [play-live]    [engine] E4 MOVE: Surf - E4 wincon — firing the max-damage pick (EQ Gengar is 0x Levitate; Surf Gengar; EQ Arbok; Surf Onix)
   [play-live]    [engine] action menu: Surf - E4 wincon -> slot 1 (eff x1) vs gengar 145/145 | [0]Skull Bash(p100,pp=12,ref=0,sc=0) [1]Surf(p95*STAB,pp=3,ref=1,sc=142.5) [2]Earthquake(p100,pp=0,ref=0,sc=200)
   [play-live]    [engine] STREAM COMMIT: Surf - E4 wincon slot 1 (menu_up=1 action=True moves=False)
   [play-live]    [engine] battle-progress: move resolved
   [play-live]    [engine] battle-progress: enemy fainted
   [play-live]    [engine] party screen in drain: voluntary (shift prompt) -> single B out
   [play-live]    [engine] MATCHUP SWITCH: active is out-typed -> trying party slot 1
   [play-live]    [engine] switch: target party slot 1 sp=145 -> menu row 1
   [play-live]    [engine] switch: SWITCHED to species 145 (slot 1)
   [play-live]    [engine] E4 PREPLAN SWITCH: matchup decided before items (think once, then act — no continue-spam)
   [play-live]    [engine] MATCHUP SWITCH: ping-pong blocked 145<->9 — fight instead
   [play-live]    [engine] MATCHUP SWITCH: ping-pong blocked 145<->9 — fight instead
   [play-live]    [engine] action menu: Shock Wave - a super-effective hit -> slot 1 (eff x2) vs golbat 161/161 | [0]move#86(p0*STAB,pp=20,ref=0,sc=0) [1]Shock Wave(p60*STAB,pp=14,ref=1,sc=180) [2]move#197(p0,pp=5,ref=0,sc=0) [3]Drill Peck(p80*STAB,pp=20,ref=0,sc=120)
   [play-live]    [engine] STREAM COMMIT: Shock Wave - a super-effective hit slot 1 (menu_up=1 action=True moves=False)
   [play-live]    [engine] !! MENU WEDGE 66s with NO progress — escaping the scroll theater (fire 1/8, menu_up=0 action=False moves=False bag=False party=False)
   [play-live]    [engine] MATCHUP SWITCH: ping-pong blocked 145<->9 — fight instead
   [play-live]    [engine] MATCHUP SWITCH: ping-pong blocked 145<->9 — fight instead
   [play-live]    [engine] action menu: Shock Wave - a super-effective hit -> slot 1 (eff x2) vs golbat 42/161 | [0]move#86(p0*STAB,pp=20,ref=0,sc=0) [1]Shock Wave(p60*STAB,pp=13,ref=1,sc=180) [2]move#197(p0,pp=5,ref=0,sc=0) [3]Drill Peck(p80*STAB,pp=20,ref=0,sc=120)
   [play-live]    [engine] STREAM COMMIT: Shock Wave - a super-effective hit slot 1 (menu_up=1 action=True moves=False)
   [play-live]    [engine] battle-progress: enemy fainted
   [play-live]    [engine] MATCHUP SWITCH: ping-pong OVERRIDE — Blastoise is the Agatha answer (live 20:03 Zapdos-Arbok)
   [play-live]    [engine] MATCHUP SWITCH: active is out-typed -> trying party slot 2
   [play-live]    [engine] switch: party didn't open via RAM nav — BLIND fallback (B out, DOWN DOWN A)
   [play-live]    [engine] switch: party screen never took focus -> B out (fail-safe)
   [play-live]    [engine] matchup switch did not confirm (fail 1/1) -> fighting instead (fail-safe, no wedge)
   [play-live]    [engine] ACE-FIRST: L50 legendary bird is NOT fodder next to L75 — offering heal
   [play-live]    [engine] ITEM-INSTINCT offer: ['use_potion', 'use_cure', 'keep_fighting'] ctx={'hp': '1/156', 'status': 'poison', 'foe': 'arbok'}
   [play-live]    [engine] ITEM-INSTINCT FORCED -> use_potion (active at 0% <= crit floor 30% — a faint loses the fight; oracle bypassed)
   [play-live]    [engine] ITEM-INSTINCT pick -> use_potion (item 22, aim=active)
   [play-live]    [engine] battle-progress: our mon fainted
   [play-live]    [engine] use_item: couldn't reach the action menu — keep fighting (LOUD)
   [play-live]    [engine] BAG-FAIL LATCH: use_potion item 22 not consumed — species only (no battle-wide potion block)
   [play-live]    [engine] HEAL-FAIL LATCH: item 22 did not consume (failed) -> suppressing further in-battle item offers for species 145 this battle (anti bag-USE/CANCEL livelock — fight/faint, let the next mon resolve it)
   [play-live]    [engine] action menu: Drill Peck - a STAB hit -> slot 3 (eff x1) vs arbok 150/150 | [0]move#86(p0*STAB,pp=20,ref=0,sc=0) [1]Shock Wave(p60*STAB,pp=12,ref=1,sc=90) [2]move#197(p0,pp=5,ref=0,sc=0) [3]Drill Peck(p80*STAB,pp=20,ref=0,sc=120)
   [play-live]    [engine] STREAM COMMIT: Drill Peck - a STAB hit slot 3 (menu_up=0 action=False moves=False)
   [play-live]    [engine] move slot 3 didn't fire (0-PP / disabled / blocked) -> rotating to an untried move (streak now [3], refusals {1: 1, 3: 1}, futility 1/4)
   [play-live]    [engine] battle-progress: move resolved
   [play-live]    [engine] E4 SEND: blastoise (matchup, not highest-level)
   [play-live]    [engine] fswitch: selecting row 1 (sp=9 L75 hp=86)
   [play-live]    [engine] battle-progress: force-switch seated
   [play-live]    [engine] move list already open at turn top — STREAM COMMIT, skipping switch/item menu theater
   [play-live]    [engine] E4 MOVE: Skull Bash - E4 wincon — firing the max-damage pick (EQ Gengar is 0x Levitate; Surf Gengar; EQ Arbok; Surf Onix)
   [play-live]    [engine] action menu: Skull Bash - E4 wincon -> slot 0 (eff x1) vs arbok 99/150 | [0]Skull Bash(p100,pp=12,ref=0,sc=50) [1]Surf(p95*STAB,pp=2,ref=1,sc=142.5) [2]Earthquake(p100,pp=0,ref=0,sc=400)
   [play-live]    [engine] STREAM COMMIT: Skull Bash - E4 wincon slot 0 (menu_up=0 action=False moves=True)
   [play-live]    [engine] MATCHUP SWITCH: Agatha Blastoise holds — fight instead
   [play-live]    [engine] JUST FIGHT: L75 vs L56 + connecting damage — skipping bag/switch hierarchy this turn
   [play-live]    [engine] E4 MOVE: Skull Bash - E4 wincon — firing the max-damage pick (EQ Gengar is 0x Levitate; Surf Gengar; EQ Arbok; Surf Onix)
   [play-live]    [engine] action menu: Skull Bash - E4 wincon -> slot 0 (eff x1) vs arbok 99/150 | [0]Skull Bash(p100,pp=12,ref=0,sc=50) [1]Surf(p95*STAB,pp=2,ref=1,sc=142.5) [2]Earthquake(p100,pp=0,ref=0,sc=400)
   [play-live]    [engine] STREAM COMMIT: Skull Bash - E4 wincon slot 0 (menu_up=1 action=True moves=False)
   [play-live]    [engine] battle-progress: move resolved
   [play-live]    [engine] battle-progress: our mon fainted
   [play-live]    [engine] E4 SEND: moltres (matchup, not highest-level)
   [play-live]    [engine] fswitch retry 3: target row 3 sp=146 skip_rows=[] party_cur=2 menu_rows=[(9, 0), (145, 0), (144, 78), (146, 135)]
   [play-live]    [engine] fswitch: selecting row 3 (sp=146 L51 hp=135)
   [play-live]    [engine] battle-progress: force-switch seated
   [play-live]    [engine] revive-check: TYPE-ANSWER revive slot 2 (no standing mon has an SE move on this foe; the fainted one does)
   [play-live]    [engine] E4/league: wincon revive offered (Blastoise+EQ / Moltres vs Jynx / Articuno vs dragon; cursor MUST land on 0-HP at use)
   [play-live]    [engine] ITEM-INSTINCT offer: ['use_revive', 'keep_fighting'] ctx={'hp': '135/153', 'status': 'none', 'foe': 'arbok'}
   [play-live]    [engine] ITEM-INSTINCT pick -> use_revive (item 24, aim=fainted)
   [play-live]    [engine] use_item: pocket byte MUTE + NO bag/white pixels + callback2 not the bag — bag never opened; keep fighting (LOUD, no blind taps fired)
   [play-live]    [engine] BAG-FAIL LATCH: pocket byte MUTE — bag never opened — species only (no battle-wide potion block)
   [play-live]    [engine] BAG-FAIL LATCH: use_revive item 24 not consumed — species only (no battle-wide potion block)
   [play-live]    [engine] REVIVE-FAIL: first miss (failed) — retry next turn (no battle-wide latch; live 18:44 cursor miss)
   [play-live]    [engine] HEAL-FAIL LATCH: item 24 did not consume (failed) -> suppressing further in-battle item offers for species 146 this battle (anti bag-USE/CANCEL livelock — fight/faint, let the next mon resolve it)
   [play-live]    [engine] action menu: move#53 - a STAB hit -> slot 2 (eff x1) vs arbok 13/150 | [0]Agility(p0,pp=30,ref=0,sc=0) [1]move#203(p0,pp=10,ref=1,sc=0) [2]move#53(p95*STAB,pp=14,ref=0,sc=142.5)
   [play-live]    [engine] STREAM COMMIT: move#53 - a STAB hit slot 2 (menu_up=0 action=False moves=False)
   [play-live]    [engine] move slot 2 didn't fire (0-PP / disabled / blocked) -> rotating to an untried move (streak now [2], refusals {1: 1, 3: 1, 2: 1}, futility 1/4)
   [play-live]    [engine] battle-progress: foe HP changed
   [play-live]    [engine] action menu: Agility -> slot 0 (eff x4) vs arbok 150/150 | [0]Agility(p0,pp=29,ref=0,sc=0) [1]move#203(p0,pp=10,ref=1,sc=0) [2]move#53(p95*STAB,pp=14,ref=1,sc=142.5)
   [play-live]    [engine] STREAM COMMIT: Agility slot 0 (menu_up=1 action=True moves=False)
   [travel] start map=(1, 77) coords=(6, 6) -> coord (6, 2) (budget 60s, surf-capable)
   [travel] ENCOUNTER -> on-time beat, warm up, hand off
   [play-live]    [engine] MATCHUP SWITCH: Agatha Blastoise holds — fight instead
   [play-live]    [engine] revive-check: TYPE-ANSWER revive slot 2 (no standing mon has an SE move on this foe; the fainted one does)
   [play-live]    [engine] E4/league: wincon revive offered (Blastoise+EQ / Moltres vs Jynx / Articuno vs dragon; cursor MUST land on 0-HP at use)
   [play-live]    [engine] ITEM-INSTINCT offer: ['use_revive', 'keep_fighting'] ctx={'hp': '74/153', 'status': 'none', 'foe': 'arbok'}
   [play-live]    [engine] ITEM-INSTINCT pick -> 'keep_fighting' (keep fighting)
   [play-live]    [engine] MATCHUP SWITCH: Agatha Blastoise holds — fight instead
   [play-live]    [engine] action menu: move#53 - a STAB hit -> slot 2 (eff x1) vs arbok 150/150 | [0]Agility(p0,pp=28,ref=0,sc=0) [1]move#203(p0,pp=10,ref=0,sc=0) [2]move#53(p95*STAB,pp=14,ref=0,sc=142.5)
   [play-live]    [engine] STREAM COMMIT: move#53 - a STAB hit slot 2 (menu_up=1 action=True moves=False)
   [play-live]    [engine] battle-progress: our mon fainted
   [play-live]    [engine] !! WRONG SLOT FIRED: chose 2 but slot 0 was consumed (cursor desync survived the force-write; wrong-fires 1) — LOUD
   [play-live]    [engine] fswitch: BUDGET 5s hit — blind-sending strongest live (anti 60–90s party theater)
   [play-live]    [engine] fswitch BLIND: row 2 articuno L51
   [play-live]    [engine] battle-progress: force-switch seated (blind)
   [play-live]    [engine] MATCHUP SWITCH: Agatha Blastoise holds — fight instead
   [play-live]    [engine] revive-check: TYPE-ANSWER revive slot 2 (no standing mon has an SE move on this foe; the fainted one does)
   [play-live]    [engine] E4/league: wincon revive offered (Blastoise+EQ / Moltres vs Jynx / Articuno vs dragon; cursor MUST land on 0-HP at use)
   [play-live]    [engine] ITEM-INSTINCT offer: ['use_revive', 'keep_fighting'] ctx={'hp': '78/157', 'status': 'none', 'foe': 'arbok'}
   [play-live]    [engine] ITEM-INSTINCT pick -> use_revive (item 24, aim=fainted)
   [play-live]    [engine] use_item walk n=0: party=False bag=True white=False cb2party=False cb2bag=True pcur=None lead=False
   [play-live]    [engine] use_item: REFUSE A on alive slot (wanted fainted row 3, cursor=0 not 0-HP; tried rows [3, 2, 1]) — B out, fight
   [play-live]    [engine] BAG-FAIL LATCH: use_revive item 24 not consumed — species only (no battle-wide potion block)
   [play-live]    [engine] REVIVE-FAIL: first miss (failed) — retry next turn (no battle-wide latch; live 18:44 cursor miss)
   [play-live]    [engine] HEAL-FAIL LATCH: item 24 did not consume (failed) -> suppressing further in-battle item offers for species 144 this battle (anti bag-USE/CANCEL livelock — fight/faint, let the next mon resolve it)
   [play-live]    [engine] MATCHUP SWITCH: Agatha Blastoise holds — fight instead
   [play-live]    [engine] action menu: Ice Beam - a STAB hit -> slot 3 (eff x1) vs arbok 150/150 | [0]move#54(p0*STAB,pp=27,ref=0,sc=0) [1]Agility(p0,pp=30,ref=0,sc=0) [2]move#170(p0,pp=5,ref=0,sc=0) [3]Ice Beam(p95*STAB,pp=10,ref=0,sc=142.5)
   [play-live]    [engine] STREAM COMMIT: Ice Beam - a STAB hit slot 3 (menu_up=1 action=True moves=False)
   [play-live]    [engine] battle-progress: move resolved
   [play-live]    [engine] MATCHUP SWITCH: Agatha Blastoise holds — fight instead
   [play-live]    [engine] MATCHUP SWITCH: Agatha Blastoise holds — fight instead
   [play-live]    [engine] action menu: Ice Beam - a STAB hit -> slot 3 (eff x1) vs arbok 94/150 | [0]move#54(p0*STAB,pp=27,ref=0,sc=0) [1]Agility(p0,pp=30,ref=0,sc=0) [2]move#170(p0,pp=5,ref=0,sc=0) [3]Ice Beam(p95*STAB,pp=9,ref=0,sc=142.5)
   [play-live]    [engine] STREAM COMMIT: Ice Beam - a STAB hit slot 3 (menu_up=1 action=True moves=False)
   [play-live]    [engine] battle-progress: our mon fainted
   [travel] battle outcome=loss; resuming pathfind
   [travel] start map=(13, 0) coords=(13, 12) -> coord (11, 15) (budget 60s, surf-capable)
   [travel] path blocked at (13, 12) (NPC on the gap?) - waiting
   [travel] no clean path from (13, 12); NPC-allowing path EXISTS (len 6), blocker NPC tile=None, npcs nearby=[(7, 14), (13, 10)] -> approaching to interact/trigger
   [travel] reached target coord (11, 15)
   [travel] start map=(13, 0) coords=(11, 16) -> coord (11, 15) (budget 60s, surf-capable)
   [travel] step 0: (11, 16)->(11, 15) map=(13, 0) (path 2 to exit)
   [travel] reached target coord (11, 15)
===== playlive_2026-08-13_19-36-32.log =====
   [travel] start map=(13, 0) coords=(11, 16) -> coord (11, 15) (budget 60s, surf-capable)
   [travel] step 0: (11, 16)->(11, 15) map=(13, 0) (path 2 to exit)
   [travel] reached target coord (11, 15)
   [play-live]    [engine] MATCHUP SWITCH: Zapdos vs Water — fight instead (Electric STAB)
   [play-live]    [engine] MATCHUP SWITCH: Zapdos vs Water — fight instead (Electric STAB)
   [play-live]    [engine] action menu: Shock Wave - a super-effective hit -> slot 1 (eff x2) vs dewgong 171/171 | [0]move#86(p0*STAB,pp=20,ref=0,sc=0) [1]Shock Wave(p60*STAB,pp=20,ref=0,sc=180) [2]move#197(p0,pp=5,ref=0,sc=0) [3]Drill Peck(p80*STAB,pp=20,ref=0,sc=120)
   [play-live]    [engine] STREAM COMMIT: Shock Wave - a super-effective hit slot 1 (menu_up=1 action=True moves=False)
   [play-live]    [engine] battle-progress: move resolved
   [play-live]    [engine] MATCHUP SWITCH: Zapdos vs Water — fight instead (Electric STAB)
   [play-live]    [engine] MATCHUP SWITCH: Zapdos vs Water — fight instead (Electric STAB)
   [play-live]    [engine] action menu: Shock Wave - a super-effective hit -> slot 1 (eff x2) vs dewgong 69/171 | [0]move#86(p0*STAB,pp=20,ref=0,sc=0) [1]Shock Wave(p60*STAB,pp=19,ref=0,sc=180) [2]move#197(p0,pp=5,ref=0,sc=0) [3]Drill Peck(p80*STAB,pp=20,ref=0,sc=120)
   [play-live]    [engine] STREAM COMMIT: Shock Wave - a super-effective hit slot 1 (menu_up=1 action=True moves=False)
   [play-live]    [engine] battle-progress: move resolved
   [play-live]    [engine] battle-progress: enemy fainted
   [play-live]    [engine] party screen in drain: voluntary (shift prompt) -> single B out
   [play-live]    [engine] MATCHUP SWITCH: Zapdos vs Water — fight instead (Electric STAB)
   [play-live]    [engine] MATCHUP SWITCH: Zapdos vs Water — fight instead (Electric STAB)
   [play-live]    [engine] action menu: Shock Wave - a super-effective hit -> slot 1 (eff x2) vs slowbro 176/176 | [0]move#86(p0*STAB,pp=20,ref=0,sc=0) [1]Shock Wave(p60*STAB,pp=18,ref=0,sc=180) [2]move#197(p0,pp=5,ref=0,sc=0) [3]Drill Peck(p80*STAB,pp=20,ref=0,sc=120)
   [play-live]    [engine] STREAM COMMIT: Shock Wave - a super-effective hit slot 1 (menu_up=1 action=True moves=False)
   [play-live]    [engine] battle-progress: move resolved
   [play-live]    [engine] MATCHUP SWITCH: Zapdos vs Water — fight instead (Electric STAB)
   [play-live]    [engine] MATCHUP SWITCH: Zapdos vs Water — fight instead (Electric STAB)
   [play-live]    [engine] action menu: Shock Wave - a super-effective hit -> slot 1 (eff x2) vs slowbro 68/176 | [0]move#86(p0*STAB,pp=20,ref=0,sc=0) [1]Shock Wave(p60*STAB,pp=17,ref=0,sc=180) [2]move#197(p0,pp=5,ref=0,sc=0) [3]Drill Peck(p80*STAB,pp=20,ref=0,sc=120)
   [play-live]    [engine] STREAM COMMIT: Shock Wave - a super-effective hit slot 1 (menu_up=1 action=True moves=False)
   [play-live]    [engine] battle-progress: move resolved
   [play-live]    [engine] MATCHUP SWITCH: Zapdos vs Water — fight instead (Electric STAB)
   [play-live]    [engine] MATCHUP SWITCH: Zapdos vs Water — fight instead (Electric STAB)
   [play-live]    [engine] action menu: Shock Wave - a super-effective hit -> slot 1 (eff x2) vs slowbro 8/176 | [0]move#86(p0*STAB,pp=20,ref=0,sc=0) [1]Shock Wave(p60*STAB,pp=16,ref=0,sc=180) [2]move#197(p0,pp=5,ref=0,sc=0) [3]Drill Peck(p80*STAB,pp=20,ref=0,sc=120)
   [play-live]    [engine] STREAM COMMIT: Shock Wave - a super-effective hit slot 1 (menu_up=1 action=True moves=False)
   [play-live]    [engine] battle-progress: foe HP changed
   [play-live]    [engine] battle-progress: enemy fainted
   [play-live]    [engine] party screen in drain: voluntary (shift prompt) -> single B out
   [play-live]    [engine] MATCHUP SWITCH: Zapdos vs Water — fight instead (Electric STAB)
   [play-live]    [engine] ACE-FIRST: L50 legendary bird is NOT fodder next to L75 — offering heal
   [play-live]    [engine] ITEM-INSTINCT offer: ['use_potion', 'keep_fighting'] ctx={'hp': '66/156', 'status': 'none', 'foe': 'lapras'}
   [play-live]    [engine] ITEM-INSTINCT pick -> use_potion (item 22, aim=active)
   [play-live]    [engine] use_item: pocket byte MUTE + NO bag/white pixels + callback2 not the bag — bag never opened; keep fighting (LOUD, no blind taps fired)
   [play-live]    [engine] BAG-FAIL LATCH: pocket byte MUTE — bag never opened — species only (no battle-wide potion block)
   [play-live]    [engine] BAG-FAIL LATCH: use_potion item 22 not consumed — species only (no battle-wide potion block)
   [play-live]    [engine] HEAL-FAIL LATCH: item 22 did not consume (failed) -> suppressing further in-battle item offers for species 145 this battle (anti bag-USE/CANCEL livelock — fight/faint, let the next mon resolve it)
   [play-live]    [engine] MATCHUP SWITCH: Zapdos vs Water — fight instead (Electric STAB)
   [play-live]    [engine] action menu: Shock Wave - a super-effective hit -> slot 1 (eff x2) vs lapras 220/220 | [0]move#86(p0*STAB,pp=20,ref=0,sc=0) [1]Shock Wave(p60*STAB,pp=15,ref=0,sc=180) [2]move#197(p0,pp=5,ref=0,sc=0) [3]Drill Peck(p80*STAB,pp=20,ref=0,sc=120)
   [play-live]    [engine] STREAM COMMIT: Shock Wave - a super-effective hit slot 1 (menu_up=0 action=False moves=False)
   [play-live]    [engine] battle-progress: move resolved
   [play-live]    [engine] battle-progress: our mon fainted
   [play-live]    [engine] E4 SEND: blastoise (matchup, not highest-level)
   [play-live]    [engine] fswitch retry 1: target row 2 sp=9 skip_rows=[] party_cur=2 menu_rows=[(145, 0), (144, 157), (9, 229), (146, 150)]
   [play-live]    [engine] fswitch: selecting row 2 (sp=9 L75 hp=229)
   [play-live]    [engine] battle-progress: force-switch seated
   [play-live]    [engine] MATCHUP SWITCH: Lorelei answer holds — fight instead
   [play-live]    [engine] MATCHUP SWITCH: Lorelei answer holds — fight instead
   [play-live]    [engine] JUST FIGHT: L75 vs L54 + connecting damage — skipping bag/switch hierarchy this turn
   [play-live]    [engine] E4 MOVE: Earthquake is the Water-smash — firing it (never Surf a Water-type with Blastoise)
   [play-live]    [engine] action menu: Earthquake - E4 wincon (Surf banned vs Water) -> slot 2 (eff x1) vs lapras 137/220 | [0]Skull Bash(p100,pp=15,ref=0,sc=50) [1]Surf(p95*STAB,pp=15,ref=0,sc=71.25) [2]Earthquake(p100,pp=10,ref=0,sc=100)
   [play-live]    [engine] STREAM COMMIT: Earthquake - E4 wincon (Surf banned vs Water) slot 2 (menu_up=1 action=True moves=False)
   [play-live]    [engine] battle-progress: move resolved
   [play-live]    [engine] MATCHUP SWITCH: Lorelei answer holds — fight instead
   [play-live]    [engine] MATCHUP SWITCH: Lorelei answer holds — fight instead
   [play-live]    [engine] JUST FIGHT: L75 vs L54 + connecting damage — skipping bag/switch hierarchy this turn
   [play-live]    [engine] E4 MOVE: Earthquake is the Water-smash — firing it (never Surf a Water-type with Blastoise)
   [play-live]    [engine] action menu: Earthquake - E4 wincon (Surf banned vs Water) -> slot 2 (eff x1) vs lapras 87/220 | [0]Skull Bash(p100,pp=15,ref=0,sc=50) [1]Surf(p95*STAB,pp=15,ref=0,sc=71.25) [2]Earthquake(p100,pp=9,ref=0,sc=100)
   [play-live]    [engine] STREAM COMMIT: Earthquake - E4 wincon (Surf banned vs Water) slot 2 (menu_up=1 action=True moves=False)
   [play-live]    [engine] battle-progress: move resolved
   [play-live]    [engine] MATCHUP SWITCH: Lorelei answer holds — fight instead
   [play-live]    [engine] MATCHUP SWITCH: Lorelei answer holds — fight instead
   [play-live]    [engine] JUST FIGHT: L75 vs L54 + connecting damage — skipping bag/switch hierarchy this turn
   [play-live]    [engine] E4 MOVE: Earthquake is the Water-smash — firing it (never Surf a Water-type with Blastoise)
   [play-live]    [engine] action menu: Earthquake - E4 wincon (Surf banned vs Water) -> slot 2 (eff x1) vs lapras 7/220 | [0]Skull Bash(p100,pp=15,ref=0,sc=50) [1]Surf(p95*STAB,pp=15,ref=0,sc=71.25) [2]Earthquake(p100,pp=8,ref=0,sc=100)
   [play-live]    [engine] STREAM COMMIT: Earthquake - E4 wincon (Surf banned vs Water) slot 2 (menu_up=1 action=True moves=False)
   [play-live]    [engine] battle-progress: move resolved
   [play-live]    [engine] battle-progress: enemy fainted
   [play-live]    [engine] party screen in drain: voluntary (shift prompt) -> single B out
   [play-live]    [engine] MATCHUP SWITCH: Lorelei answer holds — fight instead
   [play-live]    [engine] MATCHUP SWITCH: Lorelei answer holds — fight instead
   [play-live]    [engine] JUST FIGHT: L75 vs L51 + connecting damage — skipping bag/switch hierarchy this turn
   [play-live]    [engine] E4 MOVE: Earthquake is the Water-smash — firing it (never Surf a Water-type with Blastoise)
   [play-live]    [engine] action menu: Earthquake - E4 wincon (Surf banned vs Water) -> slot 2 (eff x1) vs cloyster 127/127 | [0]Skull Bash(p100,pp=15,ref=0,sc=50) [1]Surf(p95*STAB,pp=15,ref=0,sc=71.25) [2]Earthquake(p100,pp=7,ref=0,sc=100)
   [play-live]    [engine] STREAM COMMIT: Earthquake - E4 wincon (Surf banned vs Water) slot 2 (menu_up=1 action=True moves=False)
   [play-live]    [engine] battle-progress: move resolved
   [play-live]    [engine] MATCHUP SWITCH: Lorelei answer holds — fight instead
   [play-live]    [engine] MATCHUP SWITCH: Lorelei answer holds — fight instead
   [play-live]    [engine] JUST FIGHT: L75 vs L51 + connecting damage — skipping bag/switch hierarchy this turn
   [play-live]    [engine] E4 MOVE: Earthquake is the Water-smash — firing it (never Surf a Water-type with Blastoise)
   [play-live]    [engine] action menu: Earthquake - E4 wincon (Surf banned vs Water) -> slot 2 (eff x1) vs cloyster 76/127 | [0]Skull Bash(p100,pp=15,ref=0,sc=50) [1]Surf(p95*STAB,pp=15,ref=0,sc=71.25) [2]Earthquake(p100,pp=6,ref=0,sc=100)
   [play-live]    [engine] STREAM COMMIT: Earthquake - E4 wincon (Surf banned vs Water) slot 2 (menu_up=1 action=True moves=False)
   [play-live]    [engine] battle-progress: move resolved
   [play-live]    [engine] MATCHUP SWITCH: Lorelei answer holds — fight instead
   [play-live]    [engine] MATCHUP SWITCH: Lorelei answer holds — fight instead
   [play-live]    [engine] JUST FIGHT: L75 vs L51 + connecting damage — skipping bag/switch hierarchy this turn
   [play-live]    [engine] E4 MOVE: Earthquake is the Water-smash — firing it (never Surf a Water-type with Blastoise)
   [play-live]    [engine] action menu: Earthquake - E4 wincon (Surf banned vs Water) -> slot 2 (eff x1) vs cloyster 28/127 | [0]Skull Bash(p100,pp=15,ref=0,sc=50) [1]Surf(p95*STAB,pp=15,ref=0,sc=71.25) [2]Earthquake(p100,pp=5,ref=0,sc=100)
   [play-live]    [engine] STREAM COMMIT: Earthquake - E4 wincon (Surf banned vs Water) slot 2 (menu_up=1 action=True moves=False)
   [play-live]    [engine] battle-progress: foe HP changed
   [play-live]    [engine] MATCHUP SWITCH: Lorelei answer holds — fight instead
   [play-live]    [engine] MATCHUP SWITCH: Lorelei answer holds — fight instead
   [play-live]    [engine] JUST FIGHT: L75 vs L51 + connecting damage — skipping bag/switch hierarchy this turn
   [play-live]    [engine] E4 MOVE: Earthquake is the Water-smash — firing it (never Surf a Water-type with Blastoise)
   [play-live]    [engine] action menu: Earthquake - E4 wincon (Surf banned vs Water) -> slot 2 (eff x1) vs cloyster 78/127 | [0]Skull Bash(p100,pp=15,ref=0,sc=50) [1]Surf(p95*STAB,pp=15,ref=0,sc=71.25) [2]Earthquake(p100,pp=4,ref=0,sc=100)
   [play-live]    [engine] STREAM COMMIT: Earthquake - E4 wincon (Surf banned vs Water) slot 2 (menu_up=1 action=True moves=False)
   [play-live]    [engine] battle-progress: move resolved
   [play-live]    [engine] WHIFF: foe HP unchanged at 78 across the full turn -> accuracy-debuff spiral (streak 1/3)
   [play-live]    [engine] MATCHUP SWITCH: Lorelei answer holds — fight instead
   [play-live]    [engine] MATCHUP SWITCH: Lorelei answer holds — fight instead
   [play-live]    [engine] JUST FIGHT: L75 vs L51 + connecting damage — skipping bag/switch hierarchy this turn
   [play-live]    [engine] E4 MOVE: Earthquake is the Water-smash — firing it (never Surf a Water-type with Blastoise)
   [play-live]    [engine] action menu: Earthquake - E4 wincon (Surf banned vs Water) -> slot 2 (eff x1) vs cloyster 78/127 | [0]Skull Bash(p100,pp=15,ref=0,sc=50) [1]Surf(p95*STAB,pp=15,ref=0,sc=71.25) [2]Earthquake(p100,pp=3,ref=0,sc=100)
   [play-live]    [engine] STREAM COMMIT: Earthquake - E4 wincon (Surf banned vs Water) slot 2 (menu_up=1 action=True moves=False)
   [play-live]    [engine] battle-progress: move resolved
   [play-live]    [engine] WHIFF: foe HP unchanged at 78 across the full turn -> accuracy-debuff spiral (streak 2/3)
   [play-live]    [engine] MATCHUP SWITCH: Lorelei answer holds — fight instead
   [play-live]    [engine] MATCHUP SWITCH: Lorelei answer holds — fight instead
   [play-live]    [engine] JUST FIGHT: L75 vs L51 + connecting damage — skipping bag/switch hierarchy this turn
   [play-live]    [engine] E4 MOVE: Earthquake is the Water-smash — firing it (never Surf a Water-type with Blastoise)
   [play-live]    [engine] action menu: Earthquake - E4 wincon (Surf banned vs Water) -> slot 2 (eff x1) vs cloyster 78/127 | [0]Skull Bash(p100,pp=15,ref=0,sc=50) [1]Surf(p95*STAB,pp=15,ref=0,sc=71.25) [2]Earthquake(p100,pp=2,ref=0,sc=100)
   [play-live]    [engine] STREAM COMMIT: Earthquake - E4 wincon (Surf banned vs Water) slot 2 (menu_up=1 action=True moves=False)
   [play-live]    [engine] battle-progress: move resolved
   [play-live]    [engine] MATCHUP SWITCH: Lorelei answer holds — fight instead
   [play-live]    [engine] MATCHUP SWITCH: Lorelei answer holds — fight instead
   [play-live]    [engine] JUST FIGHT: L75 vs L51 + connecting damage — skipping bag/switch hierarchy this turn
   [play-live]    [engine] E4 MOVE: Earthquake is the Water-smash — firing it (never Surf a Water-type with Blastoise)
   [play-live]    [engine] action menu: Earthquake - E4 wincon (Surf banned vs Water) -> slot 2 (eff x1) vs cloyster 33/127 | [0]Skull Bash(p100,pp=15,ref=0,sc=50) [1]Surf(p95*STAB,pp=15,ref=0,sc=71.25) [2]Earthquake(p100,pp=1,ref=0,sc=100)
   [play-live]    [engine] STREAM COMMIT: Earthquake - E4 wincon (Surf banned vs Water) slot 2 (menu_up=1 action=True moves=False)
   [play-live]    [engine] battle-progress: move resolved
   [play-live]    [engine] battle-progress: enemy fainted
   [play-live]    [engine] re-entry: foe is already DOWN — draining the faint/switch chain
   [play-live]    [engine] party screen in drain: voluntary (shift prompt) -> single B out
   [play-live]    [engine] MATCHUP SWITCH: Lorelei answer holds — fight instead
   [play-live]    [engine] MATCHUP SWITCH: Lorelei answer holds — fight instead
   [play-live]    [engine] JUST FIGHT: L75 vs L54 + connecting damage — skipping bag/switch hierarchy this turn
   [play-live]    [engine] action menu: Surf - a STAB hit -> slot 1 (eff x1) vs jynx 150/150 | [0]Skull Bash(p100,pp=15,ref=0,sc=50) [1]Surf(p95*STAB,pp=15,ref=0,sc=142.5) [2]Earthquake(p100,pp=0,ref=0,sc=100)
   [play-live]    [engine] STREAM COMMIT: Surf - a STAB hit slot 1 (menu_up=1 action=True moves=False)
   [play-live]    [engine] battle-progress: move resolved
   [play-live]    [engine] MATCHUP SWITCH: active is out-typed -> trying party slot 3
   [play-live]    [engine] switch: target party slot 3 sp=146 -> menu row 3
   [play-live]    [engine] switch: SWITCHED to species 146 (slot 3)
   [play-live]    [engine] E4 PREPLAN SWITCH: matchup decided before items (think once, then act — no continue-spam)
   [play-live]    [engine] move list already open at turn top — STREAM COMMIT, skipping switch/item menu theater
   [play-live]    [engine] action menu: move#53 - a super-effective hit -> slot 2 (eff x2) vs jynx 49/150 | [0]Agility(p0,pp=30,ref=0,sc=0) [1]move#203(p0,pp=10,ref=0,sc=0) [2]move#53(p95*STAB,pp=15,ref=0,sc=285)
   [play-live]    [engine] STREAM COMMIT: move#53 - a super-effective hit slot 2 (menu_up=0 action=False moves=True)
   [play-live]    [engine] move slot 2 didn't fire (0-PP / disabled / blocked) -> rotating to an untried move (streak now [2], refusals {2: 1}, futility 1/4)
   [play-live]    [engine] !! PARTY THRASH #1: open but active ALIVE — B-closing (never A)
   [play-live]    [engine] !! MENU WEDGE 63s with NO progress — escaping the scroll theater (fire 1/8, menu_up=1 action=True moves=False bag=False party=False)
   [play-live]    [engine] battle-progress: enemy fainted
   [play-live]    [engine] action menu: Ice Beam - a super-effective hit -> slot 3 (eff x2) vs onix 112/112 | [0]move#54(p0*STAB,pp=30,ref=0,sc=0) [1]Agility(p0,pp=30,ref=0,sc=0) [2]move#170(p0,pp=5,ref=0,sc=0) [3]Ice Beam(p95*STAB,pp=10,ref=0,sc=285)
   [play-live]    [engine] STREAM COMMIT: Ice Beam - a super-effective hit slot 3 (menu_up=1 action=True moves=False)
   [play-live]    [engine] move slot 3 didn't fire (0-PP / disabled / blocked) -> rotating to an untried move (streak now [3], refusals {3: 1}, futility 1/4)
   [play-live]    [engine] action menu: move#54 -> slot 0 (eff x2) vs onix 112/112 | [0]move#54(p0*STAB,pp=29,ref=0,sc=0) [1]Agility(p0,pp=30,ref=0,sc=0) [2]move#170(p0,pp=5,ref=0,sc=0) [3]Ice Beam(p95*STAB,pp=10,ref=1,sc=285)
   [play-live]    [engine] STREAM COMMIT: move#54 slot 0 (menu_up=1 action=True moves=False)
   [play-live]    [engine] SE-CHUNK observed: this foe class hits us super-effectively and HARD -> sleep-lock armed even at neutral damage
   [play-live]    [engine] action menu: Ice Beam - a super-effective hit -> slot 3 (eff x2) vs onix 112/112 | [0]move#54(p0*STAB,pp=28,ref=0,sc=0) [1]Agility(p0,pp=30,ref=0,sc=0) [2]move#170(p0,pp=5,ref=0,sc=0) [3]Ice Beam(p95*STAB,pp=10,ref=1,sc=285)
   [play-live]    [engine] STREAM COMMIT: Ice Beam - a super-effective hit slot 3 (menu_up=1 action=True moves=False)
   [play-live]    [engine] battle-progress: our mon fainted
   [play-live]    [engine] !! WRONG SLOT FIRED: chose 3 but slot 0 was consumed (cursor desync survived the force-write; wrong-fires 1) — LOUD
   [play-live]    [engine] fswitch: BUDGET 5s hit — blind-sending strongest live (anti 60–90s party theater)
   [play-live]    [engine] fswitch retry 2: target row 2 sp=9 skip_rows=[] party_cur=1 menu_rows=[(144, 0), (145, 156), (9, 209), (146, 135)]
   [play-live]    [engine] fswitch: selecting row 2 (sp=9 L75 hp=209)
   [play-live]    [engine] battle-progress: force-switch seated
   [play-live]    [engine] move list already open at turn top — STREAM COMMIT, skipping switch/item menu theater
   [play-live]    [engine] action menu: Surf - a super-effective hit -> slot 1 (eff x4) vs onix 112/112 | [0]Skull Bash(p100,pp=15,ref=0,sc=25) [1]Surf(p95*STAB,pp=14,ref=0,sc=570) [2]Earthquake(p100,pp=0,ref=0,sc=200)
   [play-live]    [engine] STREAM COMMIT: Surf - a super-effective hit slot 1 (menu_up=0 action=False moves=True)
   [play-live]    [engine] STREAM COMMIT: RAM cursor disagrees after blind walk (reads 0, want 1) — RAM-correcting
   [play-live]    [engine] move slot 1 didn't fire (0-PP / disabled / blocked) -> rotating to an untried move (streak now [1], refusals {3: 1, 1: 1}, futility 1/4)
   [play-live]    [engine] JUST FIGHT: L75 vs L51 + connecting damage — skipping bag/switch hierarchy this turn
   [play-live]    [engine] action menu: Skull Bash -> slot 0 (eff x0.5) vs onix 112/112 | [0]Skull Bash(p100,pp=15,ref=0,sc=25) [1]Surf(p95*STAB,pp=14,ref=1,sc=570) [2]Earthquake(p100,pp=0,ref=0,sc=200)
   [play-live]    [engine] STREAM COMMIT: Skull Bash slot 0 (menu_up=1 action=True moves=False)
   [play-live]    [engine] battle-progress: move resolved
   [play-live]    [engine] JUST FIGHT: L75 vs L51 + connecting damage — skipping bag/switch hierarchy this turn
   [play-live]    [engine] action menu: Surf - a super-effective hit -> slot 1 (eff x4) vs onix 85/112 | [0]Skull Bash(p100,pp=14,ref=0,sc=25) [1]Surf(p95*STAB,pp=14,ref=1,sc=570) [2]Earthquake(p100,pp=0,ref=0,sc=200)
   [play-live]    [engine] STREAM COMMIT: Surf - a super-effective hit slot 1 (menu_up=1 action=True moves=False)
   [play-live]    [engine] battle-progress: move resolved
   [play-live]    [engine] battle-progress: enemy fainted
   [play-live]    [engine] MATCHUP SWITCH: active is out-typed -> trying party slot 1
   [play-live]    [engine] switch: party didn't open via RAM nav — BLIND fallback (B out, DOWN DOWN A)
   [play-live]    [engine] switch: party screen never took focus -> B out (fail-safe)
   [play-live]    [engine] matchup switch did not confirm (fail 1/1) -> fighting instead (fail-safe, no wedge)
   [play-live]    [engine] revive-check: NO offer (revive_item=24, worthy=None, party sp/hp/lv=[(144, 0, 51), (145, 156, 50), (9, 159, 75), (146, 135, 51), (0, 0, 0), (0, 0, 0)])
   [play-live]    [engine] action menu: Surf - a STAB hit -> slot 1 (eff x1) vs hitmonchan 131/131 | [0]Skull Bash(p100,pp=14,ref=0,sc=50) [1]Surf(p95*STAB,pp=13,ref=1,sc=142.5) [2]Earthquake(p100,pp=0,ref=0,sc=100)
   [play-live]    [engine] STREAM COMMIT: Surf - a STAB hit slot 1 (menu_up=0 action=False moves=False)
   [play-live]    [engine] battle-progress: move resolved
   [play-live]    [engine] revive-check: NO offer (revive_item=24, worthy=None, party sp/hp/lv=[(144, 0, 51), (145, 156, 50), (9, 149, 75), (146, 135, 51), (0, 0, 0), (0, 0, 0)])
   [play-live]    [engine] action menu: Surf - a STAB hit -> slot 1 (eff x1) vs hitmonchan 35/131 | [0]Skull Bash(p100,pp=14,ref=0,sc=50) [1]Surf(p95*STAB,pp=12,ref=1,sc=142.5) [2]Earthquake(p100,pp=0,ref=0,sc=100)
   [play-live]    [engine] STREAM COMMIT: Surf - a STAB hit slot 1 (menu_up=1 action=True moves=False)
   [play-live]    [engine] battle-progress: move resolved
   [play-live]    [engine] battle-progress: enemy fainted
   [play-live]    [engine] party screen in drain: voluntary (shift prompt) -> single B out
   [play-live]    [engine] revive-check: NO offer (revive_item=24, worthy=None, party sp/hp/lv=[(144, 0, 51), (145, 156, 50), (9, 149, 75), (146, 135, 51), (0, 0, 0), (0, 0, 0)])
   [play-live]    [engine] action menu: Surf - a STAB hit -> slot 1 (eff x1) vs hitmonlee 131/131 | [0]Skull Bash(p100,pp=14,ref=0,sc=50) [1]Surf(p95*STAB,pp=11,ref=1,sc=142.5) [2]Earthquake(p100,pp=0,ref=0,sc=100)
   [play-live]    [engine] STREAM COMMIT: Surf - a STAB hit slot 1 (menu_up=1 action=True moves=False)
   [play-live]    [engine] battle-progress: move resolved
   [play-live]    [engine] revive-check: NO offer (revive_item=24, worthy=None, party sp/hp/lv=[(144, 0, 51), (145, 156, 50), (9, 128, 75), (146, 135, 51), (0, 0, 0), (0, 0, 0)])
   [play-live]    [engine] action menu: Surf - a STAB hit -> slot 1 (eff x1) vs hitmonlee 29/131 | [0]Skull Bash(p100,pp=14,ref=0,sc=50) [1]Surf(p95*STAB,pp=10,ref=1,sc=142.5) [2]Earthquake(p100,pp=0,ref=0,sc=100)
   [play-live]    [engine] STREAM COMMIT: Surf - a STAB hit slot 1 (menu_up=1 action=True moves=False)
   [play-live]    [engine] battle-progress: foe HP changed
   [play-live]    [engine] revive-check: NO offer (revive_item=24, worthy=None, party sp/hp/lv=[(144, 0, 51), (145, 156, 50), (9, 128, 75), (146, 135, 51), (0, 0, 0), (0, 0, 0)])
   [play-live]    [engine] action menu: Surf - a STAB hit -> slot 1 (eff x1) vs hitmonlee 32/131 | [0]Skull Bash(p100,pp=14,ref=0,sc=50) [1]Surf(p95*STAB,pp=9,ref=1,sc=142.5) [2]Earthquake(p100,pp=0,ref=0,sc=100)
   [play-live]    [engine] STREAM COMMIT: Surf - a STAB hit slot 1 (menu_up=1 action=True moves=False)
   [play-live]    [engine] battle-progress: move resolved
   [play-live]    [engine] battle-progress: enemy fainted
   [play-live]    [engine] party screen in drain: voluntary (shift prompt) -> single B out
   [play-live]    [engine] revive-check: NO offer (revive_item=24, worthy=None, party sp/hp/lv=[(144, 0, 51), (145, 156, 50), (9, 128, 75), (146, 135, 51), (0, 0, 0), (0, 0, 0)])
   [play-live]    [engine] action menu: Surf - a STAB hit -> slot 1 (eff x1) vs machamp 183/183 | [0]Skull Bash(p100,pp=14,ref=0,sc=50) [1]Surf(p95*STAB,pp=8,ref=1,sc=142.5) [2]Earthquake(p100,pp=0,ref=0,sc=100)
   [play-live]    [engine] STREAM COMMIT: Surf - a STAB hit slot 1 (menu_up=1 action=True moves=False)
   [play-live]    [engine] battle-progress: move resolved
   [play-live]    [engine] revive-check: NO offer (revive_item=24, worthy=None, party sp/hp/lv=[(144, 0, 51), (145, 156, 50), (9, 128, 75), (146, 135, 51), (0, 0, 0), (0, 0, 0)])
   [play-live]    [engine] action menu: Surf - a STAB hit -> slot 1 (eff x1) vs machamp 106/183 | [0]Skull Bash(p100,pp=14,ref=0,sc=50) [1]Surf(p95*STAB,pp=7,ref=1,sc=142.5) [2]Earthquake(p100,pp=0,ref=0,sc=100)
   [play-live]    [engine] STREAM COMMIT: Surf - a STAB hit slot 1 (menu_up=1 action=True moves=False)
   [play-live]    [engine] battle-progress: move resolved
   [play-live]    [engine] battle-progress: enemy fainted
   [play-live]    [engine] JUST FIGHT: L75 vs L54 + connecting damage — skipping bag/switch hierarchy this turn
   [play-live]    [engine] action menu: Surf - a super-effective hit -> slot 1 (eff x4) vs onix 118/118 | [0]Skull Bash(p100,pp=14,ref=0,sc=25) [1]Surf(p95*STAB,pp=6,ref=1,sc=570) [2]Earthquake(p100,pp=0,ref=0,sc=200)
   [play-live]    [engine] STREAM COMMIT: Surf - a super-effective hit slot 1 (menu_up=1 action=True moves=False)
   [play-live]    [engine] battle-progress: move resolved
   [play-live]    [engine] battle-progress: enemy fainted
   [play-live]    [engine] !! post-faint drain: 40 advances, zero progress -> switching to B-first decline pairs (wedge frame saved)
   [play-live]    [engine] MATCHUP SWITCH: Agatha Blastoise holds — fight instead
   [play-live]    [engine] MATCHUP SWITCH: Agatha Blastoise holds — fight instead
   [play-live]    [engine] JUST FIGHT: L75 vs L54 + connecting damage — skipping bag/switch hierarchy this turn
   [play-live]    [engine] E4 MOVE: banned matchup for blastoise — picked Surf - a STAB hit (never Ice Beam Lapras / never Surf Water)
   [play-live]    [engine] action menu: Surf - a STAB hit -> slot 1 (eff x1) vs gengar 145/145 | [0]Skull Bash(p100,pp=14,ref=0,sc=0) [1]Surf(p95*STAB,pp=5,ref=0,sc=142.5) [2]Earthquake(p100,pp=0,ref=0,sc=200)
   [play-live]    [engine] STREAM COMMIT: Surf - a STAB hit slot 1 (menu_up=1 action=True moves=False)
   [play-live]    [engine] battle-progress: move resolved
   [play-live]    [engine] MATCHUP SWITCH: Agatha Blastoise holds — fight instead
   [play-live]    [engine] MATCHUP SWITCH: Agatha Blastoise holds — fight instead
   [play-live]    [engine] JUST FIGHT: L75 vs L54 + connecting damage — skipping bag/switch hierarchy this turn
   [play-live]    [engine] E4 MOVE: banned matchup for blastoise — picked Surf - a STAB hit (never Ice Beam Lapras / never Surf Water)
   [play-live]    [engine] action menu: Surf - a STAB hit -> slot 1 (eff x1) vs gengar 13/145 | [0]Skull Bash(p100,pp=14,ref=0,sc=0) [1]Surf(p95*STAB,pp=4,ref=0,sc=142.5) [2]Earthquake(p100,pp=0,ref=0,sc=200)
   [play-live]    [engine] STREAM COMMIT: Surf - a STAB hit slot 1 (menu_up=1 action=True moves=False)
   [play-live]    [engine] battle-progress: foe HP changed
   [play-live]    [engine] MATCHUP SWITCH: Agatha Blastoise holds — fight instead
   [play-live]    [engine] MATCHUP SWITCH: Agatha Blastoise holds — fight instead
   [play-live]    [engine] JUST FIGHT: L75 vs L54 + connecting damage — skipping bag/switch hierarchy this turn
   [play-live]    [engine] E4 MOVE: banned matchup for blastoise — picked Surf - a STAB hit (never Ice Beam Lapras / never Surf Water)
   [play-live]    [engine] action menu: Surf - a STAB hit -> slot 1 (eff x1) vs gengar 19/145 | [0]Skull Bash(p100,pp=14,ref=0,sc=0) [1]Surf(p95*STAB,pp=3,ref=0,sc=142.5) [2]Earthquake(p100,pp=0,ref=0,sc=200)
   [play-live]    [engine] STREAM COMMIT: Surf - a STAB hit slot 1 (menu_up=1 action=True moves=False)
   [play-live]    [engine] battle-progress: move resolved
   [play-live]    [engine] battle-progress: enemy fainted
   [play-live]    [engine] party screen in drain: voluntary (shift prompt) -> single B out
   [play-live]    [engine] MATCHUP SWITCH: active is out-typed -> trying party slot 2
   [play-live]    [engine] switch: target party slot 2 sp=144 -> menu row 2
   [play-live]    [engine] switch: SWITCHED to species 144 (slot 2)
   [play-live]    [engine] E4 PREPLAN SWITCH: matchup decided before items (think once, then act — no continue-spam)
   [play-live]    [engine] action menu: Ice Beam - a super-effective hit -> slot 3 (eff x2) vs golbat 161/161 | [0]move#54(p0*STAB,pp=27,ref=0,sc=0) [1]Agility(p0,pp=30,ref=0,sc=0) [2]move#170(p0,pp=5,ref=0,sc=0) [3]Ice Beam(p95*STAB,pp=10,ref=0,sc=285)
   [play-live]    [engine] STREAM COMMIT: Ice Beam - a super-effective hit slot 3 (menu_up=1 action=True moves=False)
   [play-live]    [engine] battle-progress: our mon fainted
   [play-live]    [engine] fswitch: BUDGET 5s hit — blind-sending strongest live (anti 60–90s party theater)
   [play-live]    [engine] E4 SEND: blastoise (matchup, not highest-level)
   [play-live]    [engine] fswitch: selecting row 2 (sp=9 L75 hp=178)
   [play-live]    [engine] battle-progress: force-switch seated
   [play-live]    [engine] MATCHUP SWITCH: active is out-typed -> trying party slot 1
   [play-live]    [engine] switch: target party slot 1 sp=145 -> menu row 1
   [play-live]    [engine] switch: SWITCHED to species 145 (slot 1)
   [play-live]    [engine] E4 PREPLAN SWITCH: matchup decided before items (think once, then act — no continue-spam)
   [play-live]    [engine] revive-check: NO offer (revive_item=24, worthy=None, party sp/hp/lv=[(9, 178, 75), (145, 156, 50), (144, 0, 51), (146, 135, 51), (0, 0, 0), (0, 0, 0)])
   [play-live]    [engine] action menu: Shock Wave - a super-effective hit -> slot 1 (eff x2) vs golbat 161/161 | [0]move#86(p0*STAB,pp=20,ref=0,sc=0) [1]Shock Wave(p60*STAB,pp=14,ref=0,sc=180) [2]move#197(p0,pp=5,ref=0,sc=0) [3]Drill Peck(p80*STAB,pp=20,ref=0,sc=120)
   [play-live]    [engine] STREAM COMMIT: Shock Wave - a super-effective hit slot 1 (menu_up=1 action=True moves=False)
   [play-live]    [engine] revive-check: NO offer (revive_item=24, worthy=None, party sp/hp/lv=[(9, 178, 75), (145, 118, 50), (144, 0, 51), (146, 135, 51), (0, 0, 0), (0, 0, 0)])
   [play-live]    [engine] action menu: Shock Wave - a super-effective hit -> slot 1 (eff x2) vs golbat 44/161 | [0]move#86(p0*STAB,pp=20,ref=0,sc=0) [1]Shock Wave(p60*STAB,pp=13,ref=0,sc=180) [2]move#197(p0,pp=5,ref=0,sc=0) [3]Drill Peck(p80*STAB,pp=20,ref=0,sc=120)
   [play-live]    [engine] STREAM COMMIT: Shock Wave - a super-effective hit slot 1 (menu_up=1 action=True moves=False)
   [play-live]    [engine] !! MENU WEDGE 60s with NO progress — escaping the scroll theater (fire 1/8, menu_up=0 action=False moves=False bag=False party=False)
   [play-live]    [engine] battle-progress: enemy fainted
   [play-live]    [engine] party screen in drain: voluntary (shift prompt) -> single B out
   [play-live]    [engine] MATCHUP SWITCH: ping-pong blocked 145<->9 — fight instead
   [play-live]    [engine] revive-check: NO offer (revive_item=24, worthy=None, party sp/hp/lv=[(9, 180, 76), (145, 85, 50), (144, 0, 51), (146, 135, 51), (0, 0, 0), (0, 0, 0)])
   [play-live]    [engine] MATCHUP SWITCH: ping-pong blocked 145<->9 — fight instead
   [play-live]    [engine] action menu: Drill Peck - a STAB hit -> slot 3 (eff x1) vs arbok 150/150 | [0]move#86(p0*STAB,pp=20,ref=0,sc=0) [1]Shock Wave(p60*STAB,pp=12,ref=0,sc=90) [2]move#197(p0,pp=5,ref=0,sc=0) [3]Drill Peck(p80*STAB,pp=20,ref=0,sc=120)
   [play-live]    [engine] STREAM COMMIT: Drill Peck - a STAB hit slot 3 (menu_up=1 action=True moves=False)
   [play-live]    [engine] battle-progress: move resolved
   [play-live]    [engine] MATCHUP SWITCH: ping-pong blocked 145<->9 — fight instead
   [play-live]    [engine] ACE-FIRST: L50 legendary bird is NOT fodder next to L76 — offering heal
   [play-live]    [engine] revive-check: NO offer (revive_item=24, worthy=None, party sp/hp/lv=[(9, 180, 76), (145, 14, 50), (144, 0, 51), (146, 135, 51), (0, 0, 0), (0, 0, 0)])
   [play-live]    [engine] MATCHUP SWITCH: ping-pong blocked 145<->9 — fight instead
   [play-live]    [engine] action menu: Drill Peck - a STAB hit -> slot 3 (eff x1) vs arbok 113/150 | [0]move#86(p0*STAB,pp=20,ref=0,sc=0) [1]Shock Wave(p60*STAB,pp=12,ref=0,sc=90) [2]move#197(p0,pp=5,ref=0,sc=0) [3]Drill Peck(p80*STAB,pp=19,ref=0,sc=120)
   [play-live]    [engine] STREAM COMMIT: Drill Peck - a STAB hit slot 3 (menu_up=1 action=True moves=False)
   [play-live]    [engine] battle-progress: our mon fainted
   [play-live]    [engine] E4 SEND: blastoise (matchup, not highest-level)
   [play-live]    [engine] fswitch retry 4: target row 1 sp=9 skip_rows=[] party_cur=1 menu_rows=[(145, 0), (9, 180), (144, 0), (146, 135)]
   [play-live]    [engine] fswitch: selecting row 1 (sp=9 L76 hp=180)
   [play-live]    [engine] battle-progress: force-switch seated
   [play-live]    [engine] JUST FIGHT: L76 vs L56 + connecting damage — skipping bag/switch hierarchy this turn
   [play-live]    [engine] action menu: Surf - a STAB hit -> slot 1 (eff x1) vs arbok 113/150 | [0]Skull Bash(p100,pp=14,ref=0,sc=50) [1]Surf(p95*STAB,pp=2,ref=0,sc=142.5) [2]Earthquake(p100,pp=0,ref=0,sc=400)
   [play-live]    [engine] STREAM COMMIT: Surf - a STAB hit slot 1 (menu_up=1 action=True moves=False)
   [play-live]    [engine] battle-progress: move resolved
   [play-live]    [engine] JUST FIGHT: L76 vs L56 + connecting damage — skipping bag/switch hierarchy this turn
   [play-live]    [engine] action menu: Surf - a STAB hit -> slot 1 (eff x1) vs arbok 1/150 | [0]Skull Bash(p100,pp=14,ref=0,sc=50) [1]Surf(p95*STAB,pp=1,ref=0,sc=142.5) [2]Earthquake(p100,pp=0,ref=0,sc=400)
   [play-live]    [engine] STREAM COMMIT: Surf - a STAB hit slot 1 (menu_up=1 action=True moves=False)
   [play-live]    [engine] battle-progress: move resolved
   [play-live]    [engine] battle-progress: enemy fainted
   [play-live]    [engine] party screen in drain: voluntary (shift prompt) -> single B out
   [play-live]    [engine] MATCHUP SWITCH: Agatha Blastoise holds — fight instead
   [play-live]    [engine] MATCHUP SWITCH: Agatha Blastoise holds — fight instead
   [play-live]    [engine] E4/league: wincon revive offered (Blastoise+EQ / Moltres vs Jynx / Articuno vs dragon; cursor MUST land on 0-HP at use)
   [play-live]    [engine] ITEM-INSTINCT offer: ['use_revive', 'keep_fighting'] ctx={'hp': '146/231', 'status': 'none', 'foe': 'gengar'}
   [play-live]    [engine] ITEM-INSTINCT pick -> use_revive (item 24, aim=fainted)
   [play-live]    [engine] use_item walk n=0: party=False bag=True white=False cb2party=False cb2bag=True pcur=None lead=False
   [play-live]    [engine] use_item: REFUSE A on alive slot (wanted fainted row 2, cursor=0 not 0-HP; tried rows [2, 1]) — B out, fight
   [play-live]    [engine] BAG-FAIL LATCH: use_revive item 24 not consumed — species only (no battle-wide potion block)
   [play-live]    [engine] REVIVE-FAIL: first miss (failed) — retry next turn (no battle-wide latch; live 18:44 cursor miss)
   [play-live]    [engine] HEAL-FAIL LATCH: item 24 did not consume (failed) -> suppressing further in-battle item offers for species 9 this battle (anti bag-USE/CANCEL livelock — fight/faint, let the next mon resolve it)
   [play-live]    [engine] MATCHUP SWITCH: Agatha Blastoise holds — fight instead
   [play-live]    [engine] MUST-LEAVE: active alive but stuck (status/famine/exhausted) -> bench slot 3 (NOT re-picking species 9)
   [play-live]    [engine] switch: target party slot 3 sp=146 -> menu row 3
   [play-live]    [engine] switch: SWITCHED to species 146 (slot 3)
   [play-live]    [engine] battle-progress: must-leave switch
   [play-live]    [engine] MATCHUP SWITCH: ping-pong blocked 146<->9 — fight instead
   [play-live]    [engine] E4/league: wincon revive offered (Blastoise+EQ / Moltres vs Jynx / Articuno vs dragon; cursor MUST land on 0-HP at use)
   [play-live]    [engine] ITEM-INSTINCT offer: ['use_revive', 'keep_fighting'] ctx={'hp': '135/153', 'status': 'none', 'foe': 'gengar'}
   [play-live]    [engine] ITEM-INSTINCT pick -> use_revive (item 24, aim=fainted)
   [play-live]    [engine] use_item: pocket byte MUTE + NO bag/white pixels + callback2 not the bag — bag never opened; keep fighting (LOUD, no blind taps fired)
   [play-live]    [engine] BAG-FAIL LATCH: pocket byte MUTE — bag never opened — species only (no battle-wide potion block)
   [play-live]    [engine] BAG-FAIL LATCH: use_revive item 24 not consumed — species only (no battle-wide potion block)
   [play-live]    [engine] REVIVE-FAIL LATCH: failed — no more revive offers this battle (keep fighting; battle-wide after 2 misses)
   [play-live]    [engine] HEAL-FAIL LATCH: item 24 did not consume (failed) -> suppressing further in-battle item offers for species 146 this battle (anti bag-USE/CANCEL livelock — fight/faint, let the next mon resolve it)
   [play-live]    [engine] MATCHUP SWITCH: ping-pong blocked 146<->9 — fight instead
   [play-live]    [engine] action menu: move#53 - a STAB hit -> slot 2 (eff x1) vs gengar 155/155 | [0]Agility(p0,pp=30,ref=0,sc=0) [1]move#203(p0,pp=10,ref=0,sc=0) [2]move#53(p95*STAB,pp=14,ref=0,sc=142.5)
   [play-live]    [engine] STREAM COMMIT: move#53 - a STAB hit slot 2 (menu_up=0 action=False moves=False)
   [play-live]    [engine] move slot 2 didn't fire (0-PP / disabled / blocked) -> rotating to an untried move (streak now [2], refusals {2: 1}, futility 1/4)
   [play-live]    [engine] MATCHUP SWITCH: ping-pong blocked 146<->9 — fight instead
   [play-live]    [engine] MATCHUP SWITCH: ping-pong blocked 146<->9 — fight instead
   [play-live]    [engine] action menu: Agility -> slot 0 (eff x2) vs gengar 155/155 | [0]Agility(p0,pp=29,ref=0,sc=0) [1]move#203(p0,pp=10,ref=0,sc=0) [2]move#53(p95*STAB,pp=14,ref=1,sc=142.5)
   [play-live]    [engine] STREAM COMMIT: Agility slot 0 (menu_up=1 action=True moves=False)
   [play-live]    [engine] MATCHUP SWITCH: ping-pong blocked 146<->9 — fight instead
   [play-live]    [engine] MATCHUP SWITCH: ping-pong blocked 146<->9 — fight instead
   [play-live]    [engine] action menu: move#53 - a STAB hit -> slot 2 (eff x1) vs gengar 155/155 | [0]Agility(p0,pp=28,ref=0,sc=0) [1]move#203(p0,pp=10,ref=0,sc=0) [2]move#53(p95*STAB,pp=14,ref=1,sc=142.5)
   [play-live]    [engine] STREAM COMMIT: move#53 - a STAB hit slot 2 (menu_up=1 action=True moves=False)
   [play-live]    [engine] battle-progress: move resolved
   [play-live]    [engine] MATCHUP SWITCH: ping-pong blocked 146<->9 — fight instead
   [play-live]    [engine] MATCHUP SWITCH: ping-pong blocked 146<->9 — fight instead
   [play-live]    [engine] action menu: move#53 - a STAB hit -> slot 2 (eff x1) vs gengar 104/155 | [0]Agility(p0,pp=28,ref=0,sc=0) [1]move#203(p0,pp=10,ref=0,sc=0) [2]move#53(p95*STAB,pp=13,ref=1,sc=142.5)
   [play-live]    [engine] STREAM COMMIT: move#53 - a STAB hit slot 2 (menu_up=1 action=True moves=False)
   [play-live]    [engine] battle-progress: move resolved
   [play-live]    [engine] MATCHUP SWITCH: ping-pong blocked 146<->9 — fight instead
   [play-live]    [engine] MUST-LEAVE: ping-pong OVERRIDE 146<->9 — active is sleep, leave the sleeper (live Lorelei Moltres potion-loop)
   [play-live]    [engine] MUST-LEAVE: active alive but stuck (status/famine/exhausted) -> bench slot 0 (NOT re-picking species 146)
   [play-live]    [engine] switch: target party slot 0 sp=9 -> menu row 3
   [play-live]    [engine] switch: SWITCHED to species 9 (slot 0)
   [play-live]    [engine] battle-progress: must-leave switch
   [play-live]    [engine] MATCHUP SWITCH: Agatha Blastoise holds — fight instead
   [play-live]    [engine] MATCHUP SWITCH: Agatha Blastoise holds — fight instead
   [play-live]    [engine] MATCHUP SWITCH: Agatha Blastoise holds — fight instead
   [play-live]    [engine] MUST-LEAVE: ping-pong blocked 9<->146 — fight (no Blastoise?Articuno)
   [play-live]    [engine] MUST-LEAVE but no other live bench — Struggle/fight
   [play-live]    [engine] PP FAMINE: active has no damaging PP left -> switching to party slot 3 (the only line that can still win)
   [play-live]    [engine] switch: target party slot 3 sp=146 -> menu row 3
   [play-live]    [engine] switch: SWITCHED to species 146 (slot 3)
   [play-live]    [engine] MATCHUP SWITCH: active is out-typed -> trying party slot 0
   [play-live]    [engine] switch: party didn't open via RAM nav — BLIND fallback (B out, DOWN DOWN A)
   [play-live]    [engine] switch: party screen never took focus -> B out (fail-safe)
   [play-live]    [engine] matchup switch did not confirm (fail 1/1) -> fighting instead (fail-safe, no wedge)
   [play-live]    [engine] HP-TEAR GUARD: battle frac=0.88 vs party 88/153 (0.58) — trusting party
   [play-live]    [engine] revive-check: NO offer (revive_item=24, worthy=None, party sp/hp/lv=[(9, 146, 76), (145, 0, 50), (144, 0, 51), (146, 88, 51), (0, 0, 0), (0, 0, 0)])
   [play-live]    [engine] ITEM-INSTINCT offer: ['use_cure', 'keep_fighting'] ctx={'hp': '135/153', 'status': 'sleep', 'foe': 'gengar'}
   [play-live]    [engine] ITEM-INSTINCT pick -> use_cure (item 23, aim=active)
   [play-live]    [engine] use_item walk n=0: party=False bag=True white=False cb2party=False cb2bag=True pcur=None lead=False
   [play-live]    [engine] use_item: USED item 23 (count 1->0)
   [play-live]    [engine] battle-progress: item 23 consumed
   [play-live]    [engine] ACE-FIRST: L51 legendary bird is NOT fodder next to L76 — offering heal
   [play-live]    [engine] revive-check: NO offer (revive_item=24, worthy=None, party sp/hp/lv=[(9, 146, 76), (145, 0, 50), (144, 0, 51), (146, 38, 51), (0, 0, 0), (0, 0, 0)])
   [play-live]    [engine] action menu: move#53 - a STAB hit -> slot 2 (eff x1) vs gengar 155/155 | [0]Agility(p0,pp=28,ref=0,sc=0) [1]move#203(p0,pp=10,ref=0,sc=0) [2]move#53(p95*STAB,pp=12,ref=0,sc=142.5)
   [play-live]    [engine] STREAM COMMIT: move#53 - a STAB hit slot 2 (menu_up=1 action=True moves=False)
   [play-live]    [engine] battle-progress: our mon fainted
   [play-live]    [engine] E4 SEND: blastoise (matchup, not highest-level)
   [play-live]    [engine] fswitch retry 2: target row 3 sp=9 skip_rows=[] party_cur=2 menu_rows=[(146, 0), (145, 0), (144, 0), (9, 146)]
   [play-live]    [engine] fswitch: selecting row 3 (sp=9 L76 hp=146)
   [play-live]    [engine] battle-progress: force-switch seated
   [play-live]    [engine] MATCHUP SWITCH: Agatha Blastoise holds — fight instead
   [play-live]    [engine] revive-check: NO offer (revive_item=24, worthy=None, party sp/hp/lv=[(9, 146, 76), (145, 0, 50), (144, 0, 51), (146, 0, 51), (0, 0, 0), (0, 0, 0)])
   [play-live]    [engine] MATCHUP SWITCH: Agatha Blastoise holds — fight instead
   [play-live]    [engine] MUST-LEAVE but no other live bench — Struggle/fight
   [play-live]    [engine] !! PP FAMINE: no reserve with damaging PP either — the whole party is dry (needs a Center; the campaign's readiness gate owns that)
   [play-live]    [engine] E4 MOVE: banned matchup for blastoise — picked Skull Bash - a solid hit (never Ice Beam Lapras / never Surf Water)
   [play-live]    [engine] NO EFFECTIVE MOVE in a TRAINER battle -> war-must-advance: firing Skull Bash - a solid hit anyway (a passed turn beats an eternal menu)
   [play-live]    [engine] action menu: Skull Bash - a solid hit -> slot 0 (eff x0) vs gengar 155/155 | [0]Skull Bash(p100,pp=14,ref=0,sc=0) [1]Surf(p95*STAB,pp=0,ref=0,sc=142.5) [2]Earthquake(p100,pp=0,ref=0,sc=200)
   [play-live]    [engine] STREAM COMMIT: Skull Bash - a solid hit slot 0 (menu_up=1 action=True moves=False)
   [play-live]    [engine] battle-progress: move resolved
   [play-live]    [engine] !! battle wedged stall=30 TRAINER -> screen-aware press, not stuck-abort (never a blind A — the bag-parked-cursor lesson)
   [play-live]    [engine] WHIFF: foe HP unchanged at 155 across the full turn -> accuracy-debuff spiral (streak 1/3)
   [play-live]    [engine] MATCHUP SWITCH: Agatha Blastoise holds — fight instead
   [play-live]    [engine] revive-check: NO offer (revive_item=24, worthy=None, party sp/hp/lv=[(9, 146, 76), (145, 0, 50), (144, 0, 51), (146, 0, 51), (0, 0, 0), (0, 0, 0)])
   [play-live]    [engine] !! PP FAMINE: no reserve with damaging PP either — the whole party is dry (needs a Center; the campaign's readiness gate owns that)
   [play-live]    [engine] E4 MOVE: banned matchup for blastoise — picked Skull Bash - a solid hit (never Ice Beam Lapras / never Surf Water)
   [play-live]    [engine] NO EFFECTIVE MOVE in a TRAINER battle -> war-must-advance: firing Skull Bash - a solid hit anyway (a passed turn beats an eternal menu)
   [play-live]    [engine] action menu: Skull Bash - a solid hit -> slot 0 (eff x0) vs gengar 155/155 | [0]Skull Bash(p100,pp=13,ref=0,sc=0) [1]Surf(p95*STAB,pp=0,ref=0,sc=142.5) [2]Earthquake(p100,pp=0,ref=0,sc=200)
   [play-live]    [engine] STREAM COMMIT: Skull Bash - a solid hit slot 0 (menu_up=1 action=True moves=False)
   [play-live]    [engine] MATCHUP SWITCH: Agatha Blastoise holds — fight instead
   [play-live]    [engine] revive-check: NO offer (revive_item=24, worthy=None, party sp/hp/lv=[(9, 129, 76), (145, 0, 50), (144, 0, 51), (146, 0, 51), (0, 0, 0), (0, 0, 0)])
   [play-live]    [engine] !! PP FAMINE: no reserve with damaging PP either — the whole party is dry (needs a Center; the campaign's readiness gate owns that)
   [play-live]    [engine] E4 MOVE: banned matchup for blastoise — picked Skull Bash - a solid hit (never Ice Beam Lapras / never Surf Water)
   [play-live]    [engine] NO EFFECTIVE MOVE in a TRAINER battle -> war-must-advance: firing Skull Bash - a solid hit anyway (a passed turn beats an eternal menu)
   [play-live]    [engine] action menu: Skull Bash - a solid hit -> slot 0 (eff x0) vs gengar 155/155 | [0]Skull Bash(p100,pp=13,ref=0,sc=0) [1]Surf(p95*STAB,pp=0,ref=0,sc=142.5) [2]Earthquake(p100,pp=0,ref=0,sc=200)
   [play-live]    [engine] STREAM COMMIT: Skull Bash - a solid hit slot 0 (menu_up=1 action=True moves=False)
   [play-live]    [engine] MATCHUP SWITCH: Agatha Blastoise holds — fight instead
   [play-live]    [engine] revive-check: NO offer (revive_item=24, worthy=None, party sp/hp/lv=[(9, 72, 76), (145, 0, 50), (144, 0, 51), (146, 0, 51), (0, 0, 0), (0, 0, 0)])
   [play-live]    [engine] E4 MOVE: banned matchup for blastoise — picked Skull Bash - a solid hit (never Ice Beam Lapras / never Surf Water)
   [play-live]    [engine] NO EFFECTIVE MOVE in a TRAINER battle -> war-must-advance: firing Skull Bash - a solid hit anyway (a passed turn beats an eternal menu)
   [play-live]    [engine] action menu: Skull Bash - a solid hit -> slot 0 (eff x0) vs gengar 155/155 | [0]Skull Bash(p100,pp=13,ref=0,sc=0) [1]Surf(p95*STAB,pp=0,ref=0,sc=142.5) [2]Earthquake(p100,pp=0,ref=0,sc=200)
   [play-live]    [engine] STREAM COMMIT: Skull Bash - a solid hit slot 0 (menu_up=1 action=True moves=False)
   [play-live]    [engine] battle-progress: move resolved
