   [travel] start map=(7, 3) coords=(5, 7) -> coord (7, 7) (budget 60s)

   [travel] !! WATCHDOG disengage requested — bailing this leg LOUD

   [Bridge] INPUT OWNER = 'agent' (sole writer; others dropped+logged)

   [travel] start map=(7, 3) coords=(5, 7) -> coord (7, 9) (budget 45s)

   [travel] !! WATCHDOG disengage requested — bailing this leg LOUD

   [Bridge] INPUT OWNER = 'agent' (sole writer; others dropped+logged)

   [travel] start map=(7, 3) coords=(5, 7) -> coord (7, 7) (budget 45s)

   [travel] !! WATCHDOG disengage requested — bailing this leg LOUD

   [Bridge] INPUT OWNER = 'agent' (sole writer; others dropped+logged)

   [travel] start map=(7, 3) coords=(5, 7) -> coord (6, 8) (budget 45s)

   [travel] !! WATCHDOG disengage requested — bailing this leg LOUD

   [Bridge] INPUT OWNER = 'agent' (sole writer; others dropped+logged)

   [travel] start map=(7, 3) coords=(5, 7) -> coord (8, 8) (budget 45s)

   [travel] !! WATCHDOG disengage requested — bailing this leg LOUD

   [campaign]    no reachable door warped (entry geometry?) - LOUD

   [Bridge] INPUT OWNER = 'agent' (sole writer; others dropped+logged)

   [travel] start map=(7, 3) coords=(5, 7) -> coord (6, 8) (budget 60s)

   [travel] !! WATCHDOG disengage requested — bailing this leg LOUD

   [campaign]    2 door(s); candidates (chosen order): [(6, 8)]

   [campaign]    pick (6, 8) failed — trying adjacent actuatable door (7, 8) (mat-row)

   [Bridge] INPUT OWNER = 'agent' (sole writer; others dropped+logged)

   [travel] start map=(7, 3) coords=(5, 7) -> coord (7, 7) (budget 60s)

   [travel] !! WATCHDOG disengage requested — bailing this leg LOUD

   [Bridge] INPUT OWNER = 'agent' (sole writer; others dropped+logged)

   [travel] start map=(7, 3) coords=(5, 7) -> coord (7, 9) (budget 45s)

   [travel] !! WATCHDOG disengage requested — bailing this leg LOUD

   [Bridge] INPUT OWNER = 'agent' (sole writer; others dropped+logged)

   [travel] start map=(7, 3) coords=(5, 7) -> coord (7, 7) (budget 45s)

   [travel] !! WATCHDOG disengage requested — bailing this leg LOUD

   [Bridge] INPUT OWNER = 'agent' (sole writer; others dropped+logged)

   [travel] start map=(7, 3) coords=(5, 7) -> coord (6, 8) (budget 45s)

   [travel] !! WATCHDOG disengage requested — bailing this leg LOUD

   [Bridge] INPUT OWNER = 'agent' (sole writer; others dropped+logged)

   [travel] start map=(7, 3) coords=(5, 7) -> coord (8, 8) (budget 45s)

   [travel] !! WATCHDOG disengage requested — bailing this leg LOUD

   [campaign]    no reachable door warped (entry geometry?) - LOUD

   [Bridge] INPUT OWNER = 'agent' (sole writer; others dropped+logged)

   [travel] start map=(7, 3) coords=(5, 7) -> coord (8, 8) (budget 60s)

   [travel] !! WATCHDOG disengage requested — bailing this leg LOUD

   [campaign]    2 door(s); candidates (chosen order): [(8, 8)]

   [campaign]    pick (8, 8) failed — trying adjacent actuatable door (7, 8) (mat-row)

   [Bridge] INPUT OWNER = 'agent' (sole writer; others dropped+logged)

   [travel] start map=(7, 3) coords=(5, 7) -> coord (7, 7) (budget 60s)

   [travel] !! WATCHDOG disengage requested — bailing this leg LOUD

   [Bridge] INPUT OWNER = 'agent' (sole writer; others dropped+logged)

   [travel] start map=(7, 3) coords=(5, 7) -> coord (7, 9) (budget 45s)

   [travel] !! WATCHDOG disengage requested — bailing this leg LOUD

   [Bridge] INPUT OWNER = 'agent' (sole writer; others dropped+logged)

   [travel] start map=(7, 3) coords=(5, 7) -> coord (7, 7) (budget 45s)

   [travel] !! WATCHDOG disengage requested — bailing this leg LOUD

   [Bridge] INPUT OWNER = 'agent' (sole writer; others dropped+logged)

   [travel] start map=(7, 3) coords=(5, 7) -> coord (6, 8) (budget 45s)

   [travel] !! WATCHDOG disengage requested — bailing this leg LOUD

   [Bridge] INPUT OWNER = 'agent' (sole writer; others dropped+logged)

   [travel] start map=(7, 3) coords=(5, 7) -> coord (8, 8) (budget 45s)

   [travel] !! WATCHDOG disengage requested — bailing this leg LOUD

   [campaign]    no reachable door warped (entry geometry?) - LOUD

   [Bridge] INPUT OWNER = 'agent' (sole writer; others dropped+logged)

   [travel] start map=(7, 3) coords=(5, 7) -> coord (2, 6) (budget 60s)

   [travel] !! WATCHDOG disengage requested — bailing this leg LOUD

   [Bridge] INPUT OWNER = 'agent' (sole writer; others dropped+logged)

   [travel] start map=(7, 3) coords=(5, 7) -> coord (1, 7) (budget 45s)

   [travel] !! WATCHDOG disengage requested — bailing this leg LOUD

   [Bridge] INPUT OWNER = 'agent' (sole writer; others dropped+logged)

   [travel] start map=(7, 3) coords=(5, 7) -> coord (1, 5) (budget 45s)

   [travel] !! WATCHDOG disengage requested — bailing this leg LOUD

   [Bridge] INPUT OWNER = 'agent' (sole writer; others dropped+logged)

   [travel] start map=(7, 3) coords=(5, 7) -> coord (0, 6) (budget 45s)

   [travel] !! WATCHDOG disengage requested — bailing this leg LOUD

   [Bridge] INPUT OWNER = 'agent' (sole writer; others dropped+logged)

   [travel] start map=(7, 3) coords=(5, 7) -> coord (2, 6) (budget 45s)

   [travel] !! WATCHDOG disengage requested — bailing this leg LOUD

   [Bridge] INPUT OWNER = 'agent' (sole writer; others dropped+logged)

   [travel] start map=(7, 3) coords=(5, 7) -> coord (1, 6) (budget 60s)

   [travel] !! WATCHDOG disengage requested — bailing this leg LOUD

   [Bridge] INPUT OWNER = 'agent' (sole writer; others dropped+logged)

   [travel] start map=(7, 3) coords=(5, 7) -> coord (2, 6) (budget 60s)

   [travel] !! WATCHDOG disengage requested — bailing this leg LOUD

   [Bridge] INPUT OWNER = 'agent' (sole writer; others dropped+logged)

   [travel] start map=(7, 3) coords=(5, 7) -> coord (1, 7) (budget 45s)

   [travel] !! WATCHDOG disengage requested — bailing this leg LOUD

   [Bridge] INPUT OWNER = 'agent' (sole writer; others dropped+logged)

   [travel] start map=(7, 3) coords=(5, 7) -> coord (1, 5) (budget 45s)

   [travel] !! WATCHDOG disengage requested — bailing this leg LOUD

   [Bridge] INPUT OWNER = 'agent' (sole writer; others dropped+logged)

   [travel] start map=(7, 3) coords=(5, 7) -> coord (0, 6) (budget 45s)

   [travel] !! WATCHDOG disengage requested — bailing this leg LOUD

   [Bridge] INPUT OWNER = 'agent' (sole writer; others dropped+logged)

   [travel] start map=(7, 3) coords=(5, 7) -> coord (2, 6) (budget 45s)

   [travel] !! WATCHDOG disengage requested — bailing this leg LOUD

   [campaign]    2 door(s); candidates (chosen order): [(1, 6)]

   [campaign]    reachable door (1, 6): walking to approach (1, 7)

   [Bridge] INPUT OWNER = 'agent' (sole writer; others dropped+logged)

   [travel] start map=(7, 3) coords=(5, 7) -> coord (1, 7) (budget 60s)

   [travel] !! WATCHDOG disengage requested — bailing this leg LOUD

   [Bridge] INPUT OWNER = 'agent' (sole writer; others dropped+logged)

   [travel] start map=(7, 3) coords=(5, 7) -> coord (2, 6) (budget 60s)

   [travel] !! WATCHDOG disengage requested — bailing this leg LOUD

   [Bridge] INPUT OWNER = 'agent' (sole writer; others dropped+logged)

   [travel] start map=(7, 3) coords=(5, 7) -> coord (1, 7) (budget 45s)

   [travel] !! WATCHDOG disengage requested — bailing this leg LOUD

   [Bridge] INPUT OWNER = 'agent' (sole writer; others dropped+logged)

   [travel] start map=(7, 3) coords=(5, 7) -> coord (1, 5) (budget 45s)

   [travel] !! WATCHDOG disengage requested — bailing this leg LOUD

   [Bridge] INPUT OWNER = 'agent' (sole writer; others dropped+logged)

   [travel] start map=(7, 3) coords=(5, 7) -> coord (0, 6) (budget 45s)

   [travel] !! WATCHDOG disengage requested — bailing this leg LOUD

   [Bridge] INPUT OWNER = 'agent' (sole writer; others dropped+logged)

   [travel] start map=(7, 3) coords=(5, 7) -> coord (2, 6) (budget 45s)

   [travel] !! WATCHDOG disengage requested — bailing this leg LOUD

   [campaign]    no reachable door warped (entry geometry?) - LOUD

   [campaign]    EXIT: floor sealed — engaging the guard: NPC #2 at (12, 5) (from (12, 4))

   [Bridge] INPUT OWNER = 'agent' (sole writer; others dropped+logged)

   [dialogue] +++ "Have you heard about BILL? Everyone calls him a POK.MANIAC! I think people are just jealous of BILL, though. Who wouldn't want to boast about their POK.MON?"  tags=[]

   [kira-voice] -> T1·brisk· (dialogue) 'you read: "Have you heard about BILL? Everyone calls him a POK.MANIAC! I think people are just jealous of BILL, though. Who wouldn\'t want to boast about their POK.MON?"'  fired=True  [age 0.0s + post 8ms]

   [Bridge] INPUT OWNER = 'agent' (sole writer; others dropped+logged)

   [campaign]    [dlg exit-guard] 'Have you heard about BILL? Everyone calls him a POK.MANIAC! I think peop'

   [campaign]    [dlg-uwatch exit-guard] fp[(7, 3) (12,4) f1 D- badge1 $356 party:9c70 bag:1f39] same line, frozen world x15/90

   [campaign]    [dlg-pace exit-guard] box 'Have you heard about BILL? Everyone calls him a ' visible 7.23s (sink 0ms, hold 0.11s, end=closed)

   [Bridge] INPUT OWNER = 'agent' (sole writer; others dropped+logged)

   [travel] start map=(7, 3) coords=(12, 4) -> coord (7, 7) (budget 60s)

   [campaign]    [roam] !! WATCHDOG latch STALE (49s > 45s TTL) — no layer unwound to the roam top to run recovery (a sub-loop kept consuming the bail). Self-healing IN PLACE: latch cleared, watch reset, play resumes; a real wedge will re-trip and get the full recovery.

   [travel] step 0: (12, 4)->(11, 4) map=(7, 3) (path 9 to exit)

   [travel] reached target coord (7, 7)

   [campaign]    [roam] watchdog: SCENE callback owns the screen (evolution/naming/cutscene) — deliberate stillness, watch resets until the world returns

   [campaign]    directional warp (7, 8) (behavior 0x65) entered via DOWN

   [campaign]    [world] learned 14 warp(s) on (3, 3): (10, 11)->(7, 0), (30, 11)->(7, 1), (15, 17)->(7, 2), (22, 19)->(7, 3), (31, 21)->(7, 5), (13, 28)->(7, 6)

   [campaign]    EXIT-BUILDING: (7, 3) -> (3, 3)@(22, 20)

   [campaign]    [world] learned 14 warp(s) on (3, 3): (10, 11)->(7, 0), (30, 11)->(7, 1), (15, 17)->(7, 2), (22, 19)->(7, 3), (31, 21)->(7, 5), (13, 28)->(7, 6)

   [campaign]    [roam] grass she KNOWS: routing west -> (3, 22) toward Route 4 (visited grass, avoiding any wall)

   [campaign]    [roam] !! CREATOR ORDER (LAW): the strengthen-first prep stands down — Jonny said go, so she goes

   [campaign]    [roam] GYM-READINESS FLOOR: SPARED head_to_gym — CREATOR ORDER (LAW)

   [campaign]    [roam] !! CREATOR ORDER → GO HARD: forced head_to_gym (Misty); pruned ['battle', 'travel:3,21', 'travel:3,22', 'travel:3,27', 'travel:3,43', 'wander_catch']; oracle SKIPPED this tick

   [campaign]    [roam] deep-wedge ring: banked safe checkpoint (1, 6, 7, 88) @ Cerulean City (ring=2/4)

   [campaign] -- ROAM TICK 3/100000000 --

   [campaign]    [roam] STATE IN: Cerulean City (22, 20) | badges=1 (Boulder) | party=[wartortle L29, caterpie L8, rattata L12, spearow L14, abra L13, ekans L12] | 1 badge(s) earned (Boulder). Next gym: Misty of Cerulean City. Pokédex: 7 caught. She's one badge in — the adventure's really starting (of 8 badges, then the Elite Four).

   [campaign]    [roam] PROGRESS: GREEN (unchanged 0 ticks) | fp[(3, 3) (22,20) f1 -- badge1 $356 party:9c70 bag:1f39]

   [campaign]    [roam] OPTIONS OFFERED: ['head_to_gym', 'talk_npc']

   [campaign]    [roam] !! STRATEGY wall vs trainer:the Cerulean Gym:starmie: feeding loss-awareness to the oracle

   [campaign]    [roam] !! UNDERLEVEL-PREP vs trainer:the Cerulean Gym:starmie: team floor < L22 — folding the 'level the weak ones, field THEM' plan into her decision ctx

   [campaign]    [roam] !! SPATIAL WALL: folding gate-awareness (route blocked until stronger)

   [campaign]    [roam] 🧭 F-1 WANDER TRIPWIRE #1: objective "⚡ JONNY'S ORDER (LAW): march to Cerulean City's gym and fight Misty RIGHT NOW — he said "Kira, fight Misty.". No grinding. GO." has gone 20s+ without route progress (dist 0 hops) — harness takes the wheel: executing her objective deterministically, no oracle burn this tick

   [campaign]    [roam] !! FORCE GYM PICK: head_to_gym — oracle SKIPPED (dominant / creator order; grass is OFF the menu)

   [campaign]    [roam] PICK OUT: head_to_gym

   [campaign]    [roam] RATIONALE: Heading for the next gym — Cerulean City: You're ready — stop grinding and head to Cerulean City for the Cascade Badge.

   [campaign]    [roam] ROAD-BENCH-XP: skipping slot 4 as lead candidate — no damaging PP (it can't win a fight it leads)

   [campaign]    GRIND-WEAK: swap 0<->1 verified — caterpie now leads

   [campaign]    [roam] ROAD-BENCH-XP: leading with the weak L8 bench mon (target L22) so it banks participation XP on this leg — the ace fields turn 1 (fail-safe switch)

   [campaign]    [roam] ⛰️  AT Misty's city (3, 3) — ENTERING the gym to take the badge

   [kira-voice] ·floor· (<1s since last) T2 "okay. Misty's gym — and this is the wall that's been beating me. deep breath. this is the one. here we go."

   [campaign]    GYM-PREP [Misty]: CREATOR ORDER (LAW) — Jonny said go; skipping prep, walking in as-is

   [campaign]    GRIND-WEAK: restoring the ace (slot 1, L29) to lead

   [campaign]    GRIND-WEAK: swap 0<->1 verified — wartortle now leads

   [campaign]    13 door(s); candidates (chosen order): [(31, 21)]

   [kira-voice] -> T1·brisk· (travel) "okay, enough drifting — I said I was heading there, so let's actually go."  fired=True  [age 0.0s + post 25ms]

   [campaign]    reachable door (31, 21): walking to approach (31, 22)

   [Bridge] INPUT OWNER = 'agent' (sole writer; others dropped+logged)

   [travel] start map=(3, 3) coords=(22, 20) -> coord (31, 22) (budget 300s)

   [travel] step 0: (22, 20)->(22, 21) map=(3, 3) (path 12 to exit)

   [travel] step 10: (30, 22)->(31, 22) map=(3, 3) (path 2 to exit)

   [travel] reached target coord (31, 22)

   [campaign]    [roam] watchdog: SCENE callback owns the screen (evolution/naming/cutscene) — deliberate stillness, watch resets until the world returns

   [campaign]    WARPED (3, 3) -> (7, 5) via door (31, 21)

   [campaign]    [world] learned 3 warp(s) on (7, 5): (7, 18)->(3, 3), (8, 18)->(3, 3), (9, 18)->(3, 3)

   [campaign]    GYM: inside (7, 5) at (8, 18) - clearing junior trainers

   [Bridge] INPUT OWNER = 'agent' (sole writer; others dropped+logged)

   [Bridge] INPUT OWNER = 'agent' (sole writer; others dropped+logged)

   [travel] start map=(7, 5) coords=(8, 18) -> coord (8, 7) (budget 90s)

   [travel] step 0: (8, 18)->(8, 17) map=(7, 5) (path 20 to exit)

   [travel] step 10: (10, 10)->(11, 10) map=(7, 5) (path 10 to exit)

   [travel] reached target coord (8, 7)

   [campaign]    GYM: all junior trainers cleared (beaten obj [])

   [Bridge] INPUT OWNER = 'agent' (sole writer; others dropped+logged)

   [Bridge] INPUT OWNER = 'agent' (sole writer; others dropped+logged)

   [travel] start map=(7, 5) coords=(8, 7) -> coord (8, 7) (budget 90s)

   [travel] reached target coord (8, 7)

   [campaign]    GYM: at (8, 7) (leader front (8, 7)) - engaging Misty [lead wartortle Lv29, party=6]

   [Bridge] INPUT OWNER = 'agent' (sole writer; others dropped+logged)

   [travel] start map=(7, 5) coords=(8, 7) -> coord (8, 8) (budget 90s)

   [travel] step 0: (8, 7)->(8, 8) map=(7, 5) (path 2 to exit)

   [travel] reached target coord (8, 8)

   [Bridge] INPUT OWNER = 'agent' (sole writer; others dropped+logged)

   [travel] start map=(7, 5) coords=(8, 8) -> coord (8, 7) (budget 90s)

   [travel] step 0: (8, 8)->(8, 7) map=(7, 5) (path 2 to exit)

   [travel] reached target coord (8, 7)

   [Bridge] INPUT OWNER = 'agent' (sole writer; others dropped+logged)

   [travel] start map=(7, 5) coords=(8, 7) -> coord (7, 7) (budget 90s)

   [travel] step 0: (8, 7)->(7, 7) map=(7, 5) (path 2 to exit)

   [travel] reached target coord (7, 7)

   [Bridge] INPUT OWNER = 'agent' (sole writer; others dropped+logged)

   [travel] start map=(7, 5) coords=(7, 7) -> coord (8, 7) (budget 90s)

   [travel] step 0: (7, 7)->(8, 7) map=(7, 5) (path 2 to exit)

   [travel] reached target coord (8, 7)

   [Bridge] INPUT OWNER = 'agent' (sole writer; others dropped+logged)

   [travel] start map=(7, 5) coords=(8, 7) -> coord (9, 7) (budget 90s)

   [travel] step 0: (8, 7)->(9, 7) map=(7, 5) (path 2 to exit)

   [travel] reached target coord (9, 7)

   [Bridge] INPUT OWNER = 'agent' (sole writer; others dropped+logged)

   [travel] start map=(7, 5) coords=(9, 7) -> coord (8, 7) (budget 90s)

   [travel] step 0: (9, 7)->(8, 7) map=(7, 5) (path 2 to exit)

   [travel] reached target coord (8, 7)

   [dialogue] +++ "Hi, you're a new face! Only those TRAINERS who have a policy about POK.MON can turn pro. What is your approach when you catch and train POK.MON? My policy is an all-out offensive with WATER-ty"  tags=['TYPE']

   [kira-voice]    (dialogue tags: type)

   [kira-voice] -> T2·savor· (dialogue) 'you read: "Hi, you\'re a new face! Only those TRAINERS who have a policy about POK.MON can turn pro. What is your approach when you catch and train POK.MON? My policy is an all-out offensive with WATER-ty"'  fired=True  [age 0.0s + post 3ms]

   [campaign]    [dlg Misty-challenge] "Hi, you're a new face! Only those TRAINERS who have a policy about POK.M"

   [campaign]    [dlg-uwatch Misty-challenge] fp[(7, 5) (8,7) f2 D- badge1 $356 party:9c70 bag:1f39] same line, frozen world x15/90

   [campaign]    [roam] watchdog: SCENE callback owns the screen (evolution/naming/cutscene) — deliberate stillness, watch resets until the world returns

   [campaign]    [dlg-pace Misty-challenge] box "Hi, you're a new face! Only those TRAINERS who h" visible 9.73s (sink 0ms, hold 0.11s, end=stopped)

   [play-live] battle context: trainer=True foe=starmie rare=False -> Tier 2 savor

   [Bridge] INPUT OWNER = 'agent' (sole writer; others dropped+logged)

   [kira-voice] -> T2·savor· (stakes) "okay okay — a trainer just locked eyes with me. team's in good shape — let's play it smart."  fired=True  [age 0.0s + post 4ms]

   [kira-voice] -> T2·savor· (event) 'a battle started against staryu — your wartortle is up front'  fired=True  [age 0.0s + post 4ms]

   [kira-voice] -> T2·savor· (event) 'your wartortle used Bite - a solid hit'  fired=True  [age 0.0s + post 13ms]

   [kira-voice] -> T2·savor· (event) "the enemy's staryu fainted — your wartortle took it down"  fired=True  [age 0.0s + post 3ms]

   [kira-voice] -> T2·savor· (event) 'the trainer sent out starmie'  fired=True  [age 0.0s + post 3ms]

   [kira-voice] -> T2·savor· (event) 'your wartortle used Bite - a super-effective hit'  fired=True  [age 0.0s + post 14ms]

   [kira-voice] -> T2·savor· (event) "the enemy's starmie went down to your wartortle — that's the battle, you won"  fired=True  [age 0.0s + post 13ms]

   [dialogue] +++ "Wow! You're too much! All right! You can have the CASCADEBADGE to show you beat me."  tags=['ITEM']

   [kira-voice]    (dialogue tags: item)

   [kira-voice] -> T2·savor· (dialogue) 'you read: "Wow! You\'re too much! All right! You can have the CASCADEBADGE to show you beat me."'  fired=True  [age 0.0s + post 4ms]

   [Bridge] INPUT OWNER = 'agent' (sole writer; others dropped+logged)

   [campaign]    [strat] WIN/clear vs trainer:the Cerulean Gym:starmie — wall lifted

   [campaign]    GYM: MISTY -> win

   [Bridge] INPUT OWNER = 'agent' (sole writer; others dropped+logged)

   [kira-voice] -> T1·brisk· (exhale) "phew — okay, that one's done. shake it off, back to the road."  fired=True  [age 0.0s + post 4ms]

   [campaign]    [dlg Misty-award] 'The CASCADEBADGE makes all POK.MON up to Lv. 30 obey. That includes even'

   [campaign]    [hints] + heard something actionable: 'The CASCADEBADGE makes all POK.MON up to Lv. 30 obey. That includes even outside' (at (7, 5))

   [campaign]    [dlg-uwatch Misty-award] fp[(7, 5) (8,7) f2 D- badge2 $2456 party:b8d7 bag:1f39] same line, frozen world x15/90

   [campaign]    [dlg-uwatch Misty-award] fp[(7, 5) (8,7) f2 D- badge2 $2456 party:b8d7 bag:1f39] same line, frozen world x30/90

   [campaign]    [dlg Misty-award] 'KIRA received TM03 from MISTY.'

   [campaign]    [dlg-pace Misty-award] box 'The CASCADEBADGE makes all POK.MON up to Lv. 30 ' visible 10.53s (sink 2ms, hold 0.11s, end=next_box)

   [campaign]    [hints] + heard something actionable: 'KIRA received TM03 from MISTY.' (at (7, 5))

   [campaign]    [dlg Misty-award] 'KIRA put the TM03 in the TM CASE.'

   [campaign]    [dlg-pace Misty-award] box 'KIRA received TM03 from MISTY.' visible 2.23s (sink 1ms, hold 0.05s, end=next_box)

   [campaign]    [hints] + heard something actionable: 'KIRA put the TM03 in the TM CASE.' (at (7, 5))

   [campaign]    [dlg Misty-award] 'TM03 teaches WATER PULSE. Use it on an aquatic POK.MON!'

   [campaign]    [dlg-pace Misty-award] box 'KIRA put the TM03 in the TM CASE.' visible 1.73s (sink 2ms, hold 0.06s, end=next_box)

   [campaign]    [hints] + heard something actionable: 'TM03 teaches WATER PULSE. Use it on an aquatic POK.MON!' (at (7, 5))

   [campaign]    [dlg-pace Misty-award] box 'TM03 teaches WATER PULSE. Use it on an aquatic P' visible 3.21s (sink 1ms, hold 0.09s, end=closed)

   [campaign]    GYM: *** MISTY BADGE obtained ***

   [Bridge] INPUT OWNER = 'agent' (sole writer; others dropped+logged)

   [kira-voice] -> T1·brisk· (event) "I beat Misty - that's the badge!"  fired=True  [age 0.0s + post 5ms]

   [Bridge] INPUT OWNER = 'agent' (sole writer; others dropped+logged)

   [travel] start map=(7, 5) coords=(8, 7) -> coord (8, 17) (budget 60s)

   [dialogue] +++ 'TM03 teaches WATER PULSE. Use it on an aquatic POK.MON!'  tags=['TYPE', 'ITEM']

   [kira-voice] ·floor· (<1s since last) T2 'you read: "TM03 teaches WATER PULSE. Use it on an aquatic POK.MON!"'

   [campaign]    [order] creator order FULFILLED (badge earned since the order) — released

   [kira-voice] ·floor· (<1s since last) T2 'did what you asked, by the way. badge secured. never doubt me.'

   [travel] step 0: (8, 7)->(9, 7) map=(7, 5) (path 19 to exit)

   [travel] step 10: (9, 10)->(9, 11) map=(7, 5) (path 9 to exit)

   [travel] reached target coord (8, 17)

   [campaign]    [roam] watchdog: SCENE callback owns the screen (evolution/naming/cutscene) — deliberate stillness, watch resets until the world returns

   [campaign]    directional warp (8, 18) (behavior 0x65) entered via DOWN

   [campaign]    [world] learned 14 warp(s) on (3, 3): (10, 11)->(7, 0), (30, 11)->(7, 1), (15, 17)->(7, 2), (22, 19)->(7, 3), (31, 21)->(7, 5), (13, 28)->(7, 6)

   [campaign]    EXIT-BUILDING: (7, 5) -> (3, 3)@(31, 22)

   [campaign]    GYM: exit -> now (3, 3)@(31, 22)

   [campaign]    [roam] RESULT: head_to_gym -> badge | pos (3, 3)(22, 20) -> (3, 3)(31, 22) (MOVED)

   [campaign]    [roam] standing objective complete (head_to_gym -> badge) — clearing it

   [kira-voice] -> T3·BIG· (gym) 'YES — we DID it! Misty is DOWN. I was genuinely nervous about that one and we pulled it off — badge number 2. okay. okay! onward.'  fired=True  [age 0.0s + post 11ms]

   [campaign]    ⛰️  CAMPAIGN SAVE [badge] -> campaign/kira_campaign.state  (map=(3, 3) coords=(31, 22) badges=2 party=6)

   [campaign]    [sanctity] bundle VALID (schema/encoding/truth/monotonic all clean)

   [campaign]    📌 AUTO-CHECKPOINT [gain-badge] -> checkpoints/20260731_103952_cerulean-city_2b_9h16m_gain-badge  (4 bundle file(s))

   [campaign]    [world] learned 14 warp(s) on (3, 3): (10, 11)->(7, 0), (30, 11)->(7, 1), (15, 17)->(7, 2), (22, 19)->(7, 3), (31, 21)->(7, 5), (13, 28)->(7, 6)

   [campaign]    [roam] grass she KNOWS: routing west -> (3, 22) toward Route 4 (visited grass, avoiding any wall)

   [campaign]    [roam] deep-wedge ring: banked safe checkpoint (2, 6, 7, 88) @ Cerulean City (ring=3/4)

   [campaign] -- ROAM TICK 4/100000000 --

   [campaign]    [roam] STATE IN: Cerulean City (31, 22) | badges=2 (Boulder, Cascade) | party=[wartortle L29, caterpie L8, rattata L12, spearow L14, abra L13, ekans L12] | 2 badge(s) earned (Boulder, Cascade). Next gym: Lt. Surge of Vermilion City. Pokédex: 7 caught. She's two badges down, a quarter of the way (of 8 badges, then the Elite Four).

   [campaign]    [roam] PROGRESS: GREEN (unchanged 0 ticks) | fp[(3, 3) (31,22) f1 -- badge2 $2456 party:b8d7 bag:dc69]

   [campaign]    [roam] OPTIONS OFFERED: ['head_to_gym', 'heal', 'battle', 'wander_catch', 'stock_up', 'talk_npc', 'travel:3,22', 'travel:3,43', 'travel:3,27', 'travel:3,21']

   [campaign]    [soul] surface_want FIRE -> Cerulean City

   [campaign]    [soul] ORACLE decision: kind=want ctx={'place': "You're in Cerulean City — outdoors under open sky (a town with a Pokémon Center and a Mart; tall grass around — wild Pokémon live in it).. ALREADY BESIDE YOU — your current team: wartortle (L29), caterpie (L8), rattata (L12), spearow (L14), abra (L13), ekans (L12). A want is something you DON'T yet have; never wish for a teammate who's already on your team.", 'map': (3, 3), 'badges': ['Boulder', 'Cascade'], 'progress': "2 badge(s) earned (Boulder, Cascade). Next gym: Lt. Surge of Vermilion City. Pokédex: 7 caught. She's two badges down, a quarter of the way (of 8 badges, then the Elite Four).", 'party': 'wartortle (L29), caterpie (L8), rattata (L12), spearow (L14), abra (L13), ekans (L12)', 'goal': {'short': 'beat Misty, get the Cascade Badge', 'medium': 'Make your way to Vermilion City', 'long': 'Reach Vermilion City, beat Lt. Surge for the Thunder Badge'}} options=['eevee', 'fossil', 'starters', 'rare', 'legendaries']

   [kira-voice] ORACLE kind=want options=['eevee', 'fossil', 'starters', 'rare', 'legendaries'] -> pick=None

   [campaign]    [soul] ORACLE pick -> None

   [campaign]    [roam] SHOP: "There's a Mart right here. you're low on Potions; you're light on Poké Balls — grab a good stock so you can actually catch the teammate your plan wants — a real trainer stocks up before pushing on." — surfacing 'stock_up' to the oracle

   [campaign]    [soul] ORACLE decision: kind=action ctx={'place': 'You\'re in Cerulean City — outdoors under open sky (a town with a Pokémon Center and a Mart; tall grass around — wild Pokémon live in it).. From here: NORTH → Route 24 — wild Pokémon to catch/train; SOUTH → an unexplored area; EAST → an unexplored area — wild Pokémon to catch/train; WEST → Route 4 — wild Pokémon to catch/train, a Pokémon Center. Places you\'ve been with wild Pokémon you can walk back to: Route 3; Route 25; an unfamiliar area. You can walk to anywhere you\'ve already been.. There\'s a Mart right here. you\'re low on Potions; you\'re light on Poké Balls — grab a good stock so you can actually catch the teammate your plan wants — a real trainer stocks up before pushing on.. HOW POKÉMON WORKS (what you\'re playing for): the GOAL is to earn 8 Gym Badges, beat the Elite Four, and roll the credits — that\'s beating the game. You build a TEAM of up to 6 Pokémon you like AND that cover each other (types/roles) — a solo carry with a dead-weight bench is a losing setup; a real trainer fields a balanced, levelled squad. CATCHING wild Pokémon is central (\'gotta catch \'em all\') — you catch to build that team and to fill the Pokédex. When you meet a wild Pokémon, weigh it: is it cool/strong/useful, does it cover a gap, is it better than a bench-warmer? — keep your best ~6, and build a squad you actually like. THE ARC: build a team -> beat the 8 gyms prepared -> Elite Four -> credits. ALSO NORMAL: you entered your own name (and your rival\'s) when the game began — people in this world knowing your names is ordinary, not a mystery to react to. RIGHT NOW your team is thin/lopsided (a strong lead but weak or too few others) — that\'s why tough trainers wall you. Building up a real squad (catch a good new teammate, level the weak ones) is how a prepared trainer gets past these. THE MAIN QUEST IS A FIXED PATH you\'re always on: beat the 8 Gym Leaders in order, then the Elite Four, then you win the game. You\'re on GYM 3 of 8 — next is Lt. Surge in Vermilion City. The road forward leads there: until you\'ve won you are ALWAYS making progress toward the next gym. Grinding/catching/detours are fine — but ONLY with a clear purpose, and then you GET BACK ON THE ROAD to Vermilion City. Never just circle the same grass. Word on the road about Lt. Surge: the lightning American — ELECTRIC-types; ground moves shut his whole act down YOUR STORY SO FAR (what you\'ve actually done — your past, not the future): You started in Pallet Town, beat Brock in Pewter (Boulder Badge), fought up Route 3 and through the Mt. Moon cave — a real maze you nearly got lost in — reached Cerulean City, and beat Misty for the Cascade Badge. Now you\'re after your third gym.. Next on my list: catch an pikachu around Viridian Forest (rare) / Power Plant later. It grows into my raichu — that\'s my answer for Lorelei AND Lance down the line. Grabbing it now, before I need it.. THINGS YOU\'VE HEARD AND READ (from people and signs — your own notes, use them when they point somewhere): "TM03 teaches WATER PULSE. Use it on an aquatic POK.MON!"; "KIRA put the TM03 in the TM CASE."; "KIRA received TM03 from MISTY."; "The CASCADEBADGE makes all POK.MON up to Lv. 30 obey. That includes even outsiders you got in trades. There\'s more. You can now use CUT anytime, even out of bat". YOUR PLAN — right now: beat Misty, get the Cascade Badge. Next: Make your way to Vermilion City. Bigger picture: Reach Vermilion City, beat Lt. Surge for the Thunder Badge. Your team right now: wartortle (L29), caterpie (L8), rattata (L12), spearow (L14), abra (L13), ekans (L12). Remember YOU are the one playing this — narrate your plan to chat in your own voice (first person: "I\'m grinding", "my team"), and never ask anyone what you\'re doing or who\'s on your team — you know.', 'progress': "2 badge(s) earned (Boulder, Cascade). Next gym: Lt. Surge of Vermilion City. Pokédex: 7 caught. She's two badges down, a quarter of the way (of 8 badges, then the Elite Four).", 'party': 'wartortle (L29), caterpie (L8), rattata (L12), spearow (L14), abra (L13), ekans (L12)', 'goal': {'short': 'beat Misty, get the Cascade Badge', 'medium': 'Make your way to Vermilion City', 'long': 'Reach Vermilion City, beat Lt. Surge for the Thunder Badge'}} options=['head_to_gym', 'heal', 'battle', 'wander_catch', 'stock_up', 'talk_npc', 'travel:3,22', 'travel:3,43', 'travel:3,27', 'travel:3,21']

   [kira-voice] ORACLE kind=action options=['head_to_gym', 'heal', 'battle', 'wander_catch', 'stock_up', 'talk_npc', 'travel:3,22', 'travel:3,43', 'travel:3,27', 'travel:3,21'] -> pick='battle'

   [campaign]    [soul] ORACLE pick -> 'battle'

   [campaign]    [roam] DECISION THINK: 2415ms (world stayed live — pumped idle, not a freeze)

   [campaign]    [roam] PICK OUT: battle

   [campaign]    [roam] RATIONALE: Team's under-levelled — grinding caterpie, rattata, abra and ekans up to ~L14 (fielding them, not my ace) so I can push through, then on to Vermilion City for Lt. Surge.

   [campaign]    [roam] grass she KNOWS: routing west -> (3, 22) toward Route 4 (visited grass, avoiding any wall)

   [campaign]    [roam] no grass underfoot -> routing to grass route (3, 22) (west) first

   [Bridge] INPUT OWNER = 'agent' (sole writer; others dropped+logged)

   [travel] start map=(3, 3) coords=(31, 22) -> map (3, 22) (budget 300s)

   [travel] west connection band rows: [0, 1, 2, 3, 4, 5, 6, 7, 8, 9, 13, 14, 20, 21, 22, 30, 31, 32, 33, 34, 35, 36, 37, 38, 39]

   [travel] step 0: (31, 22)->(30, 22) map=(3, 3) (path 32 to exit)

   [travel] step 10: (21, 22)->(20, 22) map=(3, 3) (path 22 to exit)

   [travel] step 20: (11, 22)->(10, 22) map=(3, 3) (path 12 to exit)

   [travel] step 30: (1, 22)->(0, 22) map=(3, 3) (path 2 to exit)

   [travel] MAP TRANSITION (3, 3) -> (3, 22)

   [campaign]    [world] learned 3 warp(s) on (3, 22): (19, 5)->(1, 1), (32, 5)->(1, 2), (12, 5)->(16, 0)

   [travel] west connection band rows: [0, 1, 2, 3, 4, 5, 6, 7, 8, 9, 10, 11, 12, 13, 14, 15, 16, 17, 18, 19]

   [travel] ARRIVED at target map (3, 22) coords=(107, 12)

   [campaign]    GRIND-WEAK: team floor under L14 — fielding the weak ones (not the ace) to raise the team's floor; levels now [29, 8, 12, 14, 13, 12]

   [campaign]    GRIND-WEAK: fielding slot 1 (L8) as lead to train it

   [campaign]    GRIND-WEAK: swap 0<->1 verified — caterpie now leads

   [kira-voice] ·floor· (<1s since last) T1 "training time — caterpie leads so it soaks up the XP, and if things get hairy my L29 closer steps in to finish. that's the trick."

   [campaign]    GRIND: Lv8 < 14 - heading to the grass to train [FRAGILE: reachable grass only]

   [kira-voice] -> T1·brisk· (beat) 'made it to a new area'  fired=True  [age 0.0s + post 4ms]

   [Bridge] INPUT OWNER = 'agent' (sole writer; others dropped+logged)

   [travel] start map=(3, 22) coords=(107, 12) -> coord (87, 13) (budget 80s)

   [travel] step 0: (107, 12)->(106, 12) map=(3, 22) (path 29 to exit)

   [travel] step 10: (97, 12)->(96, 12) map=(3, 22) (path 19 to exit)

   [travel] step 20: (92, 17)->(91, 17) map=(3, 22) (path 10 to exit)

   [travel] reached target coord (87, 13)

   [Bridge] INPUT OWNER = 'agent' (sole writer; others dropped+logged)

   [travel] start map=(3, 22) coords=(87, 13) -> coord (87, 14) (budget 80s)

   [travel] step 0: (87, 13)->(87, 14) map=(3, 22) (path 2 to exit)

   [travel] reached target coord (87, 14)

   [Bridge] INPUT OWNER = 'agent' (sole writer; others dropped+logged)

   [travel] start map=(3, 22) coords=(87, 14) -> coord (85, 12) (budget 80s)

   [travel] step 0: (87, 14)->(87, 13) map=(3, 22) (path 5 to exit)

   [campaign]    [roam] watchdog: SCENE callback owns the screen (evolution/naming/cutscene) — deliberate stillness, watch resets until the world returns

   [travel] ENCOUNTER -> on-time beat, warm up, hand off

   [kira-voice] -> T1·brisk· (beat) 'a wild Pokemon leaps out at you'  fired=True  [age 0.0s + post 4ms]

   [Bridge] INPUT OWNER = 'agent' (sole writer; others dropped+logged)

   [kira-voice] ·floor· (<1s since last) T2 'the trainer sent out ekans'

   [kira-voice] -> T1·brisk· (event) 'a battle started against ekans — your caterpie is up front'  fired=True  [age 0.0s + post 612ms]

   [kira-voice] -> T1·brisk· (event) "caterpie showed up for the XP share — now wartortle takes it from here. that's how you train a rookie."  fired=True  [age 0.0s + post 5ms]

   [kira-voice] -> T1·brisk· (event) "the enemy's ekans went down to your wartortle — that's the battle, you won"  fired=True  [age 0.0s + post 3ms]

   [Bridge] INPUT OWNER = 'agent' (sole writer; others dropped+logged)

   [travel] battle outcome=win; resuming pathfind

   [Bridge] INPUT OWNER = 'agent' (sole writer; others dropped+logged)

   [kira-voice] -> T1·brisk· (beat) 'Route 4 stretches toward the mountains, the air drier here'  fired=True  [age 0.0s + post 4ms]

   [travel] reached target coord (85, 12)

   [Bridge] INPUT OWNER = 'agent' (sole writer; others dropped+logged)

   [travel] start map=(3, 22) coords=(85, 12) -> coord (86, 13) (budget 80s)

   [travel] step 0: (85, 12)->(85, 13) map=(3, 22) (path 3 to exit)

   [travel] reached target coord (86, 13)

   [Bridge] INPUT OWNER = 'agent' (sole writer; others dropped+logged)

   [travel] start map=(3, 22) coords=(86, 13) -> coord (87, 13) (budget 80s)

   [travel] step 0: (86, 13)->(87, 13) map=(3, 22) (path 2 to exit)

   [travel] reached target coord (87, 13)

   [Bridge] INPUT OWNER = 'agent' (sole writer; others dropped+logged)

   [travel] start map=(3, 22) coords=(87, 13) -> coord (85, 13) (budget 80s)

   [travel] step 0: (87, 13)->(86, 13) map=(3, 22) (path 3 to exit)

   [travel] reached target coord (85, 13)

   [Bridge] INPUT OWNER = 'agent' (sole writer; others dropped+logged)

   [travel] start map=(3, 22) coords=(85, 13) -> coord (86, 14) (budget 80s)

   [campaign]    [roam] watchdog: SCENE callback owns the screen (evolution/naming/cutscene) — deliberate stillness, watch resets until the world returns

   [travel] ENCOUNTER -> on-time beat, warm up, hand off

   [kira-voice] ·dedup· (repeat text, T1, looping?) 'a wild Pokemon leaps out at you'

   [Bridge] INPUT OWNER = 'agent' (sole writer; others dropped+logged)

   [kira-voice] -> T1·brisk· (event) 'a battle started against mankey — your caterpie is up front'  fired=True  [age 0.0s + post 13ms]

   [kira-voice] ·floor· (<1s since last) T2 'the trainer sent out mankey'

   [kira-voice] ·dedup· (repeat text, T1, looping?) "caterpie showed up for the XP share — now wartortle takes it from here. that's how you train a rookie."

   [kira-voice] -> T1·brisk· (event) "the enemy's mankey went down to your wartortle — that's the battle, you won"  fired=True  [age 0.0s + post 3ms]

   [kira-voice] -> T2·savor· (event) 'my caterpie just leveled up to level 9'  fired=True  [age 0.0s + post 18ms]

   [Bridge] INPUT OWNER = 'agent' (sole writer; others dropped+logged)

   [dialogue] +++ 'What? CATERPIE is evolving!'  tags=[]

   [kira-voice] -> T3·BIG· (dialogue) 'you read: "What? CATERPIE is evolving!"'  fired=True  [age 0.0s + post 10ms]

   [campaign]    [evolve] PHASE 3A: control LOCKED after a level-up — driving the cutscene (A-only)

   [campaign]    [evolve] EARLY BEAT: 'Caterpie is evolving!' box read — emitting now so the line lands on the animation

   [kira-voice] -> T3·BIG· (roster) 'wait — Caterpie is evolving!'  fired=True  [age 0.0s + post 7ms]

   [dialogue] +++ 'Congratulations! Your CATERPIE evolved into METAPOD! .'  tags=[]

   [kira-voice] -> T3·BIG· (dialogue) 'you read: "Congratulations! Your CATERPIE evolved into METAPOD! ."'  fired=True  [age 0.0s + post 7ms]

   [campaign]    [evolve] PHASE 3A drove the evolution cutscene: caterpie -> metapod — naming beat

   [campaign]    [soul] ORACLE decision: kind=name ctx={'place': 'your caterpie just evolved into a metapod! this is a new chapter for a teammate you love — give this metapod a name, just the name.'} options=[]

   [kira-voice] -> T3·BIG· (evolve) 'caterpie evolved into metapod'  fired=True  [age 0.0s + post 8ms]

   [kira-voice] ORACLE kind=name options=[] -> pick=None

   [campaign]    [soul] ORACLE pick -> None

   [travel] battle outcome=win; resuming pathfind

   [Bridge] INPUT OWNER = 'agent' (sole writer; others dropped+logged)

   [kira-voice] ·dedup· (repeat text, T1, looping?) 'Route 4 stretches toward the mountains, the air drier here'

   [travel] reached target coord (86, 14)

   [Bridge] INPUT OWNER = 'agent' (sole writer; others dropped+logged)

   [travel] start map=(3, 22) coords=(86, 14) -> coord (86, 15) (budget 80s)

   [travel] step 0: (86, 14)->(86, 15) map=(3, 22) (path 2 to exit)

   [travel] reached target coord (86, 15)

   [Bridge] INPUT OWNER = 'agent' (sole writer; others dropped+logged)

   [travel] start map=(3, 22) coords=(86, 15) -> coord (86, 14) (budget 80s)

   [travel] step 0: (86, 15)->(86, 14) map=(3, 22) (path 2 to exit)

   [travel] reached target coord (86, 14)

   [Bridge] INPUT OWNER = 'agent' (sole writer; others dropped+logged)

   [travel] start map=(3, 22) coords=(86, 14) -> coord (86, 16) (budget 80s)

   [travel] step 0: (86, 14)->(86, 15) map=(3, 22) (path 3 to exit)

   [travel] reached target coord (86, 16)

   [Bridge] INPUT OWNER = 'agent' (sole writer; others dropped+logged)

   [travel] start map=(3, 22) coords=(86, 16) -> coord (87, 15) (budget 80s)

   [travel] step 0: (86, 16)->(86, 15) map=(3, 22) (path 3 to exit)

   [travel] reached target coord (87, 15)

   [Bridge] INPUT OWNER = 'agent' (sole writer; others dropped+logged)

   [travel] start map=(3, 22) coords=(87, 15) -> coord (85, 15) (budget 80s)

   [campaign]    [roam] watchdog: SCENE callback owns the screen (evolution/naming/cutscene) — deliberate stillness, watch resets until the world returns

   [travel] ENCOUNTER -> on-time beat, warm up, hand off

   [kira-voice] -> T1·brisk· (beat) 'a wild Pokemon leaps out at you'  fired=True  [age 0.0s + post 4ms]

   [Bridge] INPUT OWNER = 'agent' (sole writer; others dropped+logged)

   [kira-voice] -> T1·brisk· (event) 'a battle started against rattata — your metapod is up front'  fired=True  [age 0.0s + post 3ms]

   [kira-voice] ·floor· (<1s since last) T2 'the trainer sent out rattata'

   [kira-voice] -> T1·brisk· (event) "metapod showed up for the XP share — now wartortle takes it from here. that's how you train a rookie."  fired=True  [age 0.0s + post 2ms]

   [kira-voice] -> T1·brisk· (event) "the enemy's rattata went down to your wartortle — that's the battle, you won"  fired=True  [age 0.0s + post 3ms]

   [Bridge] INPUT OWNER = 'agent' (sole writer; others dropped+logged)

   [travel] battle outcome=win; resuming pathfind

   [Bridge] INPUT OWNER = 'agent' (sole writer; others dropped+logged)

   [kira-voice] -> T1·brisk· (beat) 'Route 4 stretches toward the mountains, the air drier here'  fired=True  [age 0.0s + post 2ms]

   [travel] reached target coord (85, 15)

   [Bridge] INPUT OWNER = 'agent' (sole writer; others dropped+logged)

   [travel] start map=(3, 22) coords=(85, 15) -> coord (86, 15) (budget 80s)

   [travel] step 0: (85, 15)->(86, 15) map=(3, 22) (path 2 to exit)

   [travel] reached target coord (86, 15)

   [Bridge] INPUT OWNER = 'agent' (sole writer; others dropped+logged)

   [travel] start map=(3, 22) coords=(86, 15) -> coord (84, 15) (budget 80s)

   [travel] step 0: (86, 15)->(85, 15) map=(3, 22) (path 3 to exit)

   [travel] reached target coord (84, 15)

   [Bridge] INPUT OWNER = 'agent' (sole writer; others dropped+logged)

   [travel] start map=(3, 22) coords=(84, 15) -> coord (85, 14) (budget 80s)

   [travel] step 0: (84, 15)->(84, 14) map=(3, 22) (path 3 to exit)

   [travel] reached target coord (85, 14)

   [Bridge] INPUT OWNER = 'agent' (sole writer; others dropped+logged)

   [travel] start map=(3, 22) coords=(85, 14) -> coord (85, 16) (budget 80s)

   [campaign]    [roam] watchdog: SCENE callback owns the screen (evolution/naming/cutscene) — deliberate stillness, watch resets until the world returns

   [travel] ENCOUNTER -> on-time beat, warm up, hand off

   [kira-voice] ·dedup· (repeat text, T1, looping?) 'a wild Pokemon leaps out at you'

   [Bridge] INPUT OWNER = 'agent' (sole writer; others dropped+logged)

   [kira-voice] ·dedup· (repeat text, T1, looping?) 'a battle started against rattata — your metapod is up front'

   [kira-voice] -> T2·savor· (event) 'the trainer sent out rattata'  fired=True  [age 0.0s + post 20ms]

   [kira-voice] ·dedup· (repeat text, T1, looping?) "metapod showed up for the XP share — now wartortle takes it from here. that's how you train a rookie."

   [pkmn-audio] !! PCM queue full — dropped frame audio (total drops 301; bursts here = audible crackle)

   [kira-voice] ·dedup· (repeat text, T1, looping?) "the enemy's rattata went down to your wartortle — that's the battle, you won"

   [Bridge] INPUT OWNER = 'agent' (sole writer; others dropped+logged)

   [travel] battle outcome=win; resuming pathfind

   [Bridge] INPUT OWNER = 'agent' (sole writer; others dropped+logged)

   [kira-voice] ·dedup· (repeat text, T1, looping?) 'Route 4 stretches toward the mountains, the air drier here'

   [travel] reached target coord (85, 16)

   [campaign]    GRIND: trained to Lv9 (target 14)

   [campaign]    GRIND: Lv9 < 14 - heading to the grass to train [FRAGILE: reachable grass only]

   [Bridge] INPUT OWNER = 'agent' (sole writer; others dropped+logged)

   [travel] start map=(3, 22) coords=(85, 16) -> coord (85, 17) (budget 80s)

   [travel] step 0: (85, 16)->(85, 17) map=(3, 22) (path 2 to exit)

   [travel] reached target coord (85, 17)

   [Bridge] INPUT OWNER = 'agent' (sole writer; others dropped+logged)

   [travel] start map=(3, 22) coords=(85, 17) -> coord (86, 16) (budget 80s)

   [travel] step 0: (85, 17)->(85, 16) map=(3, 22) (path 3 to exit)

   [travel] reached target coord (86, 16)

   [Bridge] INPUT OWNER = 'agent' (sole writer; others dropped+logged)

   [travel] start map=(3, 22) coords=(86, 16) -> coord (84, 16) (budget 80s)

   [travel] step 0: (86, 16)->(85, 16) map=(3, 22) (path 3 to exit)

   [travel] reached target coord (84, 16)

   [Bridge] INPUT OWNER = 'agent' (sole writer; others dropped+logged)

   [travel] start map=(3, 22) coords=(84, 16) -> coord (85, 15) (budget 80s)

   [travel] step 0: (84, 16)->(84, 15) map=(3, 22) (path 3 to exit)

   [travel] reached target coord (85, 15)

   [Bridge] INPUT OWNER = 'agent' (sole writer; others dropped+logged)

   [travel] start map=(3, 22) coords=(85, 15) -> coord (86, 15) (budget 80s)

   [travel] step 0: (85, 15)->(86, 15) map=(3, 22) (path 2 to exit)

   [travel] reached target coord (86, 15)

   [Bridge] INPUT OWNER = 'agent' (sole writer; others dropped+logged)

   [travel] start map=(3, 22) coords=(86, 15) -> coord (84, 15) (budget 80s)

   [travel] step 0: (86, 15)->(85, 15) map=(3, 22) (path 3 to exit)

   [campaign]    [roam] watchdog: SCENE callback owns the screen (evolution/naming/cutscene) — deliberate stillness, watch resets until the world returns

   [travel] path blocked at (85, 15) (NPC on the gap?) - waiting

   [travel] ENCOUNTER -> on-time beat, warm up, hand off

   [kira-voice] ·dedup· (repeat text, T1, looping?) 'a wild Pokemon leaps out at you'

   [Bridge] INPUT OWNER = 'agent' (sole writer; others dropped+logged)

   [kira-voice] -> T1·brisk· (event) 'a battle started against spearow — your metapod is up front'  fired=True  [age 0.0s + post 19ms]

   [kira-voice] ·dedup· (repeat text, T1, looping?) "metapod showed up for the XP share — now wartortle takes it from here. that's how you train a rookie."

   [kira-voice] -> T1·brisk· (event) "the enemy's spearow went down to your wartortle — that's the battle, you won"  fired=True  [age 0.0s + post 23ms]

   [Bridge] INPUT OWNER = 'agent' (sole writer; others dropped+logged)

   [travel] battle outcome=win; resuming pathfind

   [Bridge] INPUT OWNER = 'agent' (sole writer; others dropped+logged)

   [kira-voice] ·dedup· (repeat text, T1, looping?) 'Route 4 stretches toward the mountains, the air drier here'

   [travel] reached target coord (84, 15)

   [Bridge] INPUT OWNER = 'agent' (sole writer; others dropped+logged)

   [travel] start map=(3, 22) coords=(84, 15) -> coord (85, 14) (budget 80s)

   [travel] step 0: (84, 15)->(84, 14) map=(3, 22) (path 3 to exit)

   [travel] reached target coord (85, 14)

   [Bridge] INPUT OWNER = 'agent' (sole writer; others dropped+logged)

   [travel] start map=(3, 22) coords=(85, 14) -> coord (85, 17) (budget 80s)

   [travel] step 0: (85, 14)->(85, 15) map=(3, 22) (path 4 to exit)

   [travel] reached target coord (85, 17)

   [Bridge] INPUT OWNER = 'agent' (sole writer; others dropped+logged)

   [travel] start map=(3, 22) coords=(85, 17) -> coord (84, 17) (budget 80s)

   [travel] step 0: (85, 17)->(84, 17) map=(3, 22) (path 2 to exit)

   [travel] reached target coord (84, 17)

   [Bridge] INPUT OWNER = 'agent' (sole writer; others dropped+logged)

   [travel] start map=(3, 22) coords=(84, 17) -> coord (83, 17) (budget 80s)

   [campaign]    [roam] watchdog: SCENE callback owns the screen (evolution/naming/cutscene) — deliberate stillness, watch resets until the world returns

   [travel] path blocked at (84, 17) (NPC on the gap?) - waiting

   [travel] ENCOUNTER -> on-time beat, warm up, hand off

   [kira-voice] ·dedup· (repeat text, T1, looping?) 'a wild Pokemon leaps out at you'

   [Bridge] INPUT OWNER = 'agent' (sole writer; others dropped+logged)

   [kira-voice] ·dedup· (repeat text, T1, looping?) 'a battle started against rattata — your metapod is up front'

   [kira-voice] ·dedup· (repeat text, T1, looping?) "metapod showed up for the XP share — now wartortle takes it from here. that's how you train a rookie."

   [kira-voice] ·dedup· (repeat text, T1, looping?) "the enemy's rattata went down to your wartortle — that's the battle, you won"

   [Bridge] INPUT OWNER = 'agent' (sole writer; others dropped+logged)

   [travel] battle outcome=win; resuming pathfind

   [Bridge] INPUT OWNER = 'agent' (sole writer; others dropped+logged)

   [kira-voice] ·dedup· (repeat text, T1, looping?) 'Route 4 stretches toward the mountains, the air drier here'

   [travel] reached target coord (83, 17)

   [Bridge] INPUT OWNER = 'agent' (sole writer; others dropped+logged)

   [travel] start map=(3, 22) coords=(83, 17) -> coord (86, 16) (budget 80s)

   [travel] step 0: (83, 17)->(83, 16) map=(3, 22) (path 5 to exit)

   [travel] reached target coord (86, 16)

   [Bridge] INPUT OWNER = 'agent' (sole writer; others dropped+logged)

   [travel] start map=(3, 22) coords=(86, 16) -> coord (84, 16) (budget 80s)

   [travel] step 0: (86, 16)->(85, 16) map=(3, 22) (path 3 to exit)

   [travel] reached target coord (84, 16)

   [Bridge] INPUT OWNER = 'agent' (sole writer; others dropped+logged)

   [travel] start map=(3, 22) coords=(84, 16) -> coord (84, 15) (budget 80s)

   [travel] step 0: (84, 16)->(84, 15) map=(3, 22) (path 2 to exit)

   [travel] reached target coord (84, 15)

   [Bridge] INPUT OWNER = 'agent' (sole writer; others dropped+logged)

   [travel] start map=(3, 22) coords=(84, 15) -> coord (83, 16) (budget 80s)

   [travel] step 0: (84, 15)->(84, 16) map=(3, 22) (path 3 to exit)

   [travel] reached target coord (83, 16)

   [Bridge] INPUT OWNER = 'agent' (sole writer; others dropped+logged)

   [travel] start map=(3, 22) coords=(83, 16) -> coord (84, 17) (budget 80s)

   [travel] step 0: (83, 16)->(83, 17) map=(3, 22) (path 3 to exit)

   [travel] reached target coord (84, 17)

   [Bridge] INPUT OWNER = 'agent' (sole writer; others dropped+logged)

   [travel] start map=(3, 22) coords=(84, 17) -> coord (83, 17) (budget 80s)

   [travel] step 0: (84, 17)->(83, 17) map=(3, 22) (path 2 to exit)

   [travel] reached target coord (83, 17)

   [Bridge] INPUT OWNER = 'agent' (sole writer; others dropped+logged)

   [travel] start map=(3, 22) coords=(83, 17) -> coord (83, 16) (budget 80s)

   [travel] step 0: (83, 17)->(83, 16) map=(3, 22) (path 2 to exit)

   [travel] reached target coord (83, 16)

   [Bridge] INPUT OWNER = 'agent' (sole writer; others dropped+logged)

   [travel] start map=(3, 22) coords=(83, 16) -> coord (82, 17) (budget 80s)

   [travel] step 0: (83, 16)->(83, 17) map=(3, 22) (path 3 to exit)

   [travel] reached target coord (82, 17)

   [Bridge] INPUT OWNER = 'agent' (sole writer; others dropped+logged)

   [travel] start map=(3, 22) coords=(82, 17) -> coord (84, 17) (budget 80s)

   [travel] step 0: (82, 17)->(83, 17) map=(3, 22) (path 3 to exit)

   [travel] reached target coord (84, 17)

   [Bridge] INPUT OWNER = 'agent' (sole writer; others dropped+logged)

   [travel] start map=(3, 22) coords=(84, 17) -> coord (85, 17) (budget 80s)

   [travel] step 0: (84, 17)->(85, 17) map=(3, 22) (path 2 to exit)

   [travel] reached target coord (85, 17)

   [Bridge] INPUT OWNER = 'agent' (sole writer; others dropped+logged)

   [travel] start map=(3, 22) coords=(85, 17) -> coord (84, 17) (budget 80s)

   [travel] step 0: (85, 17)->(84, 17) map=(3, 22) (path 2 to exit)

   [travel] reached target coord (84, 17)

   [Bridge] INPUT OWNER = 'agent' (sole writer; others dropped+logged)

   [travel] start map=(3, 22) coords=(84, 17) -> coord (83, 17) (budget 80s)

   [travel] step 0: (84, 17)->(83, 17) map=(3, 22) (path 2 to exit)

   [travel] reached target coord (83, 17)

   [Bridge] INPUT OWNER = 'agent' (sole writer; others dropped+logged)

   [travel] start map=(3, 22) coords=(83, 17) -> coord (86, 16) (budget 80s)

   [travel] step 0: (83, 17)->(83, 16) map=(3, 22) (path 5 to exit)

   [travel] reached target coord (86, 16)

   [Bridge] INPUT OWNER = 'agent' (sole writer; others dropped+logged)

   [travel] start map=(3, 22) coords=(86, 16) -> coord (84, 16) (budget 80s)

   [travel] step 0: (86, 16)->(85, 16) map=(3, 22) (path 3 to exit)

   [travel] reached target coord (84, 16)

   [Bridge] INPUT OWNER = 'agent' (sole writer; others dropped+logged)

   [travel] start map=(3, 22) coords=(84, 16) -> coord (84, 15) (budget 80s)

   [travel] step 0: (84, 16)->(84, 15) map=(3, 22) (path 2 to exit)

   [travel] reached target coord (84, 15)

   [Bridge] INPUT OWNER = 'agent' (sole writer; others dropped+logged)

   [travel] start map=(3, 22) coords=(84, 15) -> coord (83, 16) (budget 80s)

   [travel] step 0: (84, 15)->(84, 16) map=(3, 22) (path 3 to exit)

   [campaign]    [roam] watchdog: SCENE callback owns the screen (evolution/naming/cutscene) — deliberate stillness, watch resets until the world returns

   [travel] path blocked at (84, 16) (NPC on the gap?) - waiting

   [travel] ENCOUNTER -> on-time beat, warm up, hand off

   [kira-voice] ·dedup· (repeat text, T1, looping?) 'a wild Pokemon leaps out at you'

   [Bridge] INPUT OWNER = 'agent' (sole writer; others dropped+logged)

   [kira-voice] ·dedup· (repeat text, T1, looping?) 'a battle started against rattata — your metapod is up front'

   [kira-voice] -> T2·savor· (event) 'the trainer sent out rattata'  fired=True  [age 0.0s + post 6ms]

   [kira-voice] ·dedup· (repeat text, T1, looping?) "metapod showed up for the XP share — now wartortle takes it from here. that's how you train a rookie."

   [kira-voice] ORACLE kind=battle_item options=['use_potion', 'keep_fighting'] -> pick='keep_fighting'

   [kira-voice] ·dedup· (repeat text, T1, looping?) "the enemy's rattata went down to your wartortle — that's the battle, you won"

   [Bridge] INPUT OWNER = 'agent' (sole writer; others dropped+logged)

   [travel] battle outcome=win; resuming pathfind

   [Bridge] INPUT OWNER = 'agent' (sole writer; others dropped+logged)

   [kira-voice] ·dedup· (repeat text, T1, looping?) 'Route 4 stretches toward the mountains, the air drier here'

   [travel] reached target coord (83, 16)

   [Bridge] INPUT OWNER = 'agent' (sole writer; others dropped+logged)

   [travel] start map=(3, 22) coords=(83, 16) -> coord (84, 17) (budget 80s)

   [travel] step 0: (83, 16)->(83, 17) map=(3, 22) (path 3 to exit)

   [travel] reached target coord (84, 17)

   [Bridge] INPUT OWNER = 'agent' (sole writer; others dropped+logged)

   [travel] start map=(3, 22) coords=(84, 17) -> coord (83, 17) (budget 80s)

   [travel] step 0: (84, 17)->(83, 17) map=(3, 22) (path 2 to exit)

   [travel] reached target coord (83, 17)

   [Bridge] INPUT OWNER = 'agent' (sole writer; others dropped+logged)

   [travel] start map=(3, 22) coords=(83, 17) -> coord (83, 16) (budget 80s)

   [travel] step 0: (83, 17)->(83, 16) map=(3, 22) (path 2 to exit)

   [travel] reached target coord (83, 16)

   [Bridge] INPUT OWNER = 'agent' (sole writer; others dropped+logged)

   [travel] start map=(3, 22) coords=(83, 16) -> coord (82, 17) (budget 80s)

   [travel] step 0: (83, 16)->(83, 17) map=(3, 22) (path 3 to exit)

   [campaign]    [roam] watchdog: SCENE callback owns the screen (evolution/naming/cutscene) — deliberate stillness, watch resets until the world returns

   [travel] path blocked at (83, 17) (NPC on the gap?) - waiting

   [travel] ENCOUNTER -> on-time beat, warm up, hand off

   [kira-voice] -> T1·brisk· (beat) 'a wild Pokemon leaps out at you'  fired=True  [age 0.0s + post 20ms]

   [Bridge] INPUT OWNER = 'agent' (sole writer; others dropped+logged)

   [kira-voice] -> T1·brisk· (event) 'a battle started against rattata — your metapod is up front'  fired=True  [age 0.0s + post 3ms]

   [kira-voice] ·floor· (<1s since last) T2 'the trainer sent out rattata'

   [kira-voice] -> T1·brisk· (event) "metapod showed up for the XP share — now wartortle takes it from here. that's how you train a rookie."  fired=True  [age 0.0s + post 9ms]

   [kira-voice] ORACLE kind=battle_item options=['use_potion', 'keep_fighting'] -> pick='use_potion'

   [dialogue] +++ 'POTION is selected.'  tags=['ITEM']

   [kira-voice]    (dialogue tags: item)

   [kira-voice] -> T1·brisk· (dialogue) 'you read: "POTION is selected."'  fired=True  [age 0.0s + post 21ms]

   [dialogue] +++ 'Use on which POK.MON?'  tags=[]

   [kira-voice] ·throttle· (brisk <1.8s) 'you read: "Use on which POK.MON?"'

   [dialogue] +++ "WARTORTLE's HP was restored by 20 point.s.. ."  tags=[]

   [kira-voice] -> T1·brisk· (dialogue) 'you read: "WARTORTLE\'s HP was restored by 20 point.s.. ."'  fired=True  [age 0.0s + post 4ms]

   [kira-voice] ·floor· (<1s since last) T0 "used an item — that's better"

   [kira-voice] -> T1·brisk· (event) "the enemy's rattata went down to your wartortle — that's the battle, you won"  fired=True  [age 0.0s + post 4ms]

   [Bridge] INPUT OWNER = 'agent' (sole writer; others dropped+logged)

   [travel] battle outcome=win; resuming pathfind

   [Bridge] INPUT OWNER = 'agent' (sole writer; others dropped+logged)

   [kira-voice] -> T1·brisk· (beat) 'Route 4 stretches toward the mountains, the air drier here'  fired=True  [age 0.0s + post 3ms]

   [travel] reached target coord (82, 17)

   [Bridge] INPUT OWNER = 'agent' (sole writer; others dropped+logged)

   [travel] start map=(3, 22) coords=(82, 17) -> coord (84, 17) (budget 80s)

   [travel] step 0: (82, 17)->(83, 17) map=(3, 22) (path 3 to exit)

   [travel] reached target coord (84, 17)

   [Bridge] INPUT OWNER = 'agent' (sole writer; others dropped+logged)

   [travel] start map=(3, 22) coords=(84, 17) -> coord (85, 17) (budget 80s)

   [travel] step 0: (84, 17)->(85, 17) map=(3, 22) (path 2 to exit)

   [travel] reached target coord (85, 17)

   [campaign]    GRIND: trained to Lv9 (target 14)

   [campaign]    GRIND-WEAK: fielded mon made NO progress (still L9) — marking it un-grindable on this route (stalled) so the pass never loops on it

   [campaign]    GRIND-WEAK: fielding slot 2 (L12) as lead to train it

   [campaign]    GRIND-WEAK: swap 0<->2 verified — rattata now leads

   [kira-voice] ·floor· (<1s since last) T1 "training time — rattata leads so it soaks up the XP, and if things get hairy my L29 closer steps in to finish. that's the trick."

   [campaign]    GRIND: Lv12 < 14 - heading to the grass to train [FRAGILE: reachable grass only]

   [Bridge] INPUT OWNER = 'agent' (sole writer; others dropped+logged)

   [travel] start map=(3, 22) coords=(85, 17) -> coord (85, 16) (budget 80s)

   [travel] step 0: (85, 17)->(85, 16) map=(3, 22) (path 2 to exit)

   [travel] reached target coord (85, 16)

   [Bridge] INPUT OWNER = 'agent' (sole writer; others dropped+logged)

   [travel] start map=(3, 22) coords=(85, 16) -> coord (84, 17) (budget 80s)

   [travel] step 0: (85, 16)->(85, 17) map=(3, 22) (path 3 to exit)

   [travel] reached target coord (84, 17)

   [Bridge] INPUT OWNER = 'agent' (sole writer; others dropped+logged)

   [travel] start map=(3, 22) coords=(84, 17) -> coord (83, 17) (budget 80s)

   [travel] step 0: (84, 17)->(83, 17) map=(3, 22) (path 2 to exit)

   [travel] reached target coord (83, 17)

   [Bridge] INPUT OWNER = 'agent' (sole writer; others dropped+logged)

   [travel] start map=(3, 22) coords=(83, 17) -> coord (86, 16) (budget 80s)

   [travel] step 0: (83, 17)->(83, 16) map=(3, 22) (path 5 to exit)

   [travel] reached target coord (86, 16)

   [Bridge] INPUT OWNER = 'agent' (sole writer; others dropped+logged)

   [travel] start map=(3, 22) coords=(86, 16) -> coord (86, 15) (budget 80s)

   [travel] step 0: (86, 16)->(86, 15) map=(3, 22) (path 2 to exit)

   [travel] reached target coord (86, 15)

   [Bridge] INPUT OWNER = 'agent' (sole writer; others dropped+logged)

   [travel] start map=(3, 22) coords=(86, 15) -> coord (85, 16) (budget 80s)

   [travel] step 0: (86, 15)->(86, 16) map=(3, 22) (path 3 to exit)

   [travel] reached target coord (85, 16)

   [Bridge] INPUT OWNER = 'agent' (sole writer; others dropped+logged)

   [travel] start map=(3, 22) coords=(85, 16) -> coord (86, 14) (budget 80s)

   [travel] step 0: (85, 16)->(85, 15) map=(3, 22) (path 4 to exit)

   [travel] reached target coord (86, 14)

   [Bridge] INPUT OWNER = 'agent' (sole writer; others dropped+logged)

   [travel] start map=(3, 22) coords=(86, 14) -> coord (87, 15) (budget 80s)

   [travel] step 0: (86, 14)->(86, 15) map=(3, 22) (path 3 to exit)

   [campaign]    [roam] watchdog: SCENE callback owns the screen (evolution/naming/cutscene) — deliberate stillness, watch resets until the world returns

   [travel] path blocked at (86, 15) (NPC on the gap?) - waiting

   [travel] ENCOUNTER -> on-time beat, warm up, hand off

   [kira-voice] ·dedup· (repeat text, T1, looping?) 'a wild Pokemon leaps out at you'

   [Bridge] INPUT OWNER = 'agent' (sole writer; others dropped+logged)

   [kira-voice] -> T1·brisk· (event) 'a battle started against spearow — your rattata is up front'  fired=True  [age 0.0s + post 5ms]

   [kira-voice] -> T1·brisk· (event) "rattata showed up for the XP share — now wartortle takes it from here. that's how you train a rookie."  fired=True  [age 0.0s + post 4ms]

   [kira-voice] -> T1·brisk· (event) "the enemy's spearow went down to your wartortle — that's the battle, you won"  fired=True  [age 0.0s + post 11ms]

   [Bridge] INPUT OWNER = 'agent' (sole writer; others dropped+logged)

   [travel] battle outcome=win; resuming pathfind

   [Bridge] INPUT OWNER = 'agent' (sole writer; others dropped+logged)

   [kira-voice] ·dedup· (repeat text, T1, looping?) 'Route 4 stretches toward the mountains, the air drier here'

   [travel] reached target coord (87, 15)

   [Bridge] INPUT OWNER = 'agent' (sole writer; others dropped+logged)

   [travel] start map=(3, 22) coords=(87, 15) -> coord (86, 15) (budget 80s)

   [travel] step 0: (87, 15)->(86, 15) map=(3, 22) (path 2 to exit)

   [travel] reached target coord (86, 15)

   [Bridge] INPUT OWNER = 'agent' (sole writer; others dropped+logged)

   [travel] start map=(3, 22) coords=(86, 15) -> coord (87, 14) (budget 80s)

   [travel] step 0: (86, 15)->(86, 14) map=(3, 22) (path 3 to exit)

   [travel] reached target coord (87, 14)

   [Bridge] INPUT OWNER = 'agent' (sole writer; others dropped+logged)

   [travel] start map=(3, 22) coords=(87, 14) -> coord (87, 13) (budget 80s)

   [travel] step 0: (87, 14)->(87, 13) map=(3, 22) (path 2 to exit)

   [travel] reached target coord (87, 13)

   [Bridge] INPUT OWNER = 'agent' (sole writer; others dropped+logged)

   [travel] start map=(3, 22) coords=(87, 13) -> coord (86, 14) (budget 80s)

   [campaign]    [roam] watchdog: SCENE callback owns the screen (evolution/naming/cutscene) — deliberate stillness, watch resets until the world returns

   [travel] path blocked at (87, 13) (NPC on the gap?) - waiting

   [travel] ENCOUNTER -> on-time beat, warm up, hand off

   [kira-voice] -> T1·brisk· (beat) 'a wild Pokemon leaps out at you'  fired=True  [age 0.0s + post 14ms]

   [Bridge] INPUT OWNER = 'agent' (sole writer; others dropped+logged)

   [kira-voice] ·dedup· (repeat text, T1, looping?) 'a battle started against spearow — your rattata is up front'

   [kira-voice] ·dedup· (repeat text, T1, looping?) "rattata showed up for the XP share — now wartortle takes it from here. that's how you train a rookie."

   [kira-voice] ·dedup· (repeat text, T1, looping?) "the enemy's spearow went down to your wartortle — that's the battle, you won"

   [Bridge] INPUT OWNER = 'agent' (sole writer; others dropped+logged)

   [travel] battle outcome=win; resuming pathfind

   [Bridge] INPUT OWNER = 'agent' (sole writer; others dropped+logged)

   [kira-voice] ·dedup· (repeat text, T1, looping?) 'Route 4 stretches toward the mountains, the air drier here'

   [travel] reached target coord (86, 14)

   [Bridge] INPUT OWNER = 'agent' (sole writer; others dropped+logged)

   [travel] start map=(3, 22) coords=(86, 14) -> coord (86, 15) (budget 80s)

   [travel] step 0: (86, 14)->(86, 15) map=(3, 22) (path 2 to exit)

   [travel] reached target coord (86, 15)

   [Bridge] INPUT OWNER = 'agent' (sole writer; others dropped+logged)

   [travel] start map=(3, 22) coords=(86, 15) -> coord (87, 14) (budget 80s)

   [travel] step 0: (86, 15)->(86, 14) map=(3, 22) (path 3 to exit)

   [travel] reached target coord (87, 14)

   [Bridge] INPUT OWNER = 'agent' (sole writer; others dropped+logged)

   [travel] start map=(3, 22) coords=(87, 14) -> coord (85, 14) (budget 80s)

   [travel] step 0: (87, 14)->(86, 14) map=(3, 22) (path 3 to exit)

   [travel] reached target coord (85, 14)

   [Bridge] INPUT OWNER = 'agent' (sole writer; others dropped+logged)

   [travel] start map=(3, 22) coords=(85, 14) -> coord (86, 13) (budget 80s)

   [travel] step 0: (85, 14)->(85, 13) map=(3, 22) (path 3 to exit)

   [travel] reached target coord (86, 13)

   [Bridge] INPUT OWNER = 'agent' (sole writer; others dropped+logged)

   [travel] start map=(3, 22) coords=(86, 13) -> coord (87, 13) (budget 80s)

   [campaign]    [roam] watchdog: SCENE callback owns the screen (evolution/naming/cutscene) — deliberate stillness, watch resets until the world returns

   [travel] path blocked at (86, 13) (NPC on the gap?) - waiting

   [travel] ENCOUNTER -> on-time beat, warm up, hand off

   [Bridge] INPUT OWNER = 'agent' (sole writer; others dropped+logged)

   [kira-voice] ·dedup· (repeat text, T1, looping?) 'a battle started against spearow — your rattata is up front'

   [kira-voice] ·dedup· (repeat text, T1, looping?) "rattata showed up for the XP share — now wartortle takes it from here. that's how you train a rookie."

   [kira-voice] ·dedup· (repeat text, T1, looping?) "the enemy's spearow went down to your wartortle — that's the battle, you won"

   [Bridge] INPUT OWNER = 'agent' (sole writer; others dropped+logged)

   [travel] battle outcome=win; resuming pathfind

   [Bridge] INPUT OWNER = 'agent' (sole writer; others dropped+logged)

   [kira-voice] ·dedup· (repeat text, T1, looping?) 'Route 4 stretches toward the mountains, the air drier here'

   [travel] reached target coord (87, 13)

   [Bridge] INPUT OWNER = 'agent' (sole writer; others dropped+logged)

   [travel] start map=(3, 22) coords=(87, 13) -> coord (85, 13) (budget 80s)

   [travel] step 0: (87, 13)->(86, 13) map=(3, 22) (path 3 to exit)

   [travel] reached target coord (85, 13)

   [Bridge] INPUT OWNER = 'agent' (sole writer; others dropped+logged)

   [travel] start map=(3, 22) coords=(85, 13) -> coord (86, 14) (budget 80s)

   [travel] step 0: (85, 13)->(85, 14) map=(3, 22) (path 3 to exit)

   [travel] reached target coord (86, 14)

   [Bridge] INPUT OWNER = 'agent' (sole writer; others dropped+logged)

   [travel] start map=(3, 22) coords=(86, 14) -> coord (86, 15) (budget 80s)

   [travel] step 0: (86, 14)->(86, 15) map=(3, 22) (path 2 to exit)

   [travel] reached target coord (86, 15)

   [Bridge] INPUT OWNER = 'agent' (sole writer; others dropped+logged)

   [travel] start map=(3, 22) coords=(86, 15) -> coord (86, 14) (budget 80s)

   [travel] step 0: (86, 15)->(86, 14) map=(3, 22) (path 2 to exit)

   [travel] reached target coord (86, 14)

   [Bridge] INPUT OWNER = 'agent' (sole writer; others dropped+logged)

   [travel] start map=(3, 22) coords=(86, 14) -> coord (86, 16) (budget 80s)

   [campaign]    [roam] watchdog: SCENE callback owns the screen (evolution/naming/cutscene) — deliberate stillness, watch resets until the world returns

   [travel] ENCOUNTER -> on-time beat, warm up, hand off

   [Bridge] INPUT OWNER = 'agent' (sole writer; others dropped+logged)

   [pkmn-audio-child] parent closed the pipe (EOF) � clean shutdown.

   [pkmn-audio-child] stopped after 101488 frames.

   [pkmn-audio] stopped (isolated); audio child closed; frame-stepping restored.



================================================================

   PLAY-LIVE RESULT: window-closed

   final: map=(3, 22) coords=(86, 14)  badge=True

   [kira-voice] === 104 fired, 58 gated (0 failed) | by tier: T3=8 T2=58 T1=38 (incl ambient trickle) ===

================================================================

