===== playlive_2026-08-10_12-24-46.log =====
   [travel] start map=(3, 28) coords=(13, 10) -> map (3, 27) (budget 300s, surf-capable)
   [travel] west connection band rows: [8, 9, 10, 20, 21, 22, 23, 24, 25, 26, 27, 28, 29, 30, 31, 32, 33, 34, 35, 36, 37, 38, 39, 40, 41, 42, 43, 44, 45, 46, 47, 48, 49, 50, 51, 52, 53, 54, 55, 56, 57, 58, 59, 60, 61, 62, 63, 64, 65, 66, 67, 68, 69, 70, 71, 72, 73, 74, 75, 76, 77, 78, 79]
   [travel] step 0: (13, 10)->(13, 11) map=(3, 28) (path 16 to exit)
   [travel] step 10: (5, 10)->(4, 10) map=(3, 28) (path 6 to exit)
   [travel] MAP TRANSITION (3, 28) -> (3, 27)
   [travel] west connection band rows: [6, 8, 9, 11]
   [travel] ARRIVED at target map (3, 27) coords=(71, 10)
   [travel] start map=(3, 27) coords=(71, 10) -> map (3, 3) (budget 300s, surf-capable)
   [travel] west connection band rows: [6, 8, 9, 11]
   [travel] step 0: (71, 10)->(70, 10) map=(3, 27) (path 95 to exit)
   [travel] step 10: (67, 16)->(66, 16) map=(3, 27) (path 89 to exit)
   [travel] step 20: (59, 16)->(58, 16) map=(3, 27) (path 79 to exit)
   [travel] step 30: (49, 16)->(48, 16) map=(3, 27) (path 69 to exit)
   [travel] HEARTBEAT step=40 map=(3, 27) coords=(39, 16) elapsed=6s
   [travel] step 40: (39, 16)->(38, 16) map=(3, 27) (path 59 to exit)
   [travel] step 50: (35, 10)->(35, 9) map=(3, 27) (path 49 to exit)
   [travel] step 60: (28, 7)->(28, 6) map=(3, 27) (path 39 to exit)
   [travel] step 70: (23, 2)->(22, 2) map=(3, 27) (path 29 to exit)
   [travel] HEARTBEAT step=80 map=(3, 27) coords=(17, 6) elapsed=11s
   [travel] step 80: (17, 6)->(16, 6) map=(3, 27) (path 19 to exit)
   [travel] step 90: (9, 8)->(8, 8) map=(3, 27) (path 10 to exit)
   [travel] path blocked at (3, 8) (NPC on the gap?) - waiting
   [travel] no clean path from (3, 8); NPC-allowing path EXISTS (len 4), blocker NPC tile=(2, 8), npcs nearby=[(2, 8), (12, 17)] -> approaching to interact/trigger
   [travel] !! FIELD OBSTACLE on the only gap: (2, 8) on (3, 27) is a CUT tree -> no_route_hm_blocked (honest; not a stuck NPC)
   [travel] start map=(3, 27) coords=(3, 8) -> map (3, 3) (budget 300s, surf-capable)
   [travel] west connection band rows: [6, 8, 9, 11]
   [travel] !! WATCHDOG disengage requested — bailing this leg LOUD
   [travel] start map=(3, 27) coords=(3, 8) -> map (3, 3) (budget 300s, surf-capable)
   [travel] west connection band rows: [6, 8, 9, 11]
   [travel] !! WATCHDOG disengage requested — bailing this leg LOUD
===== playlive_2026-08-10_10-35-34.log =====
