===== playlive_2026-08-07_20-21-19.log =====
   [travel] start map=(3, 7) coords=(47, 21) -> coord (25, 32) (budget 120s, surf-capable)
   [travel] step 0: (47, 21)->(47, 22) map=(3, 7) (path 86 to exit)
   [travel] step 10: (38, 22)->(37, 22) map=(3, 7) (path 76 to exit)
   [travel] step 20: (30, 24)->(30, 25) map=(3, 7) (path 66 to exit)
   [travel] step 30: (21, 25)->(20, 25) map=(3, 7) (path 56 to exit)
   [travel] HEARTBEAT step=40 map=(3, 7) coords=(11, 25) elapsed=5s
   [travel] step 40: (11, 25)->(10, 25) map=(3, 7) (path 46 to exit)
   [travel] step 50: (3, 27)->(3, 28) map=(3, 7) (path 36 to exit)
   [travel] step 60: (4, 36)->(5, 36) map=(3, 7) (path 26 to exit)
   [travel] step 70: (11, 33)->(11, 32) map=(3, 7) (path 16 to exit)
   [travel] HEARTBEAT step=80 map=(3, 7) coords=(20, 32) elapsed=11s
   [travel] step 80: (20, 32)->(21, 32) map=(3, 7) (path 6 to exit)
   [travel] reached target coord (25, 32)
   [travel] start map=(11, 5) coords=(11, 2) -> coord (7, 7) (budget 60s, surf-capable)
   [travel] step 0: (11, 2)->(11, 3) map=(11, 5) (path 10 to exit)
   [travel] reached target coord (7, 7)
   [travel] start map=(3, 7) coords=(25, 32) -> coord (25, 32) (budget 120s, surf-capable)
   [travel] reached target coord (25, 32)
   [travel] start map=(11, 5) coords=(7, 4) -> coord (7, 7) (budget 60s, surf-capable)
   [travel] path blocked at (7, 4) (NPC on the gap?) - waiting
   [travel] no clean path from (7, 4); NPC-allowing path EXISTS (len 4), blocker NPC tile=None, npcs nearby=[(3, 8), (7, 2), (12, 5), (13, 3)] -> approaching to interact/trigger
   [travel] reached target coord (7, 7)
   [travel] start map=(3, 7) coords=(47, 21) -> coord (25, 32) (budget 120s, surf-capable)
   [travel] step 0: (47, 21)->(47, 22) map=(3, 7) (path 86 to exit)
   [travel] step 10: (38, 22)->(37, 22) map=(3, 7) (path 76 to exit)
   [travel] step 20: (30, 24)->(30, 25) map=(3, 7) (path 66 to exit)
   [travel] step 30: (21, 25)->(20, 25) map=(3, 7) (path 56 to exit)
   [travel] HEARTBEAT step=40 map=(3, 7) coords=(11, 25) elapsed=5s
   [travel] step 40: (11, 25)->(10, 25) map=(3, 7) (path 46 to exit)
   [travel] step 50: (3, 27)->(3, 28) map=(3, 7) (path 36 to exit)
   [travel] step 60: (4, 36)->(5, 36) map=(3, 7) (path 26 to exit)
   [travel] step 70: (11, 33)->(11, 32) map=(3, 7) (path 16 to exit)
   [travel] HEARTBEAT step=80 map=(3, 7) coords=(20, 32) elapsed=11s
   [travel] step 80: (20, 32)->(21, 32) map=(3, 7) (path 6 to exit)
   [travel] reached target coord (25, 32)
   [travel] start map=(11, 5) coords=(7, 4) -> coord (7, 7) (budget 60s, surf-capable)
   [travel] path blocked at (7, 4) (NPC on the gap?) - waiting
   [travel] no clean path from (7, 4); NPC-allowing path EXISTS (len 4), blocker NPC tile=None, npcs nearby=[(3, 8), (7, 2), (12, 5), (13, 3)] -> approaching to interact/trigger
   [travel] reached target coord (7, 7)
   [travel] start map=(3, 7) coords=(25, 32) -> coord (47, 21) (budget 120s, surf-capable)
   [travel] step 0: (25, 32)->(26, 32) map=(3, 7) (path 33 to exit)
   [travel] step 10: (29, 26)->(29, 25) map=(3, 7) (path 24 to exit)
   [travel] step 20: (34, 21)->(35, 21) map=(3, 7) (path 14 to exit)
   [travel] step 30: (44, 21)->(45, 21) map=(3, 7) (path 4 to exit)
   [travel] reached target coord (47, 21)
   [travel] start map=(3, 7) coords=(47, 21) -> coord (25, 32) (budget 120s, surf-capable)
   [travel] step 0: (47, 21)->(47, 22) map=(3, 7) (path 86 to exit)
   [travel] step 10: (38, 22)->(37, 22) map=(3, 7) (path 76 to exit)
   [travel] step 20: (30, 24)->(30, 25) map=(3, 7) (path 66 to exit)
   [travel] step 30: (21, 25)->(20, 25) map=(3, 7) (path 56 to exit)
   [travel] HEARTBEAT step=40 map=(3, 7) coords=(11, 25) elapsed=5s
   [travel] step 40: (11, 25)->(10, 25) map=(3, 7) (path 46 to exit)
   [travel] step 50: (3, 27)->(3, 28) map=(3, 7) (path 36 to exit)
   [travel] step 60: (4, 36)->(5, 36) map=(3, 7) (path 26 to exit)
   [travel] step 70: (11, 33)->(11, 32) map=(3, 7) (path 16 to exit)
   [travel] HEARTBEAT step=80 map=(3, 7) coords=(20, 32) elapsed=11s
   [travel] step 80: (20, 32)->(21, 32) map=(3, 7) (path 6 to exit)
   [travel] reached target coord (25, 32)
===== playlive_2026-08-07_20-08-27.log =====
   [travel] start map=(3, 31) coords=(0, 11) -> map (3, 32) (budget 300s, surf-capable)
   [travel] west connection band rows: [5, 7, 9, 11, 13]
   [travel] MAP TRANSITION (3, 31) -> (3, 32)
   [travel] west connection band rows: [0, 1, 2, 3, 4, 5, 6, 7, 8, 9, 10, 11, 12, 13, 14, 15, 16, 17, 18, 19, 20, 21, 22, 23, 24, 25, 26, 27, 28, 29, 30, 31, 32, 33, 34, 35, 36, 37, 38, 39, 45, 46, 47, 48, 50, 51, 52, 53, 54, 56]
   [travel] ARRIVED at target map (3, 32) coords=(23, 11)
   [travel] start map=(3, 32) coords=(23, 11) -> map (3, 33) (budget 300s, surf-capable)
   [travel] west connection band rows: [0, 1, 2, 3, 4, 5, 6, 7, 8, 9, 10, 11, 12, 13, 14, 15, 16, 17, 18, 19, 20, 21, 22, 23, 24, 25, 26, 27, 28, 29, 30, 31, 32, 33, 34, 35, 36, 37, 38, 39, 45, 46, 47, 48, 50, 51, 52, 53, 54, 56]
   [travel] step 0: (23, 11)->(22, 11) map=(3, 32) (path 63 to exit)
   [travel] path blocked at (16, 13) (NPC on the gap?) - waiting
   [travel] no clean path from (16, 13); NPC-allowing path EXISTS (len 54), blocker NPC tile=(16, 14), npcs nearby=[(7, 6), (8, 9), (10, 14), (16, 14)] -> approaching to interact/trigger
   [travel] blocker is a TRAINER - fighting through
   [play-live]    [engine] re-entry: foe is already DOWN — draining the faint/switch chain
   [play-live]    [engine] JUST FIGHT: L68 vs L28 + connecting damage — skipping bag/switch hierarchy this turn
   [play-live]    [engine] action menu: Surf - a STAB hit -> slot 1 (eff x1) vs spearow 60/60 | [0]Skull Bash(p100,pp=15,ref=0,sc=50) [1]Surf(p95*STAB,pp=9,ref=0,sc=142.5) [2]Earthquake(p100,pp=0,ref=0,sc=0)
   [play-live]    [engine] STREAM COMMIT: Surf - a STAB hit slot 1 (menu_up=1 action=True moves=False)
   [play-live]    [engine] battle-progress: move resolved
   [play-live]    [engine] battle-progress: enemy fainted
   [play-live]    [engine] party screen in drain: voluntary (shift prompt) -> single B out
   [play-live]    [engine] JUST FIGHT: L68 vs L28 + connecting damage — skipping bag/switch hierarchy this turn
   [play-live]    [engine] action menu: Surf - a STAB hit -> slot 1 (eff x1) vs doduo 57/57 | [0]Skull Bash(p100,pp=15,ref=0,sc=50) [1]Surf(p95*STAB,pp=8,ref=0,sc=142.5) [2]Earthquake(p100,pp=0,ref=0,sc=0)
   [play-live]    [engine] STREAM COMMIT: Surf - a STAB hit slot 1 (menu_up=1 action=True moves=False)
   [play-live]    [engine] battle-progress: move resolved
   [play-live]    [engine] battle-progress: enemy fainted
   [play-live]    [engine] party screen in drain: voluntary (shift prompt) -> single B out
   [play-live]    [engine] JUST FIGHT: L68 vs L28 + connecting damage — skipping bag/switch hierarchy this turn
   [play-live]    [engine] action menu: Surf - a STAB hit -> slot 1 (eff x1) vs fearow 74/74 | [0]Skull Bash(p100,pp=15,ref=0,sc=50) [1]Surf(p95*STAB,pp=7,ref=0,sc=142.5) [2]Earthquake(p100,pp=0,ref=0,sc=0)
   [play-live]    [engine] STREAM COMMIT: Surf - a STAB hit slot 1 (menu_up=1 action=True moves=False)
   [play-live]    [engine] battle-progress: move resolved
   [play-live]    [engine] battle-progress: enemy fainted
   [travel] blocker battle outcome=win; resuming pathfind
   [travel] step 20: (15, 16)->(15, 17) map=(3, 32) (path 50 to exit)
   [travel] step 30: (15, 26)->(15, 27) map=(3, 32) (path 40 to exit)
   [travel] HEARTBEAT step=40 map=(3, 32) coords=(15, 36) elapsed=118s
   [travel] step 40: (15, 36)->(15, 37) map=(3, 32) (path 30 to exit)
   [travel] step 50: (15, 46)->(15, 47) map=(3, 32) (path 20 to exit)
   [travel] step 60: (9, 50)->(8, 50) map=(3, 32) (path 10 to exit)
   [travel] MAP TRANSITION (3, 32) -> (3, 33)
   [travel] west connection band rows: [10, 11, 12, 13]
   [travel] ARRIVED at target map (3, 33) coords=(71, 10)
   [travel] start map=(3, 33) coords=(71, 10) -> map (3, 7) (budget 300s, surf-capable)
   [travel] west connection band rows: [10, 11, 12, 13]
   [travel] path blocked at (71, 10) (NPC on the gap?) - waiting
   [travel] no clean path from (71, 10) AND no NPC-allowing path (npcs nearby=[(63, 13), (73, 7)]) - genuine wall/zone gap, will time out
   [travel] !! TRAVEL WEDGE: identical fp x4 retries at (71, 10) map=(3, 33) (reason=no_route) -> returning to roam LOUD (no inner spin)
   [travel] start map=(3, 33) coords=(71, 10) -> coord (16, 12) (budget 240s, surf-capable)
   [travel] step 0: (71, 10)->(71, 11) map=(3, 33) (path 60 to exit)
   [travel] step 10: (63, 12)->(62, 12) map=(3, 33) (path 50 to exit)
   [travel] step 20: (54, 13)->(53, 13) map=(3, 33) (path 40 to exit)
   [travel] step 30: (44, 13)->(43, 13) map=(3, 33) (path 30 to exit)
   [travel] HEARTBEAT step=40 map=(3, 33) coords=(34, 13) elapsed=7s
   [travel] step 40: (34, 13)->(33, 13) map=(3, 33) (path 20 to exit)
   [travel] step 50: (25, 12)->(24, 12) map=(3, 33) (path 10 to exit)
   [travel] reached target coord (16, 12)
   [travel] start map=(3, 33) coords=(16, 9) -> coord (17, 11) (budget 60s, surf-capable)
   [travel] step 0: (16, 9)->(16, 10) map=(3, 33) (path 4 to exit)
   [travel] reached target coord (17, 11)
   [travel] start map=(24, 0) coords=(11, 6) -> coord (1, 7) (budget 110s, surf-capable)
   [travel] step 0: (11, 6)->(11, 7) map=(24, 0) (path 12 to exit)
   [travel] step 10: (2, 7)->(1, 7) map=(24, 0) (path 2 to exit)
   [travel] reached target coord (1, 7)
   [travel] start map=(24, 0) coords=(1, 3) -> coord (1, 8) (budget 90s, surf-capable)
   [travel] step 0: (1, 3)->(1, 4) map=(24, 0) (path 6 to exit)
   [travel] reached target coord (1, 8)
   [travel] start map=(24, 0) coords=(1, 3) -> coord (2, 6) (budget 60s, surf-capable)
   [travel] step 0: (1, 3)->(1, 4) map=(24, 0) (path 5 to exit)
   [travel] reached target coord (2, 6)
   [travel] start map=(3, 33) coords=(9, 11) -> map (3, 7) (budget 300s, surf-capable)
   [travel] west connection band rows: [10, 11, 12, 13]
   [travel] step 0: (9, 11)->(8, 11) map=(3, 33) (path 10 to exit)
   [travel] MAP TRANSITION (3, 33) -> (3, 7)
   [travel] west connection band rows: [0, 1, 2, 3, 4, 5, 6, 7, 8, 9, 18, 19, 20, 30, 31, 32, 33, 34, 35, 36, 37, 38, 39]
   [travel] ARRIVED at target map (3, 7) coords=(47, 21)
   [travel] start map=(3, 7) coords=(47, 21) -> coord (25, 32) (budget 120s, surf-capable)
   [travel] step 0: (47, 21)->(47, 22) map=(3, 7) (path 86 to exit)
   [travel] step 10: (38, 22)->(37, 22) map=(3, 7) (path 76 to exit)
   [travel] step 20: (30, 24)->(30, 25) map=(3, 7) (path 66 to exit)
   [travel] step 30: (21, 25)->(20, 25) map=(3, 7) (path 56 to exit)
   [travel] HEARTBEAT step=40 map=(3, 7) coords=(11, 25) elapsed=5s
   [travel] step 40: (11, 25)->(10, 25) map=(3, 7) (path 46 to exit)
   [travel] step 50: (3, 27)->(3, 28) map=(3, 7) (path 36 to exit)
   [travel] step 60: (4, 36)->(5, 36) map=(3, 7) (path 26 to exit)
   [travel] step 70: (11, 33)->(11, 32) map=(3, 7) (path 16 to exit)
   [travel] HEARTBEAT step=80 map=(3, 7) coords=(20, 32) elapsed=11s
   [travel] step 80: (20, 32)->(21, 32) map=(3, 7) (path 6 to exit)
   [travel] reached target coord (25, 32)
   [travel] start map=(11, 5) coords=(11, 2) -> coord (7, 7) (budget 60s, surf-capable)
   [travel] step 0: (11, 2)->(11, 3) map=(11, 5) (path 10 to exit)
   [travel] reached target coord (7, 7)
   [travel] start map=(3, 7) coords=(25, 32) -> coord (25, 32) (budget 120s, surf-capable)
   [travel] reached target coord (25, 32)
   [travel] start map=(11, 5) coords=(7, 4) -> coord (7, 7) (budget 60s, surf-capable)
   [travel] path blocked at (7, 4) (NPC on the gap?) - waiting
   [travel] no clean path from (7, 4); NPC-allowing path EXISTS (len 4), blocker NPC tile=None, npcs nearby=[(5, 8), (7, 2), (12, 5), (13, 3)] -> approaching to interact/trigger
   [travel] reached target coord (7, 7)
   [travel] start map=(3, 7) coords=(47, 21) -> coord (25, 32) (budget 120s, surf-capable)
   [travel] step 0: (47, 21)->(47, 22) map=(3, 7) (path 86 to exit)
   [travel] step 10: (38, 22)->(37, 22) map=(3, 7) (path 76 to exit)
   [travel] step 20: (30, 24)->(30, 25) map=(3, 7) (path 66 to exit)
   [travel] step 30: (21, 25)->(20, 25) map=(3, 7) (path 56 to exit)
   [travel] HEARTBEAT step=40 map=(3, 7) coords=(11, 25) elapsed=5s
   [travel] step 40: (11, 25)->(10, 25) map=(3, 7) (path 46 to exit)
   [travel] step 50: (3, 27)->(3, 28) map=(3, 7) (path 36 to exit)
   [travel] step 60: (4, 36)->(5, 36) map=(3, 7) (path 26 to exit)
   [travel] step 70: (11, 33)->(11, 32) map=(3, 7) (path 16 to exit)
   [travel] HEARTBEAT step=80 map=(3, 7) coords=(20, 32) elapsed=11s
   [travel] step 80: (20, 32)->(21, 32) map=(3, 7) (path 6 to exit)
   [travel] reached target coord (25, 32)
   [travel] start map=(11, 5) coords=(7, 4) -> coord (7, 7) (budget 60s, surf-capable)
   [travel] path blocked at (7, 4) (NPC on the gap?) - waiting
   [travel] no clean path from (7, 4); NPC-allowing path EXISTS (len 4), blocker NPC tile=None, npcs nearby=[(4, 8), (7, 2), (12, 5), (13, 3)] -> approaching to interact/trigger
   [travel] reached target coord (7, 7)
   [travel] start map=(3, 7) coords=(25, 32) -> coord (47, 21) (budget 120s, surf-capable)
   [travel] step 0: (25, 32)->(26, 32) map=(3, 7) (path 33 to exit)
   [travel] step 10: (29, 26)->(29, 25) map=(3, 7) (path 24 to exit)
   [travel] step 20: (34, 21)->(35, 21) map=(3, 7) (path 14 to exit)
   [travel] step 30: (44, 21)->(45, 21) map=(3, 7) (path 4 to exit)
   [travel] reached target coord (47, 21)
   [travel] start map=(3, 7) coords=(47, 21) -> coord (25, 32) (budget 120s, surf-capable)
   [travel] step 0: (47, 21)->(47, 22) map=(3, 7) (path 86 to exit)
   [travel] step 10: (38, 22)->(37, 22) map=(3, 7) (path 76 to exit)
   [travel] step 20: (30, 24)->(30, 25) map=(3, 7) (path 66 to exit)
   [travel] step 30: (21, 25)->(20, 25) map=(3, 7) (path 56 to exit)
   [travel] HEARTBEAT step=40 map=(3, 7) coords=(11, 25) elapsed=5s
   [travel] step 40: (11, 25)->(10, 25) map=(3, 7) (path 46 to exit)
   [travel] step 50: (3, 27)->(3, 28) map=(3, 7) (path 36 to exit)
   [travel] step 60: (4, 36)->(5, 36) map=(3, 7) (path 26 to exit)
   [travel] step 70: (11, 33)->(11, 32) map=(3, 7) (path 16 to exit)
   [travel] HEARTBEAT step=80 map=(3, 7) coords=(20, 32) elapsed=11s
   [travel] step 80: (20, 32)->(21, 32) map=(3, 7) (path 6 to exit)
   [travel] reached target coord (25, 32)
   [travel] start map=(11, 5) coords=(7, 4) -> coord (7, 7) (budget 60s, surf-capable)
   [travel] path blocked at (7, 4) (NPC on the gap?) - waiting
   [travel] no clean path from (7, 4); NPC-allowing path EXISTS (len 4), blocker NPC tile=None, npcs nearby=[(4, 8), (7, 2), (12, 5), (13, 3)] -> approaching to interact/trigger
   [travel] reached target coord (7, 7)
   [travel] start map=(3, 7) coords=(25, 32) -> coord (47, 21) (budget 120s, surf-capable)
   [travel] step 0: (25, 32)->(26, 32) map=(3, 7) (path 33 to exit)
   [travel] step 10: (29, 26)->(29, 25) map=(3, 7) (path 24 to exit)
   [travel] step 20: (34, 21)->(35, 21) map=(3, 7) (path 14 to exit)
   [travel] step 30: (44, 21)->(45, 21) map=(3, 7) (path 4 to exit)
   [travel] reached target coord (47, 21)
   [travel] start map=(3, 7) coords=(47, 21) -> coord (25, 32) (budget 120s, surf-capable)
   [travel] step 0: (47, 21)->(47, 22) map=(3, 7) (path 86 to exit)
   [travel] step 10: (38, 22)->(37, 22) map=(3, 7) (path 76 to exit)
   [travel] step 20: (30, 24)->(30, 25) map=(3, 7) (path 66 to exit)
   [travel] step 30: (21, 25)->(20, 25) map=(3, 7) (path 56 to exit)
   [travel] HEARTBEAT step=40 map=(3, 7) coords=(11, 25) elapsed=5s
   [travel] step 40: (11, 25)->(10, 25) map=(3, 7) (path 46 to exit)
   [travel] step 50: (3, 27)->(3, 28) map=(3, 7) (path 36 to exit)
   [travel] step 60: (4, 36)->(5, 36) map=(3, 7) (path 26 to exit)
   [travel] step 70: (11, 33)->(11, 32) map=(3, 7) (path 16 to exit)
   [travel] HEARTBEAT step=80 map=(3, 7) coords=(20, 32) elapsed=11s
   [travel] step 80: (20, 32)->(21, 32) map=(3, 7) (path 6 to exit)
   [travel] reached target coord (25, 32)
