===== playlive_2026-08-10_18-05-31.log =====
   [travel] start map=(3, 27) coords=(71, 10) -> map (3, 3) (budget 300s, surf-capable)
   [travel] west connection band rows: [6, 8, 9, 11]
   [travel] path blocked at (71, 10) (NPC on the gap?) - waiting
   [travel] no clean path from (71, 10) AND no NPC-allowing path (npcs nearby=[(65, 17)]) - genuine wall/zone gap, will time out
   [travel] !! TRAVEL WEDGE: identical fp x4 retries at (71, 10) map=(3, 27) (reason=no_route) -> returning to roam LOUD (no inner spin)
   [travel] start map=(3, 27) coords=(71, 10) -> map (3, 28) (budget 300s, surf-capable)
   [travel] east connection band rows: [8, 9, 10]
   [travel] step 0: (71, 10)->(0, 10) map=(3, 27) (path 2 to exit)
   [travel] MAP TRANSITION (3, 27) -> (3, 28)
   [travel] east connection band rows: [0, 1, 2, 3, 4, 5, 6, 7, 8, 9, 10, 11, 12, 13, 14, 15, 16, 17, 18, 19, 20, 21, 22, 23, 24, 25, 26, 27, 28, 29, 30, 31, 32, 33, 34, 35, 36, 37, 38, 39, 40, 41, 42, 43, 44, 45, 46, 47, 48, 49, 50, 51, 52, 53, 54, 55, 56, 57, 58, 59, 60, 61, 62, 63, 64, 65, 66, 67, 68, 69, 70, 71, 72, 73, 74, 75, 76, 77, 78, 79]
   [travel] ARRIVED at target map (3, 28) coords=(0, 10)
   [travel] start map=(3, 28) coords=(0, 10) -> coord (13, 21) (budget 120s, surf-capable)
   [travel] step 0: (0, 10)->(1, 10) map=(3, 28) (path 30 to exit)
   [travel] step 10: (6, 14)->(7, 14) map=(3, 28) (path 21 to exit)
   [travel] step 20: (14, 16)->(15, 16) map=(3, 28) (path 11 to exit)
   [travel] reached target coord (13, 21)
   [travel] start map=(21, 0) coords=(11, 2) -> coord (7, 7) (budget 60s, surf-capable)
   [travel] step 0: (11, 2)->(11, 3) map=(21, 0) (path 10 to exit)
   [travel] reached target coord (7, 7)
   [travel] start map=(3, 28) coords=(13, 21) -> coord (13, 21) (budget 120s, surf-capable)
   [travel] reached target coord (13, 21)
   [travel] start map=(21, 0) coords=(9, 4) -> coord (7, 7) (budget 60s, surf-capable)
   [travel] !! WATCHDOG disengage requested — bailing this leg LOUD
   [travel] start map=(21, 0) coords=(9, 4) -> coord (7, 9) (budget 45s, surf-capable)
   [travel] !! WATCHDOG disengage requested — bailing this leg LOUD
   [travel] start map=(21, 0) coords=(9, 4) -> coord (7, 7) (budget 45s, surf-capable)
   [travel] step 0: (9, 4)->(9, 5) map=(21, 0) (path 6 to exit)
   [travel] reached target coord (7, 7)
   [travel] start map=(3, 28) coords=(13, 21) -> map (3, 27) (budget 300s, surf-capable)
   [travel] west connection band rows: [8, 9, 10, 20, 21, 22, 23, 24, 25, 26, 27, 28, 29, 30, 31, 32, 33, 34, 35, 36, 37, 38, 39, 40, 41, 42, 43, 44, 45, 46, 47, 48, 49, 50, 51, 52, 53, 54, 55, 56, 57, 58, 59, 60, 61, 62, 63, 64, 65, 66, 67, 68, 69, 70, 71, 72, 73, 74, 75, 76, 77, 78, 79]
   [travel] step 0: (13, 21)->(14, 21) map=(3, 28) (path 31 to exit)
   [travel] step 10: (16, 14)->(16, 13) map=(3, 28) (path 21 to exit)
   [travel] step 20: (9, 11)->(8, 11) map=(3, 28) (path 11 to exit)
   [travel] MAP TRANSITION (3, 28) -> (3, 27)
   [travel] west connection band rows: [6, 8, 9, 11]
   [travel] ARRIVED at target map (3, 27) coords=(71, 10)
   [travel] start map=(3, 27) coords=(71, 10) -> map (3, 3) (budget 300s, surf-capable)
   [travel] west connection band rows: [6, 8, 9, 11]
   [travel] path blocked at (71, 10) (NPC on the gap?) - waiting
   [travel] no clean path from (71, 10) AND no NPC-allowing path (npcs nearby=[(65, 17)]) - genuine wall/zone gap, will time out
   [travel] !! TRAVEL WEDGE: identical fp x4 retries at (71, 10) map=(3, 27) (reason=no_route) -> returning to roam LOUD (no inner spin)
   [travel] start map=(3, 27) coords=(71, 10) -> map (3, 3) (budget 300s, surf-capable)
   [travel] west connection band rows: [6, 8, 9, 11]
   [travel] path blocked at (71, 10) (NPC on the gap?) - waiting
   [travel] no clean path from (71, 10) AND no NPC-allowing path (npcs nearby=[(65, 17)]) - genuine wall/zone gap, will time out
   [travel] !! TRAVEL WEDGE: identical fp x4 retries at (71, 10) map=(3, 27) (reason=no_route) -> returning to roam LOUD (no inner spin)
   [travel] start map=(3, 27) coords=(71, 10) -> map (3, 3) (budget 300s, surf-capable)
   [travel] west connection band rows: [6, 8, 9, 11]
   [travel] path blocked at (71, 10) (NPC on the gap?) - waiting
   [travel] no clean path from (71, 10) AND no NPC-allowing path (npcs nearby=[(65, 17)]) - genuine wall/zone gap, will time out
   [travel] !! TRAVEL WEDGE: identical fp x4 retries at (71, 10) map=(3, 27) (reason=no_route) -> returning to roam LOUD (no inner spin)
   [travel] start map=(3, 27) coords=(71, 10) -> map (3, 3) (budget 300s, surf-capable)
   [travel] west connection band rows: [6, 8, 9, 11]
   [travel] path blocked at (71, 10) (NPC on the gap?) - waiting
   [travel] no clean path from (71, 10) AND no NPC-allowing path (npcs nearby=[(65, 17)]) - genuine wall/zone gap, will time out
   [travel] !! TRAVEL WEDGE: identical fp x4 retries at (71, 10) map=(3, 27) (reason=no_route) -> returning to roam LOUD (no inner spin)
   [travel] start map=(3, 27) coords=(71, 10) -> map (3, 3) (budget 300s, surf-capable)
   [travel] west connection band rows: [6, 8, 9, 11]
   [travel] path blocked at (71, 10) (NPC on the gap?) - waiting
   [travel] no clean path from (71, 10) AND no NPC-allowing path (npcs nearby=[(65, 17)]) - genuine wall/zone gap, will time out
   [travel] !! TRAVEL WEDGE: identical fp x4 retries at (71, 10) map=(3, 27) (reason=no_route) -> returning to roam LOUD (no inner spin)
   [travel] start map=(3, 27) coords=(71, 10) -> map (3, 3) (budget 300s, surf-capable)
   [travel] west connection band rows: [6, 8, 9, 11]
   [travel] path blocked at (71, 10) (NPC on the gap?) - waiting
   [travel] no clean path from (71, 10) AND no NPC-allowing path (npcs nearby=[(65, 17)]) - genuine wall/zone gap, will time out
   [travel] !! TRAVEL WEDGE: identical fp x4 retries at (71, 10) map=(3, 27) (reason=no_route) -> returning to roam LOUD (no inner spin)
   [travel] start map=(3, 27) coords=(71, 10) -> map (3, 28) (budget 300s, surf-capable)
   [travel] east connection band rows: [8, 9, 10]
   [travel] step 0: (71, 10)->(0, 10) map=(3, 27) (path 2 to exit)
   [travel] MAP TRANSITION (3, 27) -> (3, 28)
   [travel] east connection band rows: [0, 1, 2, 3, 4, 5, 6, 7, 8, 9, 10, 11, 12, 13, 14, 15, 16, 17, 18, 19, 20, 21, 22, 23, 24, 25, 26, 27, 28, 29, 30, 31, 32, 33, 34, 35, 36, 37, 38, 39, 40, 41, 42, 43, 44, 45, 46, 47, 48, 49, 50, 51, 52, 53, 54, 55, 56, 57, 58, 59, 60, 61, 62, 63, 64, 65, 66, 67, 68, 69, 70, 71, 72, 73, 74, 75, 76, 77, 78, 79]
   [travel] ARRIVED at target map (3, 28) coords=(0, 10)
   [travel] start map=(3, 28) coords=(0, 10) -> coord (13, 21) (budget 120s, surf-capable)
   [travel] step 0: (0, 10)->(1, 10) map=(3, 28) (path 30 to exit)
   [travel] step 10: (6, 14)->(7, 14) map=(3, 28) (path 21 to exit)
   [travel] step 20: (14, 16)->(15, 16) map=(3, 28) (path 11 to exit)
   [travel] reached target coord (13, 21)
   [travel] start map=(21, 0) coords=(11, 2) -> coord (7, 7) (budget 60s, surf-capable)
   [travel] step 0: (11, 2)->(11, 3) map=(21, 0) (path 10 to exit)
   [travel] reached target coord (7, 7)
   [travel] start map=(3, 28) coords=(13, 21) -> map (3, 27) (budget 300s, surf-capable)
   [travel] west connection band rows: [8, 9, 10, 20, 21, 22, 23, 24, 25, 26, 27, 28, 29, 30, 31, 32, 33, 34, 35, 36, 37, 38, 39, 40, 41, 42, 43, 44, 45, 46, 47, 48, 49, 50, 51, 52, 53, 54, 55, 56, 57, 58, 59, 60, 61, 62, 63, 64, 65, 66, 67, 68, 69, 70, 71, 72, 73, 74, 75, 76, 77, 78, 79]
   [travel] step 0: (13, 21)->(14, 21) map=(3, 28) (path 31 to exit)
   [travel] step 10: (16, 14)->(16, 13) map=(3, 28) (path 21 to exit)
   [travel] step 20: (9, 11)->(8, 11) map=(3, 28) (path 11 to exit)
   [travel] MAP TRANSITION (3, 28) -> (3, 27)
   [travel] west connection band rows: [6, 8, 9, 11]
   [travel] ARRIVED at target map (3, 27) coords=(71, 10)
   [travel] start map=(3, 27) coords=(71, 10) -> map (3, 3) (budget 300s, surf-capable)
   [travel] west connection band rows: [6, 8, 9, 11]
   [travel] path blocked at (71, 10) (NPC on the gap?) - waiting
   [travel] no clean path from (71, 10) AND no NPC-allowing path (npcs nearby=[(65, 17)]) - genuine wall/zone gap, will time out
   [travel] !! TRAVEL WEDGE: identical fp x4 retries at (71, 10) map=(3, 27) (reason=no_route) -> returning to roam LOUD (no inner spin)
   [travel] start map=(3, 27) coords=(71, 10) -> map (3, 3) (budget 300s, surf-capable)
   [travel] west connection band rows: [6, 8, 9, 11]
   [travel] path blocked at (71, 10) (NPC on the gap?) - waiting
   [travel] no clean path from (71, 10) AND no NPC-allowing path (npcs nearby=[(65, 17)]) - genuine wall/zone gap, will time out
   [travel] !! TRAVEL WEDGE: identical fp x4 retries at (71, 10) map=(3, 27) (reason=no_route) -> returning to roam LOUD (no inner spin)
   [travel] start map=(3, 27) coords=(71, 10) -> map (3, 3) (budget 300s, surf-capable)
   [travel] west connection band rows: [6, 8, 9, 11]
   [travel] path blocked at (71, 10) (NPC on the gap?) - waiting
   [travel] no clean path from (71, 10) AND no NPC-allowing path (npcs nearby=[(65, 17)]) - genuine wall/zone gap, will time out
   [travel] !! TRAVEL WEDGE: identical fp x4 retries at (71, 10) map=(3, 27) (reason=no_route) -> returning to roam LOUD (no inner spin)
   [travel] start map=(3, 27) coords=(71, 10) -> map (3, 3) (budget 300s, surf-capable)
   [travel] west connection band rows: [6, 8, 9, 11]
   [travel] path blocked at (71, 10) (NPC on the gap?) - waiting
   [travel] no clean path from (71, 10) AND no NPC-allowing path (npcs nearby=[(65, 17)]) - genuine wall/zone gap, will time out
   [travel] !! TRAVEL WEDGE: identical fp x4 retries at (71, 10) map=(3, 27) (reason=no_route) -> returning to roam LOUD (no inner spin)
   [travel] start map=(3, 27) coords=(71, 10) -> map (3, 3) (budget 300s, surf-capable)
   [travel] west connection band rows: [6, 8, 9, 11]
   [travel] path blocked at (71, 10) (NPC on the gap?) - waiting
   [travel] no clean path from (71, 10) AND no NPC-allowing path (npcs nearby=[(65, 17)]) - genuine wall/zone gap, will time out
   [travel] !! TRAVEL WEDGE: identical fp x4 retries at (71, 10) map=(3, 27) (reason=no_route) -> returning to roam LOUD (no inner spin)
   [travel] start map=(3, 27) coords=(71, 10) -> map (3, 3) (budget 300s, surf-capable)
   [travel] west connection band rows: [6, 8, 9, 11]
   [travel] path blocked at (71, 10) (NPC on the gap?) - waiting
   [travel] no clean path from (71, 10) AND no NPC-allowing path (npcs nearby=[(65, 17)]) - genuine wall/zone gap, will time out
   [travel] !! TRAVEL WEDGE: identical fp x4 retries at (71, 10) map=(3, 27) (reason=no_route) -> returning to roam LOUD (no inner spin)
   [travel] start map=(3, 27) coords=(71, 10) -> map (3, 28) (budget 300s, surf-capable)
   [travel] east connection band rows: [8, 9, 10]
   [travel] step 0: (71, 10)->(0, 10) map=(3, 27) (path 2 to exit)
   [travel] MAP TRANSITION (3, 27) -> (3, 28)
   [travel] east connection band rows: [0, 1, 2, 3, 4, 5, 6, 7, 8, 9, 10, 11, 12, 13, 14, 15, 16, 17, 18, 19, 20, 21, 22, 23, 24, 25, 26, 27, 28, 29, 30, 31, 32, 33, 34, 35, 36, 37, 38, 39, 40, 41, 42, 43, 44, 45, 46, 47, 48, 49, 50, 51, 52, 53, 54, 55, 56, 57, 58, 59, 60, 61, 62, 63, 64, 65, 66, 67, 68, 69, 70, 71, 72, 73, 74, 75, 76, 77, 78, 79]
   [travel] ARRIVED at target map (3, 28) coords=(0, 10)
   [travel] start map=(3, 28) coords=(0, 10) -> coord (13, 21) (budget 120s, surf-capable)
   [travel] step 0: (0, 10)->(1, 10) map=(3, 28) (path 30 to exit)
   [travel] step 10: (6, 14)->(7, 14) map=(3, 28) (path 21 to exit)
   [travel] step 20: (14, 16)->(15, 16) map=(3, 28) (path 11 to exit)
   [travel] reached target coord (13, 21)
   [travel] start map=(21, 0) coords=(11, 2) -> coord (7, 7) (budget 60s, surf-capable)
   [travel] step 0: (11, 2)->(11, 3) map=(21, 0) (path 10 to exit)
   [travel] reached target coord (7, 7)
   [travel] start map=(3, 28) coords=(13, 21) -> coord (13, 21) (budget 120s, surf-capable)
   [travel] reached target coord (13, 21)
   [travel] start map=(21, 0) coords=(11, 2) -> coord (7, 7) (budget 60s, surf-capable)
   [travel] step 0: (11, 2)->(11, 3) map=(21, 0) (path 10 to exit)
   [travel] reached target coord (7, 7)
   [travel] start map=(3, 28) coords=(13, 21) -> map (3, 27) (budget 300s, surf-capable)
   [travel] west connection band rows: [8, 9, 10, 20, 21, 22, 23, 24, 25, 26, 27, 28, 29, 30, 31, 32, 33, 34, 35, 36, 37, 38, 39, 40, 41, 42, 43, 44, 45, 46, 47, 48, 49, 50, 51, 52, 53, 54, 55, 56, 57, 58, 59, 60, 61, 62, 63, 64, 65, 66, 67, 68, 69, 70, 71, 72, 73, 74, 75, 76, 77, 78, 79]
   [travel] step 0: (13, 21)->(14, 21) map=(3, 28) (path 31 to exit)
   [travel] step 10: (16, 14)->(16, 13) map=(3, 28) (path 21 to exit)
   [travel] step 20: (9, 11)->(8, 11) map=(3, 28) (path 11 to exit)
   [travel] MAP TRANSITION (3, 28) -> (3, 27)
   [travel] west connection band rows: [6, 8, 9, 11]
   [travel] ARRIVED at target map (3, 27) coords=(71, 10)
   [travel] start map=(3, 27) coords=(71, 10) -> map (3, 3) (budget 300s, surf-capable)
   [travel] west connection band rows: [6, 8, 9, 11]
   [travel] path blocked at (71, 10) (NPC on the gap?) - waiting
   [travel] no clean path from (71, 10) AND no NPC-allowing path (npcs nearby=[(65, 17)]) - genuine wall/zone gap, will time out
   [travel] !! TRAVEL WEDGE: identical fp x4 retries at (71, 10) map=(3, 27) (reason=no_route) -> returning to roam LOUD (no inner spin)
   [travel] start map=(3, 27) coords=(71, 10) -> map (3, 3) (budget 300s, surf-capable)
   [travel] west connection band rows: [6, 8, 9, 11]
   [travel] path blocked at (71, 10) (NPC on the gap?) - waiting
   [travel] no clean path from (71, 10) AND no NPC-allowing path (npcs nearby=[(65, 17)]) - genuine wall/zone gap, will time out
   [travel] !! TRAVEL WEDGE: identical fp x4 retries at (71, 10) map=(3, 27) (reason=no_route) -> returning to roam LOUD (no inner spin)
   [travel] start map=(3, 27) coords=(71, 10) -> map (3, 3) (budget 300s, surf-capable)
   [travel] west connection band rows: [6, 8, 9, 11]
   [travel] path blocked at (71, 10) (NPC on the gap?) - waiting
   [travel] no clean path from (71, 10) AND no NPC-allowing path (npcs nearby=[(65, 17)]) - genuine wall/zone gap, will time out
   [travel] !! TRAVEL WEDGE: identical fp x4 retries at (71, 10) map=(3, 27) (reason=no_route) -> returning to roam LOUD (no inner spin)
   [travel] start map=(3, 27) coords=(71, 10) -> map (3, 3) (budget 300s, surf-capable)
   [travel] west connection band rows: [6, 8, 9, 11]
   [travel] path blocked at (71, 10) (NPC on the gap?) - waiting
   [travel] no clean path from (71, 10) AND no NPC-allowing path (npcs nearby=[(65, 17)]) - genuine wall/zone gap, will time out
   [travel] !! TRAVEL WEDGE: identical fp x4 retries at (71, 10) map=(3, 27) (reason=no_route) -> returning to roam LOUD (no inner spin)
   [travel] start map=(3, 27) coords=(71, 10) -> map (3, 3) (budget 300s, surf-capable)
   [travel] west connection band rows: [6, 8, 9, 11]
   [travel] path blocked at (71, 10) (NPC on the gap?) - waiting
   [travel] no clean path from (71, 10) AND no NPC-allowing path (npcs nearby=[(65, 17)]) - genuine wall/zone gap, will time out
   [travel] !! TRAVEL WEDGE: identical fp x4 retries at (71, 10) map=(3, 27) (reason=no_route) -> returning to roam LOUD (no inner spin)
   [travel] start map=(3, 27) coords=(71, 10) -> map (3, 3) (budget 300s, surf-capable)
   [travel] west connection band rows: [6, 8, 9, 11]
   [travel] path blocked at (71, 10) (NPC on the gap?) - waiting
   [travel] no clean path from (71, 10) AND no NPC-allowing path (npcs nearby=[(65, 17)]) - genuine wall/zone gap, will time out
   [travel] !! TRAVEL WEDGE: identical fp x4 retries at (71, 10) map=(3, 27) (reason=no_route) -> returning to roam LOUD (no inner spin)
   [travel] start map=(3, 27) coords=(71, 10) -> map (3, 3) (budget 300s, surf-capable)
   [travel] west connection band rows: [6, 8, 9, 11]
   [travel] path blocked at (71, 10) (NPC on the gap?) - waiting
   [travel] no clean path from (71, 10) AND no NPC-allowing path (npcs nearby=[(65, 17)]) - genuine wall/zone gap, will time out
   [travel] !! TRAVEL WEDGE: identical fp x4 retries at (71, 10) map=(3, 27) (reason=no_route) -> returning to roam LOUD (no inner spin)
   [travel] start map=(3, 27) coords=(71, 10) -> map (3, 3) (budget 300s, surf-capable)
   [travel] west connection band rows: [6, 8, 9, 11]
   [travel] path blocked at (71, 10) (NPC on the gap?) - waiting
   [travel] no clean path from (71, 10) AND no NPC-allowing path (npcs nearby=[(65, 17)]) - genuine wall/zone gap, will time out
   [travel] !! TRAVEL WEDGE: identical fp x4 retries at (71, 10) map=(3, 27) (reason=no_route) -> returning to roam LOUD (no inner spin)
   [travel] start map=(3, 27) coords=(71, 10) -> map (3, 3) (budget 300s, surf-capable)
   [travel] west connection band rows: [6, 8, 9, 11]
   [travel] path blocked at (71, 10) (NPC on the gap?) - waiting
   [travel] no clean path from (71, 10) AND no NPC-allowing path (npcs nearby=[(65, 17)]) - genuine wall/zone gap, will time out
   [travel] !! TRAVEL WEDGE: identical fp x4 retries at (71, 10) map=(3, 27) (reason=no_route) -> returning to roam LOUD (no inner spin)
   [travel] start map=(3, 27) coords=(71, 10) -> map (3, 3) (budget 300s, surf-capable)
   [travel] west connection band rows: [6, 8, 9, 11]
   [travel] path blocked at (71, 10) (NPC on the gap?) - waiting
   [travel] no clean path from (71, 10) AND no NPC-allowing path (npcs nearby=[(65, 17)]) - genuine wall/zone gap, will time out
   [travel] !! TRAVEL WEDGE: identical fp x4 retries at (71, 10) map=(3, 27) (reason=no_route) -> returning to roam LOUD (no inner spin)
   [travel] start map=(3, 27) coords=(71, 10) -> map (3, 3) (budget 300s, surf-capable)
   [travel] west connection band rows: [6, 8, 9, 11]
   [travel] path blocked at (71, 10) (NPC on the gap?) - waiting
   [travel] no clean path from (71, 10) AND no NPC-allowing path (npcs nearby=[(65, 17)]) - genuine wall/zone gap, will time out
   [travel] !! TRAVEL WEDGE: identical fp x4 retries at (71, 10) map=(3, 27) (reason=no_route) -> returning to roam LOUD (no inner spin)
   [travel] start map=(3, 27) coords=(71, 10) -> map (3, 3) (budget 300s, surf-capable)
   [travel] west connection band rows: [6, 8, 9, 11]
   [travel] path blocked at (71, 10) (NPC on the gap?) - waiting
   [travel] no clean path from (71, 10) AND no NPC-allowing path (npcs nearby=[(65, 17)]) - genuine wall/zone gap, will time out
   [travel] !! TRAVEL WEDGE: identical fp x4 retries at (71, 10) map=(3, 27) (reason=no_route) -> returning to roam LOUD (no inner spin)
   [travel] start map=(3, 27) coords=(71, 10) -> map (3, 3) (budget 300s, surf-capable)
   [travel] west connection band rows: [6, 8, 9, 11]
   [travel] path blocked at (71, 10) (NPC on the gap?) - waiting
   [travel] no clean path from (71, 10) AND no NPC-allowing path (npcs nearby=[(65, 17)]) - genuine wall/zone gap, will time out
   [travel] !! TRAVEL WEDGE: identical fp x4 retries at (71, 10) map=(3, 27) (reason=no_route) -> returning to roam LOUD (no inner spin)
   [travel] start map=(3, 27) coords=(71, 10) -> map (3, 3) (budget 300s, surf-capable)
   [travel] west connection band rows: [6, 8, 9, 11]
   [travel] path blocked at (71, 10) (NPC on the gap?) - waiting
   [travel] no clean path from (71, 10) AND no NPC-allowing path (npcs nearby=[(65, 17)]) - genuine wall/zone gap, will time out
   [travel] !! TRAVEL WEDGE: identical fp x4 retries at (71, 10) map=(3, 27) (reason=no_route) -> returning to roam LOUD (no inner spin)
   [travel] start map=(3, 27) coords=(71, 10) -> map (3, 3) (budget 300s, surf-capable)
   [travel] west connection band rows: [6, 8, 9, 11]
   [travel] path blocked at (71, 10) (NPC on the gap?) - waiting
   [travel] no clean path from (71, 10) AND no NPC-allowing path (npcs nearby=[(65, 17)]) - genuine wall/zone gap, will time out
   [travel] !! TRAVEL WEDGE: identical fp x4 retries at (71, 10) map=(3, 27) (reason=no_route) -> returning to roam LOUD (no inner spin)
   [travel] start map=(3, 27) coords=(71, 10) -> map (3, 3) (budget 300s, surf-capable)
   [travel] west connection band rows: [6, 8, 9, 11]
   [travel] path blocked at (71, 10) (NPC on the gap?) - waiting
   [travel] no clean path from (71, 10) AND no NPC-allowing path (npcs nearby=[(65, 17)]) - genuine wall/zone gap, will time out
   [travel] !! TRAVEL WEDGE: identical fp x4 retries at (71, 10) map=(3, 27) (reason=no_route) -> returning to roam LOUD (no inner spin)
   [travel] start map=(3, 27) coords=(71, 10) -> map (3, 3) (budget 300s, surf-capable)
   [travel] west connection band rows: [6, 8, 9, 11]
   [travel] path blocked at (71, 10) (NPC on the gap?) - waiting
   [travel] no clean path from (71, 10) AND no NPC-allowing path (npcs nearby=[(65, 17)]) - genuine wall/zone gap, will time out
   [travel] !! TRAVEL WEDGE: identical fp x4 retries at (71, 10) map=(3, 27) (reason=no_route) -> returning to roam LOUD (no inner spin)
   [travel] start map=(3, 27) coords=(71, 10) -> map (3, 3) (budget 300s, surf-capable)
   [travel] west connection band rows: [6, 8, 9, 11]
   [travel] path blocked at (71, 10) (NPC on the gap?) - waiting
   [travel] no clean path from (71, 10) AND no NPC-allowing path (npcs nearby=[(65, 17)]) - genuine wall/zone gap, will time out
   [travel] !! TRAVEL WEDGE: identical fp x4 retries at (71, 10) map=(3, 27) (reason=no_route) -> returning to roam LOUD (no inner spin)
   [travel] start map=(3, 27) coords=(71, 10) -> map (3, 3) (budget 300s, surf-capable)
   [travel] west connection band rows: [6, 8, 9, 11]
   [travel] path blocked at (71, 10) (NPC on the gap?) - waiting
   [travel] no clean path from (71, 10) AND no NPC-allowing path (npcs nearby=[(65, 17)]) - genuine wall/zone gap, will time out
   [travel] !! TRAVEL WEDGE: identical fp x4 retries at (71, 10) map=(3, 27) (reason=no_route) -> returning to roam LOUD (no inner spin)
   [travel] start map=(3, 27) coords=(71, 10) -> map (3, 3) (budget 300s, surf-capable)
   [travel] west connection band rows: [6, 8, 9, 11]
   [travel] path blocked at (71, 10) (NPC on the gap?) - waiting
   [travel] no clean path from (71, 10) AND no NPC-allowing path (npcs nearby=[(65, 17)]) - genuine wall/zone gap, will time out
   [travel] !! TRAVEL WEDGE: identical fp x4 retries at (71, 10) map=(3, 27) (reason=no_route) -> returning to roam LOUD (no inner spin)
   [travel] start map=(3, 27) coords=(71, 10) -> map (3, 3) (budget 300s, surf-capable)
   [travel] west connection band rows: [6, 8, 9, 11]
   [travel] path blocked at (71, 10) (NPC on the gap?) - waiting
   [travel] no clean path from (71, 10) AND no NPC-allowing path (npcs nearby=[(65, 17)]) - genuine wall/zone gap, will time out
   [travel] !! TRAVEL WEDGE: identical fp x4 retries at (71, 10) map=(3, 27) (reason=no_route) -> returning to roam LOUD (no inner spin)
   [travel] start map=(3, 27) coords=(71, 10) -> map (3, 3) (budget 300s, surf-capable)
   [travel] west connection band rows: [6, 8, 9, 11]
   [travel] path blocked at (71, 10) (NPC on the gap?) - waiting
   [travel] no clean path from (71, 10) AND no NPC-allowing path (npcs nearby=[(65, 17)]) - genuine wall/zone gap, will time out
   [travel] !! TRAVEL WEDGE: identical fp x4 retries at (71, 10) map=(3, 27) (reason=no_route) -> returning to roam LOUD (no inner spin)
   [travel] start map=(3, 27) coords=(71, 10) -> map (3, 3) (budget 300s, surf-capable)
   [travel] west connection band rows: [6, 8, 9, 11]
   [travel] path blocked at (71, 10) (NPC on the gap?) - waiting
   [travel] no clean path from (71, 10) AND no NPC-allowing path (npcs nearby=[(65, 17)]) - genuine wall/zone gap, will time out
   [travel] !! TRAVEL WEDGE: identical fp x4 retries at (71, 10) map=(3, 27) (reason=no_route) -> returning to roam LOUD (no inner spin)
   [travel] start map=(3, 27) coords=(71, 10) -> map (3, 3) (budget 300s, surf-capable)
   [travel] west connection band rows: [6, 8, 9, 11]
   [travel] path blocked at (71, 10) (NPC on the gap?) - waiting
   [travel] no clean path from (71, 10) AND no NPC-allowing path (npcs nearby=[(65, 17)]) - genuine wall/zone gap, will time out
   [travel] !! TRAVEL WEDGE: identical fp x4 retries at (71, 10) map=(3, 27) (reason=no_route) -> returning to roam LOUD (no inner spin)
   [travel] start map=(3, 27) coords=(71, 10) -> map (3, 3) (budget 300s, surf-capable)
   [travel] west connection band rows: [6, 8, 9, 11]
   [travel] path blocked at (71, 10) (NPC on the gap?) - waiting
   [travel] no clean path from (71, 10) AND no NPC-allowing path (npcs nearby=[(65, 17)]) - genuine wall/zone gap, will time out
   [travel] !! TRAVEL WEDGE: identical fp x4 retries at (71, 10) map=(3, 27) (reason=no_route) -> returning to roam LOUD (no inner spin)
   [travel] start map=(3, 27) coords=(71, 10) -> map (3, 3) (budget 300s, surf-capable)
   [travel] west connection band rows: [6, 8, 9, 11]
   [travel] path blocked at (71, 10) (NPC on the gap?) - waiting
   [travel] no clean path from (71, 10) AND no NPC-allowing path (npcs nearby=[(65, 17)]) - genuine wall/zone gap, will time out
   [travel] !! TRAVEL WEDGE: identical fp x4 retries at (71, 10) map=(3, 27) (reason=no_route) -> returning to roam LOUD (no inner spin)
   [travel] start map=(3, 27) coords=(71, 10) -> map (3, 3) (budget 300s, surf-capable)
   [travel] west connection band rows: [6, 8, 9, 11]
   [travel] path blocked at (71, 10) (NPC on the gap?) - waiting
   [travel] no clean path from (71, 10) AND no NPC-allowing path (npcs nearby=[(65, 17)]) - genuine wall/zone gap, will time out
   [travel] !! TRAVEL WEDGE: identical fp x4 retries at (71, 10) map=(3, 27) (reason=no_route) -> returning to roam LOUD (no inner spin)
   [travel] start map=(3, 27) coords=(71, 10) -> map (3, 3) (budget 300s, surf-capable)
   [travel] west connection band rows: [6, 8, 9, 11]
   [travel] path blocked at (71, 10) (NPC on the gap?) - waiting
   [travel] no clean path from (71, 10) AND no NPC-allowing path (npcs nearby=[(65, 17)]) - genuine wall/zone gap, will time out
   [travel] !! TRAVEL WEDGE: identical fp x4 retries at (71, 10) map=(3, 27) (reason=no_route) -> returning to roam LOUD (no inner spin)
   [travel] start map=(3, 27) coords=(71, 10) -> map (3, 3) (budget 300s, surf-capable)
   [travel] west connection band rows: [6, 8, 9, 11]
   [travel] path blocked at (71, 10) (NPC on the gap?) - waiting
   [travel] no clean path from (71, 10) AND no NPC-allowing path (npcs nearby=[(65, 17)]) - genuine wall/zone gap, will time out
   [travel] !! TRAVEL WEDGE: identical fp x4 retries at (71, 10) map=(3, 27) (reason=no_route) -> returning to roam LOUD (no inner spin)
   [travel] start map=(3, 27) coords=(71, 10) -> map (3, 3) (budget 300s, surf-capable)
   [travel] west connection band rows: [6, 8, 9, 11]
   [travel] path blocked at (71, 10) (NPC on the gap?) - waiting
   [travel] no clean path from (71, 10) AND no NPC-allowing path (npcs nearby=[(65, 17)]) - genuine wall/zone gap, will time out
   [travel] !! TRAVEL WEDGE: identical fp x4 retries at (71, 10) map=(3, 27) (reason=no_route) -> returning to roam LOUD (no inner spin)
   [travel] start map=(3, 27) coords=(71, 10) -> map (3, 3) (budget 300s, surf-capable)
   [travel] west connection band rows: [6, 8, 9, 11]
   [travel] path blocked at (71, 10) (NPC on the gap?) - waiting
   [travel] no clean path from (71, 10) AND no NPC-allowing path (npcs nearby=[(65, 17)]) - genuine wall/zone gap, will time out
   [travel] !! TRAVEL WEDGE: identical fp x4 retries at (71, 10) map=(3, 27) (reason=no_route) -> returning to roam LOUD (no inner spin)
   [travel] start map=(3, 27) coords=(71, 10) -> map (3, 3) (budget 300s, surf-capable)
   [travel] west connection band rows: [6, 8, 9, 11]
   [travel] path blocked at (71, 10) (NPC on the gap?) - waiting
===== playlive_2026-08-10_17-36-27.log =====
   [travel] start map=(3, 27) coords=(71, 10) -> map (3, 3) (budget 300s, surf-capable)
   [travel] west connection band rows: [6, 8, 9, 11]
   [travel] path blocked at (71, 10) (NPC on the gap?) - waiting
   [travel] no clean path from (71, 10) AND no NPC-allowing path (npcs nearby=[(65, 17)]) - genuine wall/zone gap, will time out
   [travel] !! TRAVEL WEDGE: identical fp x4 retries at (71, 10) map=(3, 27) (reason=no_route) -> returning to roam LOUD (no inner spin)
   [travel] start map=(3, 27) coords=(71, 10) -> map (3, 3) (budget 300s, surf-capable)
   [travel] west connection band rows: [6, 8, 9, 11]
   [travel] path blocked at (71, 10) (NPC on the gap?) - waiting
   [travel] no clean path from (71, 10) AND no NPC-allowing path (npcs nearby=[(65, 17)]) - genuine wall/zone gap, will time out
   [travel] !! TRAVEL WEDGE: identical fp x4 retries at (71, 10) map=(3, 27) (reason=no_route) -> returning to roam LOUD (no inner spin)
   [travel] start map=(3, 27) coords=(71, 10) -> map (3, 3) (budget 300s, surf-capable)
   [travel] west connection band rows: [6, 8, 9, 11]
   [travel] path blocked at (71, 10) (NPC on the gap?) - waiting
   [travel] no clean path from (71, 10) AND no NPC-allowing path (npcs nearby=[(65, 17)]) - genuine wall/zone gap, will time out
   [travel] !! TRAVEL WEDGE: identical fp x4 retries at (71, 10) map=(3, 27) (reason=no_route) -> returning to roam LOUD (no inner spin)
   [travel] start map=(3, 27) coords=(71, 10) -> map (3, 3) (budget 300s, surf-capable)
   [travel] west connection band rows: [6, 8, 9, 11]
   [travel] path blocked at (71, 10) (NPC on the gap?) - waiting
   [travel] no clean path from (71, 10) AND no NPC-allowing path (npcs nearby=[(65, 17)]) - genuine wall/zone gap, will time out
   [travel] !! TRAVEL WEDGE: identical fp x4 retries at (71, 10) map=(3, 27) (reason=no_route) -> returning to roam LOUD (no inner spin)
   [travel] start map=(3, 27) coords=(71, 10) -> map (3, 3) (budget 300s, surf-capable)
   [travel] west connection band rows: [6, 8, 9, 11]
   [travel] path blocked at (71, 10) (NPC on the gap?) - waiting
   [travel] no clean path from (71, 10) AND no NPC-allowing path (npcs nearby=[(65, 17)]) - genuine wall/zone gap, will time out
   [travel] !! TRAVEL WEDGE: identical fp x4 retries at (71, 10) map=(3, 27) (reason=no_route) -> returning to roam LOUD (no inner spin)
   [travel] start map=(3, 27) coords=(71, 10) -> map (3, 3) (budget 300s, surf-capable)
   [travel] west connection band rows: [6, 8, 9, 11]
   [travel] path blocked at (71, 10) (NPC on the gap?) - waiting
   [travel] no clean path from (71, 10) AND no NPC-allowing path (npcs nearby=[(65, 17)]) - genuine wall/zone gap, will time out
   [travel] !! TRAVEL WEDGE: identical fp x4 retries at (71, 10) map=(3, 27) (reason=no_route) -> returning to roam LOUD (no inner spin)
   [travel] start map=(3, 27) coords=(71, 10) -> map (3, 3) (budget 300s, surf-capable)
   [travel] west connection band rows: [6, 8, 9, 11]
   [travel] path blocked at (71, 10) (NPC on the gap?) - waiting
   [travel] no clean path from (71, 10) AND no NPC-allowing path (npcs nearby=[(65, 17)]) - genuine wall/zone gap, will time out
   [travel] !! TRAVEL WEDGE: identical fp x4 retries at (71, 10) map=(3, 27) (reason=no_route) -> returning to roam LOUD (no inner spin)
   [travel] start map=(3, 27) coords=(71, 10) -> map (3, 3) (budget 300s, surf-capable)
   [travel] west connection band rows: [6, 8, 9, 11]
   [travel] path blocked at (71, 10) (NPC on the gap?) - waiting
   [travel] no clean path from (71, 10) AND no NPC-allowing path (npcs nearby=[(65, 17)]) - genuine wall/zone gap, will time out
   [travel] !! TRAVEL WEDGE: identical fp x4 retries at (71, 10) map=(3, 27) (reason=no_route) -> returning to roam LOUD (no inner spin)
   [travel] start map=(3, 27) coords=(71, 10) -> map (3, 3) (budget 300s, surf-capable)
   [travel] west connection band rows: [6, 8, 9, 11]
   [travel] path blocked at (71, 10) (NPC on the gap?) - waiting
   [travel] no clean path from (71, 10) AND no NPC-allowing path (npcs nearby=[(65, 17)]) - genuine wall/zone gap, will time out
   [travel] !! TRAVEL WEDGE: identical fp x4 retries at (71, 10) map=(3, 27) (reason=no_route) -> returning to roam LOUD (no inner spin)
   [travel] start map=(3, 27) coords=(71, 10) -> map (3, 3) (budget 300s, surf-capable)
   [travel] west connection band rows: [6, 8, 9, 11]
   [travel] path blocked at (71, 10) (NPC on the gap?) - waiting
   [travel] no clean path from (71, 10) AND no NPC-allowing path (npcs nearby=[(65, 17)]) - genuine wall/zone gap, will time out
   [travel] !! TRAVEL WEDGE: identical fp x4 retries at (71, 10) map=(3, 27) (reason=no_route) -> returning to roam LOUD (no inner spin)
   [travel] start map=(3, 27) coords=(71, 10) -> map (3, 3) (budget 300s, surf-capable)
   [travel] west connection band rows: [6, 8, 9, 11]
   [travel] path blocked at (71, 10) (NPC on the gap?) - waiting
   [travel] no clean path from (71, 10) AND no NPC-allowing path (npcs nearby=[(65, 17)]) - genuine wall/zone gap, will time out
   [travel] !! TRAVEL WEDGE: identical fp x4 retries at (71, 10) map=(3, 27) (reason=no_route) -> returning to roam LOUD (no inner spin)
   [travel] start map=(3, 27) coords=(71, 10) -> map (3, 3) (budget 300s, surf-capable)
   [travel] west connection band rows: [6, 8, 9, 11]
   [travel] path blocked at (71, 10) (NPC on the gap?) - waiting
   [travel] no clean path from (71, 10) AND no NPC-allowing path (npcs nearby=[(65, 17)]) - genuine wall/zone gap, will time out
   [travel] !! TRAVEL WEDGE: identical fp x4 retries at (71, 10) map=(3, 27) (reason=no_route) -> returning to roam LOUD (no inner spin)
   [travel] start map=(3, 27) coords=(71, 10) -> map (3, 3) (budget 300s, surf-capable)
   [travel] west connection band rows: [6, 8, 9, 11]
   [travel] path blocked at (71, 10) (NPC on the gap?) - waiting
   [travel] no clean path from (71, 10) AND no NPC-allowing path (npcs nearby=[(65, 17)]) - genuine wall/zone gap, will time out
   [travel] !! TRAVEL WEDGE: identical fp x4 retries at (71, 10) map=(3, 27) (reason=no_route) -> returning to roam LOUD (no inner spin)
   [travel] start map=(3, 27) coords=(71, 10) -> map (3, 3) (budget 300s, surf-capable)
   [travel] west connection band rows: [6, 8, 9, 11]
   [travel] path blocked at (71, 10) (NPC on the gap?) - waiting
   [travel] no clean path from (71, 10) AND no NPC-allowing path (npcs nearby=[(65, 17)]) - genuine wall/zone gap, will time out
   [travel] !! TRAVEL WEDGE: identical fp x4 retries at (71, 10) map=(3, 27) (reason=no_route) -> returning to roam LOUD (no inner spin)
   [travel] start map=(3, 27) coords=(71, 10) -> map (3, 3) (budget 300s, surf-capable)
   [travel] west connection band rows: [6, 8, 9, 11]
   [travel] path blocked at (71, 10) (NPC on the gap?) - waiting
   [travel] no clean path from (71, 10) AND no NPC-allowing path (npcs nearby=[(65, 17)]) - genuine wall/zone gap, will time out
   [travel] !! TRAVEL WEDGE: identical fp x4 retries at (71, 10) map=(3, 27) (reason=no_route) -> returning to roam LOUD (no inner spin)
   [travel] start map=(3, 27) coords=(71, 10) -> map (3, 3) (budget 300s, surf-capable)
   [travel] west connection band rows: [6, 8, 9, 11]
   [travel] path blocked at (71, 10) (NPC on the gap?) - waiting
   [travel] no clean path from (71, 10) AND no NPC-allowing path (npcs nearby=[(65, 17)]) - genuine wall/zone gap, will time out
   [travel] !! TRAVEL WEDGE: identical fp x4 retries at (71, 10) map=(3, 27) (reason=no_route) -> returning to roam LOUD (no inner spin)
   [travel] start map=(3, 27) coords=(71, 10) -> map (3, 3) (budget 300s, surf-capable)
   [travel] west connection band rows: [6, 8, 9, 11]
   [travel] path blocked at (71, 10) (NPC on the gap?) - waiting
   [travel] no clean path from (71, 10) AND no NPC-allowing path (npcs nearby=[(65, 17)]) - genuine wall/zone gap, will time out
   [travel] !! TRAVEL WEDGE: identical fp x4 retries at (71, 10) map=(3, 27) (reason=no_route) -> returning to roam LOUD (no inner spin)
   [travel] start map=(3, 27) coords=(71, 10) -> map (3, 3) (budget 300s, surf-capable)
   [travel] west connection band rows: [6, 8, 9, 11]
   [travel] path blocked at (71, 10) (NPC on the gap?) - waiting
   [travel] no clean path from (71, 10) AND no NPC-allowing path (npcs nearby=[(65, 17)]) - genuine wall/zone gap, will time out
   [travel] !! TRAVEL WEDGE: identical fp x4 retries at (71, 10) map=(3, 27) (reason=no_route) -> returning to roam LOUD (no inner spin)
