===== playlive_2026-08-04_11-53-19.log =====
   [travel] start map=(1, 54) coords=(16, 2) -> coord (16, 3) (budget 300s)
   [travel] step 0: (16, 2)->(16, 3) map=(1, 54) (path 2 to exit)
   [travel] reached target coord (16, 3)
   [travel] start map=(1, 54) coords=(16, 2) -> coord (17, 2) (budget 60s)
   [travel] step 0: (16, 2)->(17, 2) map=(1, 54) (path 2 to exit)
   [travel] reached target coord (17, 2)
   [play-live]    [engine] JUST FIGHT: L54 vs L28 + connecting damage — skipping bag/switch hierarchy this turn
   [play-live]    [engine] action menu: Water Pulse - a STAB hit -> slot 2 (eff x1) vs golbat 80/80 | [0]Tackle(p35,pp=32,ref=0,sc=33.25) [1]Bite(p60,pp=23,ref=0,sc=60) [2]Water Pulse(p60*STAB,pp=16,ref=0,sc=90)
   [play-live]    [engine] STREAM COMMIT: Water Pulse - a STAB hit slot 2 (menu_up=1 action=True moves=False)
   [play-live]    [engine] battle-progress: move resolved
   [play-live]    [engine] battle-progress: enemy fainted
   [play-live]    [engine] party screen in drain: voluntary (shift prompt) -> single B out
   [play-live]    [engine] JUST FIGHT: L54 vs L28 + connecting damage — skipping bag/switch hierarchy this turn
   [play-live]    [engine] action menu: Bite - a super-effective hit -> slot 1 (eff x4) vs drowzee 71/71 | [0]Tackle(p35,pp=32,ref=0,sc=33.25) [1]Bite(p60,pp=23,ref=0,sc=240) [2]Water Pulse(p60*STAB,pp=15,ref=0,sc=90)
   [play-live]    [engine] STREAM COMMIT: Bite - a super-effective hit slot 1 (menu_up=1 action=True moves=False)
   [play-live]    [engine] battle-progress: enemy fainted
   [play-live]    [engine] battle-progress: move resolved
   [play-live]    [engine] JUST FIGHT: L54 vs L28 + connecting damage — skipping bag/switch hierarchy this turn
   [play-live]    [engine] action menu: Bite - a super-effective hit -> slot 1 (eff x4) vs hypno 85/85 | [0]Tackle(p35,pp=32,ref=0,sc=33.25) [1]Bite(p60,pp=23,ref=0,sc=240) [2]Water Pulse(p60*STAB,pp=14,ref=0,sc=90)
   [play-live]    [engine] STREAM COMMIT: Bite - a super-effective hit slot 1 (menu_up=1 action=True moves=False)
   [play-live]    [engine] battle-progress: move resolved
   [play-live]    [engine] JUST FIGHT: L54 vs L28 + connecting damage — skipping bag/switch hierarchy this turn
   [play-live]    [engine] action menu: Bite - a super-effective hit -> slot 1 (eff x4) vs hypno 14/85 | [0]Tackle(p35,pp=32,ref=0,sc=33.25) [1]Bite(p60,pp=22,ref=0,sc=240) [2]Water Pulse(p60*STAB,pp=14,ref=0,sc=90)
   [play-live]    [engine] STREAM COMMIT: Bite - a super-effective hit slot 1 (menu_up=1 action=True moves=False)
   [play-live]    [engine] battle-progress: move resolved
   [play-live]    [engine] battle-progress: enemy fainted
   [play-live]    [engine] !! post-faint drain: 40 advances, zero progress -> switching to B-first decline pairs (wedge frame saved)
   [play-live]    [engine] JUST FIGHT: L54 vs L28 + connecting damage — skipping bag/switch hierarchy this turn
   [play-live]    [engine] action menu: Bite - a super-effective hit -> slot 1 (eff x4) vs drowzee 71/71 | [0]Tackle(p35,pp=32,ref=0,sc=33.25) [1]Bite(p60,pp=21,ref=0,sc=240) [2]Water Pulse(p60*STAB,pp=14,ref=0,sc=90)
   [play-live]    [engine] STREAM COMMIT: Bite - a super-effective hit slot 1 (menu_up=1 action=True moves=False)
   [play-live]    [engine] battle-progress: move resolved
   [play-live]    [engine] JUST FIGHT: L54 vs L28 + connecting damage — skipping bag/switch hierarchy this turn
   [play-live]    [engine] action menu: Bite - a super-effective hit -> slot 1 (eff x4) vs drowzee 22/71 | [0]Tackle(p35,pp=31,ref=0,sc=33.25) [1]Bite(p60,pp=21,ref=0,sc=240) [2]Water Pulse(p60*STAB,pp=14,ref=0,sc=90)
   [play-live]    [engine] STREAM COMMIT: Bite - a super-effective hit slot 1 (menu_up=1 action=True moves=False)
   [play-live]    [engine] battle-progress: move resolved
   [play-live]    [engine] battle-progress: enemy fainted
   [play-live]    [engine] party screen in drain: voluntary (shift prompt) -> single B out
   [play-live]    [engine] JUST FIGHT: L54 vs L28 + connecting damage — skipping bag/switch hierarchy this turn
   [play-live]    [engine] action menu: Water Pulse - a STAB hit -> slot 2 (eff x1) vs grimer 82/82 | [0]Tackle(p35,pp=31,ref=0,sc=33.25) [1]Bite(p60,pp=20,ref=0,sc=60) [2]Water Pulse(p60*STAB,pp=14,ref=0,sc=90)
   [play-live]    [engine] STREAM COMMIT: Water Pulse - a STAB hit slot 2 (menu_up=1 action=True moves=False)
   [play-live]    [engine] battle-progress: move resolved
   [play-live]    [engine] battle-progress: enemy fainted
   [play-live]    [engine] party screen in drain: voluntary (shift prompt) -> single B out
   [play-live]    [engine] JUST FIGHT: L54 vs L28 + connecting damage — skipping bag/switch hierarchy this turn
   [play-live]    [engine] action menu: Water Pulse - a STAB hit -> slot 2 (eff x1) vs machop 77/77 | [0]Tackle(p35,pp=31,ref=0,sc=33.25) [1]Bite(p60,pp=20,ref=0,sc=15) [2]Water Pulse(p60*STAB,pp=13,ref=0,sc=90)
   [play-live]    [engine] STREAM COMMIT: Water Pulse - a STAB hit slot 2 (menu_up=1 action=True moves=False)
   [play-live]    [engine] battle-progress: move resolved
   [play-live]    [engine] battle-progress: enemy fainted
   [play-live]    [engine] !! post-faint drain: 40 advances, zero progress -> switching to B-first decline pairs (wedge frame saved)
   [play-live]    [engine] JUST FIGHT: L54 vs L37 + connecting damage — skipping bag/switch hierarchy this turn
   [play-live]    [engine] action menu: Water Pulse - a STAB hit -> slot 2 (eff x1) vs pidgeot 112/112 | [0]Tackle(p35,pp=31,ref=0,sc=33.25) [1]Bite(p60,pp=20,ref=0,sc=60) [2]Water Pulse(p60*STAB,pp=12,ref=0,sc=90)
   [play-live]    [engine] STREAM COMMIT: Water Pulse - a STAB hit slot 2 (menu_up=1 action=True moves=False)
   [play-live]    [engine] battle-progress: move resolved
   [play-live]    [engine] JUST FIGHT: L54 vs L37 + connecting damage — skipping bag/switch hierarchy this turn
   [play-live]    [engine] action menu: Water Pulse - a STAB hit -> slot 2 (eff x1) vs pidgeot 83/112 | [0]Tackle(p35,pp=30,ref=0,sc=33.25) [1]Bite(p60,pp=20,ref=0,sc=60) [2]Water Pulse(p60*STAB,pp=12,ref=0,sc=90)
   [play-live]    [engine] STREAM COMMIT: Water Pulse - a STAB hit slot 2 (menu_up=1 action=True moves=False)
   [play-live]    [engine] battle-progress: move resolved
   [play-live]    [engine] JUST FIGHT: L54 vs L37 + connecting damage — skipping bag/switch hierarchy this turn
   [play-live]    [engine] action menu: Water Pulse - a STAB hit -> slot 2 (eff x1) vs pidgeot 69/112 | [0]Tackle(p35,pp=29,ref=0,sc=33.25) [1]Bite(p60,pp=20,ref=0,sc=60) [2]Water Pulse(p60*STAB,pp=12,ref=0,sc=90)
   [play-live]    [engine] STREAM COMMIT: Water Pulse - a STAB hit slot 2 (menu_up=1 action=True moves=False)
   [play-live]    [engine] battle-progress: move resolved
   [play-live]    [engine] JUST FIGHT: L54 vs L37 + connecting damage — skipping bag/switch hierarchy this turn
   [play-live]    [engine] action menu: Water Pulse - a STAB hit -> slot 2 (eff x1) vs pidgeot 56/112 | [0]Tackle(p35,pp=28,ref=0,sc=33.25) [1]Bite(p60,pp=20,ref=0,sc=60) [2]Water Pulse(p60*STAB,pp=12,ref=0,sc=90)
   [play-live]    [engine] STREAM COMMIT: Water Pulse - a STAB hit slot 2 (menu_up=1 action=True moves=False)
   [play-live]    [engine] battle-progress: move resolved
   [play-live]    [engine] JUST FIGHT: L54 vs L37 + connecting damage — skipping bag/switch hierarchy this turn
   [play-live]    [engine] action menu: Water Pulse - a STAB hit -> slot 2 (eff x1) vs pidgeot 42/112 | [0]Tackle(p35,pp=27,ref=0,sc=33.25) [1]Bite(p60,pp=20,ref=0,sc=60) [2]Water Pulse(p60*STAB,pp=12,ref=0,sc=90)
   [play-live]    [engine] STREAM COMMIT: Water Pulse - a STAB hit slot 2 (menu_up=1 action=True moves=False)
   [play-live]    [engine] battle-progress: move resolved
   [play-live]    [engine] JUST FIGHT: L54 vs L37 + connecting damage — skipping bag/switch hierarchy this turn
   [play-live]    [engine] action menu: Water Pulse - a STAB hit -> slot 2 (eff x1) vs pidgeot 29/112 | [0]Tackle(p35,pp=26,ref=0,sc=33.25) [1]Bite(p60,pp=20,ref=0,sc=60) [2]Water Pulse(p60*STAB,pp=12,ref=0,sc=90)
   [play-live]    [engine] STREAM COMMIT: Water Pulse - a STAB hit slot 2 (menu_up=1 action=True moves=False)
   [play-live]    [engine] battle-progress: move resolved
   [play-live]    [engine] battle-progress: enemy fainted
   [play-live]    [engine] LEVEL-UP MOVE PROMPT: wants to learn Skull Bash over a full moveset -> DECLINING deliberately (B=keep the set, A=confirm)
   [play-live]    [engine] JUST FIGHT: L55 vs L40 + connecting damage — skipping bag/switch hierarchy this turn
   [play-live]    [engine] action menu: Bite - a solid hit -> slot 1 (eff x1) vs venusaur 121/121 | [0]Tackle(p35,pp=26,ref=0,sc=33.25) [1]Bite(p60,pp=20,ref=0,sc=60) [2]Water Pulse(p60*STAB,pp=11,ref=0,sc=45) [3]Skull Bash(p100,pp=15,ref=0,sc=50)
   [play-live]    [engine] STREAM COMMIT: Bite - a solid hit slot 1 (menu_up=1 action=True moves=False)
   [play-live]    [engine] battle-progress: move resolved
   [play-live]    [engine] ITEM-INSTINCT offer: ['use_cure', 'keep_fighting'] ctx={'hp': '86/170', 'status': 'sleep', 'foe': 'venusaur'}
   [play-live]    [engine] ITEM-INSTINCT pick -> use_cure (item 17, aim=active)
   [play-live]    [engine] use_item walk n=0: party=False bag=True white=False pcur=None lead=False
   [play-live]    [engine] use_item walk n=1: party=False bag=False white=False pcur=None lead=False
   [play-live]    [engine] use_item: USED item 17 (count 2->1)
   [play-live]    [engine] battle-progress: item 17 consumed
   [play-live]    [engine] ITEM-INSTINCT offer: ['use_potion', 'keep_fighting'] ctx={'hp': '45/170', 'status': 'none', 'foe': 'venusaur'}
   [play-live]    [engine] ITEM-INSTINCT FORCED -> use_potion (active at 26% <= crit floor 30% — a faint loses the fight; oracle bypassed)
   [play-live]    [engine] ITEM-INSTINCT pick -> use_potion (item 21, aim=active)
   [play-live]    [engine] use_item walk n=0: party=False bag=True white=False pcur=None lead=False
   [play-live]    [engine] use_item walk n=1: party=False bag=False white=False pcur=None lead=False
   [play-live]    [engine] use_item: USED item 21 (count 15->14)
   [play-live]    [engine] battle-progress: item 21 consumed
   [play-live]    [engine] use_item: post-use settle NOT confirmed — blind B-unwind (the bag can sit open invisible to every classifier)
   [play-live]    [engine] JUST FIGHT: L55 vs L40 + connecting damage — skipping bag/switch hierarchy this turn
   [play-live]    [engine] action menu: Bite - a solid hit -> slot 1 (eff x1) vs venusaur 89/121 | [0]Tackle(p35,pp=26,ref=0,sc=33.25) [1]Bite(p60,pp=19,ref=0,sc=60) [2]Water Pulse(p60*STAB,pp=11,ref=0,sc=45) [3]Skull Bash(p100,pp=15,ref=0,sc=50)
   [play-live]    [engine] STREAM COMMIT: Bite - a solid hit slot 1 (menu_up=1 action=True moves=False)
   [play-live]    [engine] move slot 1 didn't fire (0-PP / disabled / blocked) -> rotating to an untried move (streak now [1], refusals {1: 1}, futility 1/4)
   [play-live]    [engine] JUST FIGHT: L55 vs L40 + connecting damage — skipping bag/switch hierarchy this turn
   [play-live]    [engine] action menu: Skull Bash -> slot 3 (eff x1) vs venusaur 89/121 | [0]Tackle(p35,pp=26,ref=0,sc=33.25) [1]Bite(p60,pp=19,ref=1,sc=60) [2]Water Pulse(p60*STAB,pp=11,ref=0,sc=45) [3]Skull Bash(p100,pp=15,ref=0,sc=50)
   [play-live]    [engine] STREAM COMMIT: Skull Bash slot 3 (menu_up=1 action=True moves=False)
   [play-live]    [engine] move slot 3 didn't fire (0-PP / disabled / blocked) -> rotating to an untried move (streak now [1, 3], refusals {1: 1, 3: 1}, futility 2/4)
   [play-live]    [engine] JUST FIGHT: L55 vs L40 + connecting damage — skipping bag/switch hierarchy this turn
   [play-live]    [engine] action menu: Water Pulse -> slot 2 (eff x0.5) vs venusaur 89/121 | [0]Tackle(p35,pp=26,ref=0,sc=33.25) [1]Bite(p60,pp=19,ref=1,sc=60) [2]Water Pulse(p60*STAB,pp=11,ref=0,sc=45) [3]Skull Bash(p100,pp=15,ref=1,sc=50)
   [play-live]    [engine] STREAM COMMIT: Water Pulse slot 2 (menu_up=1 action=True moves=False)
   [play-live]    [engine] move slot 2 didn't fire (0-PP / disabled / blocked) -> rotating to an untried move (streak now [1, 2, 3], refusals {1: 1, 3: 1, 2: 1}, futility 3/4)
   [play-live]    [engine] BAG is open at the turn loop (abandoned item flow) -> B-closing it
   [play-live]    [engine] JUST FIGHT: L55 vs L40 + connecting damage — skipping bag/switch hierarchy this turn
   [play-live]    [engine] action menu: Tackle -> slot 0 (eff x1) vs venusaur 89/121 | [0]Tackle(p35,pp=26,ref=0,sc=33.25) [1]Bite(p60,pp=19,ref=1,sc=60) [2]Water Pulse(p60*STAB,pp=11,ref=1,sc=45) [3]Skull Bash(p100,pp=15,ref=1,sc=50)
   [play-live]    [engine] STREAM COMMIT: Tackle slot 0 (menu_up=1 action=True moves=False)
   [play-live]    [engine] move slot 0 didn't fire (0-PP / disabled / blocked) -> rotating to an untried move (streak now [0, 1, 2, 3], refusals {1: 1, 3: 1, 2: 1, 0: 1}, futility 4/4)
   [play-live]    [engine] BAG is open at the turn loop (abandoned item flow) -> B-closing it
   [play-live]    [engine] !! FUTILITY BREAKER: 4 fruitless move-list confirms — the list is a tar pit (lying cursor/PP RAM). Benching the active for party slot 3 (L19) — switch verifies by species flip, not move RAM (use 1/2)
   [play-live]    [engine] switch: target party slot 3 sp=64 -> menu row 3
   [play-live]    [engine] switch: SWITCHED to species 64 (slot 3)
   [play-live]    [engine] battle-progress: futility bench switch
   [play-live]    [engine] action menu: Confusion - a super-effective hit -> slot 1 (eff x2) vs venusaur 89/121 | [0]Teleport(p0*STAB,pp=20,ref=1,sc=0) [1]Confusion(p50*STAB,pp=25,ref=1,sc=150) [2]Disable(p0,pp=20,ref=1,sc=0)
   [play-live]    [engine] STREAM COMMIT: Confusion - a super-effective hit slot 1 (menu_up=1 action=True moves=False)
   [play-live]    [engine] battle-progress: our mon fainted
   [play-live]    [engine] fswitch retry 2: target row 3 sp=9 skip_rows=[] party_cur=2 menu_rows=[(64, 0), (21, 47), (19, 43), (9, 129), (50, 35)]
   [play-live]    [engine] fswitch: selecting row 3 (sp=9 L55 hp=129)
   [play-live]    [engine] battle-progress: force-switch seated
   [play-live]    [engine] JUST FIGHT: L55 vs L40 + connecting damage — skipping bag/switch hierarchy this turn
   [play-live]    [engine] action menu: Bite - a solid hit -> slot 1 (eff x1) vs venusaur 89/121 | [0]Tackle(p35,pp=26,ref=1,sc=33.25) [1]Bite(p60,pp=19,ref=1,sc=60) [2]Water Pulse(p60*STAB,pp=11,ref=1,sc=45) [3]Skull Bash(p100,pp=15,ref=1,sc=50)
   [play-live]    [engine] STREAM COMMIT: Bite - a solid hit slot 1 (menu_up=1 action=True moves=False)
   [play-live]    [engine] battle-progress: move resolved
   [play-live]    [engine] JUST FIGHT: L55 vs L40 + connecting damage — skipping bag/switch hierarchy this turn
   [play-live]    [engine] action menu: Bite - a solid hit -> slot 1 (eff x1) vs venusaur 55/121 | [0]Tackle(p35,pp=26,ref=1,sc=33.25) [1]Bite(p60,pp=18,ref=1,sc=60) [2]Water Pulse(p60*STAB,pp=11,ref=1,sc=45) [3]Skull Bash(p100,pp=15,ref=1,sc=50)
   [play-live]    [engine] STREAM COMMIT: Bite - a solid hit slot 1 (menu_up=1 action=True moves=False)
   [play-live]    [engine] battle-progress: move resolved
   [play-live]    [engine] revive-check: NO offer (revive_item=24, worthy=None, party sp/hp/lv=[(9, 129, 55), (21, 47, 18), (19, 43, 18), (64, 0, 19), (50, 35, 18), (0, 0, 0)])
   [play-live]    [engine] ITEM-INSTINCT offer: ['use_cure', 'keep_fighting'] ctx={'hp': '129/170', 'status': 'sleep', 'foe': 'venusaur'}
   [play-live]    [engine] ITEM-INSTINCT pick -> use_cure (item 17, aim=active)
   [play-live]    [engine] use_item walk n=0: party=False bag=True white=False pcur=None lead=False
   [play-live]    [engine] use_item walk n=1: party=False bag=False white=False pcur=None lead=False
   [play-live]    [engine] use_item: USED item 17 (count 1->0)
   [play-live]    [engine] battle-progress: item 17 consumed
   [play-live]    [engine] use_item: post-use settle NOT confirmed — blind B-unwind (the bag can sit open invisible to every classifier)
   [play-live]    [engine] JUST FIGHT: L55 vs L40 + connecting damage — skipping bag/switch hierarchy this turn
   [play-live]    [engine] SE-CHUNK observed: this foe class hits us super-effectively and HARD -> sleep-lock armed even at neutral damage
   [play-live]    [engine] action menu: Bite - a solid hit -> slot 1 (eff x1) vs venusaur 26/121 | [0]Tackle(p35,pp=26,ref=1,sc=33.25) [1]Bite(p60,pp=17,ref=1,sc=60) [2]Water Pulse(p60*STAB,pp=11,ref=1,sc=45) [3]Skull Bash(p100,pp=15,ref=1,sc=50)
   [play-live]    [engine] STREAM COMMIT: Bite - a solid hit slot 1 (menu_up=1 action=True moves=False)
   [play-live]    [engine] battle-progress: move resolved
   [play-live]    [engine] battle-progress: enemy fainted
   [play-live]    [engine] JUST FIGHT: L55 vs L38 + connecting damage — skipping bag/switch hierarchy this turn
   [play-live]    [engine] action menu: Bite - a solid hit -> slot 1 (eff x1) vs gyarados 124/124 | [0]Tackle(p35,pp=26,ref=1,sc=33.25) [1]Bite(p60,pp=16,ref=1,sc=60) [2]Water Pulse(p60*STAB,pp=11,ref=1,sc=45) [3]Skull Bash(p100,pp=15,ref=1,sc=50)
   [play-live]    [engine] STREAM COMMIT: Bite - a solid hit slot 1 (menu_up=1 action=True moves=False)
   [play-live]    [engine] battle-progress: move resolved
   [play-live]    [engine] revive-check: NO offer (revive_item=24, worthy=None, party sp/hp/lv=[(9, 20, 55), (21, 47, 18), (19, 43, 18), (64, 0, 19), (50, 35, 18), (0, 0, 0)])
   [play-live]    [engine] ITEM-INSTINCT offer: ['use_potion', 'keep_fighting'] ctx={'hp': '20/170', 'status': 'none', 'foe': 'gyarados'}
   [play-live]    [engine] ITEM-INSTINCT FORCED -> use_potion (active at 11% <= crit floor 30% — a faint loses the fight; oracle bypassed)
   [play-live]    [engine] ITEM-INSTINCT pick -> use_potion (item 21, aim=active)
   [play-live]    [engine] use_item walk n=0: party=False bag=True white=False pcur=None lead=False
   [play-live]    [engine] use_item walk n=1: party=False bag=False white=False pcur=None lead=False
   [play-live]    [engine] use_item: USED item 21 (count 14->13)
   [play-live]    [engine] battle-progress: item 21 consumed
   [play-live]    [engine] use_item: post-use settle NOT confirmed — blind B-unwind (the bag can sit open invisible to every classifier)
   [play-live]    [engine] JUST FIGHT: L55 vs L38 + connecting damage — skipping bag/switch hierarchy this turn
   [play-live]    [engine] action menu: Bite - a solid hit -> slot 1 (eff x1) vs gyarados 90/124 | [0]Tackle(p35,pp=26,ref=1,sc=33.25) [1]Bite(p60,pp=15,ref=1,sc=60) [2]Water Pulse(p60*STAB,pp=11,ref=1,sc=45) [3]Skull Bash(p100,pp=15,ref=1,sc=50)
   [play-live]    [engine] STREAM COMMIT: Bite - a solid hit slot 1 (menu_up=1 action=True moves=False)
   [play-live]    [engine] battle-progress: move resolved
   [play-live]    [engine] JUST FIGHT: L55 vs L38 + connecting damage — skipping bag/switch hierarchy this turn
   [play-live]    [engine] action menu: Bite - a solid hit -> slot 1 (eff x1) vs gyarados 54/124 | [0]Tackle(p35,pp=26,ref=1,sc=33.25) [1]Bite(p60,pp=14,ref=1,sc=60) [2]Water Pulse(p60*STAB,pp=11,ref=1,sc=45) [3]Skull Bash(p100,pp=15,ref=1,sc=50)
   [play-live]    [engine] STREAM COMMIT: Bite - a solid hit slot 1 (menu_up=1 action=True moves=False)
   [play-live]    [engine] battle-progress: move resolved
   [play-live]    [engine] JUST FIGHT: L55 vs L38 + connecting damage — skipping bag/switch hierarchy this turn
   [play-live]    [engine] action menu: Bite - a solid hit -> slot 1 (eff x1) vs gyarados 18/124 | [0]Tackle(p35,pp=26,ref=1,sc=33.25) [1]Bite(p60,pp=13,ref=1,sc=60) [2]Water Pulse(p60*STAB,pp=11,ref=1,sc=45) [3]Skull Bash(p100,pp=15,ref=1,sc=50)
   [play-live]    [engine] STREAM COMMIT: Bite - a solid hit slot 1 (menu_up=1 action=True moves=False)
   [play-live]    [engine] battle-progress: move resolved
   [play-live]    [engine] battle-progress: enemy fainted
   [play-live]    [engine] JUST FIGHT: L55 vs L35 + connecting damage — skipping bag/switch hierarchy this turn
   [play-live]    [engine] action menu: Water Pulse - a super-effective hit -> slot 2 (eff x4) vs growlithe 87/87 | [0]Tackle(p35,pp=26,ref=1,sc=33.25) [1]Bite(p60,pp=12,ref=1,sc=60) [2]Water Pulse(p60*STAB,pp=11,ref=1,sc=360) [3]Skull Bash(p100,pp=15,ref=1,sc=50)
   [play-live]    [engine] STREAM COMMIT: Water Pulse - a super-effective hit slot 2 (menu_up=1 action=True moves=False)
   [play-live]    [engine] battle-progress: move resolved
   [play-live]    [engine] battle-progress: enemy fainted
   [play-live]    [engine] JUST FIGHT: L55 vs L35 + connecting damage — skipping bag/switch hierarchy this turn
   [play-live]    [engine] action menu: Bite - a super-effective hit -> slot 1 (eff x4) vs alakazam 87/87 | [0]Tackle(p35,pp=26,ref=0,sc=33.25) [1]Bite(p60,pp=12,ref=0,sc=240) [2]Water Pulse(p60*STAB,pp=10,ref=0,sc=90) [3]Skull Bash(p100,pp=15,ref=0,sc=50)
   [play-live]    [engine] STREAM COMMIT: Bite - a super-effective hit slot 1 (menu_up=1 action=True moves=False)
   [play-live]    [engine] move slot 1 didn't fire (0-PP / disabled / blocked) -> rotating to an untried move (streak now [1], refusals {1: 1}, futility 1/4)
   [play-live]    [engine] JUST FIGHT: L55 vs L35 + connecting damage — skipping bag/switch hierarchy this turn
   [play-live]    [engine] action menu: Water Pulse -> slot 2 (eff x1) vs alakazam 87/87 | [0]Tackle(p35,pp=26,ref=0,sc=33.25) [1]Bite(p60,pp=12,ref=1,sc=240) [2]Water Pulse(p60*STAB,pp=10,ref=0,sc=90) [3]Skull Bash(p100,pp=15,ref=0,sc=50)
   [play-live]    [engine] STREAM COMMIT: Water Pulse slot 2 (menu_up=1 action=True moves=False)
   [play-live]    [engine] move slot 2 didn't fire (0-PP / disabled / blocked) -> rotating to an untried move (streak now [1, 2], refusals {1: 1, 2: 1}, futility 2/4)
   [play-live]    [engine] BAG is open at the turn loop (abandoned item flow) -> B-closing it
   [play-live]    [engine] JUST FIGHT: L55 vs L35 + connecting damage — skipping bag/switch hierarchy this turn
   [play-live]    [engine] action menu: Skull Bash -> slot 3 (eff x1) vs alakazam 87/87 | [0]Tackle(p35,pp=26,ref=0,sc=33.25) [1]Bite(p60,pp=12,ref=1,sc=240) [2]Water Pulse(p60*STAB,pp=10,ref=1,sc=90) [3]Skull Bash(p100,pp=15,ref=0,sc=50)
   [play-live]    [engine] STREAM COMMIT: Skull Bash slot 3 (menu_up=1 action=True moves=False)
   [play-live]    [engine] move slot 3 didn't fire (0-PP / disabled / blocked) -> rotating to an untried move (streak now [1, 2, 3], refusals {1: 1, 2: 1, 3: 1}, futility 3/4)
   [play-live]    [engine] JUST FIGHT: L55 vs L35 + connecting damage — skipping bag/switch hierarchy this turn
   [play-live]    [engine] action menu: Tackle -> slot 0 (eff x1) vs alakazam 87/87 | [0]Tackle(p35,pp=26,ref=0,sc=33.25) [1]Bite(p60,pp=12,ref=1,sc=240) [2]Water Pulse(p60*STAB,pp=10,ref=1,sc=90) [3]Skull Bash(p100,pp=15,ref=1,sc=50)
   [play-live]    [engine] STREAM COMMIT: Tackle slot 0 (menu_up=1 action=True moves=False)
   [play-live]    [engine] move slot 0 didn't fire (0-PP / disabled / blocked) -> rotating to an untried move (streak now [0, 1, 2, 3], refusals {1: 1, 2: 1, 3: 1, 0: 1}, futility 4/4)
   [play-live]    [engine] BAG is open at the turn loop (abandoned item flow) -> B-closing it
   [play-live]    [engine] !! FUTILITY BREAKER: 4 fruitless move-list confirms — the list is a tar pit (lying cursor/PP RAM). Benching the active for party slot 1 (L18) — switch verifies by species flip, not move RAM (use 1/2)
   [play-live]    [engine] switch: target party slot 1 sp=21 -> menu row 1
   [play-live]    [engine] switch: SWITCHED to species 21 (slot 1)
   [play-live]    [engine] battle-progress: futility bench switch
   [play-live]    [engine] revive-check: NO offer (revive_item=24, worthy=None, party sp/hp/lv=[(9, 121, 55), (21, 47, 18), (19, 43, 18), (64, 0, 19), (50, 35, 18), (0, 0, 0)])
   [play-live]    [engine] action menu: Peck - a STAB hit -> slot 0 (eff x1) vs alakazam 87/87 | [0]Peck(p35*STAB,pp=35,ref=1,sc=52.5) [1]Leer(p0*STAB,pp=30,ref=1,sc=0) [2]Fury Attack(p15*STAB,pp=20,ref=1,sc=19.125)
   [play-live]    [engine] STREAM COMMIT: Peck - a STAB hit slot 0 (menu_up=1 action=True moves=False)
   [play-live]    [engine] battle-progress: move resolved
   [play-live]    [engine] revive-check: NO offer (revive_item=24, worthy=None, party sp/hp/lv=[(9, 121, 55), (21, 47, 18), (19, 43, 18), (64, 0, 19), (50, 35, 18), (0, 0, 0)])
   [play-live]    [engine] action menu: Peck - a STAB hit -> slot 0 (eff x1) vs alakazam 66/87 | [0]Peck(p35*STAB,pp=34,ref=1,sc=52.5) [1]Leer(p0*STAB,pp=30,ref=1,sc=0) [2]Fury Attack(p15*STAB,pp=20,ref=1,sc=19.125)
   [play-live]    [engine] STREAM COMMIT: Peck - a STAB hit slot 0 (menu_up=1 action=True moves=False)
   [play-live]    [engine] battle-progress: move resolved
   [play-live]    [engine] revive-check: NO offer (revive_item=24, worthy=None, party sp/hp/lv=[(9, 121, 55), (21, 47, 18), (19, 43, 18), (64, 0, 19), (50, 35, 18), (0, 0, 0)])
   [play-live]    [engine] action menu: Peck - a STAB hit -> slot 0 (eff x1) vs alakazam 58/87 | [0]Peck(p35*STAB,pp=33,ref=1,sc=52.5) [1]Leer(p0*STAB,pp=30,ref=1,sc=0) [2]Fury Attack(p15*STAB,pp=20,ref=1,sc=19.125)
   [play-live]    [engine] STREAM COMMIT: Peck - a STAB hit slot 0 (menu_up=1 action=True moves=False)
   [play-live]    [engine] battle-progress: move resolved
   [play-live]    [engine] battle-progress: our mon fainted
   [play-live]    [engine] fswitch retry 3: target row 1 sp=9 skip_rows=[] party_cur=1 menu_rows=[(21, 0), (9, 121), (19, 43), (64, 0), (50, 35)]
   [play-live]    [engine] fswitch: selecting row 1 (sp=9 L55 hp=121)
   [play-live]    [engine] battle-progress: force-switch seated
   [play-live]    [engine] JUST FIGHT: L55 vs L35 + connecting damage — skipping bag/switch hierarchy this turn
   [play-live]    [engine] action menu: Bite - a super-effective hit -> slot 1 (eff x4) vs alakazam 49/87 | [0]Tackle(p35,pp=26,ref=1,sc=33.25) [1]Bite(p60,pp=12,ref=1,sc=240) [2]Water Pulse(p60*STAB,pp=10,ref=1,sc=90) [3]Skull Bash(p100,pp=15,ref=1,sc=50)
   [play-live]    [engine] STREAM COMMIT: Bite - a super-effective hit slot 1 (menu_up=1 action=True moves=False)
   [play-live]    [engine] battle-progress: move resolved
   [play-live]    [engine] battle-progress: enemy fainted
   [travel] start map=(1, 57) coords=(2, 6) -> coord (6, 12) (budget 120s)
   [travel] path blocked at (2, 6) (NPC on the gap?) - waiting
   [travel] no clean path from (2, 6) AND no NPC-allowing path (npcs nearby=[(6, 11), (9, 9), (11, 9)]) - genuine wall/zone gap, will time out
   [travel] !! TRAVEL WEDGE: identical fp x4 retries at (2, 6) map=(1, 57) (reason=no_route) -> returning to roam LOUD (no inner spin)
   [travel] start map=(1, 57) coords=(2, 12) -> coord (7, 11) (budget 120s)
   [travel] !! WATCHDOG disengage requested — bailing this leg LOUD
   [play-live]    [engine] JUST FIGHT: L55 vs L32 + connecting damage — skipping bag/switch hierarchy this turn
   [play-live]    [engine] action menu: Water Pulse - a super-effective hit -> slot 2 (eff x4) vs cubone 74/74 | [0]Tackle(p35,pp=26,ref=0,sc=33.25) [1]Bite(p60,pp=11,ref=0,sc=60) [2]Water Pulse(p60*STAB,pp=10,ref=0,sc=360) [3]Skull Bash(p100,pp=15,ref=0,sc=50)
   [play-live]    [engine] STREAM COMMIT: Water Pulse - a super-effective hit slot 2 (menu_up=1 action=True moves=False)
   [play-live]    [engine] battle-progress: move resolved
   [play-live]    [engine] battle-progress: enemy fainted
   [play-live]    [engine] party screen in drain: voluntary (shift prompt) -> single B out
   [play-live]    [engine] JUST FIGHT: L55 vs L32 + connecting damage — skipping bag/switch hierarchy this turn
   [play-live]    [engine] action menu: Water Pulse - a super-effective hit -> slot 2 (eff x4) vs marowak 80/80 | [0]Tackle(p35,pp=26,ref=0,sc=33.25) [1]Bite(p60,pp=11,ref=0,sc=60) [2]Water Pulse(p60*STAB,pp=9,ref=0,sc=360) [3]Skull Bash(p100,pp=15,ref=0,sc=50)
   [play-live]    [engine] STREAM COMMIT: Water Pulse - a super-effective hit slot 2 (menu_up=1 action=True moves=False)
   [play-live]    [engine] battle-progress: move resolved
   [play-live]    [engine] battle-progress: enemy fainted
   [play-live]    [engine] JUST FIGHT: L55 vs L32 + connecting damage — skipping bag/switch hierarchy this turn
   [play-live]    [engine] action menu: Bite - a super-effective hit -> slot 1 (eff x4) vs drowzee 80/80 | [0]Tackle(p35,pp=26,ref=0,sc=33.25) [1]Bite(p60,pp=11,ref=0,sc=240) [2]Water Pulse(p60*STAB,pp=8,ref=0,sc=90) [3]Skull Bash(p100,pp=15,ref=0,sc=50)
   [play-live]    [engine] STREAM COMMIT: Bite - a super-effective hit slot 1 (menu_up=1 action=True moves=False)
   [play-live]    [engine] battle-progress: move resolved
   [play-live]    [engine] battle-progress: enemy fainted
   [play-live]    [engine] !! post-faint drain: 40 advances, zero progress -> switching to B-first decline pairs (wedge frame saved)
   [play-live]    [engine] JUST FIGHT: L55 vs L37 + connecting damage — skipping bag/switch hierarchy this turn
   [play-live]    [engine] action menu: Water Pulse - a STAB hit -> slot 2 (eff x1) vs nidorino 103/103 | [0]Tackle(p35,pp=26,ref=0,sc=33.25) [1]Bite(p60,pp=10,ref=0,sc=60) [2]Water Pulse(p60*STAB,pp=8,ref=0,sc=90) [3]Skull Bash(p100,pp=15,ref=0,sc=50)
   [play-live]    [engine] STREAM COMMIT: Water Pulse - a STAB hit slot 2 (menu_up=1 action=True moves=False)
   [play-live]    [engine] battle-progress: move resolved
   [play-live]    [engine] JUST FIGHT: L55 vs L37 + connecting damage — skipping bag/switch hierarchy this turn
   [play-live]    [engine] action menu: Water Pulse - a STAB hit -> slot 2 (eff x1) vs nidorino 69/103 | [0]Tackle(p35,pp=25,ref=0,sc=33.25) [1]Bite(p60,pp=10,ref=0,sc=60) [2]Water Pulse(p60*STAB,pp=8,ref=0,sc=90) [3]Skull Bash(p100,pp=15,ref=0,sc=50)
   [play-live]    [engine] STREAM COMMIT: Water Pulse - a STAB hit slot 2 (menu_up=1 action=True moves=False)
   [play-live]    [engine] battle-progress: move resolved
   [play-live]    [engine] battle-progress: enemy fainted
   [play-live]    [engine] party screen in drain: voluntary (shift prompt) -> single B out
   [play-live]    [engine] JUST FIGHT: L55 vs L41 + connecting damage — skipping bag/switch hierarchy this turn
   [play-live]    [engine] action menu: Water Pulse - a super-effective hit -> slot 2 (eff x2) vs nidoqueen 137/137 | [0]Tackle(p35,pp=25,ref=0,sc=33.25) [1]Bite(p60,pp=10,ref=0,sc=60) [2]Water Pulse(p60*STAB,pp=7,ref=0,sc=180) [3]Skull Bash(p100,pp=15,ref=0,sc=50)
   [play-live]    [engine] STREAM COMMIT: Water Pulse - a super-effective hit slot 2 (menu_up=1 action=True moves=False)
   [play-live]    [engine] battle-progress: move resolved
   [play-live]    [engine] revive-check: NO offer (revive_item=24, worthy=None, party sp/hp/lv=[(9, 32, 55), (21, 0, 18), (19, 43, 18), (64, 0, 19), (50, 35, 18), (131, 104, 25)])
   [play-live]    [engine] ITEM-INSTINCT offer: ['use_potion', 'use_cure', 'keep_fighting'] ctx={'hp': '32/170', 'status': 'poison', 'foe': 'nidoqueen'}
   [play-live]    [engine] ITEM-INSTINCT FORCED -> use_potion (active at 18% <= crit floor 30% — a faint loses the fight; oracle bypassed)
   [play-live]    [engine] ITEM-INSTINCT pick -> use_potion (item 21, aim=active)
   [play-live]    [engine] use_item: pocket byte MUTE + NO bag/white pixels — bag never opened; keep fighting (LOUD, no blind taps fired)
   [play-live]    [engine] HEAL-FAIL LATCH: item 21 did not consume (failed) -> suppressing further in-battle item offers for species 9 this battle (anti bag-USE/CANCEL livelock — fight/faint, let the next mon resolve it)
   [play-live]    [engine] POTION-BLOCK: no more heal-item offers this battle (full-HP / no_effect abort)
   [play-live]    [engine] action menu: Water Pulse - a super-effective hit -> slot 2 (eff x2) vs nidoqueen 44/137 | [0]Tackle(p35,pp=25,ref=0,sc=33.25) [1]Bite(p60,pp=10,ref=0,sc=60) [2]Water Pulse(p60*STAB,pp=6,ref=0,sc=180) [3]Skull Bash(p100,pp=15,ref=0,sc=50)
   [play-live]    [engine] STREAM COMMIT: Water Pulse - a super-effective hit slot 2 (menu_up=0 action=False moves=False)
   [play-live]    [engine] battle-progress: enemy fainted
   [play-live]    [engine] battle-progress: move resolved
   [play-live]    [engine] party screen in drain: voluntary (shift prompt) -> single B out
   [play-live]    [engine] action menu: Water Pulse - a STAB hit -> slot 2 (eff x1) vs kangaskhan 129/129 | [0]Tackle(p35,pp=25,ref=0,sc=33.25) [1]Bite(p60,pp=10,ref=0,sc=60) [2]Water Pulse(p60*STAB,pp=5,ref=0,sc=90) [3]Skull Bash(p100,pp=15,ref=0,sc=50)
   [play-live]    [engine] STREAM COMMIT: Water Pulse - a STAB hit slot 2 (menu_up=1 action=True moves=False)
   [play-live]    [engine] move slot 2 didn't fire (0-PP / disabled / blocked) -> rotating to an untried move (streak now [2], refusals {2: 1}, futility 1/4)
   [play-live]    [engine] BAG is open at the turn loop (abandoned item flow) -> B-closing it
   [play-live]    [engine] action menu: Bite -> slot 1 (eff x1) vs kangaskhan 129/129 | [0]Tackle(p35,pp=25,ref=0,sc=33.25) [1]Bite(p60,pp=10,ref=0,sc=60) [2]Water Pulse(p60*STAB,pp=5,ref=1,sc=90) [3]Skull Bash(p100,pp=15,ref=0,sc=50)
   [play-live]    [engine] STREAM COMMIT: Bite slot 1 (menu_up=1 action=True moves=False)
   [play-live]    [engine] move slot 1 didn't fire (0-PP / disabled / blocked) -> rotating to an untried move (streak now [1, 2], refusals {2: 1, 1: 1}, futility 2/4)
   [play-live]    [engine] action menu: Skull Bash -> slot 3 (eff x1) vs kangaskhan 129/129 | [0]Tackle(p35,pp=25,ref=0,sc=33.25) [1]Bite(p60,pp=10,ref=1,sc=60) [2]Water Pulse(p60*STAB,pp=5,ref=1,sc=90) [3]Skull Bash(p100,pp=15,ref=0,sc=50)
   [play-live]    [engine] STREAM COMMIT: Skull Bash slot 3 (menu_up=1 action=True moves=False)
   [play-live]    [engine] move slot 3 didn't fire (0-PP / disabled / blocked) -> rotating to an untried move (streak now [1, 2, 3], refusals {2: 1, 1: 1, 3: 1}, futility 3/4)
   [play-live]    [engine] action menu: Tackle -> slot 0 (eff x1) vs kangaskhan 129/129 | [0]Tackle(p35,pp=25,ref=0,sc=33.25) [1]Bite(p60,pp=10,ref=1,sc=60) [2]Water Pulse(p60*STAB,pp=5,ref=1,sc=90) [3]Skull Bash(p100,pp=15,ref=1,sc=50)
   [play-live]    [engine] STREAM COMMIT: Tackle slot 0 (menu_up=1 action=True moves=False)
   [play-live]    [engine] move slot 0 didn't fire (0-PP / disabled / blocked) -> rotating to an untried move (streak now [0, 1, 2, 3], refusals {2: 1, 1: 1, 3: 1, 0: 1}, futility 4/4)
   [play-live]    [engine] !! MENU WEDGE 66s with NO progress — escaping the scroll theater (fire 1/8, menu_up=1 action=False moves=False bag=True party=False)
   [play-live]    [engine] battle-progress: our mon fainted
   [play-live]    [engine] fswitch retry 3: target row 5 sp=131 skip_rows=[] party_cur=1 menu_rows=[(9, 0), (21, 0), (19, 43), (64, 0), (50, 35), (131, 104)]
   [play-live]    [engine] fswitch: selecting row 5 (sp=131 L25 hp=104)
   [play-live]    [engine] battle-progress: force-switch seated
   [play-live]    [engine] ITEM-INSTINCT offer: ['use_revive', 'keep_fighting'] ctx={'hp': '104/104', 'status': 'none', 'foe': 'kangaskhan'}
   [play-live]    [engine] ITEM-INSTINCT pick -> use_revive (item 24, aim=fainted)
   [play-live]    [engine] use_item: pocket byte MUTE + NO bag/white pixels — bag never opened; keep fighting (LOUD, no blind taps fired)
   [play-live]    [engine] HEAL-FAIL LATCH: item 24 did not consume (failed) -> suppressing further in-battle item offers for species 131 this battle (anti bag-USE/CANCEL livelock — fight/faint, let the next mon resolve it)
   [play-live]    [engine] MOVES EXHAUSTED in a TRAINER battle -> war-must-advance: re-firing Body Slam (idling never resolves a can't-flee fight)
   [play-live]    [engine] action menu: Body Slam -> slot 1 (eff x1) vs kangaskhan 129/129 | [0]move#54(p0*STAB,pp=30,ref=1,sc=0) [1]Body Slam(p85,pp=15,ref=1,sc=85) [2]Confuse Ray(p0,pp=10,ref=1,sc=0) [3]Perish Song(p0,pp=5,ref=1,sc=0)
   [play-live]    [engine] STREAM COMMIT: Body Slam slot 1 (menu_up=0 action=False moves=False)
   [play-live]    [engine] move slot 1 didn't fire (0-PP / disabled / blocked) -> rotating to an untried move (streak now [1], refusals {2: 1, 1: 2, 3: 1, 0: 1}, futility 1/4)
   [play-live]    [engine] MUST-LEAVE: active alive but stuck (status/famine/exhausted) -> bench slot 2 (NOT re-picking species 131)
   [play-live]    [engine] switch: target party slot 2 sp=19 -> menu row 2
   [play-live]    [engine] switch: SWITCHED to species 19 (slot 2)
   [play-live]    [engine] battle-progress: must-leave switch
   [play-live]    [engine] ITEM-INSTINCT offer: ['use_revive', 'keep_fighting'] ctx={'hp': '43/43', 'status': 'none', 'foe': 'kangaskhan'}
   [play-live]    [engine] ITEM-INSTINCT pick -> use_revive (item 24, aim=fainted)
   [play-live]    [engine] use_item walk n=0: party=False bag=True white=False pcur=None lead=False
   [play-live]    [engine] use_item walk n=1: party=False bag=False white=False pcur=None lead=False
   [play-live]    [engine] use_item: cursor unreadable/unreached for row 5 — BLIND party walk (LEFT home, RIGHT + DOWN x4)
   [play-live]    [engine] use_item walk n=2: party=True bag=False white=True pcur=None lead=True
   [play-live]    [engine] use_item walk n=3: party=False bag=False white=False pcur=None lead=False
   [play-live]    [engine] use_item walk n=4: party=False bag=True white=False pcur=None lead=False
   [play-live]    [engine] use_item walk n=5: party=False bag=False white=False pcur=None lead=False
   [play-live]    [engine] use_item: pocket=0 cursor=4 scroll=3 row=7 — selected but item 24 NOT consumed (count still 5) — keep fighting (LOUD)
   [play-live]    [engine] HEAL-FAIL LATCH: item 24 did not consume (failed) -> suppressing further in-battle item offers for species 19 this battle (anti bag-USE/CANCEL livelock — fight/faint, let the next mon resolve it)
   [play-live]    [engine] action menu: Cut -> slot 2 (eff x1) vs kangaskhan 129/129 | [0]Quick Attack(p40*STAB,pp=30,ref=1,sc=60) [1]Hyper Fang(p80*STAB,pp=15,ref=2,sc=108) [2]Cut(p50*STAB,pp=30,ref=1,sc=71.25)
   [play-live]    [engine] STREAM COMMIT: Cut slot 2 (menu_up=1 action=False moves=False)
   [play-live]    [engine] move slot 2 didn't fire (0-PP / disabled / blocked) -> rotating to an untried move (streak now [2], refusals {2: 2, 1: 2, 3: 1, 0: 1}, futility 1/4)
   [play-live]    [engine] !! PARTY THRASH #1: open but active ALIVE — B-closing (never A)
   [play-live]    [engine] action menu: Quick Attack -> slot 0 (eff x1) vs kangaskhan 129/129 | [0]Quick Attack(p40*STAB,pp=30,ref=1,sc=60) [1]Hyper Fang(p80*STAB,pp=15,ref=2,sc=108) [2]Cut(p50*STAB,pp=30,ref=2,sc=71.25)
   [play-live]    [engine] STREAM COMMIT: Quick Attack slot 0 (menu_up=1 action=True moves=False)
   [play-live]    [engine] move slot 0 didn't fire (0-PP / disabled / blocked) -> rotating to an untried move (streak now [0, 2], refusals {2: 2, 1: 2, 3: 1, 0: 2}, futility 2/4)
   [play-live]    [engine] !! MENU WEDGE 69s with NO progress — escaping the scroll theater (fire 2/8, menu_up=1 action=False moves=False bag=False party=True)
   [play-live]    [engine] MENU WEDGE escalation: blind B-unwind (classifiers untrusted)
   [play-live]    [engine] MUST-LEAVE: active alive but stuck (status/famine/exhausted) -> bench slot 5 (NOT re-picking species 19)
   [play-live]    [engine] switch: target party slot 5 sp=131 -> menu row 2
   [play-live]    [engine] switch: SWITCHED to species 131 (slot 5)
   [play-live]    [engine] battle-progress: must-leave switch
   [play-live]    [engine] MUST-LEAVE: active alive but stuck (status/famine/exhausted) -> bench slot 2 (NOT re-picking species 131)
   [play-live]    [engine] switch: target party slot 2 sp=19 -> menu row 2
   [play-live]    [engine] switch: SWITCHED to species 19 (slot 2)
   [play-live]    [engine] battle-progress: must-leave switch
   [play-live]    [engine] MUST-LEAVE: active alive but stuck (status/famine/exhausted) -> bench slot 5 (NOT re-picking species 19)
   [play-live]    [engine] switch: target party slot 5 sp=131 -> menu row 2
   [play-live]    [engine] switch: SWITCHED to species 131 (slot 5)
   [play-live]    [engine] battle-progress: must-leave switch
   [play-live]    [engine] MUST-LEAVE: active alive but stuck (status/famine/exhausted) -> bench slot 2 (NOT re-picking species 131)
   [play-live]    [engine] switch: target party slot 2 sp=19 -> menu row 2
   [play-live]    [engine] switch: SWITCHED to species 19 (slot 2)
   [play-live]    [engine] battle-progress: must-leave switch
   [play-live]    [engine] battle-progress: our mon fainted
   [play-live]    [engine] fswitch retry 1: target row 2 sp=131 skip_rows=[] party_cur=2 menu_rows=[(19, 0), (21, 0), (131, 19), (64, 0), (50, 35), (9, 0)]
   [play-live]    [engine] fswitch: selecting row 2 (sp=131 L25 hp=19)
   [play-live]    [engine] battle-progress: force-switch seated
   [play-live]    [engine] PP FAMINE: active has no damaging PP left -> switching to party slot 4 (the only line that can still win)
   [play-live]    [engine] switch: party didn't open via RAM nav — BLIND fallback (B out, DOWN DOWN A)
   [play-live]    [engine] switch: party screen never took focus -> B out (fail-safe)
   [play-live]    [engine] famine switch did not confirm -> fighting on (fail-safe)
   [play-live]    [engine] action menu: Perish Song -> slot 3 (eff x1) vs kangaskhan 129/129 | [0]move#54(p0*STAB,pp=29,ref=2,sc=0) [1]Body Slam(p85,pp=15,ref=2,sc=85) [2]Confuse Ray(p0,pp=10,ref=2,sc=0) [3]Perish Song(p0,pp=5,ref=1,sc=0)
   [play-live]    [engine] STREAM COMMIT: Perish Song slot 3 (menu_up=0 action=False moves=False)
   [play-live]    [engine] move slot 3 didn't fire (0-PP / disabled / blocked) -> rotating to an untried move (streak now [3], refusals {2: 2, 1: 2, 3: 2, 0: 2}, futility 1/4)
   [play-live]    [engine] PP FAMINE: active has no damaging PP left -> switching to party slot 4 (the only line that can still win)
   [play-live]    [engine] switch: target party slot 4 sp=50 -> menu row 4
   [play-live]    [engine] switch: SWITCHED to species 50 (slot 4)
   [play-live]    [engine] battle-progress: our mon fainted
   [play-live]    [engine] fswitch retry 1: target row 4 sp=131 skip_rows=[] party_cur=2 menu_rows=[(50, 0), (21, 0), (19, 0), (64, 0), (131, 19), (9, 0)]
   [play-live]    [engine] fswitch: selecting row 4 (sp=131 L25 hp=19)
   [play-live]    [engine] battle-progress: force-switch seated
===== playlive_2026-08-04_10-59-37.log =====
   [travel] start map=(1, 54) coords=(16, 2) -> coord (16, 3) (budget 300s)
   [travel] step 0: (16, 2)->(16, 3) map=(1, 54) (path 2 to exit)
   [travel] reached target coord (16, 3)
   [travel] start map=(1, 54) coords=(16, 2) -> coord (17, 2) (budget 60s)
   [travel] step 0: (16, 2)->(17, 2) map=(1, 54) (path 2 to exit)
   [travel] reached target coord (17, 2)
   [play-live]    [engine] JUST FIGHT: L54 vs L28 + connecting damage — skipping bag/switch hierarchy this turn
   [play-live]    [engine] action menu: Water Pulse - a STAB hit -> slot 2 (eff x1) vs golbat 80/80 | [0]Tackle(p35,pp=32,ref=0,sc=33.25) [1]Bite(p60,pp=23,ref=0,sc=60) [2]Water Pulse(p60*STAB,pp=16,ref=0,sc=90)
   [play-live]    [engine] STREAM COMMIT: Water Pulse - a STAB hit slot 2 (menu_up=1 action=True moves=False)
   [play-live]    [engine] battle-progress: move resolved
   [play-live]    [engine] battle-progress: enemy fainted
   [play-live]    [engine] party screen in drain: voluntary (shift prompt) -> single B out
   [play-live]    [engine] JUST FIGHT: L54 vs L28 + connecting damage — skipping bag/switch hierarchy this turn
   [play-live]    [engine] action menu: Bite - a super-effective hit -> slot 1 (eff x4) vs drowzee 71/71 | [0]Tackle(p35,pp=32,ref=0,sc=33.25) [1]Bite(p60,pp=23,ref=0,sc=240) [2]Water Pulse(p60*STAB,pp=15,ref=0,sc=90)
   [play-live]    [engine] STREAM COMMIT: Bite - a super-effective hit slot 1 (menu_up=1 action=True moves=False)
   [play-live]    [engine] battle-progress: enemy fainted
   [play-live]    [engine] battle-progress: move resolved
   [play-live]    [engine] JUST FIGHT: L54 vs L28 + connecting damage — skipping bag/switch hierarchy this turn
   [play-live]    [engine] action menu: Bite - a super-effective hit -> slot 1 (eff x4) vs hypno 85/85 | [0]Tackle(p35,pp=32,ref=0,sc=33.25) [1]Bite(p60,pp=23,ref=0,sc=240) [2]Water Pulse(p60*STAB,pp=14,ref=0,sc=90)
   [play-live]    [engine] STREAM COMMIT: Bite - a super-effective hit slot 1 (menu_up=1 action=True moves=False)
   [play-live]    [engine] battle-progress: move resolved
   [play-live]    [engine] JUST FIGHT: L54 vs L28 + connecting damage — skipping bag/switch hierarchy this turn
   [play-live]    [engine] action menu: Bite - a super-effective hit -> slot 1 (eff x4) vs hypno 12/85 | [0]Tackle(p35,pp=32,ref=0,sc=33.25) [1]Bite(p60,pp=22,ref=0,sc=240) [2]Water Pulse(p60*STAB,pp=14,ref=0,sc=90)
   [play-live]    [engine] STREAM COMMIT: Bite - a super-effective hit slot 1 (menu_up=1 action=True moves=False)
   [play-live]    [engine] battle-progress: move resolved
   [play-live]    [engine] battle-progress: enemy fainted
   [play-live]    [engine] !! post-faint drain: 40 advances, zero progress -> switching to B-first decline pairs (wedge frame saved)
   [play-live]    [engine] JUST FIGHT: L54 vs L28 + connecting damage — skipping bag/switch hierarchy this turn
   [play-live]    [engine] action menu: Bite - a super-effective hit -> slot 1 (eff x4) vs drowzee 71/71 | [0]Tackle(p35,pp=32,ref=0,sc=33.25) [1]Bite(p60,pp=21,ref=0,sc=240) [2]Water Pulse(p60*STAB,pp=14,ref=0,sc=90)
   [play-live]    [engine] STREAM COMMIT: Bite - a super-effective hit slot 1 (menu_up=1 action=True moves=False)
   [play-live]    [engine] battle-progress: move resolved
   [play-live]    [engine] JUST FIGHT: L54 vs L28 + connecting damage — skipping bag/switch hierarchy this turn
   [play-live]    [engine] action menu: Bite - a super-effective hit -> slot 1 (eff x4) vs drowzee 16/71 | [0]Tackle(p35,pp=31,ref=0,sc=33.25) [1]Bite(p60,pp=21,ref=0,sc=240) [2]Water Pulse(p60*STAB,pp=14,ref=0,sc=90)
   [play-live]    [engine] STREAM COMMIT: Bite - a super-effective hit slot 1 (menu_up=1 action=True moves=False)
   [play-live]    [engine] battle-progress: enemy fainted
   [play-live]    [engine] battle-progress: move resolved
   [play-live]    [engine] party screen in drain: voluntary (shift prompt) -> single B out
   [play-live]    [engine] JUST FIGHT: L54 vs L28 + connecting damage — skipping bag/switch hierarchy this turn
   [play-live]    [engine] action menu: Water Pulse - a STAB hit -> slot 2 (eff x1) vs grimer 82/82 | [0]Tackle(p35,pp=30,ref=0,sc=33.25) [1]Bite(p60,pp=21,ref=0,sc=60) [2]Water Pulse(p60*STAB,pp=14,ref=0,sc=90)
   [play-live]    [engine] STREAM COMMIT: Water Pulse - a STAB hit slot 2 (menu_up=1 action=True moves=False)
   [play-live]    [engine] battle-progress: move resolved
   [play-live]    [engine] battle-progress: enemy fainted
   [play-live]    [engine] party screen in drain: voluntary (shift prompt) -> single B out
   [play-live]    [engine] JUST FIGHT: L54 vs L28 + connecting damage — skipping bag/switch hierarchy this turn
   [play-live]    [engine] action menu: Water Pulse - a STAB hit -> slot 2 (eff x1) vs machop 77/77 | [0]Tackle(p35,pp=30,ref=0,sc=33.25) [1]Bite(p60,pp=21,ref=0,sc=15) [2]Water Pulse(p60*STAB,pp=13,ref=0,sc=90)
   [play-live]    [engine] STREAM COMMIT: Water Pulse - a STAB hit slot 2 (menu_up=1 action=True moves=False)
   [play-live]    [engine] battle-progress: move resolved
   [play-live]    [engine] battle-progress: enemy fainted
   [play-live]    [engine] !! post-faint drain: 40 advances, zero progress -> switching to B-first decline pairs (wedge frame saved)
   [play-live]    [engine] JUST FIGHT: L54 vs L37 + connecting damage — skipping bag/switch hierarchy this turn
   [play-live]    [engine] action menu: Water Pulse - a STAB hit -> slot 2 (eff x1) vs pidgeot 112/112 | [0]Tackle(p35,pp=30,ref=0,sc=33.25) [1]Bite(p60,pp=21,ref=0,sc=60) [2]Water Pulse(p60*STAB,pp=12,ref=0,sc=90)
   [play-live]    [engine] STREAM COMMIT: Water Pulse - a STAB hit slot 2 (menu_up=1 action=True moves=False)
   [play-live]    [engine] battle-progress: move resolved
   [play-live]    [engine] JUST FIGHT: L54 vs L37 + connecting damage — skipping bag/switch hierarchy this turn
   [play-live]    [engine] action menu: Water Pulse - a STAB hit -> slot 2 (eff x1) vs pidgeot 86/112 | [0]Tackle(p35,pp=29,ref=0,sc=33.25) [1]Bite(p60,pp=21,ref=0,sc=60) [2]Water Pulse(p60*STAB,pp=12,ref=0,sc=90)
   [play-live]    [engine] STREAM COMMIT: Water Pulse - a STAB hit slot 2 (menu_up=1 action=True moves=False)
   [play-live]    [engine] battle-progress: move resolved
   [play-live]    [engine] JUST FIGHT: L54 vs L37 + connecting damage — skipping bag/switch hierarchy this turn
   [play-live]    [engine] action menu: Water Pulse - a STAB hit -> slot 2 (eff x1) vs pidgeot 58/112 | [0]Tackle(p35,pp=28,ref=0,sc=33.25) [1]Bite(p60,pp=21,ref=0,sc=60) [2]Water Pulse(p60*STAB,pp=12,ref=0,sc=90)
   [play-live]    [engine] STREAM COMMIT: Water Pulse - a STAB hit slot 2 (menu_up=1 action=True moves=False)
   [play-live]    [engine] battle-progress: move resolved
   [play-live]    [engine] JUST FIGHT: L54 vs L37 + connecting damage — skipping bag/switch hierarchy this turn
   [play-live]    [engine] action menu: Water Pulse - a STAB hit -> slot 2 (eff x1) vs pidgeot 33/112 | [0]Tackle(p35,pp=27,ref=0,sc=33.25) [1]Bite(p60,pp=21,ref=0,sc=60) [2]Water Pulse(p60*STAB,pp=12,ref=0,sc=90)
   [play-live]    [engine] STREAM COMMIT: Water Pulse - a STAB hit slot 2 (menu_up=1 action=True moves=False)
   [play-live]    [engine] battle-progress: move resolved
   [play-live]    [engine] JUST FIGHT: L54 vs L37 + connecting damage — skipping bag/switch hierarchy this turn
   [play-live]    [engine] action menu: Water Pulse - a STAB hit -> slot 2 (eff x1) vs pidgeot 6/112 | [0]Tackle(p35,pp=26,ref=0,sc=33.25) [1]Bite(p60,pp=21,ref=0,sc=60) [2]Water Pulse(p60*STAB,pp=12,ref=0,sc=90)
   [play-live]    [engine] STREAM COMMIT: Water Pulse - a STAB hit slot 2 (menu_up=1 action=True moves=False)
   [play-live]    [engine] battle-progress: move resolved
   [play-live]    [engine] battle-progress: enemy fainted
   [play-live]    [engine] LEVEL-UP MOVE PROMPT: wants to learn move#130 over a full moveset -> DECLINING deliberately (B=keep the set, A=confirm)
   [play-live]    [engine] party screen in drain: voluntary (shift prompt) -> single B out
   [play-live]    [engine] JUST FIGHT: L55 vs L40 + connecting damage — skipping bag/switch hierarchy this turn
   [play-live]    [engine] action menu: move#130 - a solid hit -> slot 3 (eff x1) vs venusaur 121/121 | [0]Tackle(p35,pp=26,ref=0,sc=33.25) [1]Bite(p60,pp=21,ref=0,sc=60) [2]Water Pulse(p60*STAB,pp=11,ref=0,sc=45) [3]move#130(p100,pp=15,ref=0,sc=100)
   [play-live]    [engine] STREAM COMMIT: move#130 - a solid hit slot 3 (menu_up=1 action=True moves=False)
   [play-live]    [engine] battle-progress: move resolved
   [play-live]    [engine] ITEM-INSTINCT offer: ['use_potion', 'keep_fighting'] ctx={'hp': '12/170', 'status': 'none', 'foe': 'venusaur'}
   [play-live]    [engine] ITEM-INSTINCT FORCED -> use_potion (active at 7% <= crit floor 30% — a faint loses the fight; oracle bypassed)
   [play-live]    [engine] ITEM-INSTINCT pick -> use_potion (item 21, aim=active)
   [play-live]    [engine] use_item: pocket byte is MUTE (frozen RAM) — BLIND clamp LEFT x4 to the Items pocket
   [play-live]    [engine] use_item: RAM says row 6 wanted 7 — bytes may be frozen; BLIND bag walk (clamp-home + DOWN x7)
   [play-live]    [engine] use_item walk n=0: party=False bag=False white=False pcur=None lead=False
   [play-live]    [engine] use_item walk n=1: party=False bag=False white=False pcur=None lead=False
   [play-live]    [engine] use_item walk n=2: party=False bag=False white=False pcur=None lead=False
   [play-live]    [engine] use_item walk n=3: party=False bag=False white=False pcur=None lead=False
   [play-live]    [engine] use_item: pocket=0 cursor=3 scroll=3 row=7 — selected but item 21 NOT consumed (count still 15) — keep fighting (LOUD)
   [play-live]    [engine] HEAL-FAIL LATCH: item 21 did not consume (failed) -> suppressing further in-battle item offers for species 9 this battle (anti bag-USE/CANCEL livelock — fight/faint, let the next mon resolve it)
   [play-live]    [engine] POTION-BLOCK: no more heal-item offers this battle (full-HP / no_effect abort)
   [play-live]    [engine] SE-CHUNK observed: this foe class hits us super-effectively and HARD -> sleep-lock armed even at neutral damage
   [play-live]    [engine] action menu: move#130 - a solid hit -> slot 3 (eff x1) vs venusaur 51/121 | [0]Tackle(p35,pp=26,ref=0,sc=33.25) [1]Bite(p60,pp=21,ref=0,sc=60) [2]Water Pulse(p60*STAB,pp=11,ref=0,sc=45) [3]move#130(p100,pp=14,ref=0,sc=100)
   [play-live]    [engine] STREAM COMMIT: move#130 - a solid hit slot 3 (menu_up=0 action=False moves=False)
   [play-live]    [engine] battle-progress: our mon fainted
   [play-live]    [engine] battle-progress: move resolved
   [play-live]    [engine] fswitch retry 1: target row 3 sp=64 skip_rows=[] party_cur=1 menu_rows=[(9, 0), (21, 47), (19, 43), (64, 45), (50, 35)]
   [play-live]    [engine] fswitch: selecting row 3 (sp=64 L19 hp=45)
   [play-live]    [engine] battle-progress: force-switch seated
   [play-live]    [engine] WHIFF: foe HP unchanged at 51 across the full turn -> accuracy-debuff spiral (streak 1/3)
   [play-live]    [engine] ITEM-INSTINCT offer: ['use_revive', 'keep_fighting'] ctx={'hp': '45/45', 'status': 'none', 'foe': 'venusaur'}
   [play-live]    [engine] ITEM-INSTINCT pick -> use_revive (item 24, aim=fainted)
   [play-live]    [engine] use_item: pocket byte is MUTE (frozen RAM) — BLIND clamp LEFT x4 to the Items pocket
   [play-live]    [engine] use_item: RAM says row 6 wanted 8 — bytes may be frozen; BLIND bag walk (clamp-home + DOWN x8)
   [play-live]    [engine] use_item walk n=0: party=False bag=False white=False pcur=None lead=False
   [play-live]    [engine] use_item walk n=1: party=False bag=False white=False pcur=None lead=False
   [play-live]    [engine] use_item walk n=2: party=False bag=False white=False pcur=None lead=False
   [play-live]    [engine] use_item walk n=3: party=True bag=False white=True pcur=3 lead=False
   [play-live]    [engine] use_item: pocket=0 cursor=3 scroll=3 row=8 — selected but item 24 NOT consumed (count still 5) — keep fighting (LOUD)
   [play-live]    [engine] HEAL-FAIL LATCH: item 24 did not consume (failed) -> suppressing further in-battle item offers for species 64 this battle (anti bag-USE/CANCEL livelock — fight/faint, let the next mon resolve it)
   [play-live]    [engine] action menu: Confusion - a super-effective hit -> slot 1 (eff x2) vs venusaur 51/121 | [0]Teleport(p0*STAB,pp=20,ref=0,sc=0) [1]Confusion(p50*STAB,pp=25,ref=0,sc=150) [2]Disable(p0,pp=20,ref=0,sc=0)
   [play-live]    [engine] STREAM COMMIT: Confusion - a super-effective hit slot 1 (menu_up=0 action=False moves=False)
   [play-live]    [engine] battle-progress: our mon fainted
   [play-live]    [engine] move slot 1 didn't fire (0-PP / disabled / blocked) -> rotating to an untried move (streak now [1], refusals {1: 1}, futility 1/4)
   [play-live]    [engine] fswitch: selecting row 1 (sp=21 L18 hp=47)
   [play-live]    [engine] battle-progress: force-switch seated
   [play-live]    [engine] ITEM-INSTINCT offer: ['use_revive', 'keep_fighting'] ctx={'hp': '47/47', 'status': 'none', 'foe': 'venusaur'}
   [play-live]    [engine] ITEM-INSTINCT pick -> use_revive (item 24, aim=fainted)
   [play-live]    [engine] use_item walk n=0: party=False bag=True white=False pcur=None lead=False
   [play-live]    [engine] use_item walk n=1: party=False bag=False white=False pcur=None lead=False
   [play-live]    [engine] use_item: party list never took focus (fail-safe)
   [play-live]    [engine] use_item: aim couldn't reach menu row 0 — confirming where the cursor is (fail-safe)
   [play-live]    [engine] use_item walk n=2: party=False bag=True white=False pcur=None lead=False
   [play-live]    [engine] use_item walk n=3: party=False bag=True white=False pcur=None lead=False
   [play-live]    [engine] use_item: pocket=0 cursor=0 scroll=0 row=8 — selected but item 24 NOT consumed (count still 5) — keep fighting (LOUD)
   [play-live]    [engine] HEAL-FAIL LATCH: item 24 did not consume (failed) -> suppressing further in-battle item offers for species 21 this battle (anti bag-USE/CANCEL livelock — fight/faint, let the next mon resolve it)
   [play-live]    [engine] action menu: Peck - a super-effective hit -> slot 0 (eff x2) vs venusaur 51/121 | [0]Peck(p35*STAB,pp=35,ref=0,sc=105) [1]Leer(p0*STAB,pp=30,ref=1,sc=0) [2]Fury Attack(p15*STAB,pp=20,ref=0,sc=19.125)
   [play-live]    [engine] STREAM COMMIT: Peck - a super-effective hit slot 0 (menu_up=1 action=True moves=False)
   [play-live]    [engine] battle-progress: our mon fainted
   [play-live]    [engine] fswitch retry 2: target row 2 sp=19 skip_rows=[] party_cur=2 menu_rows=[(21, 0), (64, 0), (19, 43), (9, 0), (50, 35)]
   [play-live]    [engine] fswitch: selecting row 2 (sp=19 L18 hp=43)
   [play-live]    [engine] battle-progress: force-switch seated
   [play-live]    [engine] move list already open at turn top — STREAM COMMIT, skipping switch/item menu theater
   [play-live]    [engine] action menu: move#158 - a STAB hit -> slot 1 (eff x1) vs venusaur 51/121 | [0]Quick Attack(p40*STAB,pp=30,ref=0,sc=60) [1]move#158(p80*STAB,pp=15,ref=1,sc=108) [2]Cut(p50*STAB,pp=30,ref=0,sc=71.25)
   [play-live]    [engine] STREAM COMMIT: move#158 - a STAB hit slot 1 (menu_up=0 action=False moves=True)
   [play-live]    [engine] move slot 1 didn't fire (0-PP / disabled / blocked) -> rotating to an untried move (streak now [1], refusals {1: 2}, futility 1/4)
   [play-live]    [engine] ITEM-INSTINCT offer: ['use_revive', 'keep_fighting'] ctx={'hp': '43/43', 'status': 'none', 'foe': 'venusaur'}
   [play-live]    [engine] ITEM-INSTINCT pick -> use_revive (item 24, aim=fainted)
   [play-live]    [engine] use_item walk n=0: party=False bag=True white=False pcur=None lead=False
   [play-live]    [engine] use_item walk n=1: party=False bag=False white=False pcur=None lead=False
   [play-live]    [engine] use_item: party list never took focus (fail-safe)
   [play-live]    [engine] use_item: aim couldn't reach menu row 0 — confirming where the cursor is (fail-safe)
   [play-live]    [engine] use_item walk n=2: party=False bag=True white=False pcur=None lead=False
   [play-live]    [engine] use_item walk n=3: party=False bag=True white=False pcur=None lead=False
   [play-live]    [engine] use_item: pocket=0 cursor=0 scroll=0 row=8 — selected but item 24 NOT consumed (count still 5) — keep fighting (LOUD)
   [play-live]    [engine] HEAL-FAIL LATCH: item 24 did not consume (failed) -> suppressing further in-battle item offers for species 19 this battle (anti bag-USE/CANCEL livelock — fight/faint, let the next mon resolve it)
   [play-live]    [engine] action menu: Cut -> slot 2 (eff x1) vs venusaur 51/121 | [0]Quick Attack(p40*STAB,pp=30,ref=0,sc=60) [1]move#158(p80*STAB,pp=15,ref=2,sc=108) [2]Cut(p50*STAB,pp=30,ref=0,sc=71.25)
   [play-live]    [engine] STREAM COMMIT: Cut slot 2 (menu_up=1 action=True moves=False)
   [play-live]    [engine] battle-progress: our mon fainted
   [play-live]    [engine] fswitch retry 4: target row 4 sp=50 skip_rows=[] party_cur=2 menu_rows=[(19, 0), (64, 0), (21, 0), (9, 0), (50, 35)]
   [play-live]    [engine] fswitch: selecting row 4 (sp=50 L18 hp=35)
   [play-live]    [engine] battle-progress: force-switch seated
   [play-live]    [engine] ITEM-INSTINCT offer: ['use_revive', 'keep_fighting'] ctx={'hp': '35/35', 'status': 'none', 'foe': 'venusaur'}
   [play-live]    [engine] ITEM-INSTINCT pick -> use_revive (item 24, aim=fainted)
   [play-live]    [engine] use_item walk n=0: party=False bag=True white=False pcur=None lead=False
   [play-live]    [engine] use_item walk n=1: party=False bag=False white=False pcur=None lead=False
   [play-live]    [engine] use_item: party list never took focus (fail-safe)
   [play-live]    [engine] use_item: aim couldn't reach menu row 0 — confirming where the cursor is (fail-safe)
   [play-live]    [engine] use_item walk n=2: party=False bag=True white=False pcur=None lead=False
   [play-live]    [engine] use_item walk n=3: party=False bag=True white=False pcur=None lead=False
   [play-live]    [engine] use_item: pocket=0 cursor=0 scroll=0 row=8 — selected but item 24 NOT consumed (count still 5) — keep fighting (LOUD)
   [play-live]    [engine] HEAL-FAIL LATCH: item 24 did not consume (failed) -> suppressing further in-battle item offers for species 50 this battle (anti bag-USE/CANCEL livelock — fight/faint, let the next mon resolve it)
   [play-live]    [engine] action menu: move#91 - a STAB hit -> slot 3 (eff x1) vs venusaur 51/121 | [0]Scratch(p40,pp=35,ref=0,sc=40) [1]Growl(p0,pp=40,ref=2,sc=0) [2]move#222(p1*STAB,pp=30,ref=0,sc=1.5) [3]move#91(p60*STAB,pp=10,ref=0,sc=90)
   [play-live]    [engine] STREAM COMMIT: move#91 - a STAB hit slot 3 (menu_up=1 action=True moves=False)
   [play-live]    [engine] battle-progress: our mon fainted
   [travel] start map=(14, 6) coords=(0, 7) -> coord (7, 7) (budget 300s)
   [travel] path blocked at (0, 7) (NPC on the gap?) - waiting
   [travel] no clean path from (0, 7); NPC-allowing path EXISTS (len 8), blocker NPC tile=None, npcs nearby=[(3, 3), (7, 2), (9, 7)] -> approaching to interact/trigger
   [travel] reached target coord (7, 7)
   [travel] start map=(3, 10) coords=(24, 39) -> coord (33, 31) (budget 300s)
   [travel] step 0: (24, 39)->(23, 39) map=(3, 10) (path 32 to exit)
   [travel] step 10: (17, 36)->(17, 35) map=(3, 10) (path 22 to exit)
   [travel] step 20: (23, 32)->(24, 32) map=(3, 10) (path 12 to exit)
   [travel] step 30: (32, 31)->(33, 31) map=(3, 10) (path 2 to exit)
   [travel] reached target coord (33, 31)
   [travel] start map=(1, 47) coords=(6, 20) -> coord (31, 3) (budget 300s)
   [travel] step 0: (6, 20)->(6, 19) map=(1, 47) (path 43 to exit)
   [travel] step 10: (6, 10)->(6, 9) map=(1, 47) (path 33 to exit)
   [travel] step 20: (10, 4)->(11, 4) map=(1, 47) (path 23 to exit)
   [travel] step 30: (20, 4)->(21, 4) map=(1, 47) (path 13 to exit)
   [travel] HEARTBEAT step=40 map=(1, 47) coords=(30, 4) elapsed=5s
   [travel] step 40: (30, 4)->(30, 3) map=(1, 47) (path 3 to exit)
   [travel] reached target coord (31, 3)
   [travel] start map=(1, 47) coords=(31, 2) -> coord (30, 2) (budget 60s)
   [travel] step 0: (31, 2)->(30, 2) map=(1, 47) (path 2 to exit)
   [travel] reached target coord (30, 2)
   [travel] start map=(1, 48) coords=(30, 4) -> coord (28, 3) (budget 300s)
   [travel] step 0: (30, 4)->(30, 3) map=(1, 48) (path 4 to exit)
   [travel] reached target coord (28, 3)
   [travel] start map=(1, 48) coords=(28, 2) -> coord (29, 2) (budget 60s)
   [travel] step 0: (28, 2)->(29, 2) map=(1, 48) (path 2 to exit)
   [travel] reached target coord (29, 2)
   [play-live]    [engine] JUST FIGHT: L55 vs L28 + connecting damage — skipping bag/switch hierarchy this turn
   [play-live]    [engine] action menu: move#130 - a solid hit -> slot 3 (eff x1) vs raticate 68/68 | [0]Tackle(p35,pp=35,ref=0,sc=33.25) [1]Bite(p60,pp=25,ref=0,sc=60) [2]Water Pulse(p60*STAB,pp=20,ref=0,sc=90) [3]move#130(p100,pp=15,ref=0,sc=100)
   [play-live]    [engine] STREAM COMMIT: move#130 - a solid hit slot 3 (menu_up=1 action=True moves=False)
   [play-live]    [engine] battle-progress: move resolved
   [play-live]    [engine] battle-progress: enemy fainted
   [play-live]    [engine] party screen in drain: voluntary (shift prompt) -> single B out
   [play-live]    [engine] JUST FIGHT: L55 vs L28 + connecting damage — skipping bag/switch hierarchy this turn
   [play-live]    [engine] action menu: Bite - a super-effective hit -> slot 1 (eff x4) vs hypno 85/85 | [0]Tackle(p35,pp=35,ref=0,sc=33.25) [1]Bite(p60,pp=25,ref=0,sc=240) [2]Water Pulse(p60*STAB,pp=20,ref=0,sc=90) [3]move#130(p100,pp=14,ref=0,sc=100)
   [play-live]    [engine] STREAM COMMIT: Bite - a super-effective hit slot 1 (menu_up=1 action=True moves=False)
   [play-live]    [engine] battle-progress: enemy fainted
   [play-live]    [engine] battle-progress: move resolved
   [play-live]    [engine] party screen in drain: voluntary (shift prompt) -> single B out
   [play-live]    [engine] JUST FIGHT: L55 vs L28 + connecting damage — skipping bag/switch hierarchy this turn
   [play-live]    [engine] action menu: move#130 - a solid hit -> slot 3 (eff x1) vs raticate 68/68 | [0]Tackle(p35,pp=35,ref=0,sc=33.25) [1]Bite(p60,pp=25,ref=0,sc=60) [2]Water Pulse(p60*STAB,pp=20,ref=0,sc=90) [3]move#130(p100,pp=13,ref=0,sc=100)
   [play-live]    [engine] STREAM COMMIT: move#130 - a solid hit slot 3 (menu_up=1 action=True moves=False)
   [play-live]    [engine] battle-progress: move resolved
   [play-live]    [engine] battle-progress: enemy fainted
   [play-live]    [engine] !! post-faint drain: 40 advances, zero progress -> switching to B-first decline pairs (wedge frame saved)
   [play-live]    [engine] JUST FIGHT: L55 vs L37 + connecting damage — skipping bag/switch hierarchy this turn
   [play-live]    [engine] action menu: move#130 - a solid hit -> slot 3 (eff x1) vs pidgeot 112/112 | [0]Tackle(p35,pp=35,ref=0,sc=33.25) [1]Bite(p60,pp=25,ref=0,sc=60) [2]Water Pulse(p60*STAB,pp=20,ref=0,sc=90) [3]move#130(p100,pp=12,ref=0,sc=100)
   [play-live]    [engine] STREAM COMMIT: move#130 - a solid hit slot 3 (menu_up=1 action=True moves=False)
   [play-live]    [engine] battle-progress: move resolved
   [play-live]    [engine] JUST FIGHT: L55 vs L37 + connecting damage — skipping bag/switch hierarchy this turn
   [play-live]    [engine] action menu: move#130 - a solid hit -> slot 3 (eff x1) vs pidgeot 84/112 | [0]Tackle(p35,pp=34,ref=0,sc=33.25) [1]Bite(p60,pp=25,ref=0,sc=60) [2]Water Pulse(p60*STAB,pp=20,ref=0,sc=90) [3]move#130(p100,pp=12,ref=0,sc=100)
   [play-live]    [engine] STREAM COMMIT: move#130 - a solid hit slot 3 (menu_up=1 action=True moves=False)
   [play-live]    [engine] battle-progress: move resolved
   [play-live]    [engine] JUST FIGHT: L55 vs L37 + connecting damage — skipping bag/switch hierarchy this turn
   [play-live]    [engine] action menu: move#130 - a solid hit -> slot 3 (eff x1) vs pidgeot 7/112 | [0]Tackle(p35,pp=34,ref=0,sc=33.25) [1]Bite(p60,pp=25,ref=0,sc=60) [2]Water Pulse(p60*STAB,pp=20,ref=0,sc=90) [3]move#130(p100,pp=11,ref=0,sc=100)
   [play-live]    [engine] STREAM COMMIT: move#130 - a solid hit slot 3 (menu_up=1 action=True moves=False)
   [play-live]    [engine] battle-progress: move resolved
   [play-live]    [engine] battle-progress: enemy fainted
   [play-live]    [engine] JUST FIGHT: L55 vs L40 + connecting damage — skipping bag/switch hierarchy this turn
   [play-live]    [engine] action menu: move#130 - a solid hit -> slot 3 (eff x1) vs venusaur 121/121 | [0]Tackle(p35,pp=34,ref=0,sc=33.25) [1]Bite(p60,pp=25,ref=0,sc=60) [2]Water Pulse(p60*STAB,pp=20,ref=0,sc=45) [3]move#130(p100,pp=10,ref=0,sc=100)
   [play-live]    [engine] STREAM COMMIT: move#130 - a solid hit slot 3 (menu_up=1 action=True moves=False)
   [play-live]    [engine] battle-progress: move resolved
   [play-live]    [engine] ITEM-INSTINCT offer: ['use_cure', 'keep_fighting'] ctx={'hp': '122/170', 'status': 'sleep', 'foe': 'venusaur'}
   [play-live]    [engine] ITEM-INSTINCT pick -> use_cure (item 17, aim=active)
   [play-live]    [engine] use_item walk n=0: party=False bag=True white=False pcur=None lead=False
   [play-live]    [engine] use_item walk n=1: party=False bag=False white=False pcur=None lead=False
   [play-live]    [engine] use_item: USED item 17 (count 2->1)
   [play-live]    [engine] battle-progress: item 17 consumed
   [play-live]    [engine] JUST FIGHT: L55 vs L40 + connecting damage — skipping bag/switch hierarchy this turn
   [play-live]    [engine] SE-CHUNK observed: this foe class hits us super-effectively and HARD -> sleep-lock armed even at neutral damage
   [play-live]    [engine] action menu: move#130 - a solid hit -> slot 3 (eff x1) vs venusaur 46/121 | [0]Tackle(p35,pp=34,ref=0,sc=33.25) [1]Bite(p60,pp=25,ref=0,sc=60) [2]Water Pulse(p60*STAB,pp=20,ref=0,sc=45) [3]move#130(p100,pp=9,ref=0,sc=100)
   [play-live]    [engine] STREAM COMMIT: move#130 - a solid hit slot 3 (menu_up=1 action=True moves=False)
   [play-live]    [engine] battle-progress: move resolved
   [play-live]    [engine] WHIFF: foe HP unchanged at 46 across the full turn -> accuracy-debuff spiral (streak 1/3)
   [play-live]    [engine] ITEM-INSTINCT offer: ['use_cure', 'keep_fighting'] ctx={'hp': '80/170', 'status': 'sleep', 'foe': 'venusaur'}
   [play-live]    [engine] ITEM-INSTINCT pick -> use_cure (item 17, aim=active)
   [play-live]    [engine] use_item: pocket byte is MUTE (frozen RAM) — BLIND clamp LEFT x4 to the Items pocket
   [play-live]    [engine] use_item: RAM says row 2 wanted 2 — bytes may be frozen; BLIND bag walk (clamp-home + DOWN x2)
   [play-live]    [engine] use_item walk n=0: party=False bag=False white=False pcur=None lead=False
   [play-live]    [engine] use_item walk n=1: party=False bag=False white=False pcur=None lead=False
   [play-live]    [engine] use_item walk n=2: party=False bag=False white=False pcur=None lead=False
   [play-live]    [engine] use_item walk n=3: party=False bag=False white=False pcur=None lead=False
   [play-live]    [engine] use_item: pocket=0 cursor=2 scroll=0 row=2 — selected but item 17 NOT consumed (count still 1) — keep fighting (LOUD)
   [play-live]    [engine] HEAL-FAIL LATCH: item 17 did not consume (failed) -> suppressing further in-battle item offers for species 9 this battle (anti bag-USE/CANCEL livelock — fight/faint, let the next mon resolve it)
   [play-live]    [engine] CURE-BLOCK: no more status-cure offers this battle (already-clear / no_effect abort)
   [play-live]    [engine] MUST-LEAVE: active alive but stuck (status/famine/exhausted) -> bench slot 3 (NOT re-picking species 9)
   [play-live]    [engine] switch: target party slot 3 sp=64 -> menu row 3
   [play-live]    [engine] switch: SWITCHED to species 64 (slot 3)
   [play-live]    [engine] battle-progress: must-leave switch
   [play-live]    [engine] battle-progress: our mon fainted
   [play-live]    [engine] fswitch retry 3: target row 3 sp=9 skip_rows=[] party_cur=2 menu_rows=[(64, 0), (21, 47), (19, 43), (9, 38), (50, 35)]
   [play-live]    [engine] fswitch: selecting row 3 (sp=9 L55 hp=38)
   [play-live]    [engine] battle-progress: force-switch seated
   [play-live]    [engine] MUST-LEAVE: active alive but stuck (status/famine/exhausted) -> bench slot 1 (NOT re-picking species 9)
   [play-live]    [engine] switch: party didn't open via RAM nav — BLIND fallback (B out, DOWN DOWN A)
   [play-live]    [engine] switch: party screen never took focus -> B out (fail-safe)
   [play-live]    [engine] must-leave switch did not confirm -> fight/Struggle
   [play-live]    [engine] action menu: move#130 - a solid hit -> slot 3 (eff x1) vs venusaur 46/121 | [0]Tackle(p35,pp=34,ref=0,sc=33.25) [1]Bite(p60,pp=25,ref=0,sc=60) [2]Water Pulse(p60*STAB,pp=20,ref=0,sc=45) [3]move#130(p100,pp=8,ref=0,sc=100)
   [play-live]    [engine] STREAM COMMIT: move#130 - a solid hit slot 3 (menu_up=0 action=False moves=False)
   [play-live]    [engine] turn resolved by IMMOBILIZATION (asleep) — not a dead move; fighting on (futility 1/4)
   [play-live]    [engine] MUST-LEAVE: active alive but stuck (status/famine/exhausted) -> bench slot 1 (NOT re-picking species 9)
   [play-live]    [engine] switch: target party slot 1 sp=21 -> menu row 1
   [play-live]    [engine] switch: SWITCHED to species 21 (slot 1)
   [play-live]    [engine] battle-progress: must-leave switch
   [play-live]    [engine] battle-progress: our mon fainted
   [play-live]    [engine] fswitch retry 3: target row 1 sp=9 skip_rows=[] party_cur=1 menu_rows=[(21, 0), (9, 38), (19, 43), (64, 0), (50, 35)]
   [play-live]    [engine] fswitch: selecting row 1 (sp=9 L55 hp=38)
   [play-live]    [engine] battle-progress: force-switch seated
   [play-live]    [engine] action menu: move#130 - a solid hit -> slot 3 (eff x1) vs venusaur 46/121 | [0]Tackle(p35,pp=34,ref=0,sc=33.25) [1]Bite(p60,pp=25,ref=0,sc=60) [2]Water Pulse(p60*STAB,pp=20,ref=0,sc=45) [3]move#130(p100,pp=8,ref=0,sc=100)
   [play-live]    [engine] STREAM COMMIT: move#130 - a solid hit slot 3 (menu_up=1 action=True moves=False)
   [play-live]    [engine] battle-progress: our mon fainted
   [play-live]    [engine] fswitch: BUDGET 5s hit — blind-sending strongest live (anti 60–90s party theater)
   [play-live]    [engine] fswitch: selecting row 2 (sp=19 L18 hp=43)
   [play-live]    [engine] battle-progress: force-switch seated
   [play-live]    [engine] ITEM-INSTINCT offer: ['use_revive', 'keep_fighting'] ctx={'hp': '43/43', 'status': 'none', 'foe': 'venusaur'}
   [play-live]    [engine] ITEM-INSTINCT pick -> use_revive (item 24, aim=fainted)
   [play-live]    [engine] use_item walk n=0: party=False bag=True white=False pcur=None lead=False
   [play-live]    [engine] use_item walk n=1: party=False bag=False white=False pcur=None lead=False
   [play-live]    [engine] use_item: party list never took focus (fail-safe)
   [play-live]    [engine] use_item: aim couldn't reach menu row 0 — confirming where the cursor is (fail-safe)
   [play-live]    [engine] use_item walk n=2: party=False bag=True white=False pcur=None lead=False
   [play-live]    [engine] use_item walk n=3: party=False bag=True white=False pcur=None lead=False
   [play-live]    [engine] use_item: pocket=0 cursor=0 scroll=0 row=8 — selected but item 24 NOT consumed (count still 5) — keep fighting (LOUD)
   [play-live]    [engine] HEAL-FAIL LATCH: item 24 did not consume (failed) -> suppressing further in-battle item offers for species 19 this battle (anti bag-USE/CANCEL livelock — fight/faint, let the next mon resolve it)
   [play-live]    [engine] action menu: move#158 - a STAB hit -> slot 1 (eff x1) vs venusaur 46/121 | [0]Quick Attack(p40*STAB,pp=30,ref=0,sc=60) [1]move#158(p80*STAB,pp=15,ref=0,sc=108) [2]Cut(p50*STAB,pp=30,ref=0,sc=71.25)
   [play-live]    [engine] STREAM COMMIT: move#158 - a STAB hit slot 1 (menu_up=1 action=True moves=False)
   [play-live]    [engine] battle-progress: our mon fainted
   [play-live]    [engine] fswitch retry 4: target row 4 sp=50 skip_rows=[] party_cur=2 menu_rows=[(19, 0), (21, 0), (9, 0), (64, 0), (50, 35)]
   [play-live]    [engine] fswitch: selecting row 4 (sp=50 L18 hp=35)
   [play-live]    [engine] battle-progress: force-switch seated
   [play-live]    [engine] ITEM-INSTINCT offer: ['use_revive', 'keep_fighting'] ctx={'hp': '35/35', 'status': 'none', 'foe': 'venusaur'}
   [play-live]    [engine] ITEM-INSTINCT pick -> use_revive (item 24, aim=fainted)
   [play-live]    [engine] use_item walk n=0: party=False bag=True white=False pcur=None lead=False
   [play-live]    [engine] use_item walk n=1: party=False bag=False white=False pcur=None lead=False
   [play-live]    [engine] use_item: party list never took focus (fail-safe)
   [play-live]    [engine] use_item: aim couldn't reach menu row 0 — confirming where the cursor is (fail-safe)
   [play-live]    [engine] use_item walk n=2: party=False bag=True white=False pcur=None lead=False
   [play-live]    [engine] use_item walk n=3: party=False bag=True white=False pcur=None lead=False
   [play-live]    [engine] use_item: pocket=0 cursor=0 scroll=0 row=8 — selected but item 24 NOT consumed (count still 5) — keep fighting (LOUD)
   [play-live]    [engine] HEAL-FAIL LATCH: item 24 did not consume (failed) -> suppressing further in-battle item offers for species 50 this battle (anti bag-USE/CANCEL livelock — fight/faint, let the next mon resolve it)
   [play-live]    [engine] action menu: move#91 - a STAB hit -> slot 3 (eff x1) vs venusaur 46/121 | [0]Scratch(p40,pp=35,ref=0,sc=40) [1]Growl(p0,pp=40,ref=0,sc=0) [2]move#222(p1*STAB,pp=30,ref=0,sc=1.5) [3]move#91(p60*STAB,pp=10,ref=0,sc=90)
   [play-live]    [engine] STREAM COMMIT: move#91 - a STAB hit slot 3 (menu_up=1 action=True moves=False)
   [play-live]    [engine] battle-progress: our mon fainted
