===== playlive_2026-08-07_17-11-55.log =====
   [travel] start map=(3, 33) coords=(30, 13) -> map (3, 7) (budget 300s, surf-capable)
   [travel] west connection band rows: [10, 11, 12, 13]
   [travel] path blocked at (30, 13) (NPC on the gap?) - waiting
   [travel] no clean path from (30, 13) AND no NPC-allowing path (npcs nearby=[(23, 13), (30, 6), (31, 12), (37, 14), (39, 7), (40, 7)]) - genuine wall/zone gap, will time out
   [travel] !! TRAVEL WEDGE: identical fp x4 retries at (30, 13) map=(3, 33) (reason=no_route) -> returning to roam LOUD (no inner spin)
   [travel] start map=(3, 33) coords=(30, 13) -> coord (16, 12) (budget 240s, surf-capable)
   [travel] step 0: (30, 13)->(30, 12) map=(3, 33) (path 16 to exit)
   [travel] step 10: (21, 12)->(20, 12) map=(3, 33) (path 6 to exit)
   [travel] reached target coord (16, 12)
   [travel] start map=(3, 33) coords=(16, 9) -> coord (17, 11) (budget 60s, surf-capable)
   [travel] step 0: (16, 9)->(16, 10) map=(3, 33) (path 4 to exit)
   [travel] reached target coord (17, 11)
   [travel] start map=(24, 0) coords=(11, 6) -> coord (1, 7) (budget 110s, surf-capable)
   [travel] step 0: (11, 6)->(11, 7) map=(24, 0) (path 12 to exit)
   [travel] step 10: (2, 7)->(1, 7) map=(24, 0) (path 2 to exit)
   [travel] reached target coord (1, 7)
   [travel] start map=(24, 0) coords=(1, 3) -> coord (1, 8) (budget 90s, surf-capable)
   [travel] step 0: (1, 3)->(1, 4) map=(24, 0) (path 6 to exit)
   [travel] reached target coord (1, 8)
   [travel] start map=(24, 0) coords=(1, 3) -> coord (2, 6) (budget 60s, surf-capable)
   [travel] step 0: (1, 3)->(1, 4) map=(24, 0) (path 5 to exit)
   [travel] reached target coord (2, 6)
   [travel] start map=(3, 33) coords=(9, 11) -> map (3, 7) (budget 300s, surf-capable)
   [travel] west connection band rows: [10, 11, 12, 13]
   [travel] step 0: (9, 11)->(8, 11) map=(3, 33) (path 10 to exit)
   [travel] MAP TRANSITION (3, 33) -> (3, 7)
   [travel] west connection band rows: [0, 1, 2, 3, 4, 5, 6, 7, 8, 9, 18, 19, 20, 30, 31, 32, 33, 34, 35, 36, 37, 38, 39]
   [travel] ARRIVED at target map (3, 7) coords=(47, 21)
   [travel] start map=(3, 7) coords=(47, 21) -> coord (25, 32) (budget 120s, surf-capable)
   [travel] step 0: (47, 21)->(47, 22) map=(3, 7) (path 86 to exit)
   [travel] step 10: (38, 22)->(37, 22) map=(3, 7) (path 76 to exit)
   [travel] step 20: (30, 24)->(30, 25) map=(3, 7) (path 66 to exit)
   [travel] step 30: (21, 25)->(20, 25) map=(3, 7) (path 56 to exit)
   [travel] HEARTBEAT step=40 map=(3, 7) coords=(11, 25) elapsed=5s
   [travel] step 40: (11, 25)->(10, 25) map=(3, 7) (path 46 to exit)
   [travel] step 50: (3, 27)->(3, 28) map=(3, 7) (path 36 to exit)
   [travel] step 60: (4, 36)->(5, 36) map=(3, 7) (path 26 to exit)
   [travel] step 70: (11, 33)->(11, 32) map=(3, 7) (path 16 to exit)
   [travel] HEARTBEAT step=80 map=(3, 7) coords=(20, 32) elapsed=11s
   [travel] step 80: (20, 32)->(21, 32) map=(3, 7) (path 6 to exit)
   [travel] reached target coord (25, 32)
   [travel] start map=(11, 5) coords=(11, 2) -> coord (7, 7) (budget 60s, surf-capable)
   [travel] step 0: (11, 2)->(11, 3) map=(11, 5) (path 10 to exit)
   [travel] reached target coord (7, 7)
   [travel] start map=(3, 7) coords=(25, 32) -> coord (25, 32) (budget 120s, surf-capable)
   [travel] reached target coord (25, 32)
   [travel] start map=(11, 5) coords=(11, 2) -> coord (7, 7) (budget 60s, surf-capable)
   [travel] step 0: (11, 2)->(11, 3) map=(11, 5) (path 10 to exit)
   [travel] reached target coord (7, 7)
   [travel] start map=(3, 7) coords=(25, 32) -> map (3, 37) (budget 300s, surf-capable)
   [travel] south connection band cols: [0, 1, 2, 3, 4, 5, 6, 7, 8, 9, 10, 11, 19, 20, 21, 22, 23, 24, 25, 26, 27, 28, 36, 37, 38, 39, 40, 41, 42, 43, 44, 45, 46, 47, 48]
   [travel] step 0: (25, 32)->(25, 33) map=(3, 7) (path 7 to exit)
   [travel] MAP TRANSITION (3, 7) -> (3, 37)
   [travel] south connection band cols: [0, 1, 2, 3, 4, 5, 6, 7, 8, 9, 10, 11, 12, 13, 14, 15, 16, 17, 18, 19, 20, 21, 22, 23, 24]
   [travel] ARRIVED at target map (3, 37) coords=(13, 0)
   [travel] start map=(3, 37) coords=(13, 0) -> map (3, 38) (budget 300s, surf-capable)
   [travel] west connection band rows: [0, 1, 2, 3, 4, 5, 6, 7, 8, 9, 10, 11, 12, 13, 14, 15, 16, 17, 18, 19, 20, 21, 22, 23, 24, 25, 26, 27, 28, 29, 30, 31, 32, 33, 34, 35, 36, 37, 38, 39, 40, 41, 42, 43, 44, 45, 46, 47, 48, 49, 50, 51, 52, 53, 54, 55, 56, 57, 58, 59]
   [travel] step 0: (13, 0)->(13, 1) map=(3, 37) (path 53 to exit)
   [travel] step 10: (13, 10)->(13, 11) map=(3, 37) (path 46 to exit)
   [campaign]    [dlg hm-surf] 'The water is dyed a deep blue.. Would you like to SURF?'
   [campaign]    [dlg hm-surf] 'BLASTOISE used SURF!'
   [campaign]    [dlg-pace hm-surf] box 'The water is dyed a deep blue.. Would you like t' visible 1.27s (sink 0ms, hold 0.09s, end=next_box)
   [campaign]    [dlg-pace hm-surf] box 'BLASTOISE used SURF!' visible 2.65s (sink 0ms, hold 0.04s, end=closed)
   [travel] ?? SURF MOUNT at (12, 13) -> (12, 14) (map (3, 37))
   [travel] path blocked at (11, 17) (NPC on the gap?) - waiting
   [travel] no clean path from (11, 17) AND no NPC-allowing path (npcs nearby=[(12, 17), (15, 10), (16, 22)]) - genuine wall/zone gap, will time out
   [travel] !! TRAVEL WEDGE: identical fp x4 retries at (11, 17) map=(3, 37) (reason=no_route) -> returning to roam LOUD (no inner spin)
   [travel] start map=(3, 37) coords=(11, 17) -> map (3, 38) (budget 300s, surf-capable)
   [travel] west connection band rows: [0, 1, 2, 3, 4, 5, 6, 7, 8, 9, 10, 11, 12, 13, 14, 15, 16, 17, 18, 19, 20, 21, 22, 23, 24, 25, 26, 27, 28, 29, 30, 31, 32, 33, 34, 35, 36, 37, 38, 39, 40, 41, 42, 43, 44, 45, 46, 47, 48, 49, 50, 51, 52, 53, 54, 55, 56, 57, 58, 59]
   [travel] ENCOUNTER -> on-time beat, warm up, hand off
   [play-live]    [engine] JUST FIGHT: L67 vs L30 + connecting damage — skipping bag/switch hierarchy this turn
   [play-live]    [engine] action menu: Earthquake - a solid hit -> slot 3 (eff x1) vs horsea 58/58 | [0]Bite(p60,pp=23,ref=0,sc=60) [1]Skull Bash(p100,pp=15,ref=0,sc=50) [2]Surf(p95*STAB,pp=15,ref=0,sc=35.625) [3]Earthquake(p100,pp=10,ref=0,sc=100)
   [play-live]    [engine] STREAM COMMIT: Earthquake - a solid hit slot 3 (menu_up=1 action=True moves=False)
   [play-live]    [engine] battle-progress: enemy fainted
   [play-live]    [engine] !! WRONG SLOT FIRED: chose 3 but slot 0 was consumed (cursor desync survived the force-write; wrong-fires 1) — LOUD
   [play-live]    [engine] battle-progress: move resolved
   [play-live]    [engine] LEVEL-UP MOVE PROMPT: wants to learn Hydro Pump over a full moveset -> DECLINING deliberately (B=keep the set, A=confirm)
   [play-live]    [engine] WHIFF: foe HP unchanged at 58 across the full turn -> accuracy-debuff spiral (streak 1/3)
   [play-live]    [engine] JUST FIGHT: L68 vs L30 + connecting damage — skipping bag/switch hierarchy this turn
   [play-live]    [engine] action menu: Earthquake - a solid hit -> slot 3 (eff x1) vs horsea 58/58 | [0]Bite(p60,pp=22,ref=0,sc=60) [1]Skull Bash(p100,pp=15,ref=0,sc=50) [2]Surf(p95*STAB,pp=15,ref=0,sc=35.625) [3]Earthquake(p100,pp=10,ref=0,sc=100)
   [play-live]    [engine] STREAM COMMIT: Earthquake - a solid hit slot 3 (menu_up=1 action=True moves=False)
   [play-live]    [engine] battle-progress: move resolved
   [play-live]    [engine] battle-progress: enemy fainted
   [travel] battle outcome=win; resuming pathfind
   [travel] releasing 1 stale NPC block(s) [(11, 18)] — tile(s) read empty now (wanderer moved on)
   [travel] !! WATCHDOG disengage requested — bailing this leg LOUD
   [travel] start map=(3, 37) coords=(11, 22) -> map (3, 38) (budget 300s, surf-capable)
   [travel] west connection band rows: [0, 1, 2, 3, 4, 5, 6, 7, 8, 9, 10, 11, 12, 13, 14, 15, 16, 17, 18, 19, 20, 21, 22, 23, 24, 25, 26, 27, 28, 29, 30, 31, 32, 33, 34, 35, 36, 37, 38, 39, 40, 41, 42, 43, 44, 45, 46, 47, 48, 49, 50, 51, 52, 53, 54, 55, 56, 57, 58, 59]
   [travel] ENCOUNTER -> on-time beat, warm up, hand off
   [play-live]    [engine] JUST FIGHT: L68 vs L29 + connecting damage — skipping bag/switch hierarchy this turn
   [play-live]    [engine] action menu: Earthquake - a solid hit -> slot 3 (eff x1) vs goldeen 65/65 | [0]Bite(p60,pp=22,ref=0,sc=60) [1]Skull Bash(p100,pp=15,ref=0,sc=50) [2]Surf(p95*STAB,pp=15,ref=0,sc=35.625) [3]Earthquake(p100,pp=9,ref=0,sc=100)
   [play-live]    [engine] STREAM COMMIT: Earthquake - a solid hit slot 3 (menu_up=1 action=True moves=False)
   [play-live]    [engine] battle-progress: enemy fainted
   [play-live]    [engine] !! WRONG SLOT FIRED: chose 3 but slot 0 was consumed (cursor desync survived the force-write; wrong-fires 1) — LOUD
   [play-live]    [engine] battle-progress: move resolved
   [play-live]    [engine] party screen in drain: voluntary (shift prompt) -> single B out
   [play-live]    [engine] JUST FIGHT: L68 vs L29 + connecting damage — skipping bag/switch hierarchy this turn
   [play-live]    [engine] action menu: Earthquake - a solid hit -> slot 3 (eff x1) vs shellder 56/56 | [0]Bite(p60,pp=21,ref=0,sc=60) [1]Skull Bash(p100,pp=15,ref=0,sc=50) [2]Surf(p95*STAB,pp=15,ref=0,sc=35.625) [3]Earthquake(p100,pp=9,ref=0,sc=100)
   [play-live]    [engine] STREAM COMMIT: Earthquake - a solid hit slot 3 (menu_up=1 action=True moves=False)
   [play-live]    [engine] battle-progress: move resolved
   [play-live]    [engine] battle-progress: enemy fainted
   [play-live]    [engine] JUST FIGHT: L68 vs L29 + connecting damage — skipping bag/switch hierarchy this turn
   [play-live]    [engine] action menu: Earthquake - a solid hit -> slot 3 (eff x1) vs seaking 85/85 | [0]Bite(p60,pp=21,ref=0,sc=60) [1]Skull Bash(p100,pp=15,ref=0,sc=50) [2]Surf(p95*STAB,pp=15,ref=0,sc=35.625) [3]Earthquake(p100,pp=8,ref=0,sc=100)
   [play-live]    [engine] STREAM COMMIT: Earthquake - a solid hit slot 3 (menu_up=1 action=True moves=False)
   [play-live]    [engine] battle-progress: move resolved
   [play-live]    [engine] battle-progress: enemy fainted
   [play-live]    [engine] !! post-faint drain: 40 advances, zero progress -> switching to B-first decline pairs (wedge frame saved)
   [travel] battle outcome=win; resuming pathfind
   [travel] releasing 1 stale NPC block(s) [(11, 23)] — tile(s) read empty now (wanderer moved on)
   [travel] step 10: (11, 31)->(11, 32) map=(3, 37) (path 23 to exit)
   [travel] step 20: (11, 41)->(11, 42) map=(3, 37) (path 13 to exit)
   [travel] path blocked at (9, 42) (NPC on the gap?) - waiting
   [travel] no clean path from (9, 42) AND no NPC-allowing path (npcs nearby=[(8, 41), (9, 41), (9, 48), (11, 47), (12, 49), (14, 48)]) - genuine wall/zone gap, will time out
   [travel] !! TRAVEL WEDGE: identical fp x4 retries at (9, 42) map=(3, 37) (reason=no_route) -> returning to roam LOUD (no inner spin)
   [travel] start map=(3, 37) coords=(9, 42) -> map (3, 38) (budget 300s, surf-capable)
   [travel] west connection band rows: [0, 1, 2, 3, 4, 5, 6, 7, 8, 9, 10, 11, 12, 13, 14, 15, 16, 17, 18, 19, 20, 21, 22, 23, 24, 25, 26, 27, 28, 29, 30, 31, 32, 33, 34, 35, 36, 37, 38, 39, 40, 41, 42, 43, 44, 45, 46, 47, 48, 49, 50, 51, 52, 53, 54, 55, 56, 57, 58, 59]
   [travel] ENCOUNTER -> on-time beat, warm up, hand off
   [play-live]    [engine] move list already open at turn top — STREAM COMMIT, skipping switch/item menu theater
   [play-live]    [engine] action menu: Earthquake - a solid hit -> slot 3 (eff x1) vs goldeen 67/67 | [0]Bite(p60,pp=21,ref=0,sc=60) [1]Skull Bash(p100,pp=15,ref=0,sc=50) [2]Surf(p95*STAB,pp=15,ref=0,sc=35.625) [3]Earthquake(p100,pp=7,ref=0,sc=100)
   [play-live]    [engine] STREAM COMMIT: Earthquake - a solid hit slot 3 (menu_up=0 action=False moves=True)
   [play-live]    [engine] action menu: Body Slam - a solid hit -> slot 1 (eff x1) vs goldeen 67/67 | [0]Strength(p80,pp=15,ref=0,sc=80) [1]Body Slam(p85,pp=15,ref=0,sc=85) [2]Perish Song(p0,pp=5,ref=0,sc=0)
   [play-live]    [engine] STREAM COMMIT: Body Slam - a solid hit slot 1 (menu_up=0 action=True moves=False)
   [play-live]    [engine] battle-progress: enemy fainted
   [travel] battle outcome=win; resuming pathfind
   [travel] releasing 1 stale NPC block(s) [(8, 42)] — tile(s) read empty now (wanderer moved on)
   [travel] edge row 42 won't cross (5+ W presses eaten) — dropped from the band, re-planning to another crossable row (1/6)
   [travel] MAP TRANSITION (3, 37) -> (3, 38)
   [travel] west connection band rows: [0, 1, 2, 3, 4, 5, 6, 7, 8, 9, 10, 11, 12, 13, 14, 15, 16, 17, 18, 19]
   [travel] ARRIVED at target map (3, 38) coords=(119, 3)
   [play-live]    [engine] JUST FIGHT: L68 vs L24 + connecting damage — skipping bag/switch hierarchy this turn
   [play-live]    [engine] action menu: Surf - a STAB hit -> slot 2 (eff x1) vs zubat 57/57 | [0]Bite(p60,pp=21,ref=0,sc=60) [1]Skull Bash(p100,pp=15,ref=0,sc=50) [2]Surf(p95*STAB,pp=15,ref=0,sc=142.5) [3]Earthquake(p100,pp=6,ref=0,sc=0)
   [play-live]    [engine] STREAM COMMIT: Surf - a STAB hit slot 2 (menu_up=1 action=True moves=False)
   [play-live]    [engine] battle-progress: move resolved
   [play-live]    [engine] battle-progress: enemy fainted
   [play-live]    [engine] JUST FIGHT: L68 vs L29 + connecting damage — skipping bag/switch hierarchy this turn
   [play-live]    [engine] action menu: Earthquake - a solid hit -> slot 3 (eff x1) vs psyduck 70/70 | [0]Bite(p60,pp=21,ref=0,sc=60) [1]Skull Bash(p100,pp=15,ref=0,sc=50) [2]Surf(p95*STAB,pp=14,ref=0,sc=35.625) [3]Earthquake(p100,pp=6,ref=0,sc=100)
   [play-live]    [engine] STREAM COMMIT: Earthquake - a solid hit slot 3 (menu_up=1 action=True moves=False)
   [play-live]    [engine] battle-progress: enemy fainted
   [play-live]    [engine] !! WRONG SLOT FIRED: chose 3 but slot 0 was consumed (cursor desync survived the force-write; wrong-fires 1) — LOUD
   [play-live]    [engine] battle-progress: move resolved
   [play-live]    [engine] JUST FIGHT: L68 vs L29 + connecting damage — skipping bag/switch hierarchy this turn
   [play-live]    [engine] action menu: Earthquake - a solid hit -> slot 3 (eff x1) vs psyduck 72/72 | [0]Bite(p60,pp=20,ref=0,sc=60) [1]Skull Bash(p100,pp=15,ref=0,sc=50) [2]Surf(p95*STAB,pp=14,ref=0,sc=35.625) [3]Earthquake(p100,pp=6,ref=0,sc=100)
   [play-live]    [engine] STREAM COMMIT: Earthquake - a solid hit slot 3 (menu_up=1 action=True moves=False)
   [play-live]    [engine] battle-progress: move resolved
   [play-live]    [engine] battle-progress: enemy fainted
   [travel] start map=(1, 84) coords=(9, 6) -> coord (10, 6) (budget 60s, surf-capable)
   [travel] step 0: (9, 6)->(10, 6) map=(1, 84) (path 2 to exit)
   [travel] reached target coord (10, 6)
   [travel] start map=(1, 83) coords=(10, 6) -> coord (6, 20) (budget 60s, surf-capable)
   [travel] step 0: (10, 6)->(10, 7) map=(1, 83) (path 19 to exit)
   [travel] step 10: (9, 15)->(9, 16) map=(1, 83) (path 9 to exit)
   [travel] reached target coord (6, 20)
   [play-live]    [engine] JUST FIGHT: L68 vs L29 + connecting damage — skipping bag/switch hierarchy this turn
   [play-live]    [engine] action menu: Earthquake - a solid hit -> slot 3 (eff x1) vs psyduck 73/73 | [0]Bite(p60,pp=20,ref=0,sc=60) [1]Skull Bash(p100,pp=15,ref=0,sc=50) [2]Surf(p95*STAB,pp=14,ref=0,sc=35.625) [3]Earthquake(p100,pp=5,ref=0,sc=100)
   [play-live]    [engine] STREAM COMMIT: Earthquake - a solid hit slot 3 (menu_up=1 action=True moves=False)
   [play-live]    [engine] battle-progress: move resolved
   [play-live]    [engine] battle-progress: enemy fainted
   [play-live]    [engine] JUST FIGHT: L68 vs L31 + connecting damage — skipping bag/switch hierarchy this turn
   [play-live]    [engine] action menu: Earthquake - a solid hit -> slot 3 (eff x1) vs psyduck 76/76 | [0]Bite(p60,pp=20,ref=0,sc=60) [1]Skull Bash(p100,pp=15,ref=0,sc=50) [2]Surf(p95*STAB,pp=14,ref=0,sc=35.625) [3]Earthquake(p100,pp=4,ref=0,sc=100)
   [play-live]    [engine] STREAM COMMIT: Earthquake - a solid hit slot 3 (menu_up=1 action=True moves=False)
   [play-live]    [engine] battle-progress: move resolved
   [play-live]    [engine] battle-progress: enemy fainted
   [play-live]    [engine] JUST FIGHT: L68 vs L29 + connecting damage — skipping bag/switch hierarchy this turn
   [play-live]    [engine] action menu: Earthquake - a solid hit -> slot 3 (eff x1) vs psyduck 71/71 | [0]Bite(p60,pp=20,ref=0,sc=60) [1]Skull Bash(p100,pp=15,ref=0,sc=50) [2]Surf(p95*STAB,pp=14,ref=0,sc=35.625) [3]Earthquake(p100,pp=3,ref=0,sc=100)
   [play-live]    [engine] STREAM COMMIT: Earthquake - a solid hit slot 3 (menu_up=1 action=True moves=False)
   [play-live]    [engine] battle-progress: move resolved
   [play-live]    [engine] battle-progress: enemy fainted
   [travel] start map=(1, 85) coords=(6, 4) -> coord (7, 4) (budget 60s, surf-capable)
   [travel] step 0: (6, 4)->(7, 4) map=(1, 85) (path 2 to exit)
   [travel] reached target coord (7, 4)
   [travel] start map=(1, 84) coords=(7, 3) -> coord (10, 6) (budget 60s, surf-capable)
   [travel] step 0: (7, 3)->(7, 4) map=(1, 84) (path 25 to exit)
   [travel] step 10: (4, 10)->(4, 11) map=(1, 84) (path 15 to exit)
   [travel] step 20: (7, 7)->(7, 6) map=(1, 84) (path 5 to exit)
   [travel] reached target coord (10, 6)
   [travel] start map=(1, 83) coords=(10, 6) -> coord (6, 20) (budget 60s, surf-capable)
   [travel] step 0: (10, 6)->(10, 7) map=(1, 83) (path 19 to exit)
   [travel] step 10: (9, 15)->(9, 16) map=(1, 83) (path 9 to exit)
   [travel] reached target coord (6, 20)
   [play-live]    [engine] JUST FIGHT: L68 vs L22 + connecting damage — skipping bag/switch hierarchy this turn
   [play-live]    [engine] action menu: Surf - a STAB hit -> slot 2 (eff x1) vs zubat 54/54 | [0]Bite(p60,pp=20,ref=0,sc=60) [1]Skull Bash(p100,pp=15,ref=0,sc=50) [2]Surf(p95*STAB,pp=14,ref=0,sc=142.5) [3]Earthquake(p100,pp=2,ref=0,sc=0)
   [play-live]    [engine] STREAM COMMIT: Surf - a STAB hit slot 2 (menu_up=1 action=True moves=False)
   [play-live]    [engine] battle-progress: enemy fainted
   [play-live]    [engine] !! WRONG SLOT FIRED: chose 2 but slot 0 was consumed (cursor desync survived the force-write; wrong-fires 1) — LOUD
   [play-live]    [engine] battle-progress: move resolved
   [play-live]    [engine] JUST FIGHT: L68 vs L29 + connecting damage — skipping bag/switch hierarchy this turn
   [play-live]    [engine] action menu: Earthquake - a solid hit -> slot 3 (eff x1) vs psyduck 73/73 | [0]Bite(p60,pp=19,ref=0,sc=60) [1]Skull Bash(p100,pp=15,ref=0,sc=50) [2]Surf(p95*STAB,pp=14,ref=0,sc=35.625) [3]Earthquake(p100,pp=2,ref=0,sc=100)
   [play-live]    [engine] STREAM COMMIT: Earthquake - a solid hit slot 3 (menu_up=1 action=True moves=False)
   [play-live]    [engine] battle-progress: move resolved
   [play-live]    [engine] battle-progress: enemy fainted
   [play-live]    [engine] JUST FIGHT: L68 vs L33 + connecting damage — skipping bag/switch hierarchy this turn
   [play-live]    [engine] action menu: Earthquake - a solid hit -> slot 3 (eff x1) vs psyduck 76/76 | [0]Bite(p60,pp=19,ref=0,sc=60) [1]Skull Bash(p100,pp=15,ref=0,sc=50) [2]Surf(p95*STAB,pp=14,ref=0,sc=35.625) [3]Earthquake(p100,pp=1,ref=0,sc=100)
   [play-live]    [engine] STREAM COMMIT: Earthquake - a solid hit slot 3 (menu_up=1 action=True moves=False)
   [play-live]    [engine] battle-progress: move resolved
   [play-live]    [engine] battle-progress: enemy fainted
   [play-live]    [engine] WILD CATCH DIVERT (creator_catch_now) — only RESERVED ultras; FLEEING (NOT fighting — that KOs the catch target)
   [travel] start map=(1, 85) coords=(6, 4) -> coord (7, 4) (budget 60s, surf-capable)
   [travel] step 0: (6, 4)->(7, 4) map=(1, 85) (path 2 to exit)
   [travel] reached target coord (7, 4)
   [travel] start map=(1, 84) coords=(7, 3) -> coord (10, 6) (budget 60s, surf-capable)
   [travel] step 0: (7, 3)->(7, 4) map=(1, 84) (path 25 to exit)
   [travel] step 10: (4, 10)->(4, 11) map=(1, 84) (path 15 to exit)
   [travel] ENCOUNTER -> on-time beat, warm up, hand off
   [play-live]    [engine] WILD CATCH DIVERT (creator_catch_now) — only RESERVED ultras; FLEEING (NOT fighting — that KOs the catch target)
   [travel] battle outcome=no_balls; resuming pathfind
   [travel] step 20: (7, 11)->(7, 10) map=(1, 84) (path 9 to exit)
   [travel] reached target coord (10, 6)
   [travel] start map=(1, 83) coords=(10, 6) -> coord (6, 20) (budget 60s, surf-capable)
   [travel] step 0: (10, 6)->(10, 7) map=(1, 83) (path 19 to exit)
   [travel] ENCOUNTER -> on-time beat, warm up, hand off
   [play-live]    [engine] WILD CATCH DIVERT (creator_catch_now) — only RESERVED ultras; FLEEING (NOT fighting — that KOs the catch target)
   [travel] battle outcome=no_balls; resuming pathfind
   [travel] step 20: (7, 19)->(7, 20) map=(1, 83) (path 3 to exit)
   [travel] reached target coord (6, 20)
===== playlive_2026-08-07_12-07-51.log =====
   [travel] step 30: (37, 13)->(38, 13) map=(3, 33) (path 36 to exit)
   [travel] HEARTBEAT step=40 map=(3, 33) coords=(47, 13) elapsed=111s
   [travel] step 40: (47, 13)->(48, 13) map=(3, 33) (path 26 to exit)
   [travel] step 50: (57, 13)->(58, 13) map=(3, 33) (path 16 to exit)
   [travel] !! WATCHDOG disengage requested — bailing this leg LOUD
   [travel] start map=(3, 33) coords=(62, 14) -> map (3, 32) (budget 300s, surf-capable)
   [travel] east connection band rows: [7, 10, 11, 12, 13, 14, 16]
   [travel] step 0: (62, 14)->(63, 14) map=(3, 33) (path 11 to exit)
   [travel] MAP TRANSITION (3, 33) -> (3, 32)
   [travel] east connection band rows: [5, 7, 9, 11, 13, 14, 16, 17, 18, 19, 20, 21, 22, 23, 24, 25, 26, 27, 28, 29, 30, 31, 32, 33, 34, 35, 36, 37, 38, 39, 40, 41, 42, 43, 44, 45, 46, 47, 48, 49, 50, 51, 52, 53, 54, 55, 56, 57, 58, 59]
   [travel] ARRIVED at target map (3, 32) coords=(0, 54)
   [travel] start map=(3, 32) coords=(0, 54) -> map (3, 31) (budget 300s, surf-capable)
   [travel] east connection band rows: [5, 7, 9, 11, 13, 14, 16, 17, 18, 19, 20, 21, 22, 23, 24, 25, 26, 27, 28, 29, 30, 31, 32, 33, 34, 35, 36, 37, 38, 39, 40, 41, 42, 43, 44, 45, 46, 47, 48, 49, 50, 51, 52, 53, 54, 55, 56, 57, 58, 59]
   [travel] step 0: (0, 54)->(0, 53) map=(3, 32) (path 68 to exit)
   [travel] step 10: (2, 46)->(2, 45) map=(3, 32) (path 58 to exit)
   [travel] step 20: (7, 41)->(7, 40) map=(3, 32) (path 48 to exit)
   [travel] !! WATCHDOG disengage requested — bailing this leg LOUD
   [travel] start map=(3, 32) coords=(7, 39) -> map (3, 31) (budget 300s, surf-capable)
   [travel] east connection band rows: [5, 7, 9, 11, 13, 14, 16, 17, 18, 19, 20, 21, 22, 23, 24, 25, 26, 27, 28, 29, 30, 31, 32, 33, 34, 35, 36, 37, 38, 39, 40, 41, 42, 43, 44, 45, 46, 47, 48, 49, 50, 51, 52, 53, 54, 55, 56, 57, 58, 59]
   [travel] step 0: (7, 39)->(7, 40) map=(3, 32) (path 60 to exit)
   [travel] step 10: (10, 46)->(11, 46) map=(3, 32) (path 50 to exit)
   [travel] step 20: (14, 40)->(14, 39) map=(3, 32) (path 40 to exit)
   [travel] step 30: (14, 30)->(14, 29) map=(3, 32) (path 30 to exit)
   [travel] HEARTBEAT step=40 map=(3, 32) coords=(14, 20) elapsed=5s
   [travel] step 40: (14, 20)->(14, 19) map=(3, 32) (path 20 to exit)
   [travel] step 50: (15, 11)->(16, 11) map=(3, 32) (path 10 to exit)
   [travel] MAP TRANSITION (3, 32) -> (3, 31)
   [travel] east connection band rows: [0, 1, 2, 3, 4, 5, 6, 7, 8, 9, 10, 11, 12, 13, 14, 15, 16, 17, 18, 19]
   [travel] ARRIVED at target map (3, 31) coords=(0, 11)
   [travel] start map=(3, 31) coords=(0, 11) -> map (3, 30) (budget 300s, surf-capable)
   [travel] north connection band cols: [0, 1, 2, 3, 4, 5, 6, 7, 8, 9, 10, 11, 12, 13, 14, 15, 16, 17, 18, 19, 20, 21, 22, 23, 24, 25, 26, 27, 28, 29, 30, 31, 32, 33, 34, 35, 36, 37, 38, 39, 40, 41, 42, 43, 44, 45, 46, 47, 62, 63, 64, 65, 66, 67, 68, 69, 70, 71, 72]
   [travel] step 0: (0, 11)->(1, 11) map=(3, 31) (path 86 to exit)
   [travel] step 10: (8, 9)->(9, 9) map=(3, 31) (path 76 to exit)
   [travel] step 20: (16, 7)->(16, 6) map=(3, 31) (path 66 to exit)
   [travel] !! WATCHDOG disengage requested — bailing this leg LOUD
   [travel] start map=(3, 31) coords=(17, 6) -> map (3, 30) (budget 300s, surf-capable)
   [travel] north connection band cols: [0, 1, 2, 3, 4, 5, 6, 7, 8, 9, 10, 11, 12, 13, 14, 15, 16, 17, 18, 19, 20, 21, 22, 23, 24, 25, 26, 27, 28, 29, 30, 31, 32, 33, 34, 35, 36, 37, 38, 39, 40, 41, 42, 43, 44, 45, 46, 47, 62, 63, 64, 65, 66, 67, 68, 69, 70, 71, 72]
   [travel] step 0: (17, 6)->(17, 5) map=(3, 31) (path 64 to exit)
   [travel] step 10: (26, 5)->(27, 5) map=(3, 31) (path 54 to exit)
   [travel] step 20: (34, 7)->(35, 7) map=(3, 31) (path 44 to exit)
   [travel] !! WATCHDOG disengage requested — bailing this leg LOUD
   [travel] start map=(3, 31) coords=(40, 7) -> map (3, 32) (budget 300s, surf-capable)
   [travel] west connection band rows: [5, 7, 9, 11, 13]
   [travel] step 0: (40, 7)->(39, 7) map=(3, 31) (path 45 to exit)
   [travel] step 10: (32, 5)->(31, 5) map=(3, 31) (path 35 to exit)
   [travel] step 20: (22, 5)->(21, 5) map=(3, 31) (path 25 to exit)
   [travel] step 30: (14, 7)->(13, 7) map=(3, 31) (path 15 to exit)
   [travel] HEARTBEAT step=40 map=(3, 31) coords=(4, 7) elapsed=5s
   [travel] step 40: (4, 7)->(3, 7) map=(3, 31) (path 5 to exit)
   [travel] MAP TRANSITION (3, 31) -> (3, 32)
   [travel] west connection band rows: [0, 1, 2, 3, 4, 5, 6, 7, 8, 9, 10, 11, 12, 13, 14, 15, 16, 17, 18, 19, 20, 21, 22, 23, 24, 25, 26, 27, 28, 29, 30, 31, 32, 33, 34, 35, 36, 37, 38, 39, 45, 46, 47, 48, 50, 51, 52, 53, 54, 56]
   [travel] ARRIVED at target map (3, 32) coords=(23, 7)
   [travel] start map=(3, 32) coords=(23, 7) -> map (3, 33) (budget 300s, surf-capable)
   [travel] west connection band rows: [0, 1, 2, 3, 4, 5, 6, 7, 8, 9, 10, 11, 12, 13, 14, 15, 16, 17, 18, 19, 20, 21, 22, 23, 24, 25, 26, 27, 28, 29, 30, 31, 32, 33, 34, 35, 36, 37, 38, 39, 45, 46, 47, 48, 50, 51, 52, 53, 54, 56]
   [travel] step 0: (23, 7)->(22, 7) map=(3, 32) (path 72 to exit)
   [travel] step 10: (15, 9)->(14, 9) map=(3, 32) (path 62 to exit)
   [travel] step 20: (13, 11)->(14, 11) map=(3, 32) (path 52 to exit)
   [travel] step 30: (14, 20)->(14, 21) map=(3, 32) (path 42 to exit)
   [travel] HEARTBEAT step=40 map=(3, 32) coords=(14, 30) elapsed=5s
   [travel] step 40: (14, 30)->(14, 31) map=(3, 32) (path 32 to exit)
   [travel] step 50: (14, 40)->(14, 41) map=(3, 32) (path 22 to exit)
   [travel] step 60: (11, 47)->(10, 47) map=(3, 32) (path 12 to exit)
   [travel] !! WATCHDOG disengage requested — bailing this leg LOUD
   [travel] start map=(3, 32) coords=(2, 48) -> map (3, 33) (budget 300s, surf-capable)
   [travel] west connection band rows: [0, 1, 2, 3, 4, 5, 6, 7, 8, 9, 10, 11, 12, 13, 14, 15, 16, 17, 18, 19, 20, 21, 22, 23, 24, 25, 26, 27, 28, 29, 30, 31, 32, 33, 34, 35, 36, 37, 38, 39, 45, 46, 47, 48, 50, 51, 52, 53, 54, 56]
   [travel] step 0: (2, 48)->(2, 49) map=(3, 32) (path 5 to exit)
   [travel] MAP TRANSITION (3, 32) -> (3, 33)
   [travel] west connection band rows: [10, 11, 12, 13]
   [travel] ARRIVED at target map (3, 33) coords=(71, 10)
   [travel] start map=(3, 33) coords=(71, 10) -> map (3, 7) (budget 300s, surf-capable)
   [travel] west connection band rows: [10, 11, 12, 13]
   [travel] path blocked at (71, 10) (NPC on the gap?) - waiting
   [travel] no clean path from (71, 10) AND no NPC-allowing path (npcs nearby=[(63, 13), (73, 7)]) - genuine wall/zone gap, will time out
   [travel] !! TRAVEL WEDGE: identical fp x4 retries at (71, 10) map=(3, 33) (reason=no_route) -> returning to roam LOUD (no inner spin)
   [travel] start map=(3, 33) coords=(71, 10) -> coord (16, 12) (budget 240s, surf-capable)
   [travel] step 0: (71, 10)->(71, 11) map=(3, 33) (path 58 to exit)
   [travel] step 10: (63, 12)->(62, 12) map=(3, 33) (path 48 to exit)
   [travel] !! WATCHDOG disengage requested — bailing this leg LOUD
   [travel] start map=(3, 33) coords=(60, 13) -> coord (17, 11) (budget 60s, surf-capable)
   [travel] step 0: (60, 13)->(59, 13) map=(3, 33) (path 46 to exit)
   [travel] step 10: (51, 12)->(51, 13) map=(3, 33) (path 38 to exit)
   [travel] !! WATCHDOG disengage requested — bailing this leg LOUD
   [travel] start map=(3, 33) coords=(51, 13) -> coord (16, 12) (budget 45s, surf-capable)
   [travel] step 0: (51, 13)->(50, 13) map=(3, 33) (path 37 to exit)
   [travel] step 10: (42, 12)->(41, 12) map=(3, 33) (path 27 to exit)
   [travel] step 20: (32, 12)->(32, 13) map=(3, 33) (path 19 to exit)
   [travel] !! WATCHDOG disengage requested — bailing this leg LOUD
   [travel] start map=(3, 33) coords=(32, 13) -> coord (16, 10) (budget 45s, surf-capable)
   [travel] step 0: (32, 13)->(31, 13) map=(3, 33) (path 20 to exit)
   [travel] step 10: (23, 12)->(22, 12) map=(3, 33) (path 10 to exit)
   [travel] reached target coord (16, 10)
   [travel] start map=(24, 0) coords=(11, 6) -> coord (1, 7) (budget 110s, surf-capable)
   [travel] step 0: (11, 6)->(11, 7) map=(24, 0) (path 12 to exit)
   [travel] step 10: (2, 7)->(1, 7) map=(24, 0) (path 2 to exit)
   [travel] reached target coord (1, 7)
   [travel] start map=(24, 0) coords=(1, 3) -> coord (1, 8) (budget 90s, surf-capable)
   [travel] step 0: (1, 3)->(1, 4) map=(24, 0) (path 6 to exit)
   [travel] reached target coord (1, 8)
   [travel] start map=(24, 0) coords=(1, 3) -> coord (2, 6) (budget 60s, surf-capable)
   [travel] step 0: (1, 3)->(1, 4) map=(24, 0) (path 5 to exit)
   [travel] reached target coord (2, 6)
   [travel] start map=(3, 33) coords=(9, 11) -> map (3, 7) (budget 300s, surf-capable)
   [travel] west connection band rows: [10, 11, 12, 13]
   [travel] step 0: (9, 11)->(8, 11) map=(3, 33) (path 10 to exit)
   [travel] MAP TRANSITION (3, 33) -> (3, 7)
   [travel] west connection band rows: [0, 1, 2, 3, 4, 5, 6, 7, 8, 9, 18, 19, 20, 30, 31, 32, 33, 34, 35, 36, 37, 38, 39]
   [travel] ARRIVED at target map (3, 7) coords=(47, 21)
   [travel] start map=(3, 7) coords=(47, 21) -> map (3, 33) (budget 300s, surf-capable)
   [travel] east connection band rows: [0, 1, 2, 3, 4, 5, 6, 7, 8, 9, 20, 21, 22, 30, 31, 32, 33, 34, 35, 36, 37, 38, 39]
   [travel] step 0: (47, 21)->(0, 11) map=(3, 7) (path 2 to exit)
   [travel] MAP TRANSITION (3, 7) -> (3, 33)
   [travel] east connection band rows: [7, 10, 11, 12, 13, 14, 16]
   [travel] ARRIVED at target map (3, 33) coords=(0, 11)
   [travel] start map=(3, 33) coords=(0, 11) -> map (3, 32) (budget 300s, surf-capable)
   [travel] east connection band rows: [7, 10, 11, 12, 13, 14, 16]
   [travel] path blocked at (0, 11) (NPC on the gap?) - waiting
   [travel] no clean path from (0, 11) AND no NPC-allowing path (npcs nearby=[]) - genuine wall/zone gap, will time out
   [travel] !! TRAVEL WEDGE: identical fp x4 retries at (0, 11) map=(3, 33) (reason=no_route) -> returning to roam LOUD (no inner spin)
   [travel] start map=(3, 33) coords=(0, 11) -> map (3, 7) (budget 300s, surf-capable)
   [travel] west connection band rows: [10, 11, 12, 13]
   [travel] MAP TRANSITION (3, 33) -> (3, 7)
   [travel] west connection band rows: [0, 1, 2, 3, 4, 5, 6, 7, 8, 9, 18, 19, 20, 30, 31, 32, 33, 34, 35, 36, 37, 38, 39]
   [travel] ARRIVED at target map (3, 7) coords=(47, 21)
   [travel] start map=(3, 7) coords=(47, 21) -> coord (25, 32) (budget 120s, surf-capable)
   [travel] step 0: (47, 21)->(47, 22) map=(3, 7) (path 86 to exit)
   [travel] step 10: (38, 22)->(37, 22) map=(3, 7) (path 76 to exit)
   [travel] step 20: (30, 24)->(30, 25) map=(3, 7) (path 66 to exit)
   [travel] step 30: (21, 25)->(20, 25) map=(3, 7) (path 56 to exit)
   [travel] HEARTBEAT step=40 map=(3, 7) coords=(11, 25) elapsed=5s
   [travel] step 40: (11, 25)->(10, 25) map=(3, 7) (path 46 to exit)
   [travel] step 50: (3, 27)->(3, 28) map=(3, 7) (path 36 to exit)
   [travel] step 60: (4, 36)->(5, 36) map=(3, 7) (path 26 to exit)
   [travel] step 70: (11, 33)->(11, 32) map=(3, 7) (path 16 to exit)
   [travel] HEARTBEAT step=80 map=(3, 7) coords=(20, 32) elapsed=11s
   [travel] step 80: (20, 32)->(21, 32) map=(3, 7) (path 6 to exit)
   [travel] reached target coord (25, 32)
   [travel] start map=(11, 5) coords=(11, 2) -> coord (7, 7) (budget 60s, surf-capable)
   [travel] step 0: (11, 2)->(11, 3) map=(11, 5) (path 10 to exit)
   [travel] reached target coord (7, 7)
   [travel] start map=(3, 7) coords=(25, 32) -> coord (25, 32) (budget 120s, surf-capable)
   [travel] reached target coord (25, 32)
   [travel] start map=(11, 5) coords=(11, 2) -> coord (7, 7) (budget 60s, surf-capable)
   [travel] step 0: (11, 2)->(11, 3) map=(11, 5) (path 10 to exit)
   [travel] reached target coord (7, 7)
   [travel] start map=(3, 7) coords=(25, 32) -> coord (25, 32) (budget 120s, surf-capable)
   [travel] reached target coord (25, 32)
   [travel] start map=(11, 5) coords=(11, 2) -> coord (7, 7) (budget 60s, surf-capable)
   [travel] step 0: (11, 2)->(11, 3) map=(11, 5) (path 10 to exit)
   [travel] reached target coord (7, 7)
   [travel] start map=(3, 7) coords=(25, 32) -> map (3, 33) (budget 300s, surf-capable)
   [travel] east connection band rows: [0, 1, 2, 3, 4, 5, 6, 7, 8, 9, 20, 21, 22, 30, 31, 32, 33, 34, 35, 36, 37, 38, 39]
   [travel] step 0: (25, 32)->(26, 32) map=(3, 7) (path 33 to exit)
   [travel] step 10: (29, 26)->(29, 25) map=(3, 7) (path 24 to exit)
   [travel] step 20: (35, 22)->(36, 22) map=(3, 7) (path 14 to exit)
   [travel] step 30: (45, 22)->(46, 22) map=(3, 7) (path 4 to exit)
   [travel] MAP TRANSITION (3, 7) -> (3, 33)
   [travel] east connection band rows: [7, 10, 11, 12, 13, 14, 16]
   [travel] ARRIVED at target map (3, 33) coords=(0, 12)
   [travel] start map=(3, 33) coords=(0, 12) -> map (3, 32) (budget 300s, surf-capable)
   [travel] east connection band rows: [7, 10, 11, 12, 13, 14, 16]
   [travel] path blocked at (0, 12) (NPC on the gap?) - waiting
   [travel] no clean path from (0, 12) AND no NPC-allowing path (npcs nearby=[]) - genuine wall/zone gap, will time out
   [travel] !! TRAVEL WEDGE: identical fp x4 retries at (0, 12) map=(3, 33) (reason=no_route) -> returning to roam LOUD (no inner spin)
   [travel] start map=(3, 33) coords=(0, 12) -> map (3, 32) (budget 300s, surf-capable)
   [travel] east connection band rows: [7, 10, 11, 12, 13, 14, 16]
   [travel] path blocked at (0, 12) (NPC on the gap?) - waiting
   [travel] no clean path from (0, 12) AND no NPC-allowing path (npcs nearby=[]) - genuine wall/zone gap, will time out
   [travel] !! TRAVEL WEDGE: identical fp x4 retries at (0, 12) map=(3, 33) (reason=no_route) -> returning to roam LOUD (no inner spin)
   [travel] start map=(3, 33) coords=(0, 12) -> map (1, 63) (budget 300s, surf-capable)
   [travel] west connection band rows: [10, 11, 12, 13]
   [travel] MAP TRANSITION (3, 33) -> (3, 7)
   [travel] west connection band rows: [0, 1, 2, 3, 4, 5, 6, 7, 8, 9, 18, 19, 20, 30, 31, 32, 33, 34, 35, 36, 37, 38, 39]
   [travel] step 10: (38, 22)->(37, 22) map=(3, 7) (path 43 to exit)
   [travel] step 20: (29, 23)->(28, 23) map=(3, 7) (path 33 to exit)
   [travel] step 30: (19, 23)->(18, 23) map=(3, 7) (path 23 to exit)
   [travel] HEARTBEAT step=40 map=(3, 7) coords=(9, 23) elapsed=6s
   [travel] step 40: (9, 23)->(8, 23) map=(3, 7) (path 13 to exit)
   [travel] step 50: (2, 20)->(1, 20) map=(3, 7) (path 3 to exit)
   [travel] MAP TRANSITION (3, 7) -> (3, 36)
   [travel] west connection band rows: [0, 1, 2, 3, 4, 5, 6, 7, 8, 9, 10, 11, 12, 13, 14, 15, 16, 17, 18, 19]
   [travel] path blocked at (59, 10) (NPC on the gap?) - waiting
   [travel] no clean path from (59, 10) AND no NPC-allowing path (npcs nearby=[]) - genuine wall/zone gap, will time out
   [travel] !! TRAVEL WEDGE: identical fp x4 retries at (59, 10) map=(3, 36) (reason=no_route) -> returning to roam LOUD (no inner spin)
   [travel] start map=(3, 36) coords=(59, 10) -> map (1, 63) (budget 300s, surf-capable)
   [travel] west connection band rows: [0, 1, 2, 3, 4, 5, 6, 7, 8, 9, 10, 11, 12, 13, 14, 15, 16, 17, 18, 19]
   [travel] path blocked at (59, 10) (NPC on the gap?) - waiting
   [travel] no clean path from (59, 10) AND no NPC-allowing path (npcs nearby=[]) - genuine wall/zone gap, will time out
   [travel] !! TRAVEL WEDGE: identical fp x4 retries at (59, 10) map=(3, 36) (reason=no_route) -> returning to roam LOUD (no inner spin)
   [travel] start map=(3, 36) coords=(59, 10) -> map (1, 63) (budget 300s, surf-capable)
   [travel] west connection band rows: [0, 1, 2, 3, 4, 5, 6, 7, 8, 9, 10, 11, 12, 13, 14, 15, 16, 17, 18, 19]
   [travel] path blocked at (59, 10) (NPC on the gap?) - waiting
   [travel] no clean path from (59, 10) AND no NPC-allowing path (npcs nearby=[]) - genuine wall/zone gap, will time out
   [travel] !! TRAVEL WEDGE: identical fp x4 retries at (59, 10) map=(3, 36) (reason=no_route) -> returning to roam LOUD (no inner spin)
   [travel] start map=(3, 36) coords=(59, 10) -> map (1, 63) (budget 300s, surf-capable)
   [travel] west connection band rows: [0, 1, 2, 3, 4, 5, 6, 7, 8, 9, 10, 11, 12, 13, 14, 15, 16, 17, 18, 19]
   [travel] path blocked at (59, 10) (NPC on the gap?) - waiting
   [travel] no clean path from (59, 10) AND no NPC-allowing path (npcs nearby=[]) - genuine wall/zone gap, will time out
   [travel] !! TRAVEL WEDGE: identical fp x4 retries at (59, 10) map=(3, 36) (reason=no_route) -> returning to roam LOUD (no inner spin)
   [travel] start map=(3, 36) coords=(59, 10) -> map (1, 63) (budget 300s, surf-capable)
   [travel] west connection band rows: [0, 1, 2, 3, 4, 5, 6, 7, 8, 9, 10, 11, 12, 13, 14, 15, 16, 17, 18, 19]
   [travel] path blocked at (59, 10) (NPC on the gap?) - waiting
   [travel] no clean path from (59, 10) AND no NPC-allowing path (npcs nearby=[]) - genuine wall/zone gap, will time out
   [travel] !! WATCHDOG disengage requested — bailing this leg LOUD
   [travel] start map=(3, 36) coords=(59, 10) -> map (1, 63) (budget 300s, surf-capable)
   [travel] west connection band rows: [0, 1, 2, 3, 4, 5, 6, 7, 8, 9, 10, 11, 12, 13, 14, 15, 16, 17, 18, 19]
   [travel] !! WATCHDOG disengage requested — bailing this leg LOUD
   [travel] start map=(3, 36) coords=(59, 10) -> map (1, 63) (budget 300s, surf-capable)
   [travel] west connection band rows: [0, 1, 2, 3, 4, 5, 6, 7, 8, 9, 10, 11, 12, 13, 14, 15, 16, 17, 18, 19]
   [travel] path blocked at (59, 10) (NPC on the gap?) - waiting
   [travel] no clean path from (59, 10) AND no NPC-allowing path (npcs nearby=[]) - genuine wall/zone gap, will time out
   [travel] !! TRAVEL WEDGE: identical fp x4 retries at (59, 10) map=(3, 36) (reason=no_route) -> returning to roam LOUD (no inner spin)
   [travel] start map=(3, 36) coords=(59, 10) -> map (1, 63) (budget 300s, surf-capable)
   [travel] west connection band rows: [0, 1, 2, 3, 4, 5, 6, 7, 8, 9, 10, 11, 12, 13, 14, 15, 16, 17, 18, 19]
   [travel] path blocked at (59, 10) (NPC on the gap?) - waiting
   [travel] no clean path from (59, 10) AND no NPC-allowing path (npcs nearby=[]) - genuine wall/zone gap, will time out
   [travel] !! TRAVEL WEDGE: identical fp x4 retries at (59, 10) map=(3, 36) (reason=no_route) -> returning to roam LOUD (no inner spin)
   [travel] start map=(3, 36) coords=(59, 10) -> coord (45, 13) (budget 80s, surf-capable)
   [travel] step 0: (59, 10)->(58, 10) map=(3, 36) (path 18 to exit)
   [travel] step 10: (49, 10)->(49, 11) map=(3, 36) (path 8 to exit)
   [travel] reached target coord (45, 13)
   [travel] start map=(3, 36) coords=(45, 13) -> coord (45, 14) (budget 80s, surf-capable)
   [travel] step 0: (45, 13)->(45, 14) map=(3, 36) (path 2 to exit)
   [travel] reached target coord (45, 14)
   [travel] start map=(3, 36) coords=(45, 14) -> coord (44, 13) (budget 80s, surf-capable)
   [travel] path blocked at (45, 14) (NPC on the gap?) - waiting
   [travel] no clean path from (45, 14); NPC-allowing path EXISTS (len 3), blocker NPC tile=None, npcs nearby=[(39, 12), (41, 15), (46, 14)] -> approaching to interact/trigger
   [travel] blocker is a TRAINER - fighting through
   [play-live]    [engine] re-entry: foe is already DOWN — draining the faint/switch chain
   [play-live]    [engine] action menu: Scratch - a solid hit -> slot 0 (eff x1) vs spearow 56/56 | [0]Scratch(p40,pp=35,ref=0,sc=40) [1]Magnitude(p1*STAB,pp=30,ref=0,sc=0) [2]Dig(p60*STAB,pp=10,ref=0,sc=0)
   [play-live]    [engine] STREAM COMMIT: Scratch - a solid hit slot 0 (menu_up=1 action=True moves=False)
   [play-live]    [engine] battle-progress: move resolved
   [play-live]    [engine] action menu: Scratch - a solid hit -> slot 0 (eff x1) vs spearow 43/56 | [0]Scratch(p40,pp=34,ref=0,sc=40) [1]Magnitude(p1*STAB,pp=30,ref=0,sc=0) [2]Dig(p60*STAB,pp=10,ref=0,sc=0)
   [play-live]    [engine] STREAM COMMIT: Scratch - a solid hit slot 0 (menu_up=1 action=True moves=False)
   [play-live]    [engine] battle-progress: move resolved
   [play-live]    [engine] battle-progress: our mon fainted
   [play-live]    [engine] fswitch retry 3: target row 4 sp=9 skip_rows=[] party_cur=1 menu_rows=[(50, 0), (131, 106), (22, 104), (146, 150), (9, 200), (64, 45)]
   [play-live]    [engine] fswitch: selecting row 4 (sp=9 L67 hp=200)
   [play-live]    [engine] battle-progress: force-switch seated
   [play-live]    [engine] JUST FIGHT: L67 vs L26 + connecting damage — skipping bag/switch hierarchy this turn
   [play-live]    [engine] action menu: Surf - a STAB hit -> slot 2 (eff x1) vs spearow 31/56 | [0]Bite(p60,pp=21,ref=0,sc=60) [1]Skull Bash(p100,pp=15,ref=0,sc=50) [2]Surf(p95*STAB,pp=8,ref=0,sc=142.5) [3]Earthquake(p100,pp=0,ref=0,sc=0)
   [play-live]    [engine] STREAM COMMIT: Surf - a STAB hit slot 2 (menu_up=1 action=True moves=False)
   [play-live]    [engine] battle-progress: move resolved
   [play-live]    [engine] battle-progress: enemy fainted
   [play-live]    [engine] party screen in drain: voluntary (shift prompt) -> single B out
   [play-live]    [engine] JUST FIGHT: L67 vs L26 + connecting damage — skipping bag/switch hierarchy this turn
   [play-live]    [engine] action menu: Surf - a STAB hit -> slot 2 (eff x1) vs spearow 56/56 | [0]Bite(p60,pp=21,ref=0,sc=60) [1]Skull Bash(p100,pp=15,ref=0,sc=50) [2]Surf(p95*STAB,pp=7,ref=0,sc=142.5) [3]Earthquake(p100,pp=0,ref=0,sc=0)
   [play-live]    [engine] STREAM COMMIT: Surf - a STAB hit slot 2 (menu_up=1 action=True moves=False)
   [play-live]    [engine] battle-progress: move resolved
   [play-live]    [engine] battle-progress: enemy fainted
   [play-live]    [engine] JUST FIGHT: L67 vs L26 + connecting damage — skipping bag/switch hierarchy this turn
   [play-live]    [engine] action menu: Surf - a STAB hit -> slot 2 (eff x1) vs fearow 69/69 | [0]Bite(p60,pp=21,ref=0,sc=60) [1]Skull Bash(p100,pp=15,ref=0,sc=50) [2]Surf(p95*STAB,pp=6,ref=0,sc=142.5) [3]Earthquake(p100,pp=0,ref=0,sc=0)
   [play-live]    [engine] STREAM COMMIT: Surf - a STAB hit slot 2 (menu_up=1 action=True moves=False)
   [play-live]    [engine] battle-progress: move resolved
   [play-live]    [engine] battle-progress: enemy fainted
   [play-live]    [engine] party screen in drain: voluntary (shift prompt) -> single B out
   [play-live]    [engine] !! post-faint drain: 40 advances, zero progress -> switching to B-first decline pairs (wedge frame saved)
   [play-live]    [engine] JUST FIGHT: L67 vs L26 + connecting damage — skipping bag/switch hierarchy this turn
   [play-live]    [engine] action menu: Surf - a STAB hit -> slot 2 (eff x1) vs spearow 56/56 | [0]Bite(p60,pp=21,ref=0,sc=60) [1]Skull Bash(p100,pp=15,ref=0,sc=50) [2]Surf(p95*STAB,pp=5,ref=0,sc=142.5) [3]Earthquake(p100,pp=0,ref=0,sc=0)
   [play-live]    [engine] STREAM COMMIT: Surf - a STAB hit slot 2 (menu_up=1 action=True moves=False)
   [play-live]    [engine] battle-progress: move resolved
   [play-live]    [engine] battle-progress: enemy fainted
   [travel] blocker battle outcome=win; resuming pathfind
   [travel] post-blocker PAUSE (heal-when-low) - yielding to caller
   [travel] start map=(3, 36) coords=(45, 14) -> map (3, 7) (budget 120s, surf-capable)
   [travel] east connection band rows: [8, 9, 10]
   [travel] step 0: (45, 14)->(45, 13) map=(3, 36) (path 20 to exit)
   [travel] path blocked at (45, 12) (NPC on the gap?) - waiting
   [travel] no clean path from (45, 12); NPC-allowing path EXISTS (len 18), blocker NPC tile=None, npcs nearby=[(41, 15), (44, 12), (46, 14)] -> approaching to interact/trigger
   [travel] blocker is a TRAINER - fighting through
   [campaign]    [engine] action menu: Body Slam - a solid hit -> slot 1 (eff x1) vs spearow 62/62 | [0]Strength(p80,pp=15,ref=0,sc=80) [1]Body Slam(p85,pp=15,ref=0,sc=85) [2]Perish Song(p0,pp=5,ref=0,sc=0)
   [campaign]    [engine] STREAM COMMIT: Body Slam - a solid hit slot 1 (menu_up=1 action=True moves=False)
   [campaign]    [engine] !! WRONG SLOT FIRED: chose 1 but slot 0 was consumed (cursor desync survived the force-write; wrong-fires 1) — LOUD
   [campaign]    [engine] battle-progress: move resolved
   [campaign]    [engine] action menu: Body Slam - a solid hit -> slot 1 (eff x1) vs spearow 19/62 | [0]Strength(p80,pp=14,ref=0,sc=80) [1]Body Slam(p85,pp=15,ref=0,sc=85) [2]Perish Song(p0,pp=5,ref=0,sc=0)
   [campaign]    [engine] STREAM COMMIT: Body Slam - a solid hit slot 1 (menu_up=1 action=True moves=False)
   [campaign]    [engine] battle-progress: move resolved
   [campaign]    [engine] battle-progress: enemy fainted
   [campaign]    [engine] party screen in drain: voluntary (shift prompt) -> single B out
   [campaign]    [engine] action menu: Body Slam - a solid hit -> slot 1 (eff x1) vs fearow 76/76 | [0]Strength(p80,pp=14,ref=0,sc=80) [1]Body Slam(p85,pp=14,ref=0,sc=85) [2]Perish Song(p0,pp=5,ref=0,sc=0)
   [campaign]    [engine] STREAM COMMIT: Body Slam - a solid hit slot 1 (menu_up=1 action=True moves=False)
   [campaign]    [engine] action menu: Body Slam - a solid hit -> slot 1 (eff x1) vs fearow 52/76 | [0]Strength(p80,pp=14,ref=0,sc=80) [1]Body Slam(p85,pp=13,ref=0,sc=85) [2]Perish Song(p0,pp=5,ref=0,sc=0)
   [campaign]    [engine] STREAM COMMIT: Body Slam - a solid hit slot 1 (menu_up=1 action=True moves=False)
   [campaign]    [engine] battle-progress: move resolved
   [campaign]    [engine] action menu: Body Slam - a solid hit -> slot 1 (eff x1) vs fearow 24/76 | [0]Strength(p80,pp=14,ref=0,sc=80) [1]Body Slam(p85,pp=12,ref=0,sc=85) [2]Perish Song(p0,pp=5,ref=0,sc=0)
   [campaign]    [engine] STREAM COMMIT: Body Slam - a solid hit slot 1 (menu_up=1 action=True moves=False)
   [campaign]    [engine] battle-progress: move resolved
   [travel] blocker battle outcome=timeout; resuming pathfind
   [travel] ENCOUNTER -> on-time beat, warm up, hand off
   [campaign]    [engine] action menu: Body Slam - a solid hit -> slot 1 (eff x1) vs fearow 8/76 | [0]Strength(p80,pp=14,ref=0,sc=80) [1]Body Slam(p85,pp=11,ref=0,sc=85) [2]Perish Song(p0,pp=5,ref=0,sc=0)
   [campaign]    [engine] STREAM COMMIT: Body Slam - a solid hit slot 1 (menu_up=1 action=True moves=False)
   [campaign]    [engine] battle-progress: move resolved
   [campaign]    [engine] battle-progress: enemy fainted
   [travel] battle outcome=win; resuming pathfind
   [travel] !! WALL-CLOCK BUDGET BLOWN (138s > 120s) at (45, 12) map=(3, 36) step=9 - ABORT LOUD (grinding / wedged, not progressing fast)
   [travel] start map=(3, 36) coords=(45, 12) -> map (3, 7) (budget 300s, surf-capable)
   [travel] east connection band rows: [8, 9, 10]
   [travel] step 0: (45, 12)->(46, 12) map=(3, 36) (path 18 to exit)
   [travel] step 10: (53, 10)->(54, 10) map=(3, 36) (path 8 to exit)
   [travel] MAP TRANSITION (3, 36) -> (3, 7)
   [travel] east connection band rows: [0, 1, 2, 3, 4, 5, 6, 7, 8, 9, 20, 21, 22, 30, 31, 32, 33, 34, 35, 36, 37, 38, 39]
   [travel] ARRIVED at target map (3, 7) coords=(0, 20)
   [travel] start map=(3, 7) coords=(0, 20) -> coord (25, 32) (budget 120s, surf-capable)
   [travel] step 0: (0, 20)->(1, 20) map=(3, 7) (path 46 to exit)
   [travel] step 10: (2, 28)->(2, 29) map=(3, 7) (path 36 to exit)
   [travel] step 20: (4, 36)->(5, 36) map=(3, 7) (path 26 to exit)
   [travel] step 30: (11, 33)->(11, 32) map=(3, 7) (path 16 to exit)
   [travel] HEARTBEAT step=40 map=(3, 7) coords=(20, 32) elapsed=5s
   [travel] step 40: (20, 32)->(21, 32) map=(3, 7) (path 6 to exit)
   [travel] reached target coord (25, 32)
   [travel] start map=(11, 5) coords=(7, 4) -> coord (7, 7) (budget 60s, surf-capable)
   [travel] path blocked at (7, 4) (NPC on the gap?) - waiting
   [travel] no clean path from (7, 4); NPC-allowing path EXISTS (len 4), blocker NPC tile=None, npcs nearby=[(5, 8), (7, 2), (12, 5), (13, 3)] -> approaching to interact/trigger
   [travel] reached target coord (7, 7)
   [travel] start map=(3, 7) coords=(25, 32) -> coord (0, 20) (budget 120s, surf-capable)
   [travel] step 0: (25, 32)->(25, 33) map=(3, 7) (path 39 to exit)
   [travel] step 10: (16, 33)->(15, 33) map=(3, 7) (path 29 to exit)
   [travel] step 20: (6, 33)->(5, 33) map=(3, 7) (path 19 to exit)
   [travel] step 30: (3, 26)->(3, 25) map=(3, 7) (path 10 to exit)
   [travel] reached target coord (0, 20)
   [travel] start map=(3, 7) coords=(0, 20) -> coord (43, 13) (budget 80s, surf-capable)
   [travel] step 0: (0, 20)->(1, 20) map=(3, 7) (path 57 to exit)
   [travel] step 10: (7, 23)->(8, 23) map=(3, 7) (path 47 to exit)
   [travel] step 20: (17, 23)->(18, 23) map=(3, 7) (path 37 to exit)
   [travel] step 30: (26, 22)->(26, 21) map=(3, 7) (path 27 to exit)
   [travel] HEARTBEAT step=40 map=(3, 7) coords=(31, 17) elapsed=5s
   [travel] step 40: (31, 17)->(32, 17) map=(3, 7) (path 17 to exit)
   [travel] !! WATCHDOG disengage requested — bailing this leg LOUD
   [travel] start map=(3, 7) coords=(36, 18) -> map (3, 33) (budget 300s, surf-capable)
   [travel] east connection band rows: [0, 1, 2, 3, 4, 5, 6, 7, 8, 9, 20, 21, 22, 30, 31, 32, 33, 34, 35, 36, 37, 38, 39]
   [travel] step 0: (36, 18)->(36, 17) map=(3, 7) (path 32 to exit)
   [travel] step 10: (29, 19)->(29, 20) map=(3, 7) (path 22 to exit)
   [travel] step 20: (37, 21)->(38, 21) map=(3, 7) (path 12 to exit)
   [travel] step 30: (47, 21)->(0, 11) map=(3, 7) (path 2 to exit)
   [travel] MAP TRANSITION (3, 7) -> (3, 33)
   [travel] east connection band rows: [7, 10, 11, 12, 13, 14, 16]
   [travel] ARRIVED at target map (3, 33) coords=(0, 11)
   [travel] start map=(3, 33) coords=(0, 11) -> map (3, 7) (budget 300s, surf-capable)
   [travel] west connection band rows: [10, 11, 12, 13]
   [travel] MAP TRANSITION (3, 33) -> (3, 7)
   [travel] west connection band rows: [0, 1, 2, 3, 4, 5, 6, 7, 8, 9, 18, 19, 20, 30, 31, 32, 33, 34, 35, 36, 37, 38, 39]
   [travel] ARRIVED at target map (3, 7) coords=(47, 21)
   [travel] start map=(3, 7) coords=(47, 21) -> map (3, 33) (budget 300s, surf-capable)
   [travel] east connection band rows: [0, 1, 2, 3, 4, 5, 6, 7, 8, 9, 20, 21, 22, 30, 31, 32, 33, 34, 35, 36, 37, 38, 39]
   [travel] step 0: (47, 21)->(0, 11) map=(3, 7) (path 2 to exit)
   [travel] MAP TRANSITION (3, 7) -> (3, 33)
   [travel] east connection band rows: [7, 10, 11, 12, 13, 14, 16]
   [travel] ARRIVED at target map (3, 33) coords=(0, 11)
   [travel] start map=(3, 33) coords=(0, 11) -> map (3, 32) (budget 300s, surf-capable)
   [travel] east connection band rows: [7, 10, 11, 12, 13, 14, 16]
   [travel] path blocked at (0, 11) (NPC on the gap?) - waiting
   [travel] no clean path from (0, 11) AND no NPC-allowing path (npcs nearby=[]) - genuine wall/zone gap, will time out
   [travel] !! TRAVEL WEDGE: identical fp x4 retries at (0, 11) map=(3, 33) (reason=no_route) -> returning to roam LOUD (no inner spin)
   [travel] start map=(3, 33) coords=(0, 11) -> map (3, 7) (budget 300s, surf-capable)
   [travel] west connection band rows: [10, 11, 12, 13]
   [travel] MAP TRANSITION (3, 33) -> (3, 7)
   [travel] west connection band rows: [0, 1, 2, 3, 4, 5, 6, 7, 8, 9, 18, 19, 20, 30, 31, 32, 33, 34, 35, 36, 37, 38, 39]
   [travel] ARRIVED at target map (3, 7) coords=(47, 21)
   [travel] start map=(3, 7) coords=(47, 21) -> map (3, 37) (budget 300s, surf-capable)
   [travel] south connection band cols: [0, 1, 2, 3, 4, 5, 6, 7, 8, 9, 10, 11, 19, 20, 21, 22, 23, 24, 25, 26, 27, 28, 36, 37, 38, 39, 40, 41, 42, 43, 44, 45, 46, 47, 48]
   [travel] step 0: (47, 21)->(47, 22) map=(3, 7) (path 83 to exit)
   [travel] step 10: (38, 22)->(37, 22) map=(3, 7) (path 73 to exit)
   [travel] step 20: (30, 24)->(30, 25) map=(3, 7) (path 63 to exit)
   [travel] step 30: (21, 25)->(20, 25) map=(3, 7) (path 53 to exit)
   [travel] HEARTBEAT step=40 map=(3, 7) coords=(11, 25) elapsed=5s
   [travel] step 40: (11, 25)->(10, 25) map=(3, 7) (path 43 to exit)
   [travel] step 50: (3, 27)->(3, 28) map=(3, 7) (path 33 to exit)
   [travel] step 60: (4, 36)->(5, 36) map=(3, 7) (path 23 to exit)
   [travel] step 70: (12, 34)->(13, 34) map=(3, 7) (path 13 to exit)
   [travel] HEARTBEAT step=80 map=(3, 7) coords=(19, 37) elapsed=11s
   [travel] step 80: (19, 37)->(19, 38) map=(3, 7) (path 3 to exit)
   [travel] MAP TRANSITION (3, 7) -> (3, 37)
   [travel] south connection band cols: [0, 1, 2, 3, 4, 5, 6, 7, 8, 9, 10, 11, 12, 13, 14, 15, 16, 17, 18, 19, 20, 21, 22, 23, 24]
   [travel] ARRIVED at target map (3, 37) coords=(7, 0)
   [travel] start map=(3, 37) coords=(7, 0) -> map (3, 38) (budget 300s, surf-capable)
   [travel] west connection band rows: [0, 1, 2, 3, 4, 5, 6, 7, 8, 9, 10, 11, 12, 13, 14, 15, 16, 17, 18, 19, 20, 21, 22, 23, 24, 25, 26, 27, 28, 29, 30, 31, 32, 33, 34, 35, 36, 37, 38, 39, 40, 41, 42, 43, 44, 45, 46, 47, 48, 49, 50, 51, 52, 53, 54, 55, 56, 57, 58, 59]
   [travel] step 0: (7, 0)->(7, 1) map=(3, 37) (path 47 to exit)
   [campaign]    [dlg hm-surf] 'The water is dyed a deep blue.. Would you like to SURF?'
   [campaign]    [dlg hm-surf] 'BLASTOISE used SURF!'
   [campaign]    [dlg-pace hm-surf] box 'The water is dyed a deep blue.. Would you like t' visible 1.27s (sink 0ms, hold 0.09s, end=next_box)
   [campaign]    [dlg-pace hm-surf] box 'BLASTOISE used SURF!' visible 2.65s (sink 0ms, hold 0.04s, end=closed)
   [travel] ?? SURF MOUNT at (7, 8) -> (7, 9) (map (3, 37))
   [travel] step 10: (7, 10)->(7, 11) map=(3, 37) (path 40 to exit)
   [travel] step 20: (7, 20)->(7, 21) map=(3, 37) (path 30 to exit)
   [travel] step 30: (7, 30)->(7, 31) map=(3, 37) (path 20 to exit)
   [travel] HEARTBEAT step=40 map=(3, 37) coords=(7, 40) elapsed=13s
   [travel] step 40: (7, 40)->(7, 41) map=(3, 37) (path 10 to exit)
   [travel] edge row 42 won't cross (5+ W presses eaten) — dropped from the band, re-planning to another crossable row (1/6)
   [travel] MAP TRANSITION (3, 37) -> (3, 38)
   [travel] west connection band rows: [0, 1, 2, 3, 4, 5, 6, 7, 8, 9, 10, 11, 12, 13, 14, 15, 16, 17, 18, 19]
   [travel] ARRIVED at target map (3, 38) coords=(119, 3)
   [travel] start map=(3, 38) coords=(119, 3) -> map (3, 8) (budget 300s, surf-capable)
   [travel] west connection band rows: [0, 1, 2, 3, 4, 5, 6, 7, 8, 9, 10, 11, 12, 13, 14, 15, 16, 17, 18, 19]
   [travel] path blocked at (119, 3) (NPC on the gap?) - waiting
   [travel] no clean path from (119, 3) AND no NPC-allowing path (npcs nearby=[(111, 7), (128, 1), (129, 1), (129, 8)]) - genuine wall/zone gap, will time out
   [travel] !! TRAVEL WEDGE: identical fp x4 retries at (119, 3) map=(3, 38) (reason=no_route) -> returning to roam LOUD (no inner spin)
   [travel] start map=(3, 38) coords=(119, 3) -> map (3, 8) (budget 300s, surf-capable)
   [travel] west connection band rows: [0, 1, 2, 3, 4, 5, 6, 7, 8, 9, 10, 11, 12, 13, 14, 15, 16, 17, 18, 19]
   [travel] path blocked at (119, 3) (NPC on the gap?) - waiting
   [travel] no clean path from (119, 3) AND no NPC-allowing path (npcs nearby=[(108, 9), (128, 1), (129, 1), (129, 8)]) - genuine wall/zone gap, will time out
   [travel] !! TRAVEL WEDGE: identical fp x4 retries at (119, 3) map=(3, 38) (reason=no_route) -> returning to roam LOUD (no inner spin)
   [travel] start map=(3, 38) coords=(119, 3) -> map (3, 37) (budget 300s, surf-capable)
   [travel] east connection band rows: [0, 1, 2, 3, 4, 5, 6, 7, 8, 9, 10, 11, 12, 13, 14, 15, 16, 17, 18, 19]
   [travel] step 0: (119, 3)->(0, 43) map=(3, 38) (path 2 to exit)
   [travel] MAP TRANSITION (3, 38) -> (3, 37)
   [travel] east connection band rows: [0, 1, 2, 3, 4, 5, 6, 7, 8, 9, 10, 11, 12, 13, 14, 15, 16, 17, 18, 19, 20, 21, 22, 23, 24, 25, 26, 27, 28, 29, 30, 31, 32, 33, 34, 35, 36, 37, 38, 39, 40, 41, 42, 43, 44, 45, 46, 47, 48, 49, 50, 51, 52, 53, 54, 55, 56, 57, 58, 59]
   [travel] ARRIVED at target map (3, 37) coords=(0, 43)
   [travel] start map=(3, 37) coords=(0, 43) -> map (3, 7) (budget 300s, surf-capable)
   [travel] north connection band cols: [7, 8, 9, 10, 11, 12, 13, 14, 15, 16]
   [travel] step 0: (0, 43)->(0, 42) map=(3, 37) (path 59 to exit)
   [travel] step 10: (3, 36)->(3, 35) map=(3, 37) (path 49 to exit)
   [travel] ENCOUNTER -> on-time beat, warm up, hand off
   [play-live]    [engine] re-entry: foe is already DOWN — draining the faint/switch chain
   [play-live]    [engine] JUST FIGHT: L67 vs L10 + connecting damage — skipping bag/switch hierarchy this turn
   [play-live]    [engine] action menu: Earthquake - a super-effective hit -> slot 3 (eff x2) vs tentacool 29/29 | [0]Bite(p60,pp=25,ref=0,sc=60) [1]Skull Bash(p100,pp=15,ref=0,sc=50) [2]Surf(p95*STAB,pp=15,ref=0,sc=71.25) [3]Earthquake(p100,pp=10,ref=0,sc=200)
   [play-live]    [engine] STREAM COMMIT: Earthquake - a super-effective hit slot 3 (menu_up=1 action=True moves=False)
   [play-live]    [engine] battle-progress: enemy fainted
   [play-live]    [engine] !! WRONG SLOT FIRED: chose 3 but slot 0 was consumed (cursor desync survived the force-write; wrong-fires 1) — LOUD
   [play-live]    [engine] battle-progress: move resolved
   [travel] battle outcome=win; resuming pathfind
   [travel] step 20: (3, 30)->(3, 29) map=(3, 37) (path 43 to exit)
   [travel] step 30: (5, 22)->(5, 21) map=(3, 37) (path 33 to exit)
   [travel] HEARTBEAT step=40 map=(3, 37) coords=(7, 14) elapsed=27s
   [travel] step 40: (7, 14)->(7, 13) map=(3, 37) (path 23 to exit)
   [travel] ENCOUNTER -> on-time beat, warm up, hand off
   [play-live]    [engine] re-entry: foe is already DOWN — draining the faint/switch chain
   [play-live]    [engine] JUST FIGHT: L67 vs L6 + connecting damage — skipping bag/switch hierarchy this turn
   [play-live]    [engine] action menu: Earthquake - a super-effective hit -> slot 3 (eff x2) vs tentacool 22/22 | [0]Bite(p60,pp=24,ref=0,sc=60) [1]Skull Bash(p100,pp=15,ref=0,sc=50) [2]Surf(p95*STAB,pp=15,ref=0,sc=71.25) [3]Earthquake(p100,pp=10,ref=0,sc=200)
   [play-live]    [engine] STREAM COMMIT: Earthquake - a super-effective hit slot 3 (menu_up=1 action=True moves=False)
   [play-live]    [engine] battle-progress: enemy fainted
   [play-live]    [engine] !! WRONG SLOT FIRED: chose 3 but slot 0 was consumed (cursor desync survived the force-write; wrong-fires 1) — LOUD
   [play-live]    [engine] battle-progress: move resolved
   [travel] battle outcome=win; resuming pathfind
   [travel] step 50: (8, 9)->(8, 8) map=(3, 37) (path 17 to exit)
   [travel] step 60: (15, 6)->(15, 5) map=(3, 37) (path 7 to exit)
   [travel] MAP TRANSITION (3, 37) -> (3, 7)
   [travel] north connection band cols: [0, 1, 2, 3, 4, 5, 6, 7, 8, 9, 10, 11, 12, 13, 14, 15, 16, 17, 18, 19, 20, 21, 22, 23, 24, 25, 26, 27, 28, 29, 30, 31, 32, 33, 34, 35, 36, 37, 38, 39, 40, 41, 42, 43, 44, 45, 46, 47, 48]
   [travel] ARRIVED at target map (3, 7) coords=(27, 39)
   [travel] start map=(3, 7) coords=(27, 39) -> coord (20, 24) (budget 90s, surf-capable)
   [travel] step 0: (27, 39)->(27, 38) map=(3, 7) (path 38 to exit)
   [travel] step 10: (21, 35)->(21, 34) map=(3, 7) (path 28 to exit)
   [travel] step 20: (28, 32)->(29, 32) map=(3, 7) (path 19 to exit)
   [travel] step 30: (28, 24)->(27, 24) map=(3, 7) (path 9 to exit)
   [travel] reached target coord (20, 24)
   [travel] start map=(3, 7) coords=(20, 24) -> coord (19, 18) (budget 90s, surf-capable)
   [travel] step 0: (20, 24)->(20, 23) map=(3, 7) (path 44 to exit)
   [travel] step 10: (26, 20)->(26, 19) map=(3, 7) (path 34 to exit)
   [travel] !! WATCHDOG disengage requested — bailing this leg LOUD
   [travel] start map=(3, 7) coords=(32, 18) -> coord (15, 16) (budget 90s, surf-capable)
   [travel] step 0: (32, 18)->(33, 18) map=(3, 7) (path 48 to exit)
   [travel] step 10: (41, 17)->(42, 17) map=(3, 7) (path 38 to exit)
   [travel] step 20: (38, 12)->(37, 12) map=(3, 7) (path 28 to exit)
   [travel] step 30: (28, 12)->(27, 12) map=(3, 7) (path 18 to exit)
   [travel] HEARTBEAT step=40 map=(3, 7) coords=(22, 16) elapsed=5s
   [travel] step 40: (22, 16)->(21, 16) map=(3, 7) (path 8 to exit)
   [travel] reached target coord (15, 16)
   [travel] start map=(3, 7) coords=(15, 16) -> coord (11, 16) (budget 300s, surf-capable)
   [travel] step 0: (15, 16)->(14, 16) map=(3, 7) (path 5 to exit)
   [travel] reached target coord (11, 16)
   [travel] start map=(11, 1) coords=(2, 5) -> coord (4, 6) (budget 60s, surf-capable)
   [travel] path blocked at (2, 5) (NPC on the gap?) - waiting
   [travel] no clean path from (2, 5); NPC-allowing path EXISTS (len 4), blocker NPC tile=None, npcs nearby=[(2, 3), (6, 3), (9, 4)] -> approaching to interact/trigger
   [travel] reached target coord (4, 6)
   [travel] start map=(3, 7) coords=(11, 16) -> map (3, 33) (budget 300s, surf-capable)
   [travel] east connection band rows: [0, 1, 2, 3, 4, 5, 6, 7, 8, 9, 20, 21, 22, 30, 31, 32, 33, 34, 35, 36, 37, 38, 39]
   [travel] step 0: (11, 16)->(11, 17) map=(3, 7) (path 46 to exit)
   [travel] step 10: (18, 19)->(18, 20) map=(3, 7) (path 36 to exit)
   [travel] !! WATCHDOG disengage requested — bailing this leg LOUD
   [travel] start map=(3, 7) coords=(24, 20) -> map (3, 33) (budget 300s, surf-capable)
   [travel] east connection band rows: [0, 1, 2, 3, 4, 5, 6, 7, 8, 9, 20, 21, 22, 30, 31, 32, 33, 34, 35, 36, 37, 38, 39]
   [travel] releasing 1 stale NPC block(s) [(25, 21)] — tile(s) read empty now (wanderer moved on)
   [travel] step 0: (24, 20)->(24, 19) map=(3, 7) (path 69 to exit)
   [travel] step 10: (26, 12)->(27, 12) map=(3, 7) (path 59 to exit)
   [travel] step 20: (36, 12)->(37, 12) map=(3, 7) (path 49 to exit)
   [travel] step 30: (42, 16)->(42, 17) map=(3, 7) (path 39 to exit)
   [travel] HEARTBEAT step=40 map=(3, 7) coords=(35, 17) elapsed=5s
   [travel] step 40: (35, 17)->(34, 17) map=(3, 7) (path 29 to exit)
   [travel] step 50: (30, 20)->(31, 20) map=(3, 7) (path 19 to exit)
   [travel] !! WATCHDOG disengage requested — bailing this leg LOUD
   [travel] start map=(3, 7) coords=(39, 21) -> map (3, 33) (budget 300s, surf-capable)
   [travel] east connection band rows: [0, 1, 2, 3, 4, 5, 6, 7, 8, 9, 20, 21, 22, 30, 31, 32, 33, 34, 35, 36, 37, 38, 39]
   [travel] releasing 1 stale NPC block(s) [(40, 20)] — tile(s) read empty now (wanderer moved on)
   [travel] step 0: (39, 21)->(40, 21) map=(3, 7) (path 10 to exit)
   [travel] MAP TRANSITION (3, 7) -> (3, 33)
   [travel] east connection band rows: [7, 10, 11, 12, 13, 14, 16]
   [travel] ARRIVED at target map (3, 33) coords=(0, 11)
   [travel] start map=(3, 33) coords=(0, 11) -> map (3, 32) (budget 300s, surf-capable)
   [travel] east connection band rows: [7, 10, 11, 12, 13, 14, 16]
   [travel] path blocked at (0, 11) (NPC on the gap?) - waiting
   [travel] no clean path from (0, 11) AND no NPC-allowing path (npcs nearby=[]) - genuine wall/zone gap, will time out
   [travel] !! TRAVEL WEDGE: identical fp x4 retries at (0, 11) map=(3, 33) (reason=no_route) -> returning to roam LOUD (no inner spin)
   [travel] start map=(3, 33) coords=(0, 11) -> map (3, 7) (budget 300s, surf-capable)
   [travel] west connection band rows: [10, 11, 12, 13]
   [travel] MAP TRANSITION (3, 33) -> (3, 7)
   [travel] west connection band rows: [0, 1, 2, 3, 4, 5, 6, 7, 8, 9, 18, 19, 20, 30, 31, 32, 33, 34, 35, 36, 37, 38, 39]
   [travel] ARRIVED at target map (3, 7) coords=(47, 21)
   [travel] start map=(3, 7) coords=(47, 21) -> map (3, 33) (budget 300s, surf-capable)
   [travel] east connection band rows: [0, 1, 2, 3, 4, 5, 6, 7, 8, 9, 20, 21, 22, 30, 31, 32, 33, 34, 35, 36, 37, 38, 39]
   [travel] step 0: (47, 21)->(0, 11) map=(3, 7) (path 2 to exit)
   [travel] MAP TRANSITION (3, 7) -> (3, 33)
   [travel] east connection band rows: [7, 10, 11, 12, 13, 14, 16]
   [travel] ARRIVED at target map (3, 33) coords=(0, 11)
   [travel] start map=(3, 33) coords=(0, 11) -> map (3, 32) (budget 300s, surf-capable)
   [travel] east connection band rows: [7, 10, 11, 12, 13, 14, 16]
   [travel] path blocked at (0, 11) (NPC on the gap?) - waiting
   [travel] no clean path from (0, 11) AND no NPC-allowing path (npcs nearby=[]) - genuine wall/zone gap, will time out
   [travel] !! TRAVEL WEDGE: identical fp x4 retries at (0, 11) map=(3, 33) (reason=no_route) -> returning to roam LOUD (no inner spin)
   [travel] start map=(3, 33) coords=(0, 11) -> map (3, 7) (budget 300s, surf-capable)
   [travel] west connection band rows: [10, 11, 12, 13]
   [travel] MAP TRANSITION (3, 33) -> (3, 7)
   [travel] west connection band rows: [0, 1, 2, 3, 4, 5, 6, 7, 8, 9, 18, 19, 20, 30, 31, 32, 33, 34, 35, 36, 37, 38, 39]
   [travel] ARRIVED at target map (3, 7) coords=(47, 21)
   [travel] start map=(3, 7) coords=(47, 21) -> map (3, 33) (budget 300s, surf-capable)
   [travel] east connection band rows: [0, 1, 2, 3, 4, 5, 6, 7, 8, 9, 20, 21, 22, 30, 31, 32, 33, 34, 35, 36, 37, 38, 39]
   [travel] step 0: (47, 21)->(0, 11) map=(3, 7) (path 2 to exit)
   [travel] MAP TRANSITION (3, 7) -> (3, 33)
   [travel] east connection band rows: [7, 10, 11, 12, 13, 14, 16]
   [travel] ARRIVED at target map (3, 33) coords=(0, 11)
   [travel] start map=(3, 33) coords=(0, 11) -> map (3, 32) (budget 300s, surf-capable)
   [travel] east connection band rows: [7, 10, 11, 12, 13, 14, 16]
   [travel] path blocked at (0, 11) (NPC on the gap?) - waiting
   [travel] no clean path from (0, 11) AND no NPC-allowing path (npcs nearby=[]) - genuine wall/zone gap, will time out
   [travel] !! TRAVEL WEDGE: identical fp x4 retries at (0, 11) map=(3, 33) (reason=no_route) -> returning to roam LOUD (no inner spin)
   [travel] start map=(3, 33) coords=(0, 11) -> map (3, 7) (budget 300s, surf-capable)
   [travel] west connection band rows: [10, 11, 12, 13]
   [travel] MAP TRANSITION (3, 33) -> (3, 7)
   [travel] west connection band rows: [0, 1, 2, 3, 4, 5, 6, 7, 8, 9, 18, 19, 20, 30, 31, 32, 33, 34, 35, 36, 37, 38, 39]
   [travel] ARRIVED at target map (3, 7) coords=(47, 21)
   [travel] start map=(3, 7) coords=(47, 21) -> map (3, 33) (budget 300s, surf-capable)
   [travel] east connection band rows: [0, 1, 2, 3, 4, 5, 6, 7, 8, 9, 20, 21, 22, 30, 31, 32, 33, 34, 35, 36, 37, 38, 39]
   [travel] step 0: (47, 21)->(0, 11) map=(3, 7) (path 2 to exit)
   [travel] MAP TRANSITION (3, 7) -> (3, 33)
   [travel] east connection band rows: [7, 10, 11, 12, 13, 14, 16]
   [travel] ARRIVED at target map (3, 33) coords=(0, 11)
   [travel] start map=(3, 33) coords=(0, 11) -> map (3, 32) (budget 300s, surf-capable)
   [travel] east connection band rows: [7, 10, 11, 12, 13, 14, 16]
   [travel] path blocked at (0, 11) (NPC on the gap?) - waiting
   [travel] no clean path from (0, 11) AND no NPC-allowing path (npcs nearby=[]) - genuine wall/zone gap, will time out
   [travel] !! TRAVEL WEDGE: identical fp x4 retries at (0, 11) map=(3, 33) (reason=no_route) -> returning to roam LOUD (no inner spin)
   [travel] start map=(3, 33) coords=(0, 11) -> map (3, 7) (budget 300s, surf-capable)
   [travel] west connection band rows: [10, 11, 12, 13]
   [travel] MAP TRANSITION (3, 33) -> (3, 7)
   [travel] west connection band rows: [0, 1, 2, 3, 4, 5, 6, 7, 8, 9, 18, 19, 20, 30, 31, 32, 33, 34, 35, 36, 37, 38, 39]
   [travel] ARRIVED at target map (3, 7) coords=(47, 21)
   [travel] start map=(3, 7) coords=(47, 21) -> map (3, 33) (budget 300s, surf-capable)
   [travel] east connection band rows: [0, 1, 2, 3, 4, 5, 6, 7, 8, 9, 20, 21, 22, 30, 31, 32, 33, 34, 35, 36, 37, 38, 39]
   [travel] step 0: (47, 21)->(0, 11) map=(3, 7) (path 2 to exit)
   [travel] MAP TRANSITION (3, 7) -> (3, 33)
   [travel] east connection band rows: [7, 10, 11, 12, 13, 14, 16]
   [travel] ARRIVED at target map (3, 33) coords=(0, 11)
   [travel] start map=(3, 33) coords=(0, 11) -> map (3, 32) (budget 300s, surf-capable)
   [travel] east connection band rows: [7, 10, 11, 12, 13, 14, 16]
   [travel] path blocked at (0, 11) (NPC on the gap?) - waiting
   [travel] no clean path from (0, 11) AND no NPC-allowing path (npcs nearby=[]) - genuine wall/zone gap, will time out
   [travel] !! TRAVEL WEDGE: identical fp x4 retries at (0, 11) map=(3, 33) (reason=no_route) -> returning to roam LOUD (no inner spin)
   [travel] start map=(3, 33) coords=(0, 11) -> map (3, 32) (budget 300s, surf-capable)
   [travel] east connection band rows: [7, 10, 11, 12, 13, 14, 16]
   [travel] path blocked at (0, 11) (NPC on the gap?) - waiting
   [travel] no clean path from (0, 11) AND no NPC-allowing path (npcs nearby=[]) - genuine wall/zone gap, will time out
   [travel] !! TRAVEL WEDGE: identical fp x4 retries at (0, 11) map=(3, 33) (reason=no_route) -> returning to roam LOUD (no inner spin)
   [travel] start map=(3, 33) coords=(0, 11) -> map (3, 7) (budget 300s, surf-capable)
   [travel] west connection band rows: [10, 11, 12, 13]
   [travel] MAP TRANSITION (3, 33) -> (3, 7)
   [travel] west connection band rows: [0, 1, 2, 3, 4, 5, 6, 7, 8, 9, 18, 19, 20, 30, 31, 32, 33, 34, 35, 36, 37, 38, 39]
   [travel] ARRIVED at target map (3, 7) coords=(47, 21)
   [travel] start map=(3, 7) coords=(47, 21) -> map (3, 33) (budget 300s, surf-capable)
   [travel] east connection band rows: [0, 1, 2, 3, 4, 5, 6, 7, 8, 9, 20, 21, 22, 30, 31, 32, 33, 34, 35, 36, 37, 38, 39]
   [travel] step 0: (47, 21)->(0, 11) map=(3, 7) (path 2 to exit)
   [travel] MAP TRANSITION (3, 7) -> (3, 33)
   [travel] east connection band rows: [7, 10, 11, 12, 13, 14, 16]
   [travel] ARRIVED at target map (3, 33) coords=(0, 11)
   [travel] start map=(3, 33) coords=(0, 11) -> map (3, 32) (budget 300s, surf-capable)
   [travel] east connection band rows: [7, 10, 11, 12, 13, 14, 16]
   [travel] path blocked at (0, 11) (NPC on the gap?) - waiting
   [travel] no clean path from (0, 11) AND no NPC-allowing path (npcs nearby=[]) - genuine wall/zone gap, will time out
   [travel] !! TRAVEL WEDGE: identical fp x4 retries at (0, 11) map=(3, 33) (reason=no_route) -> returning to roam LOUD (no inner spin)
   [travel] start map=(3, 33) coords=(0, 11) -> coord (9, 12) (budget 240s, surf-capable)
   [travel] step 0: (0, 11)->(0, 12) map=(3, 33) (path 11 to exit)
   [travel] reached target coord (9, 12)
   [travel] start map=(3, 33) coords=(9, 9) -> coord (8, 11) (budget 60s, surf-capable)
   [travel] step 0: (9, 9)->(9, 10) map=(3, 33) (path 4 to exit)
   [travel] reached target coord (8, 11)
   [travel] start map=(24, 0) coords=(1, 6) -> coord (9, 10) (budget 110s, surf-capable)
   [travel] step 0: (1, 6)->(1, 7) map=(24, 0) (path 13 to exit)
   [travel] step 10: (8, 9)->(8, 10) map=(24, 0) (path 3 to exit)
   [travel] reached target coord (9, 10)
   [travel] start map=(24, 1) coords=(10, 9) -> coord (11, 9) (budget 60s, surf-capable)
   [travel] step 0: (10, 9)->(11, 9) map=(24, 1) (path 2 to exit)
   [travel] reached target coord (11, 9)
   [travel] start map=(24, 0) coords=(9, 10) -> coord (10, 6) (budget 60s, surf-capable)
   [travel] step 0: (9, 10)->(9, 9) map=(24, 0) (path 6 to exit)
   [travel] reached target coord (10, 6)
   [travel] start map=(3, 33) coords=(16, 11) -> map (3, 32) (budget 300s, surf-capable)
   [travel] east connection band rows: [7, 10, 11, 12, 13, 14, 16]
   [travel] step 0: (16, 11)->(16, 12) map=(3, 33) (path 58 to exit)
   [travel] step 10: (25, 12)->(26, 12) map=(3, 33) (path 48 to exit)
   [travel] !! WATCHDOG disengage requested — bailing this leg LOUD
   [travel] start map=(3, 33) coords=(30, 13) -> map (3, 32) (budget 300s, surf-capable)
   [travel] east connection band rows: [7, 10, 11, 12, 13, 14, 16]
   [travel] step 0: (30, 13)->(31, 13) map=(3, 33) (path 44 to exit)
   [travel] step 10: (39, 12)->(40, 12) map=(3, 33) (path 34 to exit)
