===== playlive_2026-08-05_18-19-18.log =====
   [play-live]    [engine] JUST FIGHT: L64 vs L29 + connecting damage — skipping bag/switch hierarchy this turn
   [play-live]    [engine] action menu: Bite - a solid hit -> slot 0 (eff x1) vs geodude 65/65 | [0]Bite(p60,pp=1,ref=0,sc=60) [1]Skull Bash(p100,pp=4,ref=0,sc=25) [2]Surf(p95*STAB,pp=0,ref=0,sc=570) [3]Earthquake(p100,pp=0,ref=0,sc=200)
   [play-live]    [engine] STREAM COMMIT: Bite - a solid hit slot 0 (menu_up=1 action=True moves=False)
   [play-live]    [engine] battle-progress: move resolved
   [play-live]    [engine] battle-progress: enemy fainted
   [play-live]    [engine] re-entry: foe is already DOWN — draining the faint/switch chain
   [play-live]    [engine] WILD CATCH DIVERT (legendary) — moltres: weaken+balls, never KO
   [play-live]    [engine] catch: CHIPPER SWITCH — blastoise would one-shot it; fielding slot 2 (fearow) to chip it into the catchable band
   [play-live]    [engine] switch: target party slot 2 sp=22 -> menu row 2
   [play-live]    [engine] switch: SWITCHED to species 22 (slot 2)
   [play-live]    [engine] throw_ball: aiming row 1 = item 2 (ultra ball, pref=best)
   [play-live]    [engine] battle-progress: our mon fainted
   [play-live]    [engine] throw_ball: aiming row 1 = item 2 (ultra ball, pref=best)
   [play-live]    [engine] !! throw_ball: ball selected but no throw consumed a ball — aborting LOUDLY
   [play-live]    [engine] legendary capture failed (stuck) — fleeing to avoid KOing it
   [play-live]    [engine] flee: battle opened on the forced send-out screen -> sending a healthy reserve, then running
   [play-live]    [engine] fswitch: selecting row 2 (sp=9 L64 hp=188)
   [play-live]    [engine] battle-progress: force-switch seated
   [travel] start map=(1, 101) coords=(9, 7) -> coord (9, 14) (budget 60s, surf-capable)
   [travel] !! WATCHDOG disengage requested — bailing this leg LOUD
   [travel] start map=(1, 101) coords=(9, 7) -> coord (9, 16) (budget 45s, surf-capable)
   [travel] !! WATCHDOG disengage requested — bailing this leg LOUD
   [travel] start map=(1, 101) coords=(9, 7) -> coord (9, 14) (budget 45s, surf-capable)
   [travel] path blocked at (9, 7) (NPC on the gap?) - waiting
   [travel] no clean path from (9, 7); NPC-allowing path EXISTS (len 10), blocker NPC tile=(8, 12), npcs nearby=[(7, 11), (8, 12), (10, 9), (10, 11)] -> approaching to interact/trigger
   [campaign]    [dlg hm-strength] 'STRENGTH made it possible to move boulders around.'
   [campaign]    [dlg-pace hm-strength] box 'STRENGTH made it possible to move boulders aroun' visible 2.47s (sink 0ms, hold 0.08s, end=closed)
   [travel] FIELD OBSTACLE (8, 12) on (1, 101) CLEARED with strength — continuing the leg
   [travel] !! WATCHDOG disengage requested — bailing this leg LOUD
   [travel] start map=(1, 101) coords=(8, 11) -> coord (8, 15) (budget 45s, surf-capable)
   [travel] !! WATCHDOG disengage requested — bailing this leg LOUD
   [travel] start map=(1, 101) coords=(8, 11) -> coord (10, 15) (budget 45s, surf-capable)
   [travel] path blocked at (8, 11) (NPC on the gap?) - waiting
   [travel] no clean path from (8, 11) AND no NPC-allowing path (npcs nearby=[(7, 11), (8, 12), (10, 9), (10, 11)]) - genuine wall/zone gap, will time out
   [travel] !! TRAVEL WEDGE: identical fp x4 retries at (8, 11) map=(1, 101) (reason=no_route) -> returning to roam LOUD (no inner spin)
   [travel] start map=(1, 101) coords=(8, 11) -> coord (9, 15) (budget 60s, surf-capable)
   [travel] step 0: (8, 11)->(9, 11) map=(1, 101) (path 6 to exit)
   [travel] reached target coord (9, 15)
   [travel] start map=(1, 101) coords=(9, 15) -> coord (9, 14) (budget 60s, surf-capable)
   [travel] step 0: (9, 15)->(9, 14) map=(1, 101) (path 2 to exit)
   [travel] reached target coord (9, 14)
   [travel] start map=(1, 97) coords=(29, 7) -> coord (29, 47) (budget 60s, surf-capable)
   [travel] step 0: (29, 7)->(29, 8) map=(1, 97) (path 50 to exit)
   [travel] step 10: (29, 17)->(29, 18) map=(1, 97) (path 40 to exit)
   [travel] step 20: (29, 27)->(29, 28) map=(1, 97) (path 31 to exit)
   [travel] step 30: (26, 34)->(26, 35) map=(1, 97) (path 21 to exit)
   [travel] HEARTBEAT step=40 map=(1, 97) coords=(32, 38) elapsed=6s
   [travel] step 40: (32, 38)->(32, 39) map=(1, 97) (path 12 to exit)
   [travel] step 50: (31, 47)->(30, 47) map=(1, 97) (path 3 to exit)
   [travel] reached target coord (29, 47)
===== playlive_2026-08-05_18-10-44.log =====
   [play-live]    [engine] JUST FIGHT: L64 vs L35 + connecting damage — skipping bag/switch hierarchy this turn
   [play-live]    [engine] action menu: Skull Bash - a solid hit -> slot 1 (eff x1) vs machop 104/104 | [0]Bite(p60,pp=1,ref=0,sc=15) [1]Skull Bash(p100,pp=5,ref=0,sc=50) [2]Surf(p95*STAB,pp=0,ref=0,sc=142.5) [3]Earthquake(p100,pp=0,ref=0,sc=100)
   [play-live]    [engine] STREAM COMMIT: Skull Bash - a solid hit slot 1 (menu_up=1 action=True moves=False)
   [play-live]    [engine] battle-progress: move resolved
   [play-live]    [engine] battle-progress: enemy fainted
   [play-live]    [engine] JUST FIGHT: L64 vs L40 + connecting damage — skipping bag/switch hierarchy this turn
   [play-live]    [engine] action menu: Skull Bash - a solid hit -> slot 1 (eff x1) vs machoke 125/125 | [0]Bite(p60,pp=1,ref=0,sc=15) [1]Skull Bash(p100,pp=4,ref=0,sc=50) [2]Surf(p95*STAB,pp=0,ref=0,sc=142.5) [3]Earthquake(p100,pp=0,ref=0,sc=100)
   [play-live]    [engine] STREAM COMMIT: Skull Bash - a solid hit slot 1 (menu_up=1 action=True moves=False)
   [play-live]    [engine] battle-progress: move resolved
   [play-live]    [engine] JUST FIGHT: L64 vs L40 + connecting damage — skipping bag/switch hierarchy this turn
   [play-live]    [engine] action menu: Skull Bash - a solid hit -> slot 1 (eff x1) vs machoke 18/125 | [0]Bite(p60,pp=1,ref=0,sc=15) [1]Skull Bash(p100,pp=3,ref=0,sc=50) [2]Surf(p95*STAB,pp=0,ref=0,sc=142.5) [3]Earthquake(p100,pp=0,ref=0,sc=100)
   [play-live]    [engine] STREAM COMMIT: Skull Bash - a solid hit slot 1 (menu_up=1 action=True moves=False)
   [play-live]    [engine] battle-progress: move resolved
   [play-live]    [engine] battle-progress: enemy fainted
