===== playlive_2026-08-14_16-12-10.log =====
   [travel] start map=(13, 0) coords=(2, 7) -> coord (11, 15) (budget 60s, surf-capable)
   [travel] step 0: (2, 7)->(2, 8) map=(13, 0) (path 18 to exit)
   [travel] step 10: (4, 15)->(5, 15) map=(13, 0) (path 8 to exit)
   [travel] reached target coord (11, 15)
   [play-live]    [engine] MATCHUP SWITCH: Zapdos vs Water — fight instead (Electric STAB)
   [play-live]    [engine] MATCHUP SWITCH: Zapdos vs Water — fight instead (Electric STAB)
   [play-live]    [engine] E4 MOVE: Shock Wave - E4 wincon — firing the max-damage pick (EQ Gengar is 0x Levitate; Surf Gengar; EQ Arbok; Surf Onix)
   [play-live]    [engine] action menu: Shock Wave - E4 wincon -> slot 1 (eff x2) vs dewgong 171/171 | [0]move#86(p0*STAB,pp=20,ref=0,sc=0) [1]Shock Wave(p60*STAB,pp=20,ref=0,sc=180) [2]move#197(p0,pp=5,ref=0,sc=0) [3]Drill Peck(p80*STAB,pp=20,ref=0,sc=120)
   [play-live]    [engine] STREAM COMMIT: Shock Wave - E4 wincon slot 1 (menu_up=1 action=True moves=False)
   [play-live]    [engine] battle-progress: move resolved
   [play-live]    [engine] MATCHUP SWITCH: Zapdos vs Water — fight instead (Electric STAB)
   [play-live]    [engine] MATCHUP SWITCH: Zapdos vs Water — fight instead (Electric STAB)
   [play-live]    [engine] E4 MOVE: Shock Wave - E4 wincon — firing the max-damage pick (EQ Gengar is 0x Levitate; Surf Gengar; EQ Arbok; Surf Onix)
   [play-live]    [engine] action menu: Shock Wave - E4 wincon -> slot 1 (eff x2) vs dewgong 67/171 | [0]move#86(p0*STAB,pp=20,ref=0,sc=0) [1]Shock Wave(p60*STAB,pp=19,ref=0,sc=180) [2]move#197(p0,pp=5,ref=0,sc=0) [3]Drill Peck(p80*STAB,pp=20,ref=0,sc=120)
   [play-live]    [engine] STREAM COMMIT: Shock Wave - E4 wincon slot 1 (menu_up=1 action=True moves=False)
   [play-live]    [engine] battle-progress: move resolved
   [play-live]    [engine] battle-progress: enemy fainted
   [play-live]    [engine] party screen in drain: voluntary (shift prompt) -> single B out
   [play-live]    [engine] MATCHUP SWITCH: Zapdos vs Water — fight instead (Electric STAB)
   [play-live]    [engine] MATCHUP SWITCH: Zapdos vs Water — fight instead (Electric STAB)
   [play-live]    [engine] E4 MOVE: Shock Wave - E4 wincon — firing the max-damage pick (EQ Gengar is 0x Levitate; Surf Gengar; EQ Arbok; Surf Onix)
   [play-live]    [engine] action menu: Shock Wave - E4 wincon -> slot 1 (eff x2) vs slowbro 176/176 | [0]move#86(p0*STAB,pp=20,ref=0,sc=0) [1]Shock Wave(p60*STAB,pp=18,ref=0,sc=180) [2]move#197(p0,pp=5,ref=0,sc=0) [3]Drill Peck(p80*STAB,pp=20,ref=0,sc=120)
   [play-live]    [engine] STREAM COMMIT: Shock Wave - E4 wincon slot 1 (menu_up=1 action=True moves=False)
   [play-live]    [engine] battle-progress: move resolved
   [play-live]    [engine] MATCHUP SWITCH: Zapdos vs Water — fight instead (Electric STAB)
   [play-live]    [engine] MATCHUP SWITCH: Zapdos vs Water — fight instead (Electric STAB)
   [play-live]    [engine] E4 MOVE: Shock Wave - E4 wincon — firing the max-damage pick (EQ Gengar is 0x Levitate; Surf Gengar; EQ Arbok; Surf Onix)
   [play-live]    [engine] action menu: Shock Wave - E4 wincon -> slot 1 (eff x2) vs slowbro 72/176 | [0]move#86(p0*STAB,pp=20,ref=0,sc=0) [1]Shock Wave(p60*STAB,pp=17,ref=0,sc=180) [2]move#197(p0,pp=5,ref=0,sc=0) [3]Drill Peck(p80*STAB,pp=20,ref=0,sc=120)
   [play-live]    [engine] STREAM COMMIT: Shock Wave - E4 wincon slot 1 (menu_up=1 action=True moves=False)
   [play-live]    [engine] battle-progress: move resolved
   [play-live]    [engine] battle-progress: enemy fainted
   [play-live]    [engine] party screen in drain: voluntary (shift prompt) -> single B out
   [play-live]    [engine] MATCHUP SWITCH: Zapdos vs Water — fight instead (Electric STAB)
   [play-live]    [engine] ITEM-INSTINCT offer: ['use_cure', 'keep_fighting'] ctx={'hp': '156/156', 'status': 'sleep', 'foe': 'lapras'}
   [play-live]    [engine] ITEM-INSTINCT pick -> use_cure (item 23, aim=active)
   [play-live]    [engine] use_item walk n=0: party=False bag=True white=False cb2party=False cb2bag=True pcur=None lead=False
   [play-live]    [engine] use_item: USED item 23 (count 2->1)
   [play-live]    [engine] battle-progress: item 23 consumed
   [play-live]    [engine] use_item: post-use settle NOT confirmed — blind B-unwind (the bag can sit open invisible to every classifier)
   [play-live]    [engine] MATCHUP SWITCH: Zapdos vs Water — fight instead (Electric STAB)
   [play-live]    [engine] MATCHUP SWITCH: Zapdos vs Water — fight instead (Electric STAB)
   [play-live]    [engine] E4 MOVE: Shock Wave - E4 wincon — firing the max-damage pick (EQ Gengar is 0x Levitate; Surf Gengar; EQ Arbok; Surf Onix)
   [play-live]    [engine] action menu: Shock Wave - E4 wincon -> slot 1 (eff x2) vs lapras 220/220 | [0]move#86(p0*STAB,pp=20,ref=0,sc=0) [1]Shock Wave(p60*STAB,pp=16,ref=0,sc=180) [2]move#197(p0,pp=5,ref=0,sc=0) [3]Drill Peck(p80*STAB,pp=20,ref=0,sc=120)
   [play-live]    [engine] STREAM COMMIT: Shock Wave - E4 wincon slot 1 (menu_up=1 action=True moves=False)
   [play-live]    [engine] MATCHUP SWITCH: Zapdos vs Water — fight instead (Electric STAB)
   [play-live]    [engine] ACE-FIRST: L50 legendary bird is NOT fodder next to L75 — offering heal
   [play-live]    [engine] ITEM-INSTINCT offer: ['use_potion', 'keep_fighting'] ctx={'hp': '8/156', 'status': 'none', 'foe': 'lapras'}
   [play-live]    [engine] ITEM-INSTINCT FORCED -> use_potion (active at 5% <= crit floor 30% — a faint loses the fight; oracle bypassed)
   [play-live]    [engine] ITEM-INSTINCT pick -> use_potion (item 22, aim=active)
   [play-live]    [engine] use_item walk n=0: party=False bag=True white=False cb2party=False cb2bag=True pcur=None lead=False
   [play-live]    [engine] use_item: slotId=1 want=0 kind=heal lap=0
   [play-live]    [engine] use_item: slotId=2 want=0 kind=heal lap=1
   [play-live]    [engine] use_item: slotId=2 want=0 kind=heal lap=2
   [play-live]    [engine] use_item: slotId=2 want=0 kind=heal lap=3
   [play-live]    [engine] use_item: slotId=2 want=0 kind=heal lap=4
   [play-live]    [engine] use_item: slotId=2 want=0 kind=heal lap=5
   [play-live]    [engine] use_item: slotId=2 want=0 kind=heal lap=6
   [play-live]    [engine] use_item: slotId=2 want=0 kind=heal lap=7
   [play-live]    [engine] use_item: slotId=2 want=0 kind=heal lap=8
   [play-live]    [engine] use_item: slotId=2 want=0 kind=heal lap=9
   [play-live]    [engine] use_item: slotId=2 want=0 kind=heal lap=10
   [play-live]    [engine] use_item: slotId=2 want=0 kind=heal lap=11
   [play-live]    [engine] use_item: slotId=2 want=0 kind=heal lap=12
   [play-live]    [engine] use_item: slotId=2 want=0 kind=heal lap=13
   [play-live]    [engine] use_item: heal walk missed row 0 (slotId=2) — no A
   [play-live]    [engine] use_item: heal/cure land missed row 0 — B out, fight
   [play-live]    [engine] BAG-FAIL LATCH: use_potion item 22 not consumed — species only (no battle-wide potion block)
   [play-live]    [engine] HEAL-FAIL: item 22 failed — NOT latching species 145 (actuation miss; retry next turn)
   [play-live]    [engine] MATCHUP SWITCH: Zapdos vs Water — fight instead (Electric STAB)
   [play-live]    [engine] E4 MOVE: Shock Wave - E4 wincon — firing the max-damage pick (EQ Gengar is 0x Levitate; Surf Gengar; EQ Arbok; Surf Onix)
   [play-live]    [engine] SE-CHUNK observed: this foe class hits us super-effectively and HARD -> sleep-lock armed even at neutral damage
   [play-live]    [engine] action menu: Shock Wave - E4 wincon -> slot 1 (eff x2) vs lapras 220/220 | [0]move#86(p0*STAB,pp=20,ref=0,sc=0) [1]Shock Wave(p60*STAB,pp=16,ref=0,sc=180) [2]move#197(p0,pp=5,ref=0,sc=0) [3]Drill Peck(p80*STAB,pp=20,ref=0,sc=120)
   [play-live]    [engine] STREAM COMMIT: Shock Wave - E4 wincon slot 1 (menu_up=1 action=False moves=False)
   [play-live]    [engine] battle-progress: our mon fainted
   [play-live]    [engine] E4 SEND: blastoise (matchup, not highest-level)
   [play-live]    [engine] fswitch retry 4: target row 2 sp=9 skip_rows=[] party_cur=2 menu_rows=[(145, 0), (144, 157), (9, 229), (146, 150)]
   [play-live]    [engine] fswitch: selecting row 2 (sp=9 L75 hp=229)
   [play-live]    [engine] battle-progress: force-switch seated
   [play-live]    [engine] move list already open at turn top — STREAM COMMIT, skipping switch/item menu theater
   [play-live]    [engine] E4 MOVE: Earthquake - E4 wincon — firing the max-damage pick (EQ Gengar is 0x Levitate; Surf Gengar; EQ Arbok; Surf Onix)
   [play-live]    [engine] action menu: Earthquake - E4 wincon -> slot 2 (eff x1) vs lapras 220/220 | [0]Skull Bash(p100,pp=15,ref=0,sc=50) [1]Surf(p95*STAB,pp=15,ref=0,sc=71.25) [2]Earthquake(p100,pp=10,ref=0,sc=100)
   [play-live]    [engine] STREAM COMMIT: Earthquake - E4 wincon slot 2 (menu_up=0 action=False moves=True)
   [play-live]    [engine] move slot 2 didn't fire (0-PP / disabled / blocked) -> rotating to an untried move (streak now [2], refusals {2: 1}, futility 1/4)
   [play-live]    [engine] !! PARTY THRASH #1: open but active ALIVE — B-closing (never A)
   [play-live]    [engine] MATCHUP SWITCH: Lorelei answer holds — fight instead
   [play-live]    [engine] MATCHUP SWITCH: Lorelei answer holds — fight instead
   [play-live]    [engine] JUST FIGHT: L75 vs L54 + connecting damage — skipping bag/switch hierarchy this turn
   [play-live]    [engine] E4 RETRY: wincon still has PP — last commit was a menu miss, not 0-PP. Firing it again (never rotate Surf?Skull Bash / Flamethrower?Agility)
   [play-live]    [engine] E4 MOVE: Earthquake - E4 wincon — firing the max-damage pick (EQ Gengar is 0x Levitate; Surf Gengar; EQ Arbok; Surf Onix)
   [play-live]    [engine] action menu: Earthquake - E4 wincon -> slot 2 (eff x1) vs lapras 220/220 | [0]Skull Bash(p100,pp=15,ref=0,sc=50) [1]Surf(p95*STAB,pp=15,ref=0,sc=71.25) [2]Earthquake(p100,pp=10,ref=1,sc=100)
   [play-live]    [engine] STREAM COMMIT: Earthquake - E4 wincon slot 2 (menu_up=1 action=True moves=False)
   [play-live]    [engine] battle-progress: move resolved
   [play-live]    [engine] MATCHUP SWITCH: Lorelei answer holds — fight instead
   [play-live]    [engine] MATCHUP SWITCH: Lorelei answer holds — fight instead
   [play-live]    [engine] JUST FIGHT: L75 vs L54 + connecting damage — skipping bag/switch hierarchy this turn
   [play-live]    [engine] E4 MOVE: Earthquake - E4 wincon — firing the max-damage pick (EQ Gengar is 0x Levitate; Surf Gengar; EQ Arbok; Surf Onix)
   [play-live]    [engine] action menu: Earthquake - E4 wincon -> slot 2 (eff x1) vs lapras 126/220 | [0]Skull Bash(p100,pp=15,ref=0,sc=50) [1]Surf(p95*STAB,pp=15,ref=0,sc=71.25) [2]Earthquake(p100,pp=9,ref=1,sc=100)
   [play-live]    [engine] STREAM COMMIT: Earthquake - E4 wincon slot 2 (menu_up=1 action=True moves=False)
   [play-live]    [engine] battle-progress: move resolved
   [play-live]    [engine] MATCHUP SWITCH: Lorelei answer holds — fight instead
   [play-live]    [engine] MATCHUP SWITCH: Lorelei answer holds — fight instead
   [play-live]    [engine] JUST FIGHT: L75 vs L54 + connecting damage — skipping bag/switch hierarchy this turn
   [play-live]    [engine] E4 MOVE: Earthquake - E4 wincon — firing the max-damage pick (EQ Gengar is 0x Levitate; Surf Gengar; EQ Arbok; Surf Onix)
   [play-live]    [engine] action menu: Earthquake - E4 wincon -> slot 2 (eff x1) vs lapras 63/220 | [0]Skull Bash(p100,pp=15,ref=0,sc=50) [1]Surf(p95*STAB,pp=15,ref=0,sc=71.25) [2]Earthquake(p100,pp=8,ref=1,sc=100)
   [play-live]    [engine] STREAM COMMIT: Earthquake - E4 wincon slot 2 (menu_up=1 action=True moves=False)
   [play-live]    [engine] battle-progress: move resolved
   [play-live]    [engine] battle-progress: enemy fainted
   [play-live]    [engine] party screen in drain: voluntary (shift prompt) -> single B out
   [play-live]    [engine] MATCHUP SWITCH: Lorelei answer holds — fight instead
   [play-live]    [engine] MATCHUP SWITCH: Lorelei answer holds — fight instead
   [play-live]    [engine] JUST FIGHT: L75 vs L51 + connecting damage — skipping bag/switch hierarchy this turn
   [play-live]    [engine] E4 MOVE: Earthquake - E4 wincon — firing the max-damage pick (EQ Gengar is 0x Levitate; Surf Gengar; EQ Arbok; Surf Onix)
   [play-live]    [engine] action menu: Earthquake - E4 wincon -> slot 2 (eff x1) vs cloyster 127/127 | [0]Skull Bash(p100,pp=15,ref=0,sc=50) [1]Surf(p95*STAB,pp=15,ref=0,sc=71.25) [2]Earthquake(p100,pp=7,ref=1,sc=100)
   [play-live]    [engine] STREAM COMMIT: Earthquake - E4 wincon slot 2 (menu_up=1 action=True moves=False)
   [play-live]    [engine] battle-progress: move resolved
   [play-live]    [engine] move list already open at turn top — STREAM COMMIT, skipping switch/item menu theater
   [play-live]    [engine] E4 MOVE: Earthquake - E4 wincon — firing the max-damage pick (EQ Gengar is 0x Levitate; Surf Gengar; EQ Arbok; Surf Onix)
   [play-live]    [engine] action menu: Earthquake - E4 wincon -> slot 2 (eff x1) vs cloyster 83/127 | [0]Skull Bash(p100,pp=15,ref=0,sc=50) [1]Surf(p95*STAB,pp=15,ref=0,sc=71.25) [2]Earthquake(p100,pp=6,ref=1,sc=100)
   [play-live]    [engine] STREAM COMMIT: Earthquake - E4 wincon slot 2 (menu_up=0 action=False moves=True)
   [play-live]    [engine] move slot 2 didn't fire (0-PP / disabled / blocked) -> rotating to an untried move (streak now [2], refusals {2: 2}, futility 1/4)
   [play-live]    [engine] !! PARTY THRASH #2: open but active ALIVE — B-closing (never A)
   [play-live]    [engine] MATCHUP SWITCH: Lorelei answer holds — fight instead
   [play-live]    [engine] MATCHUP SWITCH: Lorelei answer holds — fight instead
   [play-live]    [engine] JUST FIGHT: L75 vs L51 + connecting damage — skipping bag/switch hierarchy this turn
   [play-live]    [engine] E4 MOVE: Earthquake - E4 wincon — firing the max-damage pick (EQ Gengar is 0x Levitate; Surf Gengar; EQ Arbok; Surf Onix)
   [play-live]    [engine] action menu: Skull Bash -> slot 0 (eff x1) vs cloyster 83/127 | [0]Skull Bash(p100,pp=15,ref=0,sc=50) [1]Surf(p95*STAB,pp=15,ref=0,sc=71.25) [2]Earthquake(p100,pp=6,ref=2,sc=100)
   [play-live]    [engine] STREAM COMMIT: Skull Bash slot 0 (menu_up=1 action=True moves=False)
   [play-live]    [engine] battle-progress: move resolved
   [play-live]    [engine] MATCHUP SWITCH: Lorelei answer holds — fight instead
   [play-live]    [engine] MATCHUP SWITCH: Lorelei answer holds — fight instead
   [play-live]    [engine] JUST FIGHT: L75 vs L51 + connecting damage — skipping bag/switch hierarchy this turn
   [play-live]    [engine] E4 MOVE: Earthquake - E4 wincon — firing the max-damage pick (EQ Gengar is 0x Levitate; Surf Gengar; EQ Arbok; Surf Onix)
   [play-live]    [engine] action menu: Skull Bash -> slot 0 (eff x1) vs cloyster 39/127 | [0]Skull Bash(p100,pp=14,ref=0,sc=50) [1]Surf(p95*STAB,pp=15,ref=0,sc=71.25) [2]Earthquake(p100,pp=6,ref=2,sc=100)
   [play-live]    [engine] STREAM COMMIT: Skull Bash slot 0 (menu_up=1 action=True moves=False)
   [play-live]    [engine] battle-progress: move resolved
   [play-live]    [engine] !! PARTY THRASH #1: open but active ALIVE — B-closing (never A)
   [play-live]    [engine] MATCHUP SWITCH: Lorelei answer holds — fight instead
   [play-live]    [engine] MATCHUP SWITCH: Lorelei answer holds — fight instead
   [play-live]    [engine] JUST FIGHT: L75 vs L54 + connecting damage — skipping bag/switch hierarchy this turn
   [play-live]    [engine] E4 MOVE: Surf - E4 wincon — firing the max-damage pick (EQ Gengar is 0x Levitate; Surf Gengar; EQ Arbok; Surf Onix)
   [play-live]    [engine] action menu: Surf - E4 wincon -> slot 1 (eff x1) vs jynx 150/150 | [0]Skull Bash(p100,pp=13,ref=0,sc=50) [1]Surf(p95*STAB,pp=15,ref=0,sc=142.5) [2]Earthquake(p100,pp=6,ref=0,sc=100)
   [play-live]    [engine] STREAM COMMIT: Surf - E4 wincon slot 1 (menu_up=1 action=True moves=False)
   [play-live]    [engine] battle-progress: move resolved
   [play-live]    [engine] MATCHUP SWITCH: active is out-typed -> trying party slot 3
   [play-live]    [engine] switch: party didn't open via RAM nav — BLIND fallback (B out, DOWN DOWN A)
   [play-live]    [engine] switch: party screen never took focus -> B out (fail-safe)
   [play-live]    [engine] matchup switch did not confirm (fail 1/3) -> retry next turn (fail-safe, no wedge)
   [play-live]    [engine] E4/league: wincon revive offered (Blastoise+EQ / Moltres vs Jynx / Articuno vs dragon; cursor MUST land on 0-HP at use)
   [play-live]    [engine] ITEM-INSTINCT offer: ['use_cure', 'use_revive', 'keep_fighting'] ctx={'hp': '155/229', 'status': 'sleep', 'foe': 'jynx'}
   [play-live]    [engine] ITEM-INSTINCT FORCED -> use_revive (E4 thin-party/wincon; alive=3 fainted=1; oracle bypassed — live Agatha keep_fighting)
   [play-live]    [engine] ITEM-INSTINCT pick -> use_revive (item 24, aim=fainted)
   [play-live]    [engine] use_item walk n=0: party=False bag=True white=False cb2party=False cb2bag=True pcur=None lead=False
   [play-live]    [engine] use_item: slotId=2 want=2 kind=revive lap=0
   [play-live]    [engine] use_item: REFUSE A — orange/slot on row 0 hp=155 (living; live 16:03 Articuno no-effect). DOWN toward 0-HP, no A
   [play-live]    [engine] use_item: REFUSE A on alive slot (wanted fainted row 2, cursor=0 not 0-HP; tried rows [2]) — B out, fight
   [play-live]    [engine] BAG-FAIL LATCH: use_revive item 24 not consumed — species only (no battle-wide potion block)
   [play-live]    [engine] REVIVE-FAIL: first miss (failed) — retry next turn (no battle-wide latch; E4 cursor miss)
   [play-live]    [engine] HEAL-FAIL: item 24 failed — NOT latching species 9 (actuation miss; retry next turn)
   [play-live]    [engine] MUST-LEAVE: active alive but stuck (status/famine/exhausted) -> bench slot 3 (NOT re-picking species 9)
   [play-live]    [engine] switch: target party slot 3 sp=146 -> menu row 3
   [play-live]    [engine] switch: SWITCHED to species 146 (slot 3)
   [play-live]    [engine] battle-progress: must-leave switch
   [play-live]    [engine] MATCHUP SWITCH: Lorelei answer holds — fight instead
   [play-live]    [engine] E4/league: wincon revive offered (Blastoise+EQ / Moltres vs Jynx / Articuno vs dragon; cursor MUST land on 0-HP at use)
   [play-live]    [engine] ITEM-INSTINCT offer: ['use_revive', 'keep_fighting'] ctx={'hp': '90/150', 'status': 'none', 'foe': 'jynx'}
   [play-live]    [engine] ITEM-INSTINCT FORCED -> use_revive (E4 thin-party/wincon; alive=3 fainted=1; oracle bypassed — live Agatha keep_fighting)
   [play-live]    [engine] ITEM-INSTINCT pick -> use_revive (item 24, aim=fainted)
   [play-live]    [engine] use_item: pocket byte MUTE + NO bag/white pixels + callback2 not the bag — bag never opened; keep fighting (LOUD, no blind taps fired)
   [play-live]    [engine] BAG-FAIL LATCH: pocket byte MUTE — bag never opened — species only (no battle-wide potion block)
   [play-live]    [engine] BAG-FAIL LATCH: use_revive item 24 not consumed — species only (no battle-wide potion block)
   [play-live]    [engine] REVIVE-FAIL: miss 2/6 (failed) — retry next turn (no battle-wide latch; E4 cursor miss)
   [play-live]    [engine] HEAL-FAIL: item 24 failed — NOT latching species 146 (actuation miss; retry next turn)
   [play-live]    [engine] MATCHUP SWITCH: Lorelei answer holds — fight instead
   [play-live]    [engine] E4 MOVE: move#53 - E4 wincon — firing the max-damage pick (EQ Gengar is 0x Levitate; Surf Gengar; EQ Arbok; Surf Onix)
   [play-live]    [engine] action menu: move#53 - E4 wincon -> slot 2 (eff x2) vs jynx 57/150 | [0]Agility(p0,pp=30,ref=0,sc=0) [1]move#203(p0,pp=10,ref=0,sc=0) [2]move#53(p95*STAB,pp=15,ref=0,sc=285)
   [play-live]    [engine] STREAM COMMIT: move#53 - E4 wincon slot 2 (menu_up=0 action=False moves=False)
   [play-live]    [engine] turn resolved by IMMOBILIZATION (asleep) — not a dead move; fighting on (futility 1/4)
   [play-live]    [engine] MATCHUP SWITCH: Lorelei answer holds — fight instead
   [play-live]    [engine] E4/league: wincon revive offered (Blastoise+EQ / Moltres vs Jynx / Articuno vs dragon; cursor MUST land on 0-HP at use)
   [play-live]    [engine] ITEM-INSTINCT offer: ['use_cure', 'use_revive', 'keep_fighting'] ctx={'hp': '90/150', 'status': 'sleep', 'foe': 'jynx'}
   [play-live]    [engine] ITEM-INSTINCT FORCED -> use_revive (E4 thin-party/wincon; alive=3 fainted=1; oracle bypassed — live Agatha keep_fighting)
   [play-live]    [engine] ITEM-INSTINCT pick -> use_revive (item 24, aim=fainted)
   [play-live]    [engine] use_item walk n=0: party=False bag=True white=False cb2party=False cb2bag=True pcur=None lead=False
   [play-live]    [engine] use_item: slotId=1 want=2 kind=revive lap=0
   [play-live]    [engine] use_item: slotId=1 want=2 kind=revive lap=1
   [play-live]    [engine] use_item: slotId=1 want=2 kind=revive lap=2
   [play-live]    [engine] use_item: slotId=1 want=2 kind=revive lap=3
   [play-live]    [engine] use_item: slotId=1 want=2 kind=revive lap=4
   [play-live]    [engine] use_item: slotId=1 want=2 kind=revive lap=5
   [play-live]    [engine] use_item: slotId=1 want=2 kind=revive lap=6
   [play-live]    [engine] use_item: slotId=1 want=2 kind=revive lap=7
   [play-live]    [engine] use_item: slotId=1 want=2 kind=revive lap=8
   [play-live]    [engine] use_item: slotId=1 want=2 kind=revive lap=9
   [play-live]    [engine] use_item: slotId=1 want=2 kind=revive lap=10
   [play-live]    [engine] use_item: slotId=1 want=2 kind=revive lap=11
   [play-live]    [engine] use_item: slotId=1 want=2 kind=revive lap=12
   [play-live]    [engine] use_item: slotId=1 want=2 kind=revive lap=13
   [play-live]    [engine] use_item: slotId=1 consume-or-step 0 want=2
   [play-live]    [engine] use_item: slotId=1 consume-or-step 1 want=2
   [play-live]    [engine] use_item: slotId=1 consume-or-step 2 want=2
   [play-live]    [engine] use_item: slotId=1 consume-or-step 3 want=2
   [play-live]    [engine] use_item: slotId=1 consume-or-step 4 want=2
   [play-live]    [engine] use_item: slotId=1 consume-or-step 5 want=2
   [play-live]    [engine] use_item: revive walk missed row 2 (slotId=1) — no A
   [play-live]    [engine] use_item: REFUSE A on alive slot (wanted fainted row 2, cursor=0 not 0-HP; tried rows [2]) — B out, fight
   [play-live]    [engine] BAG-FAIL LATCH: use_revive item 24 not consumed — species only (no battle-wide potion block)
   [play-live]    [engine] REVIVE-FAIL: miss 3/6 (failed) — retry next turn (no battle-wide latch; E4 cursor miss)
   [play-live]    [engine] HEAL-FAIL: item 24 failed — NOT latching species 146 (actuation miss; retry next turn)
   [play-live]    [engine] MUST-LEAVE: ping-pong OVERRIDE 146<->9 — active is sleep, leave the sleeper (live Lorelei Moltres potion-loop)
   [play-live]    [engine] MUST-LEAVE: active alive but stuck (status/famine/exhausted) -> bench slot 2 (NOT re-picking species 146)
   [play-live]    [engine] switch: target party slot 2 sp=9 -> menu row 3
   [play-live]    [engine] switch: SWITCHED to species 9 (slot 2)
   [play-live]    [engine] battle-progress: must-leave switch
   [play-live]    [engine] MATCHUP SWITCH: Lorelei answer holds — fight instead
   [play-live]    [engine] MATCHUP SWITCH: Lorelei answer holds — fight instead
   [play-live]    [engine] E4/league: wincon revive offered (Blastoise+EQ / Moltres vs Jynx / Articuno vs dragon; cursor MUST land on 0-HP at use)
   [play-live]    [engine] ITEM-INSTINCT offer: ['use_cure', 'use_revive', 'keep_fighting'] ctx={'hp': '109/229', 'status': 'sleep', 'foe': 'jynx'}
   [play-live]    [engine] ITEM-INSTINCT FORCED -> use_revive (E4 thin-party/wincon; alive=3 fainted=1; oracle bypassed — live Agatha keep_fighting)
   [play-live]    [engine] ITEM-INSTINCT pick -> use_revive (item 24, aim=fainted)
   [play-live]    [engine] use_item: pocket byte MUTE + NO bag/white pixels + callback2 not the bag — bag never opened; keep fighting (LOUD, no blind taps fired)
   [play-live]    [engine] BAG-FAIL LATCH: pocket byte MUTE — bag never opened — species only (no battle-wide potion block)
   [play-live]    [engine] BAG-FAIL LATCH: use_revive item 24 not consumed — species only (no battle-wide potion block)
   [play-live]    [engine] REVIVE-FAIL: miss 4/6 (failed) — retry next turn (no battle-wide latch; E4 cursor miss)
   [play-live]    [engine] HEAL-FAIL: item 24 failed — NOT latching species 9 (actuation miss; retry next turn)
   [play-live]    [engine] MATCHUP SWITCH: Lorelei answer holds — fight instead
   [play-live]    [engine] E4 MOVE: Surf - E4 wincon — firing the max-damage pick (EQ Gengar is 0x Levitate; Surf Gengar; EQ Arbok; Surf Onix)
   [play-live]    [engine] action menu: Surf - E4 wincon -> slot 1 (eff x1) vs jynx 57/150 | [0]Skull Bash(p100,pp=13,ref=0,sc=50) [1]Surf(p95*STAB,pp=14,ref=0,sc=142.5) [2]Earthquake(p100,pp=6,ref=0,sc=100)
   [play-live]    [engine] STREAM COMMIT: Surf - E4 wincon slot 1 (menu_up=0 action=False moves=False)
   [play-live]    [engine] turn resolved by IMMOBILIZATION (asleep) — not a dead move; fighting on (futility 1/4)
   [play-live]    [engine] MATCHUP SWITCH: Lorelei answer holds — fight instead
   [play-live]    [engine] MATCHUP SWITCH: Lorelei answer holds — fight instead
   [play-live]    [engine] E4/league: wincon revive offered (Blastoise+EQ / Moltres vs Jynx / Articuno vs dragon; cursor MUST land on 0-HP at use)
   [play-live]    [engine] ITEM-INSTINCT offer: ['use_cure', 'use_revive', 'keep_fighting'] ctx={'hp': '91/229', 'status': 'sleep', 'foe': 'jynx'}
   [play-live]    [engine] ITEM-INSTINCT FORCED -> use_revive (E4 thin-party/wincon; alive=3 fainted=1; oracle bypassed — live Agatha keep_fighting)
   [play-live]    [engine] ITEM-INSTINCT pick -> use_revive (item 24, aim=fainted)
   [play-live]    [engine] use_item walk n=0: party=False bag=True white=False cb2party=False cb2bag=True pcur=None lead=False
   [play-live]    [engine] use_item: slotId=2 want=2 kind=revive lap=0
   [play-live]    [engine] use_item: REFUSE A — orange/slot on row 0 hp=91 (living; live 16:03 Articuno no-effect). DOWN toward 0-HP, no A
   [play-live]    [engine] use_item: REFUSE A on alive slot (wanted fainted row 2, cursor=0 not 0-HP; tried rows [2]) — B out, fight
   [play-live]    [engine] BAG-FAIL LATCH: use_revive item 24 not consumed — species only (no battle-wide potion block)
   [play-live]    [engine] REVIVE-FAIL: miss 5/6 (failed) — retry next turn (no battle-wide latch; E4 cursor miss)
   [play-live]    [engine] HEAL-FAIL: item 24 failed — NOT latching species 9 (actuation miss; retry next turn)
   [play-live]    [engine] MATCHUP SWITCH: Lorelei answer holds — fight instead
   [play-live]    [engine] E4 MOVE: Surf - E4 wincon — firing the max-damage pick (EQ Gengar is 0x Levitate; Surf Gengar; EQ Arbok; Surf Onix)
   [play-live]    [engine] action menu: Surf - E4 wincon -> slot 1 (eff x1) vs jynx 57/150 | [0]Skull Bash(p100,pp=13,ref=0,sc=50) [1]Surf(p95*STAB,pp=14,ref=0,sc=142.5) [2]Earthquake(p100,pp=6,ref=0,sc=100)
   [play-live]    [engine] STREAM COMMIT: Surf - E4 wincon slot 1 (menu_up=1 action=True moves=False)
   [play-live]    [engine] battle-progress: move resolved
   [play-live]    [engine] battle-progress: enemy fainted
===== playlive_2026-08-14_16-07-54.log =====
