===== playlive_2026-08-16_22-01-21.log =====
   [travel] start map=(3, 0) coords=(8, 6) -> map (3, 19) (budget 300s, surf-capable)
   [travel] north connection band cols: [12, 13, 24]
   [travel] path blocked at (8, 6) (NPC on the gap?) - waiting
   [travel] no clean path from (8, 6) AND no NPC-allowing path (npcs nearby=[]) - genuine wall/zone gap, will time out
   [travel] !! TRAVEL WEDGE: identical fp x4 retries at (8, 6) map=(3, 0) (reason=no_route) -> returning to roam LOUD (no inner spin)
   [travel] start map=(3, 0) coords=(8, 6) -> map (3, 19) (budget 180s, surf-capable)
   [travel] north connection band cols: [12, 13, 24]
   [travel] path blocked at (8, 6) (NPC on the gap?) - waiting
   [travel] no clean path from (8, 6) AND no NPC-allowing path (npcs nearby=[]) - genuine wall/zone gap, will time out
   [travel] !! TRAVEL WEDGE: identical fp x4 retries at (8, 6) map=(3, 0) (reason=no_route) -> returning to roam LOUD (no inner spin)
   [travel] start map=(3, 0) coords=(8, 6) -> map (3, 39) (budget 180s, surf-capable)
   [travel] south connection band cols: [7, 8, 9, 10, 24]
   [travel] path blocked at (8, 6) (NPC on the gap?) - waiting
   [travel] no clean path from (8, 6) AND no NPC-allowing path (npcs nearby=[]) - genuine wall/zone gap, will time out
   [travel] !! TRAVEL WEDGE: identical fp x4 retries at (8, 6) map=(3, 0) (reason=no_route) -> returning to roam LOUD (no inner spin)
   [travel] start map=(3, 0) coords=(8, 6) -> map (3, 19) (budget 180s, surf-capable)
   [travel] north connection band cols: [12, 13, 24]
   [travel] path blocked at (8, 6) (NPC on the gap?) - waiting
   [travel] no clean path from (8, 6) AND no NPC-allowing path (npcs nearby=[]) - genuine wall/zone gap, will time out
   [travel] !! TRAVEL WEDGE: identical fp x4 retries at (8, 6) map=(3, 0) (reason=no_route) -> returning to roam LOUD (no inner spin)
   [travel] start map=(3, 0) coords=(8, 6) -> map (3, 39) (budget 180s, surf-capable)
   [travel] south connection band cols: [7, 8, 9, 10, 24]
   [travel] path blocked at (8, 6) (NPC on the gap?) - waiting
   [travel] no clean path from (8, 6) AND no NPC-allowing path (npcs nearby=[]) - genuine wall/zone gap, will time out
   [travel] !! TRAVEL WEDGE: identical fp x4 retries at (8, 6) map=(3, 0) (reason=no_route) -> returning to roam LOUD (no inner spin)
   [travel] start map=(3, 0) coords=(8, 6) -> map (3, 19) (budget 180s, surf-capable)
   [travel] north connection band cols: [12, 13, 24]
   [travel] path blocked at (8, 6) (NPC on the gap?) - waiting
   [travel] no clean path from (8, 6) AND no NPC-allowing path (npcs nearby=[]) - genuine wall/zone gap, will time out
   [travel] !! TRAVEL WEDGE: identical fp x4 retries at (8, 6) map=(3, 0) (reason=no_route) -> returning to roam LOUD (no inner spin)
   [travel] start map=(3, 0) coords=(8, 6) -> map (3, 39) (budget 180s, surf-capable)
   [travel] south connection band cols: [7, 8, 9, 10, 24]
   [travel] path blocked at (8, 6) (NPC on the gap?) - waiting
   [travel] no clean path from (8, 6) AND no NPC-allowing path (npcs nearby=[]) - genuine wall/zone gap, will time out
   [travel] !! TRAVEL WEDGE: identical fp x4 retries at (8, 6) map=(3, 0) (reason=no_route) -> returning to roam LOUD (no inner spin)
===== playlive_2026-08-16_21-55-27.log =====
   [travel] start map=(3, 0) coords=(8, 6) -> map (3, 19) (budget 300s, surf-capable)
   [travel] north connection band cols: [12, 13, 24]
   [travel] path blocked at (8, 6) (NPC on the gap?) - waiting
   [travel] no clean path from (8, 6) AND no NPC-allowing path (npcs nearby=[]) - genuine wall/zone gap, will time out
   [travel] !! TRAVEL WEDGE: identical fp x4 retries at (8, 6) map=(3, 0) (reason=no_route) -> returning to roam LOUD (no inner spin)
   [travel] start map=(3, 0) coords=(8, 6) -> map (3, 19) (budget 180s, surf-capable)
   [travel] north connection band cols: [12, 13, 24]
   [travel] path blocked at (8, 6) (NPC on the gap?) - waiting
   [travel] no clean path from (8, 6) AND no NPC-allowing path (npcs nearby=[]) - genuine wall/zone gap, will time out
   [travel] !! TRAVEL WEDGE: identical fp x4 retries at (8, 6) map=(3, 0) (reason=no_route) -> returning to roam LOUD (no inner spin)
   [travel] start map=(3, 0) coords=(8, 6) -> map (3, 39) (budget 180s, surf-capable)
   [travel] south connection band cols: [7, 8, 9, 10, 24]
   [travel] path blocked at (8, 6) (NPC on the gap?) - waiting
   [travel] no clean path from (8, 6) AND no NPC-allowing path (npcs nearby=[]) - genuine wall/zone gap, will time out
   [travel] !! TRAVEL WEDGE: identical fp x4 retries at (8, 6) map=(3, 0) (reason=no_route) -> returning to roam LOUD (no inner spin)
   [travel] start map=(3, 0) coords=(8, 6) -> map (3, 19) (budget 180s, surf-capable)
   [travel] north connection band cols: [12, 13, 24]
   [travel] path blocked at (8, 6) (NPC on the gap?) - waiting
   [travel] no clean path from (8, 6) AND no NPC-allowing path (npcs nearby=[]) - genuine wall/zone gap, will time out
   [travel] !! TRAVEL WEDGE: identical fp x4 retries at (8, 6) map=(3, 0) (reason=no_route) -> returning to roam LOUD (no inner spin)
   [travel] start map=(3, 0) coords=(8, 6) -> map (3, 39) (budget 180s, surf-capable)
   [travel] south connection band cols: [7, 8, 9, 10, 24]
   [travel] path blocked at (8, 6) (NPC on the gap?) - waiting
   [travel] no clean path from (8, 6) AND no NPC-allowing path (npcs nearby=[]) - genuine wall/zone gap, will time out
   [travel] !! TRAVEL WEDGE: identical fp x4 retries at (8, 6) map=(3, 0) (reason=no_route) -> returning to roam LOUD (no inner spin)
   [travel] start map=(3, 0) coords=(8, 6) -> map (3, 19) (budget 180s, surf-capable)
   [travel] north connection band cols: [12, 13, 24]
   [travel] path blocked at (8, 6) (NPC on the gap?) - waiting
   [travel] no clean path from (8, 6) AND no NPC-allowing path (npcs nearby=[]) - genuine wall/zone gap, will time out
   [travel] !! TRAVEL WEDGE: identical fp x4 retries at (8, 6) map=(3, 0) (reason=no_route) -> returning to roam LOUD (no inner spin)
   [travel] start map=(3, 0) coords=(8, 6) -> map (3, 39) (budget 180s, surf-capable)
   [travel] south connection band cols: [7, 8, 9, 10, 24]
   [travel] path blocked at (8, 6) (NPC on the gap?) - waiting
   [travel] no clean path from (8, 6) AND no NPC-allowing path (npcs nearby=[]) - genuine wall/zone gap, will time out
   [travel] !! TRAVEL WEDGE: identical fp x4 retries at (8, 6) map=(3, 0) (reason=no_route) -> returning to roam LOUD (no inner spin)
   [travel] start map=(3, 0) coords=(8, 6) -> map (3, 19) (budget 300s, surf-capable)
   [travel] north connection band cols: [12, 13, 24]
   [travel] path blocked at (8, 6) (NPC on the gap?) - waiting
   [travel] no clean path from (8, 6) AND no NPC-allowing path (npcs nearby=[]) - genuine wall/zone gap, will time out
