===== playlive_2026-08-11_17-25-35.log =====
   [travel] start map=(3, 25) coords=(15, 10) -> map (3, 6) (budget 300s, surf-capable)
   [travel] west connection band rows: [2, 3, 4, 5]
===== playlive_2026-08-11_17-24-35.log =====
   [travel] start map=(3, 25) coords=(15, 10) -> map (3, 6) (budget 300s, surf-capable)
   [travel] west connection band rows: [2, 3, 4, 5]
   [travel] step 0: (15, 10)->(15, 9) map=(3, 25) (path 21 to exit)
   [travel] step 10: (7, 8)->(7, 7) map=(3, 25) (path 11 to exit)
   [travel] MAP TRANSITION (3, 25) -> (3, 6)
   [travel] west connection band rows: [0, 1, 2, 3, 4, 5, 6, 7, 8, 9, 22, 23, 24, 30, 31, 32, 33, 34, 35, 36, 37, 38, 39]
   [travel] ARRIVED at target map (3, 6) coords=(59, 15)
   [travel] start map=(3, 6) coords=(59, 15) -> map (3, 34) (budget 300s, surf-capable)
   [travel] west connection band rows: [0, 1, 2, 3, 4, 5, 6, 7, 8, 9, 22, 23, 24, 30, 31, 32, 33, 34, 35, 36, 37, 38, 39]
   [travel] step 0: (59, 15)->(58, 15) map=(3, 6) (path 67 to exit)
   [travel] step 10: (49, 15)->(48, 15) map=(3, 6) (path 57 to exit)
   [travel] step 20: (39, 15)->(38, 15) map=(3, 6) (path 47 to exit)
   [travel] step 30: (30, 16)->(29, 16) map=(3, 6) (path 37 to exit)
   [travel] HEARTBEAT step=40 map=(3, 6) coords=(21, 17) elapsed=5s
   [travel] step 40: (21, 17)->(21, 18) map=(3, 6) (path 27 to exit)
   [travel] step 50: (16, 22)->(15, 22) map=(3, 6) (path 17 to exit)
   [travel] step 60: (6, 22)->(5, 22) map=(3, 6) (path 7 to exit)
   [travel] MAP TRANSITION (3, 6) -> (3, 34)
   [travel] west connection band rows: [0, 1, 2, 3, 4, 5, 6, 7, 8, 9, 10, 11, 12, 13, 14, 15, 16, 17, 18, 19]
   [travel] ARRIVED at target map (3, 34) coords=(47, 12)
   [travel] start map=(3, 34) coords=(47, 12) -> map (3, 35) (budget 300s, surf-capable)
   [travel] south connection band cols: [0, 2, 3, 4, 5, 6, 7, 8, 9, 10, 11, 12, 13, 14, 24, 25, 26, 27, 28, 29, 30, 31, 32, 33, 34, 35, 36, 37, 38, 39, 40, 41, 42, 43, 44, 45, 46, 47]
   [travel] path blocked at (47, 12) (NPC on the gap?) - waiting
   [travel] no clean path from (47, 12) AND no NPC-allowing path (npcs nearby=[(41, 11), (57, 20)]) - genuine wall/zone gap, will time out
   [travel] !! TRAVEL WEDGE: identical fp x4 retries at (47, 12) map=(3, 34) (reason=no_route) -> returning to roam LOUD (no inner spin)
   [travel] start map=(3, 34) coords=(47, 12) -> coord (27, 14) (budget 240s, surf-capable)
   [travel] step 0: (47, 12)->(47, 13) map=(3, 34) (path 23 to exit)
   [travel] step 10: (38, 13)->(37, 13) map=(3, 34) (path 13 to exit)
   [travel] step 20: (29, 14)->(28, 14) map=(3, 34) (path 3 to exit)
   [travel] reached target coord (27, 14)
   [travel] start map=(3, 34) coords=(27, 11) -> coord (28, 13) (budget 60s, surf-capable)
   [travel] step 0: (27, 11)->(27, 12) map=(3, 34) (path 4 to exit)
   [travel] reached target coord (28, 13)
   [travel] start map=(25, 1) coords=(11, 12) -> coord (1, 3) (budget 110s, surf-capable)
   [travel] path blocked at (11, 12) (NPC on the gap?) - waiting
   [travel] no clean path from (11, 12) AND no NPC-allowing path (npcs nearby=[(6, 8)]) - genuine wall/zone gap, will time out
   [travel] !! TRAVEL WEDGE: identical fp x4 retries at (11, 12) map=(25, 1) (reason=no_route) -> returning to roam LOUD (no inner spin)
   [travel] start map=(25, 1) coords=(11, 12) -> coord (1, 12) (budget 110s, surf-capable)
   [travel] step 0: (11, 12)->(10, 12) map=(25, 1) (path 11 to exit)
   [travel] path blocked at (6, 10) (NPC on the gap?) - waiting
   [travel] no clean path from (6, 10); NPC-allowing path EXISTS (len 8), blocker NPC tile=None, npcs nearby=[(6, 8), (8, 4)] -> approaching to interact/trigger
   [travel] path blocked at (6, 10) (NPC on the gap?) - waiting
   [travel] !! WATCHDOG disengage requested — bailing this leg LOUD
   [travel] start map=(25, 1) coords=(6, 10) -> coord (2, 12) (budget 60s, surf-capable)
   [travel] !! WATCHDOG disengage requested — bailing this leg LOUD
   [travel] start map=(25, 1) coords=(6, 10) -> coord (1, 13) (budget 45s, surf-capable)
