resume_marathon 20260805_152943  (repo: G:\JonnyD\NeuroAI_Bot)
== stopping any running Kira python processes ==
== git pull ==
From https://github.com/JonathanDunkleberger/Kira_AI
   3111abb..83b2c5f  main       -> origin/main
Updating 3111abb..83b2c5f
Fast-forward
 pokemon_agent/campaign.py              |  71 +++++++++++++++-
 pokemon_agent/firered_ram.py           |  27 +++++-
 pokemon_agent/giovanni_gym.py          |  13 +--
 pokemon_agent/hm_teach.py              |  12 ++-
 pokemon_agent/recon_fieldheal_check.py | 150 ++++++++++++++++++++++++++++++++-
 5 files changed, 260 insertions(+), 13 deletions(-)

running commit: 83b2c5f THE START-MENU BLIND SPOT (Mt. Ember #2): a menu that lives UNDER the overworld callback
== crash forensics ==
== logs\debug listing (newest 25) ==

Name                            LastWriteTime        Length
----                            -------------        ------
console_2026-08-05_15-13-57.log 8/5/2026 3:29:42 PM  150141
latest.log                      8/5/2026 3:29:42 PM  150141
playlive_faulthandler.log       8/5/2026 3:14:55 PM   13200
console_2026-08-05_14-51-55.log 8/5/2026 3:13:31 PM  203722
console_2026-08-05_14-09-27.log 8/5/2026 2:51:38 PM  347186
console_2026-08-05_13-48-19.log 8/5/2026 1:53:26 PM   31913
console_2026-08-05_08-42-46.log 8/5/2026 8:50:49 AM   60094
console_2026-08-05_08-03-26.log 8/5/2026 8:42:30 AM  373891
console_2026-08-05_07-29-26.log 8/5/2026 8:03:10 AM  264038
console_2026-08-04_16-19-50.log 8/4/2026 4:34:49 PM  122436
console_2026-08-04_15-30-27.log 8/4/2026 4:18:25 PM  410948
console_2026-08-04_14-15-08.log 8/4/2026 3:05:28 PM  389079
console_2026-08-04_13-43-19.log 8/4/2026 2:14:53 PM  274638
console_2026-08-04_12-24-55.log 8/4/2026 1:20:29 PM  470539
console_2026-08-04_11-52-25.log 8/4/2026 12:23:47 PM 280913
console_2026-08-04_10-58-46.log 8/4/2026 11:25:17 AM 249879
console_2026-08-04_10-22-30.log 8/4/2026 10:58:38 AM 327196
console_2026-08-04_09-50-32.log 8/4/2026 10:01:00 AM 102883
console_2026-08-04_09-31-15.log 8/4/2026 9:37:48 AM   46360
console_2026-08-03_15-06-13.log 8/3/2026 3:12:54 PM   63966
console_2026-08-03_14-54-26.log 8/3/2026 3:01:54 PM   74874
console_2026-08-03_14-01-12.log 8/3/2026 2:38:47 PM  494579
console_2026-08-03_12-20-20.log 8/3/2026 1:09:04 PM  438163
console_2026-08-03_11-56-42.log 8/3/2026 12:05:34 PM  81449
console_2026-08-03_11-39-15.log 8/3/2026 11:45:12 AM  37872



tailed newest debug log: console_2026-08-05_15-13-57.log
tailed supervisor log: playlive_2026-08-05_15-14-55.log
tailed supervisor log: playlive_2026-08-05_14-52-51.log
extracted engine forensics -> engine_tail.log
== sandbox inventory (G:\temp\kira_watch) ==
[1] G:\temp\kira_watch\sandbox_canonical_20260728_125926
    last activity: 07/28/2026 13:14:40
    badges=8 party=[venusaur L95, persian L39, fearow L37, raticate L31, ekans L17, lapras L27] place=Route 2 played=15min timeline=sherpa
[2] G:\temp\kira_watch\sandbox_canonical_20260728_125602
    last activity: 07/28/2026 12:57:41
    badges=8 party=[venusaur L95, persian L39, fearow L37, raticate L31, ekans L17, lapras L27] place=Route 1 played=2min timeline=sherpa
== canonical campaign ==
    last activity: 08/05/2026 15:16:50
    badges=8 party=[blastoise L63, lapras L25, fearow L38] place=an unfamiliar area played=1877min timeline=sherpa
== campaign snapshot inventory (*.state, newest first) ==

Name                             LastWriteTime         Length
----                             -------------         ------
kira_campaign.state              8/5/2026 3:16:37 PM   397312
replaced_20260805_134812.state   8/5/2026 8:50:35 AM   397312
pre_reload_20260805_085035.state 8/5/2026 8:50:35 AM   397312
replaced_20260805_084238.state   8/5/2026 8:13:33 AM   397312
pre_reload_20260805_081112.state 8/5/2026 8:11:12 AM   397312
pre_reload_20260805_074212.state 8/5/2026 7:42:12 AM   397312
pre_reload_20260804_162616.state 8/4/2026 4:26:16 PM   397312
pre_reload_20260804_140403.state 8/4/2026 2:04:03 PM   397312
pre_reload_20260804_140101.state 8/4/2026 2:01:01 PM   397312
pre_reload_20260804_132021.state 8/4/2026 1:20:21 PM   397312
pre_reload_20260804_131930.state 8/4/2026 1:19:30 PM   397312
pre_reload_20260804_131837.state 8/4/2026 1:18:37 PM   397312
pre_reload_20260804_131745.state 8/4/2026 1:17:45 PM   397312
pre_reload_20260804_131643.state 8/4/2026 1:16:43 PM   397312
pre_reload_20260804_131541.state 8/4/2026 1:15:41 PM   397312
replaced_20260803_072753.state   8/3/2026 7:14:40 AM   397312
replaced_20260802_215912.state   8/2/2026 9:52:47 PM   397312
replaced_20260802_213836.state   8/2/2026 9:32:48 PM   397312
replaced_20260802_213131.state   8/2/2026 9:29:05 PM   397312
pre_reload_20260802_173711.state 8/2/2026 5:37:11 PM   397312
pre_reload_20260802_173631.state 8/2/2026 5:36:31 PM   397312
replaced_20260802_173159.state   8/2/2026 5:23:12 PM   397312
pre_deepwedge_1785713328.state   8/2/2026 4:28:48 PM   397312
pre_reload_20260802_162848.state 8/2/2026 4:28:48 PM   397312
pre_reload_20260802_162556.state 8/2/2026 4:25:56 PM   397312
pre_deepwedge_1785712958.state   8/2/2026 4:22:38 PM   397312
pre_reload_20260802_162238.state 8/2/2026 4:22:38 PM   397312
pre_deepwedge_1785712770.state   8/2/2026 4:19:30 PM   397312
pre_reload_20260802_161930.state 8/2/2026 4:19:30 PM   397312
pre_deepwedge_1785712576.state   8/2/2026 4:16:16 PM   397312
pre_reload_20260802_161616.state 8/2/2026 4:16:16 PM   397312
replaced_20260802_153012.state   8/2/2026 3:29:02 PM   397312
replaced_20260802_152319.state   8/2/2026 3:21:55 PM   397312
replaced_20260802_145517.state   8/2/2026 2:51:12 PM   397312
replaced_20260802_144820.state   8/2/2026 2:40:19 PM   397312
replaced_20260802_142627.state   8/2/2026 2:20:36 PM   397312
pre_reload_20260802_141953.state 8/2/2026 2:19:53 PM   397312
pre_reload_20260802_141927.state 8/2/2026 2:19:27 PM   397312
pre_deepwedge_1785705308.state   8/2/2026 2:15:08 PM   397312
pre_reload_20260802_141425.state 8/2/2026 2:14:25 PM   397312
pre_reload_20260802_141403.state 8/2/2026 2:14:03 PM   397312
replaced_20260802_134813.state   8/2/2026 1:45:22 PM   397312
pre_reload_20260801_054735.state 8/1/2026 5:47:35 AM   397312
pre_reload_20260731_152047.state 7/31/2026 3:20:47 PM  397312
pre_reload_20260731_151952.state 7/31/2026 3:19:52 PM  397312
pre_reload_20260730_131347.state 7/30/2026 1:13:47 PM  397312
pre_reload_20260730_115901.state 7/30/2026 11:59:01 AM 397312
pre_reload_20260730_102123.state 7/30/2026 10:21:23 AM 397312
pre_reload_20260730_102031.state 7/30/2026 10:20:31 AM 397312
pre_reload_20260730_101940.state 7/30/2026 10:19:40 AM 397312
pre_reload_20260730_101849.state 7/30/2026 10:18:49 AM 397312
pre_reload_20260730_100344.state 7/30/2026 10:03:44 AM 397312
pre_reload_20260730_100252.state 7/30/2026 10:02:52 AM 397312
pre_reload_20260730_100201.state 7/30/2026 10:02:01 AM 397312
pre_reload_20260730_100110.state 7/30/2026 10:01:10 AM 397312
pre_reload_20260730_100018.state 7/30/2026 10:00:18 AM 397312
replaced_20260730_094739.state   7/30/2026 9:40:24 AM  397312
pre_reload_20260730_091004.state 7/30/2026 9:10:04 AM  397312
pre_reload_20260729_141617.state 7/29/2026 2:16:17 PM  397312
pre_reload_20260729_101235.state 7/29/2026 10:12:35 AM 397312



== showtime segment checkpoints (states\kira\*.state, newest first) ==

Name                             LastWriteTime        Length
----                             -------------        ------
seg_cascade_badge.progress.state 7/28/2026 3:25:01 PM 397312
seg_cerulean.state               7/28/2026 3:25:00 PM 397312
seg_route3_caught.state          7/28/2026 3:02:47 PM 397312
seg_route3_entered.state         7/28/2026 2:56:29 PM 397312
seg_boulder_badge.state          7/28/2026 2:55:43 PM 397312
seg_opening.state                7/28/2026 2:02:29 PM 397312



== auto-checkpoint inventory (newest 20) ==

Name                                                       LastWriteTime      
----                                                       -------------      
20260805_151457_an-unfamiliar-area_8b_31h15m_roam-start    8/5/2026 3:14:57 PM
20260805_145529_an-unfamiliar-area_8b_31h14m_periodic      8/5/2026 2:55:29 PM
20260805_145253_an-unfamiliar-area_8b_31h11m_roam-start    8/5/2026 2:52:53 PM
20260805_143035_an-unfamiliar-area_8b_31h08m_fight-won     8/5/2026 2:30:35 PM
20260805_142738_an-unfamiliar-area_8b_31h05m_fight-won     8/5/2026 2:27:38 PM
20260805_142441_an-unfamiliar-area_8b_31h02m_fight-won     8/5/2026 2:24:41 PM
20260805_142328_an-unfamiliar-area_8b_31h01m_fight-won     8/5/2026 2:23:28 PM
20260805_142224_an-unfamiliar-area_8b_31h00m_fight-won     8/5/2026 2:22:24 PM
20260805_142043_an-unfamiliar-area_8b_30h58m_fight-won     8/5/2026 2:20:43 PM
20260805_141922_an-unfamiliar-area_8b_30h57m_fight-won     8/5/2026 2:19:22 PM
20260805_141725_an-unfamiliar-area_8b_30h55m_fight-won     8/5/2026 2:17:25 PM
20260805_141330_an-unfamiliar-area_8b_30h51m_fight-won     8/5/2026 2:13:30 PM
20260805_141022_an-unfamiliar-area_8b_30h48m_roam-start    8/5/2026 2:10:22 PM
20260805_135050_an-unfamiliar-area_8b_30h45m_gain-new-area 8/5/2026 1:50:50 PM
20260805_134945_an-unfamiliar-area_8b_30h44m_roam-start    8/5/2026 1:49:45 PM
20260805_085035_cinnabar-island_8b_30h44m_gain-new-area    8/5/2026 8:50:36 AM
20260805_085019_an-unfamiliar-area_8b_30h44m_periodic      8/5/2026 8:50:19 AM
20260805_084818_an-unfamiliar-area_8b_30h42m_gain-new-area 8/5/2026 8:48:18 AM
20260805_084338_cinnabar-island_8b_30h37m_roam-start       8/5/2026 8:43:38 AM
20260805_081333_route-1_8b_30h36m_gain-new-area            8/5/2026 8:13:33 AM



== campaign dir + backups ==

FullName                                                                                                                             LastWriteTime        
--------                                                                                                                             -------------        
G:\JonnyD\NeuroAI_Bot\pokemon_agent\states\archive                                                                                   6/26/2026 4:11:48 PM 
G:\JonnyD\NeuroAI_Bot\pokemon_agent\states\campaign                                                                                  8/5/2026 3:16:50 PM  
G:\JonnyD\NeuroAI_Bot\pokemon_agent\states\campaign_archived_20260729_095423                                                         7/29/2026 9:04:20 AM 
G:\JonnyD\NeuroAI_Bot\pokemon_agent\states\kira                                                                                      8/5/2026 2:40:59 PM  
G:\JonnyD\NeuroAI_Bot\pokemon_agent\states\staging_showtime_20260729_095427                                                          7/29/2026 9:54:27 AM 
G:\JonnyD\NeuroAI_Bot\pokemon_agent\states\workshop                                                                                  7/15/2026 12:12:19 PM
G:\JonnyD\NeuroAI_Bot\pokemon_agent\states\campaign\checkpoints                                                                      8/5/2026 3:14:57 PM  
G:\JonnyD\NeuroAI_Bot\pokemon_agent\states\campaign\pre_marathon_rescue_20260729_095423_backup_20260729_095427                       7/29/2026 9:54:27 AM 
G:\JonnyD\NeuroAI_Bot\pokemon_agent\states\campaign_archived_20260729_095423\badge3_bank_20260706_212559                             7/6/2026 9:24:06 PM  
G:\JonnyD\NeuroAI_Bot\pokemon_agent\states\campaign_archived_20260729_095423\checkpoints                                             7/29/2026 8:59:40 AM 
G:\JonnyD\NeuroAI_Bot\pokemon_agent\states\campaign_archived_20260729_095423\hm01_bank_20260706_203730                               7/6/2026 8:32:47 PM  
G:\JonnyD\NeuroAI_Bot\pokemon_agent\states\campaign_archived_20260729_095423\pre_badge3_backup_20260706_212610                       7/6/2026 9:26:10 PM  
G:\JonnyD\NeuroAI_Bot\pokemon_agent\states\campaign_archived_20260729_095423\pre_blaine_badge7_backup_20260707_130328                7/7/2026 1:03:28 PM  
G:\JonnyD\NeuroAI_Bot\pokemon_agent\states\campaign_archived_20260729_095423\pre_celadon_reach_backup_20260707_005144                7/7/2026 12:51:44 AM 
G:\JonnyD\NeuroAI_Bot\pokemon_agent\states\campaign_archived_20260729_095423\pre_cinnabar_reach_backup_20260707_121633               7/7/2026 12:16:33 PM 
G:\JonnyD\NeuroAI_Bot\pokemon_agent\states\campaign_archived_20260729_095423\pre_dex10_backup_20260706_231721                        7/6/2026 11:17:21 PM 
G:\JonnyD\NeuroAI_Bot\pokemon_agent\states\campaign_archived_20260729_095423\pre_dex11_mankey_backup_20260706_235322                 7/6/2026 11:53:22 PM 
G:\JonnyD\NeuroAI_Bot\pokemon_agent\states\campaign_archived_20260729_095423\pre_erika_badge4_backup_20260707_014247                 7/7/2026 1:42:47 AM  
G:\JonnyD\NeuroAI_Bot\pokemon_agent\states\campaign_archived_20260729_095423\pre_fuchsia_reach_backup_20260707_045518                7/7/2026 4:55:18 AM  
G:\JonnyD\NeuroAI_Bot\pokemon_agent\states\campaign_archived_20260729_095423\pre_fuchsia_south_backup_20260707_084122                7/7/2026 8:41:22 AM  
G:\JonnyD\NeuroAI_Bot\pokemon_agent\states\campaign_archived_20260729_095423\pre_giovanni_badge8_backup_20260707_131428              7/7/2026 1:14:28 PM  
G:\JonnyD\NeuroAI_Bot\pokemon_agent\states\campaign_archived_20260729_095423\pre_hall_of_fame_backup_20260707_200544                 7/7/2026 8:05:44 PM  
G:\JonnyD\NeuroAI_Bot\pokemon_agent\states\campaign_archived_20260729_095423\pre_hm01_backup_20260706_203744                         7/6/2026 8:37:44 PM  
G:\JonnyD\NeuroAI_Bot\pokemon_agent\states\campaign_archived_20260729_095423\pre_hm05_flash_backup_20260707_001448                   7/7/2026 12:14:48 AM 
G:\JonnyD\NeuroAI_Bot\pokemon_agent\states\campaign_archived_20260729_095423\pre_indigo_reach_backup_20260707_154528                 7/7/2026 3:45:28 PM  
G:\JonnyD\NeuroAI_Bot\pokemon_agent\states\campaign_archived_20260729_095423\pre_koga_badge5_backup_20260707_050954                  7/7/2026 5:09:54 AM  
G:\JonnyD\NeuroAI_Bot\pokemon_agent\states\campaign_archived_20260729_095423\pre_lapras_party_backup_20260707_083659                 7/7/2026 8:36:59 AM  
G:\JonnyD\NeuroAI_Bot\pokemon_agent\states\campaign_archived_20260729_095423\pre_pcbox_spearow_backup_20260706_232812                7/6/2026 11:28:12 PM 
G:\JonnyD\NeuroAI_Bot\pokemon_agent\states\campaign_archived_20260729_095423\pre_poke_flute_backup_20260707_042213                   7/7/2026 4:22:13 AM  
G:\JonnyD\NeuroAI_Bot\pokemon_agent\states\campaign_archived_20260729_095423\pre_postgame_backup_20260708_003254                     7/8/2026 12:32:54 AM 
G:\JonnyD\NeuroAI_Bot\pokemon_agent\states\campaign_archived_20260729_095423\pre_rocktunnel_lavender_backup_20260707_002712          7/7/2026 12:27:12 AM 
G:\JonnyD\NeuroAI_Bot\pokemon_agent\states\campaign_archived_20260729_095423\pre_route10_reach_backup_20260706_230609                7/6/2026 11:06:09 PM 
G:\JonnyD\NeuroAI_Bot\pokemon_agent\states\campaign_archived_20260729_095423\pre_route12_snorlax_backup_20260707_042553              7/7/2026 4:25:53 AM  
G:\JonnyD\NeuroAI_Bot\pokemon_agent\states\campaign_archived_20260729_095423\pre_route5_backup_20260706_072125                       7/6/2026 7:21:25 AM  
G:\JonnyD\NeuroAI_Bot\pokemon_agent\states\campaign_archived_20260729_095423\pre_sabrina_badge6_backup_20260707_082745               7/7/2026 8:27:45 AM  
G:\JonnyD\NeuroAI_Bot\pokemon_agent\states\campaign_archived_20260729_095423\pre_safari_hms_backup_20260707_101928                   7/7/2026 10:19:28 AM 
G:\JonnyD\NeuroAI_Bot\pokemon_agent\states\campaign_archived_20260729_095423\pre_saffron_reach_backup_20260707_060438                7/7/2026 6:04:38 AM  
G:\JonnyD\NeuroAI_Bot\pokemon_agent\states\campaign_archived_20260729_095423\pre_secret_key_backup_20260707_123848                   7/7/2026 12:38:48 PM 
G:\JonnyD\NeuroAI_Bot\pokemon_agent\states\campaign_archived_20260729_095423\pre_silph_cleared_backup_20260707_075833                7/7/2026 7:58:33 AM  
G:\JonnyD\NeuroAI_Bot\pokemon_agent\states\campaign_archived_20260729_095423\pre_silph_scope_backup_20260707_034948                  7/7/2026 3:49:48 AM  
G:\JonnyD\NeuroAI_Bot\pokemon_agent\states\campaign_archived_20260729_095423\pre_silph_scope_out_backup_20260707_035722              7/7/2026 3:57:22 AM  
G:\JonnyD\NeuroAI_Bot\pokemon_agent\states\campaign_archived_20260729_095423\pre_snorlax_woken_backup_20260707_043049                7/7/2026 4:30:49 AM  
G:\JonnyD\NeuroAI_Bot\pokemon_agent\states\campaign_archived_20260729_095423\pre_squad31_backup_20260706_180600                      7/6/2026 6:06:00 PM  
G:\JonnyD\NeuroAI_Bot\pokemon_agent\states\campaign_archived_20260729_095423\pre_squad_backup_20260706_162755                        7/6/2026 4:27:55 PM  
G:\JonnyD\NeuroAI_Bot\pokemon_agent\states\campaign_archived_20260729_095423\pre_surf_taught_backup_20260707_102403                  7/7/2026 10:24:03 AM 
G:\JonnyD\NeuroAI_Bot\pokemon_agent\states\campaign_archived_20260729_095423\pre_tea_banked_backup_20260707_055824                   7/7/2026 5:58:24 AM  
G:\JonnyD\NeuroAI_Bot\pokemon_agent\states\campaign_archived_20260729_095423\pre_ticket_backup_20260705_233354                       7/5/2026 11:33:54 PM 
G:\JonnyD\NeuroAI_Bot\pokemon_agent\states\campaign_archived_20260729_095423\pre_tm43_secret_power_backup_20260707_025255            7/7/2026 2:52:55 AM  
G:\JonnyD\NeuroAI_Bot\pokemon_agent\states\campaign_archived_20260729_095423\pre_vermilion_backup_20260706_152434                    7/6/2026 3:24:34 PM  
G:\JonnyD\NeuroAI_Bot\pokemon_agent\states\campaign_archived_20260729_095423\pre_watch_rescue_20260729_085809_backup_20260729_085810 7/29/2026 8:58:11 AM 
G:\JonnyD\NeuroAI_Bot\pokemon_agent\states\kira\archive_20260708_191540                                                              7/8/2026 7:15:40 PM  
G:\JonnyD\NeuroAI_Bot\pokemon_agent\states\kira\archive_20260708_201300                                                              7/8/2026 8:13:00 PM  
G:\JonnyD\NeuroAI_Bot\pokemon_agent\states\kira\archive_20260708_204856                                                              7/8/2026 8:48:56 PM  
G:\JonnyD\NeuroAI_Bot\pokemon_agent\states\kira\archive_20260708_223401                                                              7/8/2026 10:34:01 PM 
G:\JonnyD\NeuroAI_Bot\pokemon_agent\states\kira\archive_20260709_114958                                                              7/9/2026 11:49:58 AM 
G:\JonnyD\NeuroAI_Bot\pokemon_agent\states\kira\archive_20260728_135539                                                              7/28/2026 1:55:39 PM 



>> no PROMOTE_TARGET.txt -- defaulting to CANONICAL launch (canonical save as-is).
== push soak report (this can take ~30s; console stays quiet on purpose) ==
== push soak report ==
