===== playlive_2026-08-05_17-55-48.log =====
   [play-live]    [engine] re-entry: foe is already DOWN — draining the faint/switch chain
   [play-live]    [engine] WILD CATCH DIVERT (legendary) — moltres: weaken+balls, never KO
   [play-live]    [engine] switch: party didn't open via RAM nav — BLIND fallback (B out, DOWN DOWN A)
   [play-live]    [engine] switch: target party slot 2 sp=22 -> menu row 2
   [play-live]    [engine] switch: SWITCHED to species 22 (slot 2)
   [play-live]    [engine] battle-progress: our mon fainted
   [play-live]    [engine] !! throw_ball: couldn't reach the Poké Balls pocket — aborting LOUDLY
   [play-live]    [engine] throw_ball: aiming row 1 = item 2 (ultra ball, pref=best)
   [play-live]    [engine] re-entry: foe is already DOWN — draining the faint/switch chain
   [play-live]    [engine] WILD CATCH DIVERT (legendary) — moltres: weaken+balls, never KO
===== playlive_2026-08-05_17-40-57.log =====
   [play-live]    [engine] re-entry: foe is already DOWN — draining the faint/switch chain
   [play-live]    [engine] WILD CATCH DIVERT (legendary) — moltres: weaken+balls, never KO
   [play-live]    [engine] throw_ball: aiming row 1 = item 2 (ultra ball, pref=best)
   [play-live]    [engine] throw_ball: aiming row 1 = item 2 (ultra ball, pref=best)
   [play-live]    [engine] throw_ball: aiming row 1 = item 2 (ultra ball, pref=best)
   [play-live]    [engine] throw_ball: aiming row 1 = item 2 (ultra ball, pref=best)
   [play-live]    [engine] throw_ball: aiming row 1 = item 2 (ultra ball, pref=best)
   [play-live]    [engine] catch no_balls — FLEEING (protect catch target from KO)
