   [campaign]    [hunt] war-chest buy done — +0 Ultra(s), pocket now 5/50

   [campaign] !! [hunt] ULTRA WAR-CHEST FAILED (Three Island Mart bought nothing) — fail 1/2; pocket 5<20 — STAYING on the ferry (never engage this thin) (LOUD)

   [campaign]    [hunt] !!!! ULTRA WAR-CHEST BUY — 5/50 Ultras, buying up to 45 at Three Island Mart (LOUD)

   [campaign]    8 door(s); candidates (chosen order): [(18, 12)]

   [campaign]    reachable door (18, 12): walking to approach (18, 13)

   [Bridge] INPUT OWNER = 'agent' (sole writer; others dropped+logged)

   [travel] start map=(3, 14) coords=(8, 24) -> coord (18, 13) (budget 300s, surf-capable)

   [travel] path blocked at (8, 24) (NPC on the gap?) - waiting

   [travel] no clean path from (8, 24) AND no NPC-allowing path (npcs nearby=[(7, 24), (8, 23), (9, 23), (9, 24), (10, 22), (10, 24), (11, 23), (16, 31), (18, 17)]) - genuine wall/zone gap, will time out

   [travel] !! TRAVEL WEDGE: identical fp x4 retries at (8, 24) map=(3, 14) (reason=no_route) -> returning to roam LOUD (no inner spin)

   [campaign]    no reachable door warped (entry geometry?) - LOUD

   [campaign]    !! MART: couldn't enter the Mart

   [campaign]    [hunt] war-chest buy done — +0 Ultra(s), pocket now 5/50

   [campaign] !! [hunt] ULTRA WAR-CHEST FAILED (Three Island Mart bought nothing) — fail 0/2; pocket 5<20 — STAYING on the ferry (never engage this thin) (LOUD)

   [campaign]    [hunt] !!!! ULTRA WAR-CHEST BUY — 5/50 Ultras, buying up to 45 at Three Island Mart (LOUD)

   [campaign]    8 door(s); candidates (chosen order): [(18, 12)]

   [campaign]    reachable door (18, 12): walking to approach (18, 13)

   [Bridge] INPUT OWNER = 'agent' (sole writer; others dropped+logged)

   [travel] start map=(3, 14) coords=(8, 24) -> coord (18, 13) (budget 300s, surf-capable)

   [travel] path blocked at (8, 24) (NPC on the gap?) - waiting

   [travel] no clean path from (8, 24) AND no NPC-allowing path (npcs nearby=[(7, 24), (8, 23), (9, 23), (9, 24), (10, 22), (10, 24), (11, 23), (16, 31), (18, 17)]) - genuine wall/zone gap, will time out

   [travel] !! TRAVEL WEDGE: identical fp x4 retries at (8, 24) map=(3, 14) (reason=no_route) -> returning to roam LOUD (no inner spin)

   [campaign]    no reachable door warped (entry geometry?) - LOUD

   [campaign]    !! MART: couldn't enter the Mart

   [campaign]    [hunt] war-chest buy done — +0 Ultra(s), pocket now 5/50

   [campaign] !! [hunt] ULTRA WAR-CHEST FAILED (Three Island Mart bought nothing) — fail 1/2; pocket 5<20 — STAYING on the ferry (never engage this thin) (LOUD)

   [campaign]    [hunt] !!!! ULTRA WAR-CHEST BUY — 5/50 Ultras, buying up to 45 at Three Island Mart (LOUD)

   [campaign]    8 door(s); candidates (chosen order): [(18, 12)]

   [campaign]    reachable door (18, 12): walking to approach (18, 13)

   [Bridge] INPUT OWNER = 'agent' (sole writer; others dropped+logged)

   [travel] start map=(3, 14) coords=(8, 24) -> coord (18, 13) (budget 300s, surf-capable)

   [travel] path blocked at (8, 24) (NPC on the gap?) - waiting

   [travel] no clean path from (8, 24) AND no NPC-allowing path (npcs nearby=[(7, 24), (8, 23), (9, 23), (9, 24), (10, 22), (10, 24), (11, 23), (15, 31), (18, 17)]) - genuine wall/zone gap, will time out

   [travel] !! TRAVEL WEDGE: identical fp x4 retries at (8, 24) map=(3, 14) (reason=no_route) -> returning to roam LOUD (no inner spin)

   [campaign]    no reachable door warped (entry geometry?) - LOUD

   [campaign]    !! MART: couldn't enter the Mart

   [campaign]    [hunt] war-chest buy done — +0 Ultra(s), pocket now 5/50

   [campaign] !! [hunt] ULTRA WAR-CHEST FAILED (Three Island Mart bought nothing) — fail 0/2; pocket 5<20 — STAYING on the ferry (never engage this thin) (LOUD)

   [campaign]    [hunt] !!!! ULTRA WAR-CHEST BUY — 5/50 Ultras, buying up to 45 at Three Island Mart (LOUD)

   [campaign]    8 door(s); candidates (chosen order): [(18, 12)]

   [campaign]    reachable door (18, 12): walking to approach (18, 13)

   [Bridge] INPUT OWNER = 'agent' (sole writer; others dropped+logged)

   [travel] start map=(3, 14) coords=(8, 24) -> coord (18, 13) (budget 300s, surf-capable)

   [travel] path blocked at (8, 24) (NPC on the gap?) - waiting

   [travel] no clean path from (8, 24) AND no NPC-allowing path (npcs nearby=[(7, 24), (8, 23), (9, 23), (9, 24), (10, 22), (10, 24), (11, 23), (16, 31), (18, 17)]) - genuine wall/zone gap, will time out

   [travel] !! TRAVEL WEDGE: identical fp x4 retries at (8, 24) map=(3, 14) (reason=no_route) -> returning to roam LOUD (no inner spin)

   [campaign]    no reachable door warped (entry geometry?) - LOUD

   [campaign]    !! MART: couldn't enter the Mart

   [campaign]    [hunt] war-chest buy done — +0 Ultra(s), pocket now 5/50

   [campaign] !! [hunt] ULTRA WAR-CHEST FAILED (Three Island Mart bought nothing) — fail 1/2; pocket 5<20 — STAYING on the ferry (never engage this thin) (LOUD)

   [campaign]    [hunt] !!!! ULTRA WAR-CHEST BUY — 5/50 Ultras, buying up to 45 at Three Island Mart (LOUD)

   [campaign]    8 door(s); candidates (chosen order): [(18, 12)]

   [campaign]    reachable door (18, 12): walking to approach (18, 13)

   [Bridge] INPUT OWNER = 'agent' (sole writer; others dropped+logged)

   [travel] start map=(3, 14) coords=(8, 24) -> coord (18, 13) (budget 300s, surf-capable)

   [travel] path blocked at (8, 24) (NPC on the gap?) - waiting

   [travel] no clean path from (8, 24) AND no NPC-allowing path (npcs nearby=[(7, 24), (8, 23), (9, 23), (9, 24), (10, 22), (10, 24), (11, 23), (16, 31), (18, 17)]) - genuine wall/zone gap, will time out

   [travel] !! TRAVEL WEDGE: identical fp x4 retries at (8, 24) map=(3, 14) (reason=no_route) -> returning to roam LOUD (no inner spin)

   [campaign]    no reachable door warped (entry geometry?) - LOUD

   [campaign]    !! MART: couldn't enter the Mart

   [campaign]    [hunt] war-chest buy done — +0 Ultra(s), pocket now 5/50

   [campaign] !! [hunt] ULTRA WAR-CHEST FAILED (Three Island Mart bought nothing) — fail 0/2; pocket 5<20 — STAYING on the ferry (never engage this thin) (LOUD)

   [campaign]    [hunt] !!!! ULTRA WAR-CHEST BUY — 5/50 Ultras, buying up to 45 at Three Island Mart (LOUD)

   [campaign]    8 door(s); candidates (chosen order): [(18, 12)]

   [campaign]    reachable door (18, 12): walking to approach (18, 13)

   [Bridge] INPUT OWNER = 'agent' (sole writer; others dropped+logged)

   [travel] start map=(3, 14) coords=(8, 24) -> coord (18, 13) (budget 300s, surf-capable)

   [travel] path blocked at (8, 24) (NPC on the gap?) - waiting

   [travel] no clean path from (8, 24) AND no NPC-allowing path (npcs nearby=[(7, 24), (8, 23), (9, 23), (9, 24), (10, 22), (10, 24), (11, 23), (15, 31), (18, 17)]) - genuine wall/zone gap, will time out

   [travel] !! TRAVEL WEDGE: identical fp x4 retries at (8, 24) map=(3, 14) (reason=no_route) -> returning to roam LOUD (no inner spin)

   [campaign]    no reachable door warped (entry geometry?) - LOUD

   [campaign]    !! MART: couldn't enter the Mart

   [campaign]    [hunt] war-chest buy done — +0 Ultra(s), pocket now 5/50

   [campaign] !! [hunt] ULTRA WAR-CHEST FAILED (Three Island Mart bought nothing) — fail 1/2; pocket 5<20 — STAYING on the ferry (never engage this thin) (LOUD)

   [campaign]    [hunt] !!!! ULTRA WAR-CHEST BUY — 5/50 Ultras, buying up to 45 at Three Island Mart (LOUD)

   [campaign]    8 door(s); candidates (chosen order): [(18, 12)]

   [campaign]    reachable door (18, 12): walking to approach (18, 13)

   [Bridge] INPUT OWNER = 'agent' (sole writer; others dropped+logged)

   [travel] start map=(3, 14) coords=(8, 24) -> coord (18, 13) (budget 300s, surf-capable)

   [travel] path blocked at (8, 24) (NPC on the gap?) - waiting

   [travel] no clean path from (8, 24) AND no NPC-allowing path (npcs nearby=[(7, 24), (8, 23), (9, 23), (9, 24), (10, 22), (10, 24), (11, 23), (16, 31), (18, 17)]) - genuine wall/zone gap, will time out

   [travel] !! TRAVEL WEDGE: identical fp x4 retries at (8, 24) map=(3, 14) (reason=no_route) -> returning to roam LOUD (no inner spin)

   [campaign]    no reachable door warped (entry geometry?) - LOUD

   [campaign]    !! MART: couldn't enter the Mart

   [campaign]    [hunt] war-chest buy done — +0 Ultra(s), pocket now 5/50

   [campaign] !! [hunt] ULTRA WAR-CHEST FAILED (Three Island Mart bought nothing) — fail 0/2; pocket 5<20 — STAYING on the ferry (never engage this thin) (LOUD)

   [campaign]    [hunt] !!!! ULTRA WAR-CHEST BUY — 5/50 Ultras, buying up to 45 at Three Island Mart (LOUD)

   [campaign]    8 door(s); candidates (chosen order): [(18, 12)]

   [campaign]    reachable door (18, 12): walking to approach (18, 13)

   [Bridge] INPUT OWNER = 'agent' (sole writer; others dropped+logged)

   [travel] start map=(3, 14) coords=(8, 24) -> coord (18, 13) (budget 300s, surf-capable)

   [travel] path blocked at (8, 24) (NPC on the gap?) - waiting

   [travel] no clean path from (8, 24) AND no NPC-allowing path (npcs nearby=[(7, 24), (8, 23), (9, 23), (9, 24), (10, 22), (10, 24), (11, 23), (15, 31), (18, 17)]) - genuine wall/zone gap, will time out

   [travel] !! TRAVEL WEDGE: identical fp x4 retries at (8, 24) map=(3, 14) (reason=no_route) -> returning to roam LOUD (no inner spin)

   [campaign]    no reachable door warped (entry geometry?) - LOUD

   [campaign]    !! MART: couldn't enter the Mart

   [campaign]    [hunt] war-chest buy done — +0 Ultra(s), pocket now 5/50

   [campaign] !! [hunt] ULTRA WAR-CHEST FAILED (Three Island Mart bought nothing) — fail 1/2; pocket 5<20 — STAYING on the ferry (never engage this thin) (LOUD)

   [campaign]    [hunt] !!!! ULTRA WAR-CHEST BUY — 5/50 Ultras, buying up to 45 at Three Island Mart (LOUD)

   [campaign]    8 door(s); candidates (chosen order): [(18, 12)]

   [campaign]    reachable door (18, 12): walking to approach (18, 13)

   [Bridge] INPUT OWNER = 'agent' (sole writer; others dropped+logged)

   [travel] start map=(3, 14) coords=(8, 24) -> coord (18, 13) (budget 300s, surf-capable)

   [travel] path blocked at (8, 24) (NPC on the gap?) - waiting

   [travel] no clean path from (8, 24) AND no NPC-allowing path (npcs nearby=[(7, 24), (8, 23), (9, 23), (9, 24), (10, 22), (10, 24), (11, 23), (15, 31), (18, 17)]) - genuine wall/zone gap, will time out

   [travel] !! TRAVEL WEDGE: identical fp x4 retries at (8, 24) map=(3, 14) (reason=no_route) -> returning to roam LOUD (no inner spin)

   [campaign]    no reachable door warped (entry geometry?) - LOUD

   [campaign]    !! MART: couldn't enter the Mart

   [campaign]    [hunt] war-chest buy done — +0 Ultra(s), pocket now 5/50

   [campaign] !! [hunt] ULTRA WAR-CHEST FAILED (Three Island Mart bought nothing) — fail 0/2; pocket 5<20 — STAYING on the ferry (never engage this thin) (LOUD)

   [campaign]    [hunt] !!!! ULTRA WAR-CHEST BUY — 5/50 Ultras, buying up to 45 at Three Island Mart (LOUD)

   [campaign]    8 door(s); candidates (chosen order): [(18, 12)]

   [campaign]    reachable door (18, 12): walking to approach (18, 13)

   [Bridge] INPUT OWNER = 'agent' (sole writer; others dropped+logged)

   [travel] start map=(3, 14) coords=(8, 24) -> coord (18, 13) (budget 300s, surf-capable)

   [travel] path blocked at (8, 24) (NPC on the gap?) - waiting

   [travel] no clean path from (8, 24) AND no NPC-allowing path (npcs nearby=[(7, 24), (8, 23), (9, 23), (9, 24), (10, 22), (10, 24), (11, 23), (16, 31), (18, 17)]) - genuine wall/zone gap, will time out

   [travel] !! TRAVEL WEDGE: identical fp x4 retries at (8, 24) map=(3, 14) (reason=no_route) -> returning to roam LOUD (no inner spin)

   [campaign]    no reachable door warped (entry geometry?) - LOUD

   [campaign]    !! MART: couldn't enter the Mart

   [campaign]    [hunt] war-chest buy done — +0 Ultra(s), pocket now 5/50

   [campaign] !! [hunt] ULTRA WAR-CHEST FAILED (Three Island Mart bought nothing) — fail 1/2; pocket 5<20 — STAYING on the ferry (never engage this thin) (LOUD)

   [campaign]    [hunt] !!!! ULTRA WAR-CHEST BUY — 5/50 Ultras, buying up to 45 at Three Island Mart (LOUD)

   [campaign]    8 door(s); candidates (chosen order): [(18, 12)]

   [campaign]    reachable door (18, 12): walking to approach (18, 13)

   [Bridge] INPUT OWNER = 'agent' (sole writer; others dropped+logged)

   [travel] start map=(3, 14) coords=(8, 24) -> coord (18, 13) (budget 300s, surf-capable)

   [travel] path blocked at (8, 24) (NPC on the gap?) - waiting

   [travel] no clean path from (8, 24) AND no NPC-allowing path (npcs nearby=[(7, 24), (8, 23), (9, 23), (9, 24), (10, 22), (10, 24), (11, 23), (15, 31), (18, 17)]) - genuine wall/zone gap, will time out

   [travel] !! TRAVEL WEDGE: identical fp x4 retries at (8, 24) map=(3, 14) (reason=no_route) -> returning to roam LOUD (no inner spin)

   [campaign]    no reachable door warped (entry geometry?) - LOUD

   [campaign]    !! MART: couldn't enter the Mart

   [campaign]    [hunt] war-chest buy done — +0 Ultra(s), pocket now 5/50

   [campaign] !! [hunt] ULTRA WAR-CHEST FAILED (Three Island Mart bought nothing) — fail 0/2; pocket 5<20 — STAYING on the ferry (never engage this thin) (LOUD)

   [campaign]    [hunt] !!!! ULTRA WAR-CHEST BUY — 5/50 Ultras, buying up to 45 at Three Island Mart (LOUD)

   [campaign]    8 door(s); candidates (chosen order): [(18, 12)]

   [campaign]    reachable door (18, 12): walking to approach (18, 13)

   [Bridge] INPUT OWNER = 'agent' (sole writer; others dropped+logged)

   [travel] start map=(3, 14) coords=(8, 24) -> coord (18, 13) (budget 300s, surf-capable)

   [travel] path blocked at (8, 24) (NPC on the gap?) - waiting

   [travel] no clean path from (8, 24) AND no NPC-allowing path (npcs nearby=[(7, 24), (8, 23), (9, 23), (9, 24), (10, 22), (10, 24), (11, 23), (14, 31), (18, 17)]) - genuine wall/zone gap, will time out

   [travel] !! TRAVEL WEDGE: identical fp x4 retries at (8, 24) map=(3, 14) (reason=no_route) -> returning to roam LOUD (no inner spin)

   [campaign]    no reachable door warped (entry geometry?) - LOUD

   [campaign]    !! MART: couldn't enter the Mart

   [campaign]    [hunt] war-chest buy done — +0 Ultra(s), pocket now 5/50

   [campaign] !! [hunt] ULTRA WAR-CHEST FAILED (Three Island Mart bought nothing) — fail 1/2; pocket 5<20 — STAYING on the ferry (never engage this thin) (LOUD)

   [campaign]    [hunt] !!!! ULTRA WAR-CHEST BUY — 5/50 Ultras, buying up to 45 at Three Island Mart (LOUD)

   [campaign]    8 door(s); candidates (chosen order): [(18, 12)]

   [campaign]    reachable door (18, 12): walking to approach (18, 13)

   [Bridge] INPUT OWNER = 'agent' (sole writer; others dropped+logged)

   [travel] start map=(3, 14) coords=(8, 24) -> coord (18, 13) (budget 300s, surf-capable)

   [travel] path blocked at (8, 24) (NPC on the gap?) - waiting

   [travel] no clean path from (8, 24) AND no NPC-allowing path (npcs nearby=[(7, 24), (8, 23), (9, 23), (9, 24), (10, 22), (10, 24), (11, 23), (15, 31), (18, 17)]) - genuine wall/zone gap, will time out

   [travel] !! TRAVEL WEDGE: identical fp x4 retries at (8, 24) map=(3, 14) (reason=no_route) -> returning to roam LOUD (no inner spin)

   [campaign]    no reachable door warped (entry geometry?) - LOUD

   [campaign]    !! MART: couldn't enter the Mart

   [campaign]    [hunt] war-chest buy done — +0 Ultra(s), pocket now 5/50

   [campaign] !! [hunt] ULTRA WAR-CHEST FAILED (Three Island Mart bought nothing) — fail 0/2; pocket 5<20 — STAYING on the ferry (never engage this thin) (LOUD)

   [campaign]    [hunt] !!!! ULTRA WAR-CHEST BUY — 5/50 Ultras, buying up to 45 at Three Island Mart (LOUD)

   [campaign]    8 door(s); candidates (chosen order): [(18, 12)]

   [campaign]    reachable door (18, 12): walking to approach (18, 13)

   [Bridge] INPUT OWNER = 'agent' (sole writer; others dropped+logged)

   [travel] start map=(3, 14) coords=(8, 24) -> coord (18, 13) (budget 300s, surf-capable)

   [travel] path blocked at (8, 24) (NPC on the gap?) - waiting

   [travel] no clean path from (8, 24) AND no NPC-allowing path (npcs nearby=[(7, 24), (8, 23), (9, 23), (9, 24), (10, 22), (10, 24), (11, 23), (16, 31), (18, 17)]) - genuine wall/zone gap, will time out

   [travel] !! TRAVEL WEDGE: identical fp x4 retries at (8, 24) map=(3, 14) (reason=no_route) -> returning to roam LOUD (no inner spin)

   [campaign]    no reachable door warped (entry geometry?) - LOUD

   [campaign]    !! MART: couldn't enter the Mart

   [campaign]    [hunt] war-chest buy done — +0 Ultra(s), pocket now 5/50

   [campaign] !! [hunt] ULTRA WAR-CHEST FAILED (Three Island Mart bought nothing) — fail 1/2; pocket 5<20 — STAYING on the ferry (never engage this thin) (LOUD)

   [campaign]    [hunt] !!!! ULTRA WAR-CHEST BUY — 5/50 Ultras, buying up to 45 at Three Island Mart (LOUD)

   [campaign]    8 door(s); candidates (chosen order): [(18, 12)]

   [campaign]    reachable door (18, 12): walking to approach (18, 13)

   [Bridge] INPUT OWNER = 'agent' (sole writer; others dropped+logged)

   [travel] start map=(3, 14) coords=(8, 24) -> coord (18, 13) (budget 300s, surf-capable)

   [travel] path blocked at (8, 24) (NPC on the gap?) - waiting

   [travel] no clean path from (8, 24) AND no NPC-allowing path (npcs nearby=[(7, 24), (8, 23), (9, 23), (9, 24), (10, 22), (10, 24), (11, 23), (15, 31), (18, 17)]) - genuine wall/zone gap, will time out

   [travel] !! TRAVEL WEDGE: identical fp x4 retries at (8, 24) map=(3, 14) (reason=no_route) -> returning to roam LOUD (no inner spin)

   [campaign]    no reachable door warped (entry geometry?) - LOUD

   [campaign]    !! MART: couldn't enter the Mart

   [campaign]    [hunt] war-chest buy done — +0 Ultra(s), pocket now 5/50

   [campaign] !! [hunt] ULTRA WAR-CHEST FAILED (Three Island Mart bought nothing) — fail 0/2; pocket 5<20 — STAYING on the ferry (never engage this thin) (LOUD)

   [campaign]    [hunt] !!!! ULTRA WAR-CHEST BUY — 5/50 Ultras, buying up to 45 at Three Island Mart (LOUD)

   [campaign]    8 door(s); candidates (chosen order): [(18, 12)]

   [campaign]    reachable door (18, 12): walking to approach (18, 13)

   [Bridge] INPUT OWNER = 'agent' (sole writer; others dropped+logged)

   [travel] start map=(3, 14) coords=(8, 24) -> coord (18, 13) (budget 300s, surf-capable)

   [travel] path blocked at (8, 24) (NPC on the gap?) - waiting

   [travel] no clean path from (8, 24) AND no NPC-allowing path (npcs nearby=[(7, 24), (8, 23), (9, 23), (9, 24), (10, 22), (10, 24), (11, 23), (15, 31), (18, 17)]) - genuine wall/zone gap, will time out

   [travel] !! TRAVEL WEDGE: identical fp x4 retries at (8, 24) map=(3, 14) (reason=no_route) -> returning to roam LOUD (no inner spin)

   [campaign]    no reachable door warped (entry geometry?) - LOUD

   [campaign]    !! MART: couldn't enter the Mart

   [campaign]    [hunt] war-chest buy done — +0 Ultra(s), pocket now 5/50

   [campaign] !! [hunt] ULTRA WAR-CHEST FAILED (Three Island Mart bought nothing) — fail 1/2; pocket 5<20 — STAYING on the ferry (never engage this thin) (LOUD)

   [campaign]    [hunt] !!!! ULTRA WAR-CHEST BUY — 5/50 Ultras, buying up to 45 at Three Island Mart (LOUD)

   [campaign]    8 door(s); candidates (chosen order): [(18, 12)]

   [campaign]    reachable door (18, 12): walking to approach (18, 13)

   [Bridge] INPUT OWNER = 'agent' (sole writer; others dropped+logged)

   [travel] start map=(3, 14) coords=(8, 24) -> coord (18, 13) (budget 300s, surf-capable)

   [travel] path blocked at (8, 24) (NPC on the gap?) - waiting

   [travel] no clean path from (8, 24) AND no NPC-allowing path (npcs nearby=[(7, 24), (8, 23), (9, 23), (9, 24), (10, 22), (10, 24), (11, 23), (14, 31), (18, 17)]) - genuine wall/zone gap, will time out

   [travel] !! TRAVEL WEDGE: identical fp x4 retries at (8, 24) map=(3, 14) (reason=no_route) -> returning to roam LOUD (no inner spin)

   [campaign]    no reachable door warped (entry geometry?) - LOUD

   [campaign]    !! MART: couldn't enter the Mart

   [campaign]    [hunt] war-chest buy done — +0 Ultra(s), pocket now 5/50

   [campaign] !! [hunt] ULTRA WAR-CHEST FAILED (Three Island Mart bought nothing) — fail 0/2; pocket 5<20 — STAYING on the ferry (never engage this thin) (LOUD)

   [campaign]    [hunt] !!!! ULTRA WAR-CHEST BUY — 5/50 Ultras, buying up to 45 at Three Island Mart (LOUD)

   [campaign]    8 door(s); candidates (chosen order): [(18, 12)]

   [campaign]    reachable door (18, 12): walking to approach (18, 13)

   [Bridge] INPUT OWNER = 'agent' (sole writer; others dropped+logged)

   [travel] start map=(3, 14) coords=(8, 24) -> coord (18, 13) (budget 300s, surf-capable)

   [travel] path blocked at (8, 24) (NPC on the gap?) - waiting

   [travel] no clean path from (8, 24) AND no NPC-allowing path (npcs nearby=[(7, 24), (8, 23), (9, 23), (9, 24), (10, 22), (10, 24), (11, 23), (14, 31), (18, 17)]) - genuine wall/zone gap, will time out

   [travel] !! TRAVEL WEDGE: identical fp x4 retries at (8, 24) map=(3, 14) (reason=no_route) -> returning to roam LOUD (no inner spin)

   [campaign]    no reachable door warped (entry geometry?) - LOUD

   [campaign]    !! MART: couldn't enter the Mart

   [campaign]    [hunt] war-chest buy done — +0 Ultra(s), pocket now 5/50

   [campaign] !! [hunt] ULTRA WAR-CHEST FAILED (Three Island Mart bought nothing) — fail 1/2; pocket 5<20 — STAYING on the ferry (never engage this thin) (LOUD)

   [campaign]    [hunt] !!!! ULTRA WAR-CHEST BUY — 5/50 Ultras, buying up to 45 at Three Island Mart (LOUD)

   [campaign]    8 door(s); candidates (chosen order): [(18, 12)]

   [campaign]    reachable door (18, 12): walking to approach (18, 13)

   [Bridge] INPUT OWNER = 'agent' (sole writer; others dropped+logged)

   [travel] start map=(3, 14) coords=(8, 24) -> coord (18, 13) (budget 300s, surf-capable)

   [travel] path blocked at (8, 24) (NPC on the gap?) - waiting

   [travel] no clean path from (8, 24) AND no NPC-allowing path (npcs nearby=[(7, 24), (8, 23), (9, 23), (9, 24), (10, 22), (10, 24), (11, 23), (14, 31), (18, 17)]) - genuine wall/zone gap, will time out

   [travel] !! TRAVEL WEDGE: identical fp x4 retries at (8, 24) map=(3, 14) (reason=no_route) -> returning to roam LOUD (no inner spin)

   [campaign]    no reachable door warped (entry geometry?) - LOUD

   [campaign]    !! MART: couldn't enter the Mart

   [campaign]    [hunt] war-chest buy done — +0 Ultra(s), pocket now 5/50

   [campaign] !! [hunt] ULTRA WAR-CHEST FAILED (Three Island Mart bought nothing) — fail 0/2; pocket 5<20 — STAYING on the ferry (never engage this thin) (LOUD)

   [campaign]    [hunt] !!!! ULTRA WAR-CHEST BUY — 5/50 Ultras, buying up to 45 at Three Island Mart (LOUD)

   [campaign]    8 door(s); candidates (chosen order): [(18, 12)]

   [campaign]    reachable door (18, 12): walking to approach (18, 13)

   [Bridge] INPUT OWNER = 'agent' (sole writer; others dropped+logged)

   [travel] start map=(3, 14) coords=(8, 24) -> coord (18, 13) (budget 300s, surf-capable)

   [travel] path blocked at (8, 24) (NPC on the gap?) - waiting

   [travel] no clean path from (8, 24) AND no NPC-allowing path (npcs nearby=[(7, 24), (8, 23), (9, 23), (9, 24), (10, 22), (10, 24), (11, 23), (14, 31), (18, 17)]) - genuine wall/zone gap, will time out

   [travel] !! TRAVEL WEDGE: identical fp x4 retries at (8, 24) map=(3, 14) (reason=no_route) -> returning to roam LOUD (no inner spin)

   [campaign]    no reachable door warped (entry geometry?) - LOUD

   [campaign]    !! MART: couldn't enter the Mart

   [campaign]    [hunt] war-chest buy done — +0 Ultra(s), pocket now 5/50

   [campaign] !! [hunt] ULTRA WAR-CHEST FAILED (Three Island Mart bought nothing) — fail 1/2; pocket 5<20 — STAYING on the ferry (never engage this thin) (LOUD)

   [campaign]    [hunt] !!!! ULTRA WAR-CHEST BUY — 5/50 Ultras, buying up to 45 at Three Island Mart (LOUD)

   [campaign]    8 door(s); candidates (chosen order): [(18, 12)]

   [campaign]    reachable door (18, 12): walking to approach (18, 13)

   [Bridge] INPUT OWNER = 'agent' (sole writer; others dropped+logged)

   [travel] start map=(3, 14) coords=(8, 24) -> coord (18, 13) (budget 300s, surf-capable)

   [travel] path blocked at (8, 24) (NPC on the gap?) - waiting

   [travel] no clean path from (8, 24) AND no NPC-allowing path (npcs nearby=[(7, 24), (8, 23), (9, 23), (9, 24), (10, 22), (10, 24), (11, 23), (15, 31), (18, 17)]) - genuine wall/zone gap, will time out

   [travel] !! TRAVEL WEDGE: identical fp x4 retries at (8, 24) map=(3, 14) (reason=no_route) -> returning to roam LOUD (no inner spin)

   [campaign]    no reachable door warped (entry geometry?) - LOUD

   [campaign]    !! MART: couldn't enter the Mart

   [campaign]    [hunt] war-chest buy done — +0 Ultra(s), pocket now 5/50

   [campaign] !! [hunt] ULTRA WAR-CHEST FAILED (Three Island Mart bought nothing) — fail 0/2; pocket 5<20 — STAYING on the ferry (never engage this thin) (LOUD)

   [campaign]    [roam] 🎯 QUESTLINE STRIKE -> failed (now (3, 14)@(8, 24))

   [campaign]    [roam] questline STRIKE made MAP PROGRESS ((3, 12) -> (3, 14)) despite 'failed' — try refunded (refund 1/6; tries now 0/3)

   [campaign]    [lap] 'moltres' questline step -> questline_strike_failed

   [campaign]    [lap] 'moltres' dispatch failed (questline_strike_failed) — bounded attempt 1/6

   [campaign]    [roam] RESULT: victory_lap -> questline_strike_failed | pos (3, 12)(12, 18) -> (3, 14)(8, 24) (MOVED)

   [campaign]    ⛰️  CAMPAIGN SAVE [new_area] -> campaign/kira_campaign.state  (map=(3, 14) coords=(8, 24) badges=8 party=3)

   [campaign]    [sanctity] bundle VALID (schema/encoding/truth/monotonic all clean)

   [campaign]    📌 AUTO-CHECKPOINT [gain-new_area] -> checkpoints/20260806_200645_an-unfamiliar-area_8b_34h04m_gain-new-area  (4 bundle file(s))

   [campaign]    [world] learned 7 warp(s) on (3, 14): (3, 31)->(34, 0), (14, 27)->(34, 1), (18, 12)->(34, 3), (4, 6)->(34, 4), (12, 6)->(34, 5), (12, 12)->(34, 6)

   [campaign]    [lap] 🦅 PROXIMITY FAIL-CLEAR 'moltres': standing on the hunt's own maps — loop-burned fail ledger dropped (once per run)

   [campaign]    [lap] checklist owes 'moltres' — victory_lap is the endgame action (head_to_league/enter_league held until the lap clears)

   [campaign] -- ROAM TICK 2/100000000 --

   [campaign]    [roam] STATE IN: an unfamiliar area (8, 24) | badges=8 (Boulder, Cascade, Thunder, Rainbow, Soul, Marsh, Volcano, Earth) | party=[blastoise L65, lapras L25, fearow L38] | 8 badge(s) earned (Boulder, Cascade, Thunder, Rainbow, Soul, Marsh, Volcano, Earth). All 8 badges earned. Pokédex: 16 caught. All 8 badges — Victory Road and the Elite Four are next. This is the endgame.

   [campaign]    [roam] PROGRESS: GREEN (unchanged 0 ticks) | fp[(3, 14) (8,24) f4 -- badge8 $30570 party:3659 bag:ccf5]

   [campaign]    [roam] OPTIONS OFFERED: ['victory_lap', 'battle', 'stock_up', 'talk_npc', 'swap_keeper']

   [campaign]    [roam] SHOP: "There's a Mart right here. you're light on Poké Balls — grab some so you can actually catch a teammate out there — a real trainer stocks up before pushing on." — surfacing 'stock_up' to the oracle

   [campaign]    [lap] !! FORCE VICTORY LAP — oracle SKIPPED (the checklist owns the endgame sequencing; the order is code, not mood)

   [campaign]    [roam] PICK OUT: victory_lap

   [campaign]    [roam] RATIONALE: You're ready — stop grinding and push forward to the next objective. then on to the Elite Four

   [campaign]    [roam] 🎯 QUESTLINE STRIKE: Mt. Ember summit, One Island (MOLTRES — the legendary fire bird) — attempt 1/3 from (3, 14)

   [campaign]    [hunt] !! resuming ULTRA WAR-CHEST from camp latch (LOUD)

   [campaign]    [hunt] !!!! ULTRA WAR-CHEST BUY — 5/50 Ultras, buying up to 45 at Three Island Mart (LOUD)

   [campaign]    8 door(s); candidates (chosen order): [(18, 12)]

   [campaign]    reachable door (18, 12): walking to approach (18, 13)

   [Bridge] INPUT OWNER = 'agent' (sole writer; others dropped+logged)

   [travel] start map=(3, 14) coords=(8, 24) -> coord (18, 13) (budget 300s, surf-capable)

   [travel] path blocked at (8, 24) (NPC on the gap?) - waiting

   [travel] no clean path from (8, 24) AND no NPC-allowing path (npcs nearby=[(7, 24), (8, 23), (9, 23), (9, 24), (10, 22), (10, 24), (11, 23), (15, 31), (18, 17)]) - genuine wall/zone gap, will time out

   [travel] !! TRAVEL WEDGE: identical fp x4 retries at (8, 24) map=(3, 14) (reason=no_route) -> returning to roam LOUD (no inner spin)

   [campaign]    no reachable door warped (entry geometry?) - LOUD

   [campaign]    !! MART: couldn't enter the Mart

   [campaign]    [hunt] war-chest buy done — +0 Ultra(s), pocket now 5/50

   [campaign] !! [hunt] ULTRA WAR-CHEST FAILED (Three Island Mart bought nothing) — fail 1/2; pocket 5<20 — STAYING on the ferry (never engage this thin) (LOUD)

   [campaign]    [hunt] !!!! ULTRA WAR-CHEST BUY — 5/50 Ultras, buying up to 45 at Three Island Mart (LOUD)

   [campaign]    8 door(s); candidates (chosen order): [(18, 12)]

   [campaign]    reachable door (18, 12): walking to approach (18, 13)

   [Bridge] INPUT OWNER = 'agent' (sole writer; others dropped+logged)

   [travel] start map=(3, 14) coords=(8, 24) -> coord (18, 13) (budget 300s, surf-capable)

   [travel] path blocked at (8, 24) (NPC on the gap?) - waiting

   [travel] no clean path from (8, 24) AND no NPC-allowing path (npcs nearby=[(7, 24), (8, 23), (9, 23), (9, 24), (10, 22), (10, 24), (11, 23), (14, 31), (18, 17)]) - genuine wall/zone gap, will time out

   [travel] !! TRAVEL WEDGE: identical fp x4 retries at (8, 24) map=(3, 14) (reason=no_route) -> returning to roam LOUD (no inner spin)

   [campaign]    no reachable door warped (entry geometry?) - LOUD

   [campaign]    !! MART: couldn't enter the Mart

   [campaign]    [hunt] war-chest buy done — +0 Ultra(s), pocket now 5/50

   [campaign] !! [hunt] ULTRA WAR-CHEST FAILED (Three Island Mart bought nothing) — fail 0/2; pocket 5<20 — STAYING on the ferry (never engage this thin) (LOUD)

   [campaign]    [hunt] !!!! ULTRA WAR-CHEST BUY — 5/50 Ultras, buying up to 45 at Three Island Mart (LOUD)

   [campaign]    8 door(s); candidates (chosen order): [(18, 12)]

   [campaign]    reachable door (18, 12): walking to approach (18, 13)

   [Bridge] INPUT OWNER = 'agent' (sole writer; others dropped+logged)

   [travel] start map=(3, 14) coords=(8, 24) -> coord (18, 13) (budget 300s, surf-capable)

   [travel] path blocked at (8, 24) (NPC on the gap?) - waiting

   [travel] no clean path from (8, 24) AND no NPC-allowing path (npcs nearby=[(7, 24), (8, 23), (9, 23), (9, 24), (10, 22), (10, 24), (11, 23), (15, 31), (18, 17)]) - genuine wall/zone gap, will time out

   [travel] !! TRAVEL WEDGE: identical fp x4 retries at (8, 24) map=(3, 14) (reason=no_route) -> returning to roam LOUD (no inner spin)

   [campaign]    no reachable door warped (entry geometry?) - LOUD

   [campaign]    !! MART: couldn't enter the Mart

   [campaign]    [hunt] war-chest buy done — +0 Ultra(s), pocket now 5/50

   [campaign] !! [hunt] ULTRA WAR-CHEST FAILED (Three Island Mart bought nothing) — fail 1/2; pocket 5<20 — STAYING on the ferry (never engage this thin) (LOUD)

   [campaign]    [hunt] !!!! ULTRA WAR-CHEST BUY — 5/50 Ultras, buying up to 45 at Three Island Mart (LOUD)

   [campaign]    8 door(s); candidates (chosen order): [(18, 12)]

   [campaign]    reachable door (18, 12): walking to approach (18, 13)

   [Bridge] INPUT OWNER = 'agent' (sole writer; others dropped+logged)

   [travel] start map=(3, 14) coords=(8, 24) -> coord (18, 13) (budget 300s, surf-capable)

   [travel] path blocked at (8, 24) (NPC on the gap?) - waiting

   [travel] no clean path from (8, 24) AND no NPC-allowing path (npcs nearby=[(7, 24), (8, 23), (9, 23), (9, 24), (10, 22), (10, 24), (11, 23), (14, 31), (18, 17)]) - genuine wall/zone gap, will time out

   [travel] !! TRAVEL WEDGE: identical fp x4 retries at (8, 24) map=(3, 14) (reason=no_route) -> returning to roam LOUD (no inner spin)

   [campaign]    no reachable door warped (entry geometry?) - LOUD

   [campaign]    !! MART: couldn't enter the Mart

   [campaign]    [hunt] war-chest buy done — +0 Ultra(s), pocket now 5/50

   [campaign] !! [hunt] ULTRA WAR-CHEST FAILED (Three Island Mart bought nothing) — fail 0/2; pocket 5<20 — STAYING on the ferry (never engage this thin) (LOUD)

   [campaign]    [hunt] !!!! ULTRA WAR-CHEST BUY — 5/50 Ultras, buying up to 45 at Three Island Mart (LOUD)

   [campaign]    8 door(s); candidates (chosen order): [(18, 12)]

   [campaign]    reachable door (18, 12): walking to approach (18, 13)

   [Bridge] INPUT OWNER = 'agent' (sole writer; others dropped+logged)

   [travel] start map=(3, 14) coords=(8, 24) -> coord (18, 13) (budget 300s, surf-capable)

   [travel] path blocked at (8, 24) (NPC on the gap?) - waiting

   [travel] no clean path from (8, 24) AND no NPC-allowing path (npcs nearby=[(7, 24), (8, 23), (9, 23), (9, 24), (10, 22), (10, 24), (11, 23), (14, 31), (18, 17)]) - genuine wall/zone gap, will time out

   [travel] !! TRAVEL WEDGE: identical fp x4 retries at (8, 24) map=(3, 14) (reason=no_route) -> returning to roam LOUD (no inner spin)

   [campaign]    no reachable door warped (entry geometry?) - LOUD

   [campaign]    !! MART: couldn't enter the Mart

   [campaign]    [hunt] war-chest buy done — +0 Ultra(s), pocket now 5/50

   [campaign] !! [hunt] ULTRA WAR-CHEST FAILED (Three Island Mart bought nothing) — fail 1/2; pocket 5<20 — STAYING on the ferry (never engage this thin) (LOUD)

   [campaign]    [hunt] !!!! ULTRA WAR-CHEST BUY — 5/50 Ultras, buying up to 45 at Three Island Mart (LOUD)

   [campaign]    8 door(s); candidates (chosen order): [(18, 12)]

   [campaign]    reachable door (18, 12): walking to approach (18, 13)

   [Bridge] INPUT OWNER = 'agent' (sole writer; others dropped+logged)

   [travel] start map=(3, 14) coords=(8, 24) -> coord (18, 13) (budget 300s, surf-capable)

   [travel] path blocked at (8, 24) (NPC on the gap?) - waiting

   [travel] no clean path from (8, 24) AND no NPC-allowing path (npcs nearby=[(7, 24), (8, 23), (9, 23), (9, 24), (10, 22), (10, 24), (11, 23), (15, 31), (18, 17)]) - genuine wall/zone gap, will time out

   [travel] !! TRAVEL WEDGE: identical fp x4 retries at (8, 24) map=(3, 14) (reason=no_route) -> returning to roam LOUD (no inner spin)

   [campaign]    no reachable door warped (entry geometry?) - LOUD

   [campaign]    !! MART: couldn't enter the Mart

   [campaign]    [hunt] war-chest buy done — +0 Ultra(s), pocket now 5/50

   [campaign] !! [hunt] ULTRA WAR-CHEST FAILED (Three Island Mart bought nothing) — fail 0/2; pocket 5<20 — STAYING on the ferry (never engage this thin) (LOUD)

   [campaign]    [hunt] !!!! ULTRA WAR-CHEST BUY — 5/50 Ultras, buying up to 45 at Three Island Mart (LOUD)

   [campaign]    8 door(s); candidates (chosen order): [(18, 12)]

   [campaign]    reachable door (18, 12): walking to approach (18, 13)

   [Bridge] INPUT OWNER = 'agent' (sole writer; others dropped+logged)

   [travel] start map=(3, 14) coords=(8, 24) -> coord (18, 13) (budget 300s, surf-capable)

   [travel] path blocked at (8, 24) (NPC on the gap?) - waiting

   [travel] no clean path from (8, 24) AND no NPC-allowing path (npcs nearby=[(7, 24), (8, 23), (9, 23), (9, 24), (10, 22), (10, 24), (11, 23), (16, 31), (18, 17)]) - genuine wall/zone gap, will time out

   [travel] !! TRAVEL WEDGE: identical fp x4 retries at (8, 24) map=(3, 14) (reason=no_route) -> returning to roam LOUD (no inner spin)

   [campaign]    no reachable door warped (entry geometry?) - LOUD

   [campaign]    !! MART: couldn't enter the Mart

   [campaign]    [hunt] war-chest buy done — +0 Ultra(s), pocket now 5/50

   [campaign] !! [hunt] ULTRA WAR-CHEST FAILED (Three Island Mart bought nothing) — fail 1/2; pocket 5<20 — STAYING on the ferry (never engage this thin) (LOUD)

   [campaign]    [hunt] !!!! ULTRA WAR-CHEST BUY — 5/50 Ultras, buying up to 45 at Three Island Mart (LOUD)

   [campaign]    8 door(s); candidates (chosen order): [(18, 12)]

   [campaign]    reachable door (18, 12): walking to approach (18, 13)

   [Bridge] INPUT OWNER = 'agent' (sole writer; others dropped+logged)

   [travel] start map=(3, 14) coords=(8, 24) -> coord (18, 13) (budget 300s, surf-capable)

   [travel] path blocked at (8, 24) (NPC on the gap?) - waiting

   [travel] no clean path from (8, 24) AND no NPC-allowing path (npcs nearby=[(7, 24), (8, 23), (9, 23), (9, 24), (10, 22), (10, 24), (11, 23), (16, 31), (18, 17)]) - genuine wall/zone gap, will time out

   [travel] !! TRAVEL WEDGE: identical fp x4 retries at (8, 24) map=(3, 14) (reason=no_route) -> returning to roam LOUD (no inner spin)

   [campaign]    no reachable door warped (entry geometry?) - LOUD

   [campaign]    !! MART: couldn't enter the Mart

   [campaign]    [hunt] war-chest buy done — +0 Ultra(s), pocket now 5/50

   [campaign] !! [hunt] ULTRA WAR-CHEST FAILED (Three Island Mart bought nothing) — fail 0/2; pocket 5<20 — STAYING on the ferry (never engage this thin) (LOUD)

   [campaign]    [hunt] !!!! ULTRA WAR-CHEST BUY — 5/50 Ultras, buying up to 45 at Three Island Mart (LOUD)

   [campaign]    8 door(s); candidates (chosen order): [(18, 12)]

   [campaign]    reachable door (18, 12): walking to approach (18, 13)

   [Bridge] INPUT OWNER = 'agent' (sole writer; others dropped+logged)

   [travel] start map=(3, 14) coords=(8, 24) -> coord (18, 13) (budget 300s, surf-capable)

   [travel] path blocked at (8, 24) (NPC on the gap?) - waiting

   [travel] no clean path from (8, 24) AND no NPC-allowing path (npcs nearby=[(7, 24), (8, 23), (9, 23), (9, 24), (10, 22), (10, 24), (11, 23), (16, 31), (18, 17)]) - genuine wall/zone gap, will time out

   [travel] !! TRAVEL WEDGE: identical fp x4 retries at (8, 24) map=(3, 14) (reason=no_route) -> returning to roam LOUD (no inner spin)

   [campaign]    no reachable door warped (entry geometry?) - LOUD

   [campaign]    !! MART: couldn't enter the Mart

   [campaign]    [hunt] war-chest buy done — +0 Ultra(s), pocket now 5/50

   [campaign] !! [hunt] ULTRA WAR-CHEST FAILED (Three Island Mart bought nothing) — fail 1/2; pocket 5<20 — STAYING on the ferry (never engage this thin) (LOUD)

   [campaign]    [hunt] !!!! ULTRA WAR-CHEST BUY — 5/50 Ultras, buying up to 45 at Three Island Mart (LOUD)

   [campaign]    8 door(s); candidates (chosen order): [(18, 12)]

   [campaign]    reachable door (18, 12): walking to approach (18, 13)

   [Bridge] INPUT OWNER = 'agent' (sole writer; others dropped+logged)

   [travel] start map=(3, 14) coords=(8, 24) -> coord (18, 13) (budget 300s, surf-capable)

   [travel] path blocked at (8, 24) (NPC on the gap?) - waiting

   [travel] no clean path from (8, 24) AND no NPC-allowing path (npcs nearby=[(7, 24), (8, 23), (9, 23), (9, 24), (10, 22), (10, 24), (11, 23), (15, 31), (18, 17)]) - genuine wall/zone gap, will time out

   [travel] !! TRAVEL WEDGE: identical fp x4 retries at (8, 24) map=(3, 14) (reason=no_route) -> returning to roam LOUD (no inner spin)

   [campaign]    no reachable door warped (entry geometry?) - LOUD

   [campaign]    !! MART: couldn't enter the Mart

   [campaign]    [hunt] war-chest buy done — +0 Ultra(s), pocket now 5/50

   [campaign] !! [hunt] ULTRA WAR-CHEST FAILED (Three Island Mart bought nothing) — fail 0/2; pocket 5<20 — STAYING on the ferry (never engage this thin) (LOUD)

   [campaign]    [hunt] !!!! ULTRA WAR-CHEST BUY — 5/50 Ultras, buying up to 45 at Three Island Mart (LOUD)

   [campaign]    8 door(s); candidates (chosen order): [(18, 12)]

   [campaign]    reachable door (18, 12): walking to approach (18, 13)

   [Bridge] INPUT OWNER = 'agent' (sole writer; others dropped+logged)

   [travel] start map=(3, 14) coords=(8, 24) -> coord (18, 13) (budget 300s, surf-capable)

   [travel] path blocked at (8, 24) (NPC on the gap?) - waiting

   [travel] no clean path from (8, 24) AND no NPC-allowing path (npcs nearby=[(7, 24), (8, 23), (9, 23), (9, 24), (10, 22), (10, 24), (11, 23), (14, 31), (18, 17)]) - genuine wall/zone gap, will time out

   [travel] !! TRAVEL WEDGE: identical fp x4 retries at (8, 24) map=(3, 14) (reason=no_route) -> returning to roam LOUD (no inner spin)

   [campaign]    no reachable door warped (entry geometry?) - LOUD

   [campaign]    !! MART: couldn't enter the Mart

   [campaign]    [hunt] war-chest buy done — +0 Ultra(s), pocket now 5/50

   [campaign] !! [hunt] ULTRA WAR-CHEST FAILED (Three Island Mart bought nothing) — fail 1/2; pocket 5<20 — STAYING on the ferry (never engage this thin) (LOUD)

   [campaign]    [hunt] !!!! ULTRA WAR-CHEST BUY — 5/50 Ultras, buying up to 45 at Three Island Mart (LOUD)

   [campaign]    8 door(s); candidates (chosen order): [(18, 12)]

   [campaign]    reachable door (18, 12): walking to approach (18, 13)

   [Bridge] INPUT OWNER = 'agent' (sole writer; others dropped+logged)

   [travel] start map=(3, 14) coords=(8, 24) -> coord (18, 13) (budget 300s, surf-capable)

   [travel] path blocked at (8, 24) (NPC on the gap?) - waiting

   [travel] no clean path from (8, 24) AND no NPC-allowing path (npcs nearby=[(7, 24), (8, 23), (9, 23), (9, 24), (10, 22), (10, 24), (11, 23), (14, 31), (18, 17)]) - genuine wall/zone gap, will time out

   [travel] !! TRAVEL WEDGE: identical fp x4 retries at (8, 24) map=(3, 14) (reason=no_route) -> returning to roam LOUD (no inner spin)

   [campaign]    no reachable door warped (entry geometry?) - LOUD

   [campaign]    !! MART: couldn't enter the Mart

   [campaign]    [hunt] war-chest buy done — +0 Ultra(s), pocket now 5/50

   [campaign] !! [hunt] ULTRA WAR-CHEST FAILED (Three Island Mart bought nothing) — fail 0/2; pocket 5<20 — STAYING on the ferry (never engage this thin) (LOUD)

   [campaign]    [hunt] !!!! ULTRA WAR-CHEST BUY — 5/50 Ultras, buying up to 45 at Three Island Mart (LOUD)

   [campaign]    8 door(s); candidates (chosen order): [(18, 12)]

   [campaign]    reachable door (18, 12): walking to approach (18, 13)

   [Bridge] INPUT OWNER = 'agent' (sole writer; others dropped+logged)

   [travel] start map=(3, 14) coords=(8, 24) -> coord (18, 13) (budget 300s, surf-capable)

   [travel] path blocked at (8, 24) (NPC on the gap?) - waiting

   [travel] no clean path from (8, 24) AND no NPC-allowing path (npcs nearby=[(7, 24), (8, 23), (9, 23), (9, 24), (10, 22), (10, 24), (11, 23), (15, 31), (18, 17)]) - genuine wall/zone gap, will time out

   [travel] !! TRAVEL WEDGE: identical fp x4 retries at (8, 24) map=(3, 14) (reason=no_route) -> returning to roam LOUD (no inner spin)

   [campaign]    no reachable door warped (entry geometry?) - LOUD

   [campaign]    !! MART: couldn't enter the Mart

   [campaign]    [hunt] war-chest buy done — +0 Ultra(s), pocket now 5/50

   [campaign] !! [hunt] ULTRA WAR-CHEST FAILED (Three Island Mart bought nothing) — fail 1/2; pocket 5<20 — STAYING on the ferry (never engage this thin) (LOUD)

   [campaign]    [hunt] !!!! ULTRA WAR-CHEST BUY — 5/50 Ultras, buying up to 45 at Three Island Mart (LOUD)

   [campaign]    8 door(s); candidates (chosen order): [(18, 12)]

   [campaign]    reachable door (18, 12): walking to approach (18, 13)

   [Bridge] INPUT OWNER = 'agent' (sole writer; others dropped+logged)

   [travel] start map=(3, 14) coords=(8, 24) -> coord (18, 13) (budget 300s, surf-capable)

   [travel] path blocked at (8, 24) (NPC on the gap?) - waiting

   [travel] no clean path from (8, 24) AND no NPC-allowing path (npcs nearby=[(7, 24), (8, 23), (9, 23), (9, 24), (10, 22), (10, 24), (11, 23), (14, 31), (18, 17)]) - genuine wall/zone gap, will time out

   [travel] !! TRAVEL WEDGE: identical fp x4 retries at (8, 24) map=(3, 14) (reason=no_route) -> returning to roam LOUD (no inner spin)

   [campaign]    no reachable door warped (entry geometry?) - LOUD

   [campaign]    !! MART: couldn't enter the Mart

   [campaign]    [hunt] war-chest buy done — +0 Ultra(s), pocket now 5/50

   [campaign] !! [hunt] ULTRA WAR-CHEST FAILED (Three Island Mart bought nothing) — fail 0/2; pocket 5<20 — STAYING on the ferry (never engage this thin) (LOUD)

   [campaign]    [hunt] !!!! ULTRA WAR-CHEST BUY — 5/50 Ultras, buying up to 45 at Three Island Mart (LOUD)

   [campaign]    8 door(s); candidates (chosen order): [(18, 12)]

   [campaign]    reachable door (18, 12): walking to approach (18, 13)

   [Bridge] INPUT OWNER = 'agent' (sole writer; others dropped+logged)

   [travel] start map=(3, 14) coords=(8, 24) -> coord (18, 13) (budget 300s, surf-capable)

   [travel] path blocked at (8, 24) (NPC on the gap?) - waiting

   [travel] no clean path from (8, 24) AND no NPC-allowing path (npcs nearby=[(7, 24), (8, 23), (9, 23), (9, 24), (10, 22), (10, 24), (11, 23), (15, 31), (18, 17)]) - genuine wall/zone gap, will time out

   [travel] !! TRAVEL WEDGE: identical fp x4 retries at (8, 24) map=(3, 14) (reason=no_route) -> returning to roam LOUD (no inner spin)

   [campaign]    no reachable door warped (entry geometry?) - LOUD

   [campaign]    !! MART: couldn't enter the Mart

   [campaign]    [hunt] war-chest buy done — +0 Ultra(s), pocket now 5/50

   [campaign] !! [hunt] ULTRA WAR-CHEST FAILED (Three Island Mart bought nothing) — fail 1/2; pocket 5<20 — STAYING on the ferry (never engage this thin) (LOUD)

   [campaign]    [hunt] !!!! ULTRA WAR-CHEST BUY — 5/50 Ultras, buying up to 45 at Three Island Mart (LOUD)

   [campaign]    8 door(s); candidates (chosen order): [(18, 12)]

   [campaign]    reachable door (18, 12): walking to approach (18, 13)

   [Bridge] INPUT OWNER = 'agent' (sole writer; others dropped+logged)

   [travel] start map=(3, 14) coords=(8, 24) -> coord (18, 13) (budget 300s, surf-capable)

   [travel] path blocked at (8, 24) (NPC on the gap?) - waiting

   [travel] no clean path from (8, 24) AND no NPC-allowing path (npcs nearby=[(7, 24), (8, 23), (9, 23), (9, 24), (10, 22), (10, 24), (11, 23), (15, 31), (18, 17)]) - genuine wall/zone gap, will time out

   [travel] !! TRAVEL WEDGE: identical fp x4 retries at (8, 24) map=(3, 14) (reason=no_route) -> returning to roam LOUD (no inner spin)

   [campaign]    no reachable door warped (entry geometry?) - LOUD

   [campaign]    !! MART: couldn't enter the Mart

   [campaign]    [hunt] war-chest buy done — +0 Ultra(s), pocket now 5/50

   [campaign] !! [hunt] ULTRA WAR-CHEST FAILED (Three Island Mart bought nothing) — fail 0/2; pocket 5<20 — STAYING on the ferry (never engage this thin) (LOUD)

   [campaign]    [hunt] !!!! ULTRA WAR-CHEST BUY — 5/50 Ultras, buying up to 45 at Three Island Mart (LOUD)

   [campaign]    8 door(s); candidates (chosen order): [(18, 12)]

   [campaign]    reachable door (18, 12): walking to approach (18, 13)

   [Bridge] INPUT OWNER = 'agent' (sole writer; others dropped+logged)

   [travel] start map=(3, 14) coords=(8, 24) -> coord (18, 13) (budget 300s, surf-capable)

   [travel] path blocked at (8, 24) (NPC on the gap?) - waiting

   [travel] no clean path from (8, 24) AND no NPC-allowing path (npcs nearby=[(7, 24), (8, 23), (9, 23), (9, 24), (10, 22), (10, 24), (11, 23), (15, 31), (18, 17)]) - genuine wall/zone gap, will time out

   [travel] !! TRAVEL WEDGE: identical fp x4 retries at (8, 24) map=(3, 14) (reason=no_route) -> returning to roam LOUD (no inner spin)

   [campaign]    no reachable door warped (entry geometry?) - LOUD

   [campaign]    !! MART: couldn't enter the Mart

   [campaign]    [hunt] war-chest buy done — +0 Ultra(s), pocket now 5/50

   [campaign] !! [hunt] ULTRA WAR-CHEST FAILED (Three Island Mart bought nothing) — fail 1/2; pocket 5<20 — STAYING on the ferry (never engage this thin) (LOUD)

   [campaign]    [hunt] !!!! ULTRA WAR-CHEST BUY — 5/50 Ultras, buying up to 45 at Three Island Mart (LOUD)

   [campaign]    8 door(s); candidates (chosen order): [(18, 12)]

   [campaign]    reachable door (18, 12): walking to approach (18, 13)

   [Bridge] INPUT OWNER = 'agent' (sole writer; others dropped+logged)

   [travel] start map=(3, 14) coords=(8, 24) -> coord (18, 13) (budget 300s, surf-capable)

   [travel] path blocked at (8, 24) (NPC on the gap?) - waiting

   [travel] no clean path from (8, 24) AND no NPC-allowing path (npcs nearby=[(7, 24), (8, 23), (9, 23), (9, 24), (10, 22), (10, 24), (11, 23), (15, 31), (18, 17)]) - genuine wall/zone gap, will time out

   [travel] !! TRAVEL WEDGE: identical fp x4 retries at (8, 24) map=(3, 14) (reason=no_route) -> returning to roam LOUD (no inner spin)

   [campaign]    no reachable door warped (entry geometry?) - LOUD

   [campaign]    !! MART: couldn't enter the Mart

   [campaign]    [hunt] war-chest buy done — +0 Ultra(s), pocket now 5/50

   [campaign] !! [hunt] ULTRA WAR-CHEST FAILED (Three Island Mart bought nothing) — fail 0/2; pocket 5<20 — STAYING on the ferry (never engage this thin) (LOUD)

   [campaign]    [hunt] !!!! ULTRA WAR-CHEST BUY — 5/50 Ultras, buying up to 45 at Three Island Mart (LOUD)

   [campaign]    8 door(s); candidates (chosen order): [(18, 12)]

   [campaign]    reachable door (18, 12): walking to approach (18, 13)

   [Bridge] INPUT OWNER = 'agent' (sole writer; others dropped+logged)

   [travel] start map=(3, 14) coords=(8, 24) -> coord (18, 13) (budget 300s, surf-capable)

   [travel] path blocked at (8, 24) (NPC on the gap?) - waiting

   [travel] no clean path from (8, 24) AND no NPC-allowing path (npcs nearby=[(7, 24), (8, 23), (9, 23), (9, 24), (10, 22), (10, 24), (11, 23), (15, 31), (18, 17)]) - genuine wall/zone gap, will time out

   [travel] !! TRAVEL WEDGE: identical fp x4 retries at (8, 24) map=(3, 14) (reason=no_route) -> returning to roam LOUD (no inner spin)

   [campaign]    no reachable door warped (entry geometry?) - LOUD

   [campaign]    !! MART: couldn't enter the Mart

   [campaign]    [hunt] war-chest buy done — +0 Ultra(s), pocket now 5/50

   [campaign] !! [hunt] ULTRA WAR-CHEST FAILED (Three Island Mart bought nothing) — fail 1/2; pocket 5<20 — STAYING on the ferry (never engage this thin) (LOUD)

   [campaign]    [hunt] !!!! ULTRA WAR-CHEST BUY — 5/50 Ultras, buying up to 45 at Three Island Mart (LOUD)

   [campaign]    8 door(s); candidates (chosen order): [(18, 12)]

   [campaign]    reachable door (18, 12): walking to approach (18, 13)

   [Bridge] INPUT OWNER = 'agent' (sole writer; others dropped+logged)

   [travel] start map=(3, 14) coords=(8, 24) -> coord (18, 13) (budget 300s, surf-capable)

   [travel] path blocked at (8, 24) (NPC on the gap?) - waiting

   [travel] no clean path from (8, 24) AND no NPC-allowing path (npcs nearby=[(7, 24), (8, 23), (9, 23), (9, 24), (10, 22), (10, 24), (11, 23), (16, 31), (18, 17)]) - genuine wall/zone gap, will time out

   [travel] !! TRAVEL WEDGE: identical fp x4 retries at (8, 24) map=(3, 14) (reason=no_route) -> returning to roam LOUD (no inner spin)

   [campaign]    no reachable door warped (entry geometry?) - LOUD

   [campaign]    !! MART: couldn't enter the Mart

   [campaign]    [hunt] war-chest buy done — +0 Ultra(s), pocket now 5/50

   [campaign] !! [hunt] ULTRA WAR-CHEST FAILED (Three Island Mart bought nothing) — fail 0/2; pocket 5<20 — STAYING on the ferry (never engage this thin) (LOUD)

   [campaign]    [hunt] !!!! ULTRA WAR-CHEST BUY — 5/50 Ultras, buying up to 45 at Three Island Mart (LOUD)

   [campaign]    8 door(s); candidates (chosen order): [(18, 12)]

   [campaign]    reachable door (18, 12): walking to approach (18, 13)

   [Bridge] INPUT OWNER = 'agent' (sole writer; others dropped+logged)

   [travel] start map=(3, 14) coords=(8, 24) -> coord (18, 13) (budget 300s, surf-capable)

   [travel] path blocked at (8, 24) (NPC on the gap?) - waiting

   [travel] no clean path from (8, 24) AND no NPC-allowing path (npcs nearby=[(7, 24), (8, 23), (9, 23), (9, 24), (10, 22), (10, 24), (11, 23), (15, 31), (18, 17)]) - genuine wall/zone gap, will time out

   [travel] !! TRAVEL WEDGE: identical fp x4 retries at (8, 24) map=(3, 14) (reason=no_route) -> returning to roam LOUD (no inner spin)

   [campaign]    no reachable door warped (entry geometry?) - LOUD

   [campaign]    !! MART: couldn't enter the Mart

   [campaign]    [hunt] war-chest buy done — +0 Ultra(s), pocket now 5/50

   [campaign] !! [hunt] ULTRA WAR-CHEST FAILED (Three Island Mart bought nothing) — fail 1/2; pocket 5<20 — STAYING on the ferry (never engage this thin) (LOUD)

   [campaign]    [hunt] !!!! ULTRA WAR-CHEST BUY — 5/50 Ultras, buying up to 45 at Three Island Mart (LOUD)

   [campaign]    8 door(s); candidates (chosen order): [(18, 12)]

   [campaign]    reachable door (18, 12): walking to approach (18, 13)

   [Bridge] INPUT OWNER = 'agent' (sole writer; others dropped+logged)

   [travel] start map=(3, 14) coords=(8, 24) -> coord (18, 13) (budget 300s, surf-capable)

   [travel] path blocked at (8, 24) (NPC on the gap?) - waiting

   [travel] no clean path from (8, 24) AND no NPC-allowing path (npcs nearby=[(7, 24), (8, 23), (9, 23), (9, 24), (10, 22), (10, 24), (11, 23), (15, 31), (18, 17)]) - genuine wall/zone gap, will time out

   [travel] !! TRAVEL WEDGE: identical fp x4 retries at (8, 24) map=(3, 14) (reason=no_route) -> returning to roam LOUD (no inner spin)

   [campaign]    no reachable door warped (entry geometry?) - LOUD

   [campaign]    !! MART: couldn't enter the Mart

   [campaign]    [hunt] war-chest buy done — +0 Ultra(s), pocket now 5/50

   [campaign] !! [hunt] ULTRA WAR-CHEST FAILED (Three Island Mart bought nothing) — fail 0/2; pocket 5<20 — STAYING on the ferry (never engage this thin) (LOUD)

   [campaign]    [hunt] !!!! ULTRA WAR-CHEST BUY — 5/50 Ultras, buying up to 45 at Three Island Mart (LOUD)

   [campaign]    8 door(s); candidates (chosen order): [(18, 12)]

   [campaign]    reachable door (18, 12): walking to approach (18, 13)

   [Bridge] INPUT OWNER = 'agent' (sole writer; others dropped+logged)

   [travel] start map=(3, 14) coords=(8, 24) -> coord (18, 13) (budget 300s, surf-capable)

   [travel] path blocked at (8, 24) (NPC on the gap?) - waiting

   [travel] no clean path from (8, 24) AND no NPC-allowing path (npcs nearby=[(7, 24), (8, 23), (9, 23), (9, 24), (10, 22), (10, 24), (11, 23), (14, 31), (18, 17)]) - genuine wall/zone gap, will time out

   [travel] !! TRAVEL WEDGE: identical fp x4 retries at (8, 24) map=(3, 14) (reason=no_route) -> returning to roam LOUD (no inner spin)

   [campaign]    no reachable door warped (entry geometry?) - LOUD

   [campaign]    !! MART: couldn't enter the Mart

   [campaign]    [hunt] war-chest buy done — +0 Ultra(s), pocket now 5/50

   [campaign] !! [hunt] ULTRA WAR-CHEST FAILED (Three Island Mart bought nothing) — fail 1/2; pocket 5<20 — STAYING on the ferry (never engage this thin) (LOUD)

   [campaign]    [hunt] !!!! ULTRA WAR-CHEST BUY — 5/50 Ultras, buying up to 45 at Three Island Mart (LOUD)

   [campaign]    8 door(s); candidates (chosen order): [(18, 12)]

   [campaign]    reachable door (18, 12): walking to approach (18, 13)

   [Bridge] INPUT OWNER = 'agent' (sole writer; others dropped+logged)

   [travel] start map=(3, 14) coords=(8, 24) -> coord (18, 13) (budget 300s, surf-capable)

   [travel] path blocked at (8, 24) (NPC on the gap?) - waiting

   [travel] no clean path from (8, 24) AND no NPC-allowing path (npcs nearby=[(7, 24), (8, 23), (9, 23), (9, 24), (10, 22), (10, 24), (11, 23), (15, 31), (18, 17)]) - genuine wall/zone gap, will time out

   [travel] !! TRAVEL WEDGE: identical fp x4 retries at (8, 24) map=(3, 14) (reason=no_route) -> returning to roam LOUD (no inner spin)

   [campaign]    no reachable door warped (entry geometry?) - LOUD

   [campaign]    !! MART: couldn't enter the Mart

   [campaign]    [hunt] war-chest buy done — +0 Ultra(s), pocket now 5/50

   [campaign] !! [hunt] ULTRA WAR-CHEST FAILED (Three Island Mart bought nothing) — fail 0/2; pocket 5<20 — STAYING on the ferry (never engage this thin) (LOUD)

   [campaign]    [hunt] !!!! ULTRA WAR-CHEST BUY — 5/50 Ultras, buying up to 45 at Three Island Mart (LOUD)

   [campaign]    8 door(s); candidates (chosen order): [(18, 12)]

   [campaign]    reachable door (18, 12): walking to approach (18, 13)

   [Bridge] INPUT OWNER = 'agent' (sole writer; others dropped+logged)

   [travel] start map=(3, 14) coords=(8, 24) -> coord (18, 13) (budget 300s, surf-capable)

   [travel] path blocked at (8, 24) (NPC on the gap?) - waiting

   [travel] no clean path from (8, 24) AND no NPC-allowing path (npcs nearby=[(7, 24), (8, 23), (9, 23), (9, 24), (10, 22), (10, 24), (11, 23), (14, 31), (18, 17)]) - genuine wall/zone gap, will time out

   [travel] !! TRAVEL WEDGE: identical fp x4 retries at (8, 24) map=(3, 14) (reason=no_route) -> returning to roam LOUD (no inner spin)

   [campaign]    no reachable door warped (entry geometry?) - LOUD

   [campaign]    !! MART: couldn't enter the Mart

   [campaign]    [hunt] war-chest buy done — +0 Ultra(s), pocket now 5/50

   [campaign] !! [hunt] ULTRA WAR-CHEST FAILED (Three Island Mart bought nothing) — fail 1/2; pocket 5<20 — STAYING on the ferry (never engage this thin) (LOUD)

   [campaign]    [hunt] !!!! ULTRA WAR-CHEST BUY — 5/50 Ultras, buying up to 45 at Three Island Mart (LOUD)

   [campaign]    8 door(s); candidates (chosen order): [(18, 12)]

   [campaign]    reachable door (18, 12): walking to approach (18, 13)

   [Bridge] INPUT OWNER = 'agent' (sole writer; others dropped+logged)

   [travel] start map=(3, 14) coords=(8, 24) -> coord (18, 13) (budget 300s, surf-capable)

   [travel] path blocked at (8, 24) (NPC on the gap?) - waiting

   [travel] no clean path from (8, 24) AND no NPC-allowing path (npcs nearby=[(7, 24), (8, 23), (9, 23), (9, 24), (10, 22), (10, 24), (11, 23), (14, 31), (18, 17)]) - genuine wall/zone gap, will time out

   [travel] !! TRAVEL WEDGE: identical fp x4 retries at (8, 24) map=(3, 14) (reason=no_route) -> returning to roam LOUD (no inner spin)

   [campaign]    no reachable door warped (entry geometry?) - LOUD

   [campaign]    !! MART: couldn't enter the Mart

   [campaign]    [hunt] war-chest buy done — +0 Ultra(s), pocket now 5/50

   [campaign] !! [hunt] ULTRA WAR-CHEST FAILED (Three Island Mart bought nothing) — fail 0/2; pocket 5<20 — STAYING on the ferry (never engage this thin) (LOUD)

   [campaign]    [hunt] !!!! ULTRA WAR-CHEST BUY — 5/50 Ultras, buying up to 45 at Three Island Mart (LOUD)

   [campaign]    8 door(s); candidates (chosen order): [(18, 12)]

   [campaign]    reachable door (18, 12): walking to approach (18, 13)

   [Bridge] INPUT OWNER = 'agent' (sole writer; others dropped+logged)

   [travel] start map=(3, 14) coords=(8, 24) -> coord (18, 13) (budget 300s, surf-capable)

   [travel] path blocked at (8, 24) (NPC on the gap?) - waiting

   [travel] no clean path from (8, 24) AND no NPC-allowing path (npcs nearby=[(7, 24), (8, 23), (9, 23), (9, 24), (10, 22), (10, 24), (11, 23), (14, 31), (18, 17)]) - genuine wall/zone gap, will time out

   [travel] !! TRAVEL WEDGE: identical fp x4 retries at (8, 24) map=(3, 14) (reason=no_route) -> returning to roam LOUD (no inner spin)

   [campaign]    no reachable door warped (entry geometry?) - LOUD

   [campaign]    !! MART: couldn't enter the Mart

   [campaign]    [hunt] war-chest buy done — +0 Ultra(s), pocket now 5/50

   [campaign] !! [hunt] ULTRA WAR-CHEST FAILED (Three Island Mart bought nothing) — fail 1/2; pocket 5<20 — STAYING on the ferry (never engage this thin) (LOUD)

   [campaign]    [hunt] !!!! ULTRA WAR-CHEST BUY — 5/50 Ultras, buying up to 45 at Three Island Mart (LOUD)

   [campaign]    8 door(s); candidates (chosen order): [(18, 12)]

   [campaign]    reachable door (18, 12): walking to approach (18, 13)

   [Bridge] INPUT OWNER = 'agent' (sole writer; others dropped+logged)

   [travel] start map=(3, 14) coords=(8, 24) -> coord (18, 13) (budget 300s, surf-capable)

   [travel] path blocked at (8, 24) (NPC on the gap?) - waiting

   [travel] no clean path from (8, 24) AND no NPC-allowing path (npcs nearby=[(7, 24), (8, 23), (9, 23), (9, 24), (10, 22), (10, 24), (11, 23), (14, 31), (18, 17)]) - genuine wall/zone gap, will time out

   [travel] !! TRAVEL WEDGE: identical fp x4 retries at (8, 24) map=(3, 14) (reason=no_route) -> returning to roam LOUD (no inner spin)

   [campaign]    no reachable door warped (entry geometry?) - LOUD

   [campaign]    !! MART: couldn't enter the Mart

   [campaign]    [hunt] war-chest buy done — +0 Ultra(s), pocket now 5/50

   [campaign] !! [hunt] ULTRA WAR-CHEST FAILED (Three Island Mart bought nothing) — fail 0/2; pocket 5<20 — STAYING on the ferry (never engage this thin) (LOUD)

   [campaign]    [hunt] !!!! ULTRA WAR-CHEST BUY — 5/50 Ultras, buying up to 45 at Three Island Mart (LOUD)

   [campaign]    8 door(s); candidates (chosen order): [(18, 12)]

   [campaign]    reachable door (18, 12): walking to approach (18, 13)

   [Bridge] INPUT OWNER = 'agent' (sole writer; others dropped+logged)

   [travel] start map=(3, 14) coords=(8, 24) -> coord (18, 13) (budget 300s, surf-capable)

   [travel] path blocked at (8, 24) (NPC on the gap?) - waiting

   [travel] no clean path from (8, 24) AND no NPC-allowing path (npcs nearby=[(7, 24), (8, 23), (9, 23), (9, 24), (10, 22), (10, 24), (11, 23), (14, 31), (18, 17)]) - genuine wall/zone gap, will time out

   [travel] !! TRAVEL WEDGE: identical fp x4 retries at (8, 24) map=(3, 14) (reason=no_route) -> returning to roam LOUD (no inner spin)

   [campaign]    no reachable door warped (entry geometry?) - LOUD

   [campaign]    !! MART: couldn't enter the Mart

   [campaign]    [hunt] war-chest buy done — +0 Ultra(s), pocket now 5/50

   [campaign] !! [hunt] ULTRA WAR-CHEST FAILED (Three Island Mart bought nothing) — fail 1/2; pocket 5<20 — STAYING on the ferry (never engage this thin) (LOUD)

   [campaign]    [hunt] !!!! ULTRA WAR-CHEST BUY — 5/50 Ultras, buying up to 45 at Three Island Mart (LOUD)

   [campaign]    8 door(s); candidates (chosen order): [(18, 12)]

   [campaign]    reachable door (18, 12): walking to approach (18, 13)

   [Bridge] INPUT OWNER = 'agent' (sole writer; others dropped+logged)

   [travel] start map=(3, 14) coords=(8, 24) -> coord (18, 13) (budget 300s, surf-capable)

   [travel] path blocked at (8, 24) (NPC on the gap?) - waiting

   [travel] no clean path from (8, 24) AND no NPC-allowing path (npcs nearby=[(7, 24), (8, 23), (9, 23), (9, 24), (10, 22), (10, 24), (11, 23), (14, 31), (18, 17)]) - genuine wall/zone gap, will time out

   [travel] !! TRAVEL WEDGE: identical fp x4 retries at (8, 24) map=(3, 14) (reason=no_route) -> returning to roam LOUD (no inner spin)

   [campaign]    no reachable door warped (entry geometry?) - LOUD

   [campaign]    !! MART: couldn't enter the Mart

   [campaign]    [hunt] war-chest buy done — +0 Ultra(s), pocket now 5/50

   [campaign] !! [hunt] ULTRA WAR-CHEST FAILED (Three Island Mart bought nothing) — fail 0/2; pocket 5<20 — STAYING on the ferry (never engage this thin) (LOUD)

   [campaign]    [hunt] !!!! ULTRA WAR-CHEST BUY — 5/50 Ultras, buying up to 45 at Three Island Mart (LOUD)

   [campaign]    8 door(s); candidates (chosen order): [(18, 12)]

   [campaign]    reachable door (18, 12): walking to approach (18, 13)

   [Bridge] INPUT OWNER = 'agent' (sole writer; others dropped+logged)

   [travel] start map=(3, 14) coords=(8, 24) -> coord (18, 13) (budget 300s, surf-capable)

   [travel] path blocked at (8, 24) (NPC on the gap?) - waiting

   [travel] no clean path from (8, 24) AND no NPC-allowing path (npcs nearby=[(7, 24), (8, 23), (9, 23), (9, 24), (10, 22), (10, 24), (11, 23), (14, 31), (18, 17)]) - genuine wall/zone gap, will time out

   [travel] !! TRAVEL WEDGE: identical fp x4 retries at (8, 24) map=(3, 14) (reason=no_route) -> returning to roam LOUD (no inner spin)

   [campaign]    no reachable door warped (entry geometry?) - LOUD

   [campaign]    !! MART: couldn't enter the Mart

   [campaign]    [hunt] war-chest buy done — +0 Ultra(s), pocket now 5/50

   [campaign] !! [hunt] ULTRA WAR-CHEST FAILED (Three Island Mart bought nothing) — fail 1/2; pocket 5<20 — STAYING on the ferry (never engage this thin) (LOUD)

   [campaign]    [hunt] !!!! ULTRA WAR-CHEST BUY — 5/50 Ultras, buying up to 45 at Three Island Mart (LOUD)

   [campaign]    8 door(s); candidates (chosen order): [(18, 12)]

   [campaign]    reachable door (18, 12): walking to approach (18, 13)

   [Bridge] INPUT OWNER = 'agent' (sole writer; others dropped+logged)

   [travel] start map=(3, 14) coords=(8, 24) -> coord (18, 13) (budget 300s, surf-capable)

   [travel] path blocked at (8, 24) (NPC on the gap?) - waiting

   [travel] no clean path from (8, 24) AND no NPC-allowing path (npcs nearby=[(7, 24), (8, 23), (9, 23), (9, 24), (10, 22), (10, 24), (11, 23), (15, 31), (18, 17)]) - genuine wall/zone gap, will time out

   [travel] !! TRAVEL WEDGE: identical fp x4 retries at (8, 24) map=(3, 14) (reason=no_route) -> returning to roam LOUD (no inner spin)

   [campaign]    no reachable door warped (entry geometry?) - LOUD

   [campaign]    !! MART: couldn't enter the Mart

   [campaign]    [hunt] war-chest buy done — +0 Ultra(s), pocket now 5/50

   [campaign] !! [hunt] ULTRA WAR-CHEST FAILED (Three Island Mart bought nothing) — fail 0/2; pocket 5<20 — STAYING on the ferry (never engage this thin) (LOUD)

   [campaign]    [hunt] !!!! ULTRA WAR-CHEST BUY — 5/50 Ultras, buying up to 45 at Three Island Mart (LOUD)

   [campaign]    8 door(s); candidates (chosen order): [(18, 12)]

   [campaign]    reachable door (18, 12): walking to approach (18, 13)

   [Bridge] INPUT OWNER = 'agent' (sole writer; others dropped+logged)

   [travel] start map=(3, 14) coords=(8, 24) -> coord (18, 13) (budget 300s, surf-capable)

   [travel] path blocked at (8, 24) (NPC on the gap?) - waiting

   [travel] no clean path from (8, 24) AND no NPC-allowing path (npcs nearby=[(7, 24), (8, 23), (9, 23), (9, 24), (10, 22), (10, 24), (11, 23), (16, 31), (18, 17)]) - genuine wall/zone gap, will time out

   [travel] !! TRAVEL WEDGE: identical fp x4 retries at (8, 24) map=(3, 14) (reason=no_route) -> returning to roam LOUD (no inner spin)

   [campaign]    no reachable door warped (entry geometry?) - LOUD

   [campaign]    !! MART: couldn't enter the Mart

   [campaign]    [hunt] war-chest buy done — +0 Ultra(s), pocket now 5/50

   [campaign] !! [hunt] ULTRA WAR-CHEST FAILED (Three Island Mart bought nothing) — fail 1/2; pocket 5<20 — STAYING on the ferry (never engage this thin) (LOUD)

   [campaign]    [hunt] !!!! ULTRA WAR-CHEST BUY — 5/50 Ultras, buying up to 45 at Three Island Mart (LOUD)

   [campaign]    8 door(s); candidates (chosen order): [(18, 12)]

   [campaign]    reachable door (18, 12): walking to approach (18, 13)

   [Bridge] INPUT OWNER = 'agent' (sole writer; others dropped+logged)

   [travel] start map=(3, 14) coords=(8, 24) -> coord (18, 13) (budget 300s, surf-capable)

   [travel] path blocked at (8, 24) (NPC on the gap?) - waiting

   [travel] no clean path from (8, 24) AND no NPC-allowing path (npcs nearby=[(7, 24), (8, 23), (9, 23), (9, 24), (10, 22), (10, 24), (11, 23), (15, 31), (18, 17)]) - genuine wall/zone gap, will time out

   [travel] !! TRAVEL WEDGE: identical fp x4 retries at (8, 24) map=(3, 14) (reason=no_route) -> returning to roam LOUD (no inner spin)

   [campaign]    no reachable door warped (entry geometry?) - LOUD

   [campaign]    !! MART: couldn't enter the Mart

   [campaign]    [hunt] war-chest buy done — +0 Ultra(s), pocket now 5/50

   [campaign] !! [hunt] ULTRA WAR-CHEST FAILED (Three Island Mart bought nothing) — fail 0/2; pocket 5<20 — STAYING on the ferry (never engage this thin) (LOUD)

   [campaign]    [hunt] !!!! ULTRA WAR-CHEST BUY — 5/50 Ultras, buying up to 45 at Three Island Mart (LOUD)

   [campaign]    8 door(s); candidates (chosen order): [(18, 12)]

   [campaign]    reachable door (18, 12): walking to approach (18, 13)

   [Bridge] INPUT OWNER = 'agent' (sole writer; others dropped+logged)

   [travel] start map=(3, 14) coords=(8, 24) -> coord (18, 13) (budget 300s, surf-capable)

   [travel] path blocked at (8, 24) (NPC on the gap?) - waiting

   [travel] no clean path from (8, 24) AND no NPC-allowing path (npcs nearby=[(7, 24), (8, 23), (9, 23), (9, 24), (10, 22), (10, 24), (11, 23), (16, 31), (18, 17)]) - genuine wall/zone gap, will time out

   [travel] !! TRAVEL WEDGE: identical fp x4 retries at (8, 24) map=(3, 14) (reason=no_route) -> returning to roam LOUD (no inner spin)

   [campaign]    no reachable door warped (entry geometry?) - LOUD

   [campaign]    !! MART: couldn't enter the Mart

   [campaign]    [hunt] war-chest buy done — +0 Ultra(s), pocket now 5/50

   [campaign] !! [hunt] ULTRA WAR-CHEST FAILED (Three Island Mart bought nothing) — fail 1/2; pocket 5<20 — STAYING on the ferry (never engage this thin) (LOUD)

   [campaign]    [hunt] !!!! ULTRA WAR-CHEST BUY — 5/50 Ultras, buying up to 45 at Three Island Mart (LOUD)

   [campaign]    8 door(s); candidates (chosen order): [(18, 12)]

   [campaign]    reachable door (18, 12): walking to approach (18, 13)

   [Bridge] INPUT OWNER = 'agent' (sole writer; others dropped+logged)

   [travel] start map=(3, 14) coords=(8, 24) -> coord (18, 13) (budget 300s, surf-capable)

   [travel] path blocked at (8, 24) (NPC on the gap?) - waiting

   [travel] no clean path from (8, 24) AND no NPC-allowing path (npcs nearby=[(7, 24), (8, 23), (9, 23), (9, 24), (10, 22), (10, 24), (11, 23), (16, 31), (18, 17)]) - genuine wall/zone gap, will time out

   [travel] !! TRAVEL WEDGE: identical fp x4 retries at (8, 24) map=(3, 14) (reason=no_route) -> returning to roam LOUD (no inner spin)

   [campaign]    no reachable door warped (entry geometry?) - LOUD

   [campaign]    !! MART: couldn't enter the Mart

   [campaign]    [hunt] war-chest buy done — +0 Ultra(s), pocket now 5/50

   [campaign] !! [hunt] ULTRA WAR-CHEST FAILED (Three Island Mart bought nothing) — fail 0/2; pocket 5<20 — STAYING on the ferry (never engage this thin) (LOUD)

   [campaign]    [hunt] !!!! ULTRA WAR-CHEST BUY — 5/50 Ultras, buying up to 45 at Three Island Mart (LOUD)

   [campaign]    8 door(s); candidates (chosen order): [(18, 12)]

   [campaign]    reachable door (18, 12): walking to approach (18, 13)

   [Bridge] INPUT OWNER = 'agent' (sole writer; others dropped+logged)

   [travel] start map=(3, 14) coords=(8, 24) -> coord (18, 13) (budget 300s, surf-capable)

   [travel] path blocked at (8, 24) (NPC on the gap?) - waiting

   [travel] no clean path from (8, 24) AND no NPC-allowing path (npcs nearby=[(7, 24), (8, 23), (9, 23), (9, 24), (10, 22), (10, 24), (11, 23), (16, 31), (18, 17)]) - genuine wall/zone gap, will time out

   [travel] !! TRAVEL WEDGE: identical fp x4 retries at (8, 24) map=(3, 14) (reason=no_route) -> returning to roam LOUD (no inner spin)

   [campaign]    no reachable door warped (entry geometry?) - LOUD

   [campaign]    !! MART: couldn't enter the Mart

   [campaign]    [hunt] war-chest buy done — +0 Ultra(s), pocket now 5/50

   [campaign] !! [hunt] ULTRA WAR-CHEST FAILED (Three Island Mart bought nothing) — fail 1/2; pocket 5<20 — STAYING on the ferry (never engage this thin) (LOUD)

   [campaign]    [hunt] !!!! ULTRA WAR-CHEST BUY — 5/50 Ultras, buying up to 45 at Three Island Mart (LOUD)

   [campaign]    8 door(s); candidates (chosen order): [(18, 12)]

   [campaign]    reachable door (18, 12): walking to approach (18, 13)

   [Bridge] INPUT OWNER = 'agent' (sole writer; others dropped+logged)

   [travel] start map=(3, 14) coords=(8, 24) -> coord (18, 13) (budget 300s, surf-capable)

   [travel] path blocked at (8, 24) (NPC on the gap?) - waiting

   [travel] no clean path from (8, 24) AND no NPC-allowing path (npcs nearby=[(7, 24), (8, 23), (9, 23), (9, 24), (10, 22), (10, 24), (11, 23), (16, 31), (18, 17)]) - genuine wall/zone gap, will time out

   [travel] !! TRAVEL WEDGE: identical fp x4 retries at (8, 24) map=(3, 14) (reason=no_route) -> returning to roam LOUD (no inner spin)

   [campaign]    no reachable door warped (entry geometry?) - LOUD

   [campaign]    !! MART: couldn't enter the Mart

   [campaign]    [hunt] war-chest buy done — +0 Ultra(s), pocket now 5/50

   [campaign] !! [hunt] ULTRA WAR-CHEST FAILED (Three Island Mart bought nothing) — fail 0/2; pocket 5<20 — STAYING on the ferry (never engage this thin) (LOUD)

   [campaign]    [hunt] !!!! ULTRA WAR-CHEST BUY — 5/50 Ultras, buying up to 45 at Three Island Mart (LOUD)

   [campaign]    8 door(s); candidates (chosen order): [(18, 12)]

   [campaign]    reachable door (18, 12): walking to approach (18, 13)

   [Bridge] INPUT OWNER = 'agent' (sole writer; others dropped+logged)

   [travel] start map=(3, 14) coords=(8, 24) -> coord (18, 13) (budget 300s, surf-capable)

   [travel] path blocked at (8, 24) (NPC on the gap?) - waiting

   [travel] no clean path from (8, 24) AND no NPC-allowing path (npcs nearby=[(7, 24), (8, 23), (9, 23), (9, 24), (10, 22), (10, 24), (11, 23), (16, 31), (18, 17)]) - genuine wall/zone gap, will time out

   [travel] !! TRAVEL WEDGE: identical fp x4 retries at (8, 24) map=(3, 14) (reason=no_route) -> returning to roam LOUD (no inner spin)

   [campaign]    no reachable door warped (entry geometry?) - LOUD

   [campaign]    !! MART: couldn't enter the Mart

   [campaign]    [hunt] war-chest buy done — +0 Ultra(s), pocket now 5/50

   [campaign] !! [hunt] ULTRA WAR-CHEST FAILED (Three Island Mart bought nothing) — fail 1/2; pocket 5<20 — STAYING on the ferry (never engage this thin) (LOUD)

   [campaign]    [hunt] !!!! ULTRA WAR-CHEST BUY — 5/50 Ultras, buying up to 45 at Three Island Mart (LOUD)

   [campaign]    8 door(s); candidates (chosen order): [(18, 12)]

   [campaign]    reachable door (18, 12): walking to approach (18, 13)

   [Bridge] INPUT OWNER = 'agent' (sole writer; others dropped+logged)

   [travel] start map=(3, 14) coords=(8, 24) -> coord (18, 13) (budget 300s, surf-capable)

   [travel] path blocked at (8, 24) (NPC on the gap?) - waiting

   [pkmn-audio] !! AUDIO CHILD DIED (exit=None, ran 379s, restart 1/8) — GAME CONTINUES; respawning audio.

