===== playlive_2026-08-08_12-01-24.log =====
   [travel] start map=(3, 34) coords=(20, 6) -> map (3, 6) (budget 300s, surf-capable)
   [travel] east connection band rows: [12, 13, 14]
   [travel] path blocked at (20, 6) (NPC on the gap?) - waiting
   [travel] no clean path from (20, 6) AND no NPC-allowing path (npcs nearby=[(12, 12), (14, 14), (16, 12), (30, 5)]) - genuine wall/zone gap, will time out
   [travel] !! TRAVEL WEDGE: identical fp x4 retries at (20, 6) map=(3, 34) (reason=no_route) -> returning to roam LOUD (no inner spin)
   [travel] start map=(3, 34) coords=(20, 5) -> coord (20, 7) (budget 240s, surf-capable)
   [travel] step 0: (20, 5)->(20, 6) map=(3, 34) (path 3 to exit)
   [travel] reached target coord (20, 7)
   [travel] start map=(3, 34) coords=(20, 5) -> coord (19, 6) (budget 60s, surf-capable)
   [travel] step 0: (20, 5)->(20, 6) map=(3, 34) (path 3 to exit)
   [travel] reached target coord (19, 6)
   [travel] start map=(25, 1) coords=(1, 3) -> coord (9, 16) (budget 110s, surf-capable)
   [travel] path blocked at (1, 3) (NPC on the gap?) - waiting
   [travel] no clean path from (1, 3) AND no NPC-allowing path (npcs nearby=[(6, 8), (8, 4)]) - genuine wall/zone gap, will time out
   [travel] !! TRAVEL WEDGE: identical fp x4 retries at (1, 3) map=(25, 1) (reason=no_route) -> returning to roam LOUD (no inner spin)
   [travel] start map=(25, 1) coords=(1, 3) -> coord (11, 12) (budget 110s, surf-capable)
   [travel] path blocked at (1, 3) (NPC on the gap?) - waiting
   [travel] no clean path from (1, 3) AND no NPC-allowing path (npcs nearby=[(6, 8), (8, 4)]) - genuine wall/zone gap, will time out
   [travel] !! TRAVEL WEDGE: identical fp x4 retries at (1, 3) map=(25, 1) (reason=no_route) -> returning to roam LOUD (no inner spin)
   [travel] start map=(25, 1) coords=(1, 3) -> coord (11, 3) (budget 110s, surf-capable)
   [travel] step 0: (1, 3)->(2, 3) map=(25, 1) (path 11 to exit)
   [travel] reached target coord (11, 3)
   [travel] start map=(25, 1) coords=(11, 3) -> coord (10, 3) (budget 60s, surf-capable)
   [travel] step 0: (11, 3)->(27, 6) map=(25, 1) (path 2 to exit)
   [travel] MAP TRANSITION (25, 1) -> (3, 34)
   [travel] coord leg ended by the transition -> (3, 34) (target (10, 3) was the old map's frame)
   [travel] start map=(3, 34) coords=(27, 6) -> coord (11, 4) (budget 45s, surf-capable)
   [travel] path blocked at (27, 6) (NPC on the gap?) - waiting
   [travel] no clean path from (27, 6) AND no NPC-allowing path (npcs nearby=[(30, 5), (31, 5)]) - genuine wall/zone gap, will time out
   [travel] !! TRAVEL WEDGE: identical fp x4 retries at (27, 6) map=(3, 34) (reason=no_route) -> returning to roam LOUD (no inner spin)
   [travel] start map=(3, 34) coords=(27, 6) -> coord (11, 2) (budget 45s, surf-capable)
   [travel] path blocked at (27, 6) (NPC on the gap?) - waiting
   [travel] no clean path from (27, 6) AND no NPC-allowing path (npcs nearby=[(30, 5), (31, 5)]) - genuine wall/zone gap, will time out
   [travel] !! TRAVEL WEDGE: identical fp x4 retries at (27, 6) map=(3, 34) (reason=no_route) -> returning to roam LOUD (no inner spin)
   [travel] start map=(3, 34) coords=(27, 6) -> coord (10, 3) (budget 45s, surf-capable)
   [travel] path blocked at (27, 6) (NPC on the gap?) - waiting
   [travel] no clean path from (27, 6) AND no NPC-allowing path (npcs nearby=[(30, 5), (31, 5)]) - genuine wall/zone gap, will time out
   [travel] !! TRAVEL WEDGE: identical fp x4 retries at (27, 6) map=(3, 34) (reason=no_route) -> returning to roam LOUD (no inner spin)
   [travel] start map=(3, 34) coords=(27, 6) -> coord (12, 3) (budget 45s, surf-capable)
   [travel] path blocked at (27, 6) (NPC on the gap?) - waiting
   [travel] no clean path from (27, 6) AND no NPC-allowing path (npcs nearby=[(30, 5), (31, 5)]) - genuine wall/zone gap, will time out
   [travel] !! TRAVEL WEDGE: identical fp x4 retries at (27, 6) map=(3, 34) (reason=no_route) -> returning to roam LOUD (no inner spin)
   [travel] start map=(3, 34) coords=(27, 6) -> coord (1, 12) (budget 110s, surf-capable)
   [travel] path blocked at (27, 6) (NPC on the gap?) - waiting
   [travel] no clean path from (27, 6) AND no NPC-allowing path (npcs nearby=[(30, 5), (31, 5)]) - genuine wall/zone gap, will time out
   [travel] !! TRAVEL WEDGE: identical fp x4 retries at (27, 6) map=(3, 34) (reason=no_route) -> returning to roam LOUD (no inner spin)
   [travel] start map=(3, 34) coords=(27, 6) -> map (3, 6) (budget 300s, surf-capable)
   [travel] east connection band rows: [12, 13, 14]
   [travel] step 0: (27, 6)->(27, 7) map=(3, 34) (path 28 to exit)
   [travel] step 10: (33, 10)->(34, 10) map=(3, 34) (path 18 to exit)
   [travel] path blocked at (41, 10) (NPC on the gap?) - waiting
   [travel] no clean path from (41, 10); NPC-allowing path EXISTS (len 10), blocker NPC tile=(41, 11), npcs nearby=[(41, 11)] -> approaching to interact/trigger
   [campaign]    [dlg hm-cut] 'This tree looks like it can be CUT down! Would you like to CUT it?'
   [campaign]    [dlg hm-cut] 'DIGLETT used CUT!'
   [campaign]    [dlg-pace hm-cut] box 'This tree looks like it can be CUT down! Would y' visible 1.78s (sink 0ms, hold 0.10s, end=next_box)
   [campaign]    [dlg-pace hm-cut] box 'DIGLETT used CUT!' visible 4.25s (sink 0ms, hold 0.04s, end=closed)
   [travel] FIELD OBSTACLE (41, 11) on (3, 34) CLEARED with cut — continuing the leg
   [travel] !! WATCHDOG disengage requested — bailing this leg LOUD
   [travel] start map=(3, 34) coords=(41, 9) -> map (3, 6) (budget 300s, surf-capable)
   [travel] east connection band rows: [12, 13, 14]
   [travel] releasing 1 stale NPC block(s) [(41, 11)] — tile(s) read empty now (wanderer moved on)
   [travel] step 0: (41, 9)->(41, 10) map=(3, 34) (path 11 to exit)
   [travel] MAP TRANSITION (3, 34) -> (3, 6)
   [travel] east connection band rows: [0, 1, 2, 3, 4, 5, 6, 7, 8, 9, 12, 13, 14, 15, 30, 31, 32, 33, 34, 35, 36, 37, 38, 39]
   [travel] ARRIVED at target map (3, 6) coords=(0, 22)
   [travel] start map=(3, 6) coords=(0, 22) -> coord (48, 12) (budget 120s, surf-capable)
   [travel] step 0: (0, 22)->(1, 22) map=(3, 6) (path 59 to exit)
   [travel] step 10: (4, 16)->(4, 15) map=(3, 6) (path 49 to exit)
   [travel] step 20: (13, 15)->(14, 15) map=(3, 6) (path 39 to exit)
   [travel] step 30: (20, 12)->(21, 12) map=(3, 6) (path 29 to exit)
   [travel] HEARTBEAT step=40 map=(3, 6) coords=(30, 12) elapsed=5s
   [travel] step 40: (30, 12)->(31, 12) map=(3, 6) (path 19 to exit)
   [travel] step 50: (40, 12)->(41, 12) map=(3, 6) (path 9 to exit)
   [travel] reached target coord (48, 12)
   [travel] start map=(10, 12) coords=(11, 2) -> coord (7, 7) (budget 60s, surf-capable)
   [travel] step 0: (11, 2)->(11, 3) map=(10, 12) (path 10 to exit)
   [travel] reached target coord (7, 7)
   [travel] start map=(3, 6) coords=(48, 12) -> map (3, 25) (budget 300s, surf-capable)
   [travel] east connection band rows: [0, 1, 2, 3, 4, 5, 6, 7, 8, 9, 12, 13, 14, 15, 30, 31, 32, 33, 34, 35, 36, 37, 38, 39]
   [travel] step 0: (48, 12)->(49, 12) map=(3, 6) (path 13 to exit)
   [travel] step 10: (58, 12)->(59, 12) map=(3, 6) (path 3 to exit)
   [travel] MAP TRANSITION (3, 6) -> (3, 25)
   [travel] east connection band rows: [8, 9, 10, 11, 13]
   [travel] ARRIVED at target map (3, 25) coords=(0, 2)
   [travel] start map=(3, 25) coords=(0, 2) -> coord (7, 14) (budget 300s, surf-capable)
   [travel] path blocked at (0, 2) (NPC on the gap?) - waiting
   [travel] no clean path from (0, 2) AND no NPC-allowing path (npcs nearby=[]) - genuine wall/zone gap, will time out
   [travel] !! TRAVEL WEDGE: identical fp x4 retries at (0, 2) map=(3, 25) (reason=no_route) -> returning to roam LOUD (no inner spin)
   [travel] start map=(3, 25) coords=(0, 2) -> coord (7, 15) (budget 300s, surf-capable)
   [travel] step 0: (0, 2)->(0, 3) map=(3, 25) (path 19 to exit)
   [travel] step 10: (4, 8)->(4, 9) map=(3, 25) (path 10 to exit)
   [travel] reached target coord (7, 15)
   [travel] start map=(1, 33) coords=(6, 8) -> coord (7, 4) (budget 300s, surf-capable)
   [travel] step 0: (6, 8)->(6, 7) map=(1, 33) (path 6 to exit)
   [travel] reached target coord (7, 4)
   [travel] start map=(1, 33) coords=(7, 4) -> coord (8, 4) (budget 60s, surf-capable)
   [travel] step 0: (7, 4)->(8, 4) map=(1, 33) (path 2 to exit)
   [travel] reached target coord (8, 4)
   [travel] start map=(1, 34) coords=(3, 4) -> coord (76, 3) (budget 300s, surf-capable)
   [travel] step 0: (3, 4)->(3, 3) map=(1, 34) (path 75 to exit)
   [travel] step 10: (12, 3)->(13, 3) map=(1, 34) (path 65 to exit)
   [travel] step 20: (22, 3)->(23, 3) map=(1, 34) (path 55 to exit)
   [travel] step 30: (32, 3)->(33, 3) map=(1, 34) (path 45 to exit)
   [travel] HEARTBEAT step=40 map=(1, 34) coords=(42, 3) elapsed=5s
   [travel] step 40: (42, 3)->(43, 3) map=(1, 34) (path 35 to exit)
   [travel] step 50: (52, 3)->(53, 3) map=(1, 34) (path 25 to exit)
   [travel] step 60: (62, 3)->(63, 3) map=(1, 34) (path 15 to exit)
   [travel] step 70: (72, 3)->(73, 3) map=(1, 34) (path 5 to exit)
   [travel] reached target coord (76, 3)
   [travel] start map=(1, 34) coords=(76, 3) -> coord (75, 3) (budget 60s, surf-capable)
   [travel] step 0: (76, 3)->(75, 3) map=(1, 34) (path 2 to exit)
   [travel] reached target coord (75, 3)
   [travel] start map=(1, 35) coords=(7, 4) -> coord (5, 8) (budget 300s, surf-capable)
   [travel] step 0: (7, 4)->(7, 5) map=(1, 35) (path 7 to exit)
   [travel] reached target coord (5, 8)
   [travel] start map=(1, 35) coords=(5, 7) -> coord (6, 7) (budget 60s, surf-capable)
   [travel] path blocked at (5, 7) (NPC on the gap?) - waiting
   [travel] no clean path from (5, 7); NPC-allowing path EXISTS (len 2), blocker NPC tile=None, npcs nearby=[(5, 6)] -> approaching to interact/trigger
   [travel] !! WATCHDOG disengage requested — bailing this leg LOUD
   [travel] start map=(1, 35) coords=(6, 7) -> coord (6, 9) (budget 45s, surf-capable)
   [travel] !! WATCHDOG disengage requested — bailing this leg LOUD
   [travel] start map=(1, 35) coords=(6, 7) -> coord (6, 7) (budget 45s, surf-capable)
   [travel] reached target coord (6, 7)
   [travel] start map=(3, 26) coords=(13, 5) -> coord (7, 10) (budget 300s, surf-capable)
   [travel] step 0: (13, 5)->(13, 6) map=(3, 26) (path 12 to exit)
   [travel] step 10: (8, 10)->(7, 10) map=(3, 26) (path 2 to exit)
   [travel] reached target coord (7, 10)
   [travel] start map=(3, 26) coords=(7, 8) -> coord (7, 11) (budget 300s, surf-capable)
   [travel] step 0: (7, 8)->(7, 9) map=(3, 26) (path 4 to exit)
   [travel] reached target coord (7, 11)
   [travel] start map=(3, 26) coords=(7, 8) -> coord (8, 10) (budget 60s, surf-capable)
   [travel] step 0: (7, 8)->(7, 9) map=(3, 26) (path 4 to exit)
   [travel] reached target coord (8, 10)
   [travel] start map=(20, 0) coords=(11, 5) -> coord (11, 5) (budget 300s, surf-capable)
   [travel] reached target coord (11, 5)
   [travel] start map=(20, 0) coords=(11, 5) -> coord (10, 5) (budget 60s, surf-capable)
   [travel] step 0: (11, 5)->(10, 5) map=(20, 0) (path 2 to exit)
   [travel] reached target coord (10, 5)
   [travel] start map=(3, 26) coords=(7, 10) -> coord (7, 10) (budget 300s, surf-capable)
   [travel] reached target coord (7, 10)
   [travel] start map=(3, 26) coords=(7, 8) -> coord (7, 11) (budget 300s, surf-capable)
   [travel] step 0: (7, 8)->(7, 9) map=(3, 26) (path 4 to exit)
   [travel] reached target coord (7, 11)
   [travel] start map=(3, 26) coords=(7, 8) -> coord (8, 10) (budget 60s, surf-capable)
   [travel] step 0: (7, 8)->(7, 9) map=(3, 26) (path 4 to exit)
   [travel] reached target coord (8, 10)
   [travel] start map=(20, 0) coords=(11, 5) -> coord (11, 5) (budget 300s, surf-capable)
   [travel] reached target coord (11, 5)
   [travel] start map=(20, 0) coords=(11, 5) -> coord (10, 5) (budget 60s, surf-capable)
   [travel] step 0: (11, 5)->(10, 5) map=(20, 0) (path 2 to exit)
   [travel] reached target coord (10, 5)
   [travel] start map=(3, 26) coords=(7, 10) -> map (3, 4) (budget 300s, surf-capable)
   [travel] east connection band rows: [5, 6, 7, 8, 9, 10, 11, 12, 13, 14, 15, 16, 17, 18]
   [travel] step 0: (7, 10)->(7, 11) map=(3, 26) (path 87 to exit)
   [travel] step 10: (13, 14)->(14, 14) map=(3, 26) (path 77 to exit)
   [travel] step 20: (23, 14)->(24, 14) map=(3, 26) (path 67 to exit)
   [travel] step 30: (26, 7)->(27, 7) map=(3, 26) (path 57 to exit)
   [travel] HEARTBEAT step=40 map=(3, 26) coords=(36, 7) elapsed=5s
   [travel] step 40: (36, 7)->(37, 7) map=(3, 26) (path 47 to exit)
   [travel] step 50: (46, 7)->(47, 7) map=(3, 26) (path 37 to exit)
   [travel] step 60: (49, 14)->(50, 14) map=(3, 26) (path 27 to exit)
   [travel] step 70: (59, 14)->(60, 14) map=(3, 26) (path 17 to exit)
   [travel] HEARTBEAT step=80 map=(3, 26) coords=(64, 11) elapsed=22s
   [travel] step 80: (64, 11)->(65, 11) map=(3, 26) (path 9 to exit)
   [travel] MAP TRANSITION (3, 26) -> (3, 4)
   [travel] east connection band rows: [0, 1, 2, 3, 4, 5, 6, 7, 8, 9, 10, 11, 12, 13, 14, 15, 16, 17, 18, 19]
   [travel] ARRIVED at target map (3, 4) coords=(0, 11)
   [travel] start map=(3, 4) coords=(0, 11) -> map (3, 28) (budget 300s, surf-capable)
   [travel] north connection band cols: [8, 9, 10, 11, 12, 24]
   [travel] step 0: (0, 11)->(0, 10) map=(3, 4) (path 21 to exit)
   [travel] step 10: (5, 6)->(6, 6) map=(3, 4) (path 11 to exit)
   [travel] MAP TRANSITION (3, 4) -> (3, 28)
   [travel] north connection band cols: [0, 1, 2, 3, 4, 5, 6, 7, 8, 9, 10, 11, 12, 13, 14, 15, 16, 17, 18, 19, 20, 21, 22, 23, 24]
   [travel] ARRIVED at target map (3, 28) coords=(9, 79)
   [travel] start map=(3, 28) coords=(9, 79) -> map (3, 4) (budget 180s, surf-capable)
   [travel] south connection band cols: [8, 9, 10, 11, 12, 24]
   [travel] MAP TRANSITION (3, 28) -> (3, 4)
   [travel] south connection band cols: [11, 12, 24]
   [travel] ARRIVED at target map (3, 4) coords=(9, 0)
   [travel] start map=(3, 4) coords=(9, 0) -> map (3, 28) (budget 300s, surf-capable)
   [travel] north connection band cols: [8, 9, 10, 11, 12, 24]
   [travel] MAP TRANSITION (3, 4) -> (3, 28)
   [travel] north connection band cols: [0, 1, 2, 3, 4, 5, 6, 7, 8, 9, 10, 11, 12, 13, 14, 15, 16, 17, 18, 19, 20, 21, 22, 23, 24]
   [travel] ARRIVED at target map (3, 28) coords=(9, 79)
   [travel] start map=(3, 28) coords=(9, 79) -> map (3, 4) (budget 300s, surf-capable)
   [travel] south connection band cols: [8, 9, 10, 11, 12, 24]
   [travel] MAP TRANSITION (3, 28) -> (3, 4)
   [travel] south connection band cols: [11, 12, 24]
   [travel] ARRIVED at target map (3, 4) coords=(9, 0)
   [travel] start map=(3, 4) coords=(9, 0) -> map (3, 30) (budget 300s, surf-capable)
   [travel] south connection band cols: [11, 12, 24]
   [travel] step 0: (9, 0)->(9, 1) map=(3, 4) (path 25 to exit)
   [travel] step 10: (11, 8)->(12, 8) map=(3, 4) (path 15 to exit)
   [travel] step 20: (13, 16)->(13, 17) map=(3, 4) (path 5 to exit)
   [travel] MAP TRANSITION (3, 4) -> (3, 30)
   [travel] south connection band cols: [14, 15, 16, 17, 18, 19, 20, 21, 22, 23, 24]
   [travel] ARRIVED at target map (3, 30) coords=(12, 0)
   [travel] start map=(3, 30) coords=(12, 0) -> map (3, 31) (budget 300s, surf-capable)
   [travel] south connection band cols: [14, 15, 16, 17, 18, 19, 20, 21, 22, 23, 24]
   [travel] path blocked at (12, 0) (NPC on the gap?) - waiting
   [travel] no clean path from (12, 0) AND no NPC-allowing path (npcs nearby=[]) - genuine wall/zone gap, will time out
   [travel] !! TRAVEL WEDGE: identical fp x4 retries at (12, 0) map=(3, 30) (reason=no_route) -> returning to roam LOUD (no inner spin)
   [travel] start map=(3, 30) coords=(12, 0) -> map (3, 31) (budget 300s, surf-capable)
   [travel] south connection band cols: [14, 15, 16, 17, 18, 19, 20, 21, 22, 23, 24]
   [travel] path blocked at (12, 0) (NPC on the gap?) - waiting
   [travel] no clean path from (12, 0) AND no NPC-allowing path (npcs nearby=[]) - genuine wall/zone gap, will time out
   [travel] !! TRAVEL WEDGE: identical fp x4 retries at (12, 0) map=(3, 30) (reason=no_route) -> returning to roam LOUD (no inner spin)
   [travel] start map=(3, 30) coords=(12, 0) -> map (3, 4) (budget 300s, surf-capable)
   [travel] north connection band cols: [11, 12, 24]
   [travel] MAP TRANSITION (3, 30) -> (3, 4)
   [travel] north connection band cols: [8, 9, 10, 11, 12, 24]
   [travel] ARRIVED at target map (3, 4) coords=(12, 19)
   [travel] start map=(3, 4) coords=(12, 19) -> map (3, 30) (budget 300s, surf-capable)
   [travel] south connection band cols: [11, 12, 24]
   [travel] MAP TRANSITION (3, 4) -> (3, 30)
   [travel] south connection band cols: [14, 15, 16, 17, 18, 19, 20, 21, 22, 23, 24]
   [travel] ARRIVED at target map (3, 30) coords=(12, 0)
===== playlive_2026-08-08_11-28-50.log =====
   [travel] start map=(3, 36) coords=(59, 9) -> map (3, 7) (budget 300s, surf-capable)
   [travel] east connection band rows: [8, 9, 10]
   [travel] step 0: (59, 9)->(0, 19) map=(3, 36) (path 2 to exit)
   [travel] MAP TRANSITION (3, 36) -> (3, 7)
   [travel] east connection band rows: [0, 1, 2, 3, 4, 5, 6, 7, 8, 9, 20, 21, 22, 30, 31, 32, 33, 34, 35, 36, 37, 38, 39]
   [travel] ARRIVED at target map (3, 7) coords=(0, 19)
   [travel] start map=(3, 7) coords=(0, 19) -> map (3, 33) (budget 300s, surf-capable)
   [travel] east connection band rows: [0, 1, 2, 3, 4, 5, 6, 7, 8, 9, 20, 21, 22, 30, 31, 32, 33, 34, 35, 36, 37, 38, 39]
   [travel] step 0: (0, 19)->(0, 20) map=(3, 7) (path 54 to exit)
   [travel] step 10: (6, 23)->(7, 23) map=(3, 7) (path 44 to exit)
   [travel] step 20: (16, 23)->(17, 23) map=(3, 7) (path 34 to exit)
   [travel] step 30: (26, 23)->(26, 22) map=(3, 7) (path 24 to exit)
   [travel] HEARTBEAT step=40 map=(3, 7) coords=(35, 22) elapsed=5s
   [travel] step 40: (35, 22)->(36, 22) map=(3, 7) (path 14 to exit)
   [travel] step 50: (45, 22)->(46, 22) map=(3, 7) (path 4 to exit)
   [travel] MAP TRANSITION (3, 7) -> (3, 33)
   [travel] east connection band rows: [7, 10, 11, 12, 13, 14, 16]
   [travel] ARRIVED at target map (3, 33) coords=(0, 12)
   [travel] start map=(3, 33) coords=(0, 12) -> map (3, 32) (budget 300s, surf-capable)
   [travel] east connection band rows: [7, 10, 11, 12, 13, 14, 16]
   [travel] path blocked at (0, 12) (NPC on the gap?) - waiting
   [travel] no clean path from (0, 12) AND no NPC-allowing path (npcs nearby=[]) - genuine wall/zone gap, will time out
   [travel] !! TRAVEL WEDGE: identical fp x4 retries at (0, 12) map=(3, 33) (reason=no_route) -> returning to roam LOUD (no inner spin)
   [travel] start map=(3, 33) coords=(0, 12) -> coord (9, 12) (budget 240s, surf-capable)
   [travel] step 0: (0, 12)->(1, 12) map=(3, 33) (path 10 to exit)
   [travel] reached target coord (9, 12)
   [travel] start map=(3, 33) coords=(9, 9) -> coord (8, 11) (budget 60s, surf-capable)
   [travel] step 0: (9, 9)->(9, 10) map=(3, 33) (path 4 to exit)
   [travel] reached target coord (8, 11)
   [travel] start map=(24, 0) coords=(1, 6) -> coord (9, 10) (budget 110s, surf-capable)
   [travel] step 0: (1, 6)->(1, 7) map=(24, 0) (path 13 to exit)
   [travel] step 10: (8, 9)->(8, 10) map=(24, 0) (path 3 to exit)
   [travel] reached target coord (9, 10)
   [travel] start map=(24, 1) coords=(10, 9) -> coord (11, 9) (budget 60s, surf-capable)
   [travel] step 0: (10, 9)->(11, 9) map=(24, 1) (path 2 to exit)
   [travel] reached target coord (11, 9)
   [travel] start map=(24, 0) coords=(9, 10) -> coord (10, 6) (budget 60s, surf-capable)
   [travel] step 0: (9, 10)->(9, 9) map=(24, 0) (path 6 to exit)
   [travel] reached target coord (10, 6)
   [travel] start map=(3, 33) coords=(16, 11) -> map (3, 32) (budget 300s, surf-capable)
   [travel] east connection band rows: [7, 10, 11, 12, 13, 14, 16]
   [travel] step 0: (16, 11)->(16, 12) map=(3, 33) (path 59 to exit)
   [travel] step 10: (24, 13)->(25, 13) map=(3, 33) (path 49 to exit)
   [travel] step 20: (34, 13)->(35, 13) map=(3, 33) (path 39 to exit)
   [travel] step 30: (44, 13)->(45, 13) map=(3, 33) (path 29 to exit)
   [travel] HEARTBEAT step=40 map=(3, 33) coords=(54, 13) elapsed=7s
   [travel] step 40: (54, 13)->(55, 13) map=(3, 33) (path 19 to exit)
   [travel] step 50: (63, 14)->(64, 14) map=(3, 33) (path 10 to exit)
   [travel] MAP TRANSITION (3, 33) -> (3, 32)
   [travel] east connection band rows: [5, 7, 9, 11, 13, 14, 16, 17, 18, 19, 20, 21, 22, 23, 24, 25, 26, 27, 28, 29, 30, 31, 32, 33, 34, 35, 36, 37, 38, 39, 40, 41, 42, 43, 44, 45, 46, 47, 48, 49, 50, 51, 52, 53, 54, 55, 56, 57, 58, 59]
   [travel] ARRIVED at target map (3, 32) coords=(0, 54)
   [travel] start map=(3, 32) coords=(0, 54) -> map (3, 31) (budget 300s, surf-capable)
   [travel] east connection band rows: [5, 7, 9, 11, 13, 14, 16, 17, 18, 19, 20, 21, 22, 23, 24, 25, 26, 27, 28, 29, 30, 31, 32, 33, 34, 35, 36, 37, 38, 39, 40, 41, 42, 43, 44, 45, 46, 47, 48, 49, 50, 51, 52, 53, 54, 55, 56, 57, 58, 59]
   [travel] step 0: (0, 54)->(0, 53) map=(3, 32) (path 68 to exit)
   [travel] step 10: (2, 46)->(2, 45) map=(3, 32) (path 58 to exit)
   [travel] step 20: (7, 41)->(7, 40) map=(3, 32) (path 48 to exit)
   [travel] step 30: (7, 45)->(7, 46) map=(3, 32) (path 54 to exit)
   [travel] HEARTBEAT step=40 map=(3, 32) coords=(14, 44) elapsed=18s
   [travel] step 40: (14, 44)->(14, 43) map=(3, 32) (path 44 to exit)
   [travel] step 50: (14, 34)->(14, 33) map=(3, 32) (path 34 to exit)
   [travel] step 60: (14, 24)->(14, 23) map=(3, 32) (path 24 to exit)
   [travel] step 70: (14, 14)->(14, 13) map=(3, 32) (path 14 to exit)
   [travel] HEARTBEAT step=80 map=(3, 32) coords=(21, 11) elapsed=23s
   [travel] step 80: (21, 11)->(22, 11) map=(3, 32) (path 4 to exit)
   [travel] MAP TRANSITION (3, 32) -> (3, 31)
   [travel] east connection band rows: [0, 1, 2, 3, 4, 5, 6, 7, 8, 9, 10, 11, 12, 13, 14, 15, 16, 17, 18, 19]
   [travel] ARRIVED at target map (3, 31) coords=(0, 11)
   [travel] start map=(3, 31) coords=(0, 11) -> map (3, 30) (budget 300s, surf-capable)
   [travel] north connection band cols: [0, 1, 2, 3, 4, 5, 6, 7, 8, 9, 10, 11, 12, 13, 14, 15, 16, 17, 18, 19, 20, 21, 22, 23, 24, 25, 26, 27, 28, 29, 30, 31, 32, 33, 34, 35, 36, 37, 38, 39, 40, 41, 42, 43, 44, 45, 46, 47, 62, 63, 64, 65, 66, 67, 68, 69, 70, 71, 72]
   [travel] step 0: (0, 11)->(1, 11) map=(3, 31) (path 86 to exit)
   [travel] step 10: (8, 9)->(9, 9) map=(3, 31) (path 76 to exit)
   [travel] step 20: (16, 7)->(16, 6) map=(3, 31) (path 66 to exit)
   [travel] step 30: (24, 5)->(25, 5) map=(3, 31) (path 56 to exit)
   [travel] HEARTBEAT step=40 map=(3, 31) coords=(32, 7) elapsed=17s
   [travel] step 40: (32, 7)->(33, 7) map=(3, 31) (path 46 to exit)
   [travel] step 50: (40, 7)->(39, 7) map=(3, 31) (path 70 to exit)
   [travel] step 60: (30, 7)->(29, 7) map=(3, 31) (path 60 to exit)
   [travel] step 70: (26, 9)->(27, 9) map=(3, 31) (path 50 to exit)
   [travel] HEARTBEAT step=80 map=(3, 31) coords=(34, 11) elapsed=35s
   [travel] step 80: (34, 11)->(35, 11) map=(3, 31) (path 40 to exit)
   [travel] step 90: (44, 11)->(45, 11) map=(3, 31) (path 30 to exit)
   [travel] step 100: (54, 11)->(55, 11) map=(3, 31) (path 20 to exit)
   [travel] step 110: (62, 9)->(62, 8) map=(3, 31) (path 10 to exit)
   [travel] HEARTBEAT step=120 map=(3, 30) coords=(14, 119) elapsed=44s
   [travel] MAP TRANSITION (3, 31) -> (3, 30)
   [travel] north connection band cols: [11, 12, 24]
   [travel] ARRIVED at target map (3, 30) coords=(14, 119)
   [travel] start map=(3, 30) coords=(14, 119) -> map (3, 4) (budget 300s, surf-capable)
   [travel] north connection band cols: [11, 12, 24]
   [travel] path blocked at (14, 119) (NPC on the gap?) - waiting
   [travel] no clean path from (14, 119) AND no NPC-allowing path (npcs nearby=[(15, 125)]) - genuine wall/zone gap, will time out
   [travel] !! TRAVEL WEDGE: identical fp x4 retries at (14, 119) map=(3, 30) (reason=no_route) -> returning to roam LOUD (no inner spin)
   [travel] start map=(3, 30) coords=(14, 119) -> coord (14, 22) (budget 240s, surf-capable)
   [travel] step 0: (14, 119)->(14, 118) map=(3, 30) (path 164 to exit)
   [travel] step 10: (16, 111)->(16, 110) map=(3, 30) (path 154 to exit)
   [travel] step 20: (17, 106)->(16, 106) map=(3, 30) (path 146 to exit)
   [travel] step 30: (15, 98)->(15, 97) map=(3, 30) (path 136 to exit)
   [travel] HEARTBEAT step=40 map=(3, 30) coords=(11, 92) elapsed=17s
   [travel] step 40: (11, 92)->(10, 92) map=(3, 30) (path 126 to exit)
   [travel] step 50: (8, 86)->(8, 85) map=(3, 30) (path 119 to exit)
   [travel] step 60: (16, 84)->(17, 84) map=(3, 30) (path 109 to exit)
   [travel] step 70: (15, 79)->(15, 78) map=(3, 30) (path 99 to exit)
   [travel] HEARTBEAT step=80 map=(3, 30) coords=(14, 70) elapsed=35s
   [travel] step 80: (14, 70)->(14, 69) map=(3, 30) (path 89 to exit)
   [travel] step 90: (11, 63)->(10, 63) map=(3, 30) (path 79 to exit)
   [travel] step 100: (9, 55)->(9, 54) map=(3, 30) (path 69 to exit)
   [travel] step 110: (14, 58)->(15, 58) map=(3, 30) (path 59 to exit)
   [travel] HEARTBEAT step=120 map=(3, 30) coords=(16, 50) elapsed=41s
   [travel] step 120: (16, 50)->(16, 49) map=(3, 30) (path 49 to exit)
   [travel] step 130: (13, 43)->(13, 42) map=(3, 30) (path 39 to exit)
   [travel] step 140: (8, 38)->(8, 37) map=(3, 30) (path 31 to exit)
   [travel] step 150: (13, 33)->(13, 32) map=(3, 30) (path 21 to exit)
   [travel] HEARTBEAT step=160 map=(3, 30) coords=(18, 28) elapsed=70s
   [travel] step 160: (18, 28)->(18, 27) map=(3, 30) (path 11 to exit)
   [travel] reached target coord (14, 22)
   [travel] start map=(23, 0) coords=(5, 11) -> coord (6, 1) (budget 110s, surf-capable)
   [travel] path blocked at (5, 11) (NPC on the gap?) - waiting
   [travel] no clean path from (5, 11) AND no NPC-allowing path (npcs nearby=[(1, 5)]) - genuine wall/zone gap, will time out
   [travel] !! TRAVEL WEDGE: identical fp x4 retries at (5, 11) map=(23, 0) (reason=no_route) -> returning to roam LOUD (no inner spin)
   [travel] start map=(23, 0) coords=(5, 11) -> coord (6, 2) (budget 90s, surf-capable)
   [travel] step 0: (5, 11)->(5, 10) map=(23, 0) (path 11 to exit)
   [travel] reached target coord (6, 2)
   [travel] start map=(23, 0) coords=(6, 2) -> coord (5, 1) (budget 110s, surf-capable)
   [travel] step 0: (6, 2)->(5, 2) map=(23, 0) (path 3 to exit)
   [travel] reached target coord (5, 1)
   [travel] start map=(3, 30) coords=(14, 15) -> map (3, 4) (budget 300s, surf-capable)
   [travel] north connection band cols: [11, 12, 24]
   [travel] step 0: (14, 15)->(14, 14) map=(3, 30) (path 18 to exit)
   [travel] step 10: (12, 7)->(12, 6) map=(3, 30) (path 8 to exit)
   [travel] MAP TRANSITION (3, 30) -> (3, 4)
   [travel] north connection band cols: [8, 9, 10, 11, 12, 24]
   [travel] ARRIVED at target map (3, 4) coords=(12, 19)
   [travel] start map=(3, 4) coords=(12, 19) -> map (3, 26) (budget 300s, surf-capable)
   [travel] west connection band rows: [9, 10, 11]
   [travel] releasing 1 stale NPC block(s) [(12, 18)] — tile(s) read empty now (wanderer moved on)
   [travel] step 0: (12, 19)->(12, 18) map=(3, 4) (path 21 to exit)
   [travel] step 10: (4, 17)->(3, 17) map=(3, 4) (path 11 to exit)
   [travel] MAP TRANSITION (3, 4) -> (3, 26)
   [travel] west connection band rows: [6, 8, 9, 10, 11, 13]
   [travel] ARRIVED at target map (3, 26) coords=(71, 11)
   [travel] start map=(3, 26) coords=(71, 11) -> coord (13, 4) (budget 300s, surf-capable)
   [travel] path blocked at (71, 11) (NPC on the gap?) - waiting
   [travel] no clean path from (71, 11) AND no NPC-allowing path (npcs nearby=[(62, 14)]) - genuine wall/zone gap, will time out
   [travel] !! TRAVEL WEDGE: identical fp x4 retries at (71, 11) map=(3, 26) (reason=no_route) -> returning to roam LOUD (no inner spin)
   [travel] start map=(3, 26) coords=(71, 11) -> coord (13, 5) (budget 300s, surf-capable)
   [travel] step 0: (71, 11)->(70, 11) map=(3, 26) (path 87 to exit)
   [travel] step 10: (65, 15)->(64, 15) map=(3, 26) (path 77 to exit)
   [travel] step 20: (56, 14)->(55, 14) map=(3, 26) (path 67 to exit)
   [travel] step 30: (53, 7)->(52, 7) map=(3, 26) (path 57 to exit)
   [travel] HEARTBEAT step=40 map=(3, 26) coords=(43, 7) elapsed=5s
   [travel] step 40: (43, 7)->(42, 7) map=(3, 26) (path 47 to exit)
   [travel] step 50: (33, 7)->(33, 8) map=(3, 26) (path 37 to exit)
   [travel] step 60: (30, 14)->(29, 14) map=(3, 26) (path 27 to exit)
   [travel] step 70: (20, 14)->(19, 14) map=(3, 26) (path 17 to exit)
   [travel] HEARTBEAT step=80 map=(3, 26) coords=(18, 6) elapsed=11s
   [travel] step 80: (18, 6)->(17, 6) map=(3, 26) (path 7 to exit)
   [travel] reached target coord (13, 5)
   [travel] start map=(1, 35) coords=(6, 8) -> coord (7, 4) (budget 300s, surf-capable)
   [travel] step 0: (6, 8)->(6, 7) map=(1, 35) (path 6 to exit)
   [travel] reached target coord (7, 4)
   [travel] start map=(1, 35) coords=(7, 4) -> coord (8, 4) (budget 60s, surf-capable)
   [travel] step 0: (7, 4)->(8, 4) map=(1, 35) (path 2 to exit)
   [travel] reached target coord (8, 4)
   [travel] start map=(1, 34) coords=(76, 3) -> coord (3, 4) (budget 300s, surf-capable)
   [travel] step 0: (76, 3)->(76, 4) map=(1, 34) (path 75 to exit)
   [travel] step 10: (67, 4)->(66, 4) map=(1, 34) (path 65 to exit)
   [travel] step 20: (57, 4)->(56, 4) map=(1, 34) (path 55 to exit)
   [travel] step 30: (47, 4)->(46, 4) map=(1, 34) (path 45 to exit)
   [travel] HEARTBEAT step=40 map=(1, 34) coords=(37, 4) elapsed=5s
   [travel] step 40: (37, 4)->(36, 4) map=(1, 34) (path 35 to exit)
   [travel] step 50: (27, 4)->(26, 4) map=(1, 34) (path 25 to exit)
   [travel] step 60: (17, 4)->(16, 4) map=(1, 34) (path 15 to exit)
   [travel] step 70: (7, 4)->(6, 4) map=(1, 34) (path 5 to exit)
   [travel] reached target coord (3, 4)
   [travel] start map=(1, 34) coords=(3, 4) -> coord (4, 4) (budget 60s, surf-capable)
   [travel] step 0: (3, 4)->(4, 4) map=(1, 34) (path 2 to exit)
   [travel] reached target coord (4, 4)
   [travel] start map=(1, 33) coords=(7, 4) -> coord (5, 8) (budget 300s, surf-capable)
   [travel] step 0: (7, 4)->(7, 5) map=(1, 33) (path 7 to exit)
   [travel] reached target coord (5, 8)
   [travel] start map=(1, 33) coords=(5, 7) -> coord (6, 7) (budget 60s, surf-capable)
   [travel] path blocked at (5, 7) (NPC on the gap?) - waiting
   [travel] no clean path from (5, 7); NPC-allowing path EXISTS (len 2), blocker NPC tile=None, npcs nearby=[(5, 6)] -> approaching to interact/trigger
   [travel] reached target coord (6, 7)
   [travel] start map=(3, 25) coords=(7, 15) -> map (3, 6) (budget 300s, surf-capable)
   [travel] west connection band rows: [2, 3, 4, 5]
   [travel] step 0: (7, 15)->(8, 15) map=(3, 25) (path 24 to exit)
   [travel] step 10: (9, 9)->(8, 9) map=(3, 25) (path 14 to exit)
   [travel] step 20: (3, 5)->(2, 5) map=(3, 25) (path 4 to exit)
   [travel] MAP TRANSITION (3, 25) -> (3, 6)
   [travel] west connection band rows: [0, 1, 2, 3, 4, 5, 6, 7, 8, 9, 22, 23, 24, 30, 31, 32, 33, 34, 35, 36, 37, 38, 39]
   [travel] ARRIVED at target map (3, 6) coords=(59, 15)
   [travel] start map=(3, 6) coords=(59, 15) -> map (3, 34) (budget 300s, surf-capable)
   [travel] west connection band rows: [0, 1, 2, 3, 4, 5, 6, 7, 8, 9, 22, 23, 24, 30, 31, 32, 33, 34, 35, 36, 37, 38, 39]
   [travel] step 0: (59, 15)->(58, 15) map=(3, 6) (path 67 to exit)
   [travel] step 10: (49, 15)->(48, 15) map=(3, 6) (path 57 to exit)
   [travel] step 20: (39, 15)->(38, 15) map=(3, 6) (path 47 to exit)
   [travel] step 30: (30, 16)->(29, 16) map=(3, 6) (path 37 to exit)
   [travel] HEARTBEAT step=40 map=(3, 6) coords=(21, 17) elapsed=5s
   [travel] step 40: (21, 17)->(21, 18) map=(3, 6) (path 27 to exit)
   [travel] step 50: (16, 22)->(15, 22) map=(3, 6) (path 17 to exit)
   [travel] step 60: (8, 23)->(7, 23) map=(3, 6) (path 9 to exit)
   [travel] MAP TRANSITION (3, 6) -> (3, 34)
   [travel] west connection band rows: [0, 1, 2, 3, 4, 5, 6, 7, 8, 9, 10, 11, 12, 13, 14, 15, 16, 17, 18, 19]
   [travel] ARRIVED at target map (3, 34) coords=(47, 13)
   [travel] start map=(3, 34) coords=(47, 13) -> map (3, 35) (budget 300s, surf-capable)
   [travel] south connection band cols: [0, 2, 3, 4, 5, 6, 7, 8, 9, 10, 11, 12, 13, 14, 24, 25, 26, 27, 28, 29, 30, 31, 32, 33, 34, 35, 36, 37, 38, 39, 40, 41, 42, 43, 44, 45, 46, 47]
   [travel] path blocked at (47, 13) (NPC on the gap?) - waiting
   [travel] no clean path from (47, 13) AND no NPC-allowing path (npcs nearby=[(41, 11), (57, 20)]) - genuine wall/zone gap, will time out
   [travel] !! TRAVEL WEDGE: identical fp x4 retries at (47, 13) map=(3, 34) (reason=no_route) -> returning to roam LOUD (no inner spin)
   [travel] start map=(3, 34) coords=(47, 13) -> coord (27, 14) (budget 240s, surf-capable)
   [travel] step 0: (47, 13)->(46, 13) map=(3, 34) (path 22 to exit)
   [travel] step 10: (37, 13)->(36, 13) map=(3, 34) (path 12 to exit)
   [travel] path blocked at (32, 13) (NPC on the gap?) - waiting
   [travel] no clean path from (32, 13); NPC-allowing path EXISTS (len 7), blocker NPC tile=(31, 13), npcs nearby=[(31, 13), (41, 11)] -> approaching to interact/trigger
   [travel] chokepoint blocker (31, 13) on (3, 34) is a PLAIN NPC (dialogue, no battle) -> added to shared block memory (1 total) + routing around (LAYER A)
   [travel] !! NO ROUTE around plain-NPC blocker (31, 13) on (3, 34) -> no_route_npc_blocked (oracle should pick differently)
   [travel] start map=(3, 34) coords=(32, 13) -> coord (28, 13) (budget 60s, surf-capable)
   [travel] !! WATCHDOG disengage requested — bailing this leg LOUD
   [travel] start map=(3, 34) coords=(32, 13) -> coord (27, 14) (budget 45s, surf-capable)
   [travel] !! WATCHDOG disengage requested — bailing this leg LOUD
   [travel] start map=(3, 34) coords=(32, 13) -> coord (27, 12) (budget 45s, surf-capable)
   [travel] path blocked at (32, 13) (NPC on the gap?) - waiting
   [travel] no clean path from (32, 13) AND no NPC-allowing path (npcs nearby=[(31, 13), (41, 11)]) - genuine wall/zone gap, will time out
   [travel] !! TRAVEL WEDGE: identical fp x4 retries at (32, 13) map=(3, 34) (reason=no_route) -> returning to roam LOUD (no inner spin)
   [travel] start map=(3, 34) coords=(32, 13) -> coord (26, 13) (budget 45s, surf-capable)
   [travel] path blocked at (32, 13) (NPC on the gap?) - waiting
   [travel] no clean path from (32, 13) AND no NPC-allowing path (npcs nearby=[(31, 13), (41, 11)]) - genuine wall/zone gap, will time out
   [travel] !! TRAVEL WEDGE: identical fp x4 retries at (32, 13) map=(3, 34) (reason=no_route) -> returning to roam LOUD (no inner spin)
   [travel] start map=(3, 34) coords=(32, 13) -> coord (28, 13) (budget 45s, surf-capable)
   [travel] path blocked at (32, 13) (NPC on the gap?) - waiting
   [travel] no clean path from (32, 13) AND no NPC-allowing path (npcs nearby=[(31, 13), (41, 11)]) - genuine wall/zone gap, will time out
   [travel] !! TRAVEL WEDGE: identical fp x4 retries at (32, 13) map=(3, 34) (reason=no_route) -> returning to roam LOUD (no inner spin)
   [travel] start map=(3, 34) coords=(32, 13) -> coord (27, 7) (budget 240s, surf-capable)
   [travel] path blocked at (32, 13) (NPC on the gap?) - waiting
   [travel] no clean path from (32, 13); NPC-allowing path EXISTS (len 30), blocker NPC tile=(41, 11), npcs nearby=[(31, 13), (41, 11)] -> approaching to interact/trigger
   [travel] blocker is a TRAINER - fighting through
   [play-live]    [engine] JUST FIGHT: L69 vs L30 + connecting damage — skipping bag/switch hierarchy this turn
   [play-live]    [engine] action menu: Surf - a STAB hit -> slot 1 (eff x1) vs snorlax 136/136 | [0]Skull Bash(p100,pp=15,ref=0,sc=50) [1]Surf(p95*STAB,pp=6,ref=0,sc=142.5) [2]Earthquake(p100,pp=0,ref=0,sc=100)
   [play-live]    [engine] STREAM COMMIT: Surf - a STAB hit slot 1 (menu_up=1 action=True moves=False)
   [play-live]    [engine] battle-progress: move resolved
   [play-live]    [engine] battle-progress: enemy fainted
   [travel] blocker battle outcome=win; resuming pathfind
   [travel] releasing 1 stale NPC block(s) [(31, 13)] — tile(s) read empty now (wanderer moved on)
   [travel] path blocked at (32, 13) (NPC on the gap?) - waiting
   [travel] no clean path from (32, 13); NPC-allowing path EXISTS (len 30), blocker NPC tile=(41, 11), npcs nearby=[(41, 11)] -> approaching to interact/trigger
   [campaign]    [dlg hm-cut] 'This tree looks like it can be CUT down! Would you like to CUT it?'
   [campaign]    [dlg hm-cut] 'DIGLETT used CUT!'
   [campaign]    [dlg-pace hm-cut] box 'This tree looks like it can be CUT down! Would y' visible 3.03s (sink 0ms, hold 0.10s, end=next_box)
   [campaign]    [dlg-pace hm-cut] box 'DIGLETT used CUT!' visible 4.25s (sink 0ms, hold 0.04s, end=closed)
   [travel] FIELD OBSTACLE (41, 11) on (3, 34) CLEARED with cut — continuing the leg
   [travel] step 10: (41, 10)->(41, 9) map=(3, 34) (path 18 to exit)
   [travel] step 20: (33, 8)->(32, 8) map=(3, 34) (path 8 to exit)
   [travel] reached target coord (27, 7)
   [travel] start map=(3, 34) coords=(27, 5) -> coord (28, 6) (budget 60s, surf-capable)
   [travel] step 0: (27, 5)->(27, 6) map=(3, 34) (path 3 to exit)
   [travel] reached target coord (28, 6)
   [travel] start map=(25, 1) coords=(11, 3) -> coord (1, 12) (budget 110s, surf-capable)
   [travel] path blocked at (11, 3) (NPC on the gap?) - waiting
   [travel] no clean path from (11, 3) AND no NPC-allowing path (npcs nearby=[(6, 4), (6, 8)]) - genuine wall/zone gap, will time out
   [travel] !! TRAVEL WEDGE: identical fp x4 retries at (11, 3) map=(25, 1) (reason=no_route) -> returning to roam LOUD (no inner spin)
   [travel] start map=(25, 1) coords=(11, 3) -> coord (9, 16) (budget 110s, surf-capable)
   [travel] path blocked at (11, 3) (NPC on the gap?) - waiting
   [travel] no clean path from (11, 3) AND no NPC-allowing path (npcs nearby=[(6, 4), (6, 8)]) - genuine wall/zone gap, will time out
   [travel] !! TRAVEL WEDGE: identical fp x4 retries at (11, 3) map=(25, 1) (reason=no_route) -> returning to roam LOUD (no inner spin)
   [travel] start map=(25, 1) coords=(11, 3) -> coord (1, 3) (budget 110s, surf-capable)
   [travel] step 0: (11, 3)->(10, 3) map=(25, 1) (path 11 to exit)
   [travel] reached target coord (1, 3)
   [travel] start map=(3, 34) coords=(20, 6) -> map (3, 35) (budget 300s, surf-capable)
   [travel] south connection band cols: [0, 2, 3, 4, 5, 6, 7, 8, 9, 10, 11, 12, 13, 14, 24, 25, 26, 27, 28, 29, 30, 31, 32, 33, 34, 35, 36, 37, 38, 39, 40, 41, 42, 43, 44, 45, 46, 47]
   [travel] path blocked at (20, 6) (NPC on the gap?) - waiting
   [travel] no clean path from (20, 6) AND no NPC-allowing path (npcs nearby=[(12, 12), (14, 14), (16, 12), (30, 5)]) - genuine wall/zone gap, will time out
   [travel] !! TRAVEL WEDGE: identical fp x4 retries at (20, 6) map=(3, 34) (reason=no_route) -> returning to roam LOUD (no inner spin)
   [travel] start map=(3, 34) coords=(20, 6) -> coord (10, 6) (budget 240s, surf-capable)
   [travel] step 0: (20, 6)->(19, 6) map=(3, 34) (path 11 to exit)
   [travel] reached target coord (10, 6)
   [travel] start map=(25, 0) coords=(4, 7) -> coord (4, 6) (budget 60s, surf-capable)
   [travel] step 0: (4, 7)->(4, 6) map=(25, 0) (path 2 to exit)
   [travel] reached target coord (4, 6)
   [travel] start map=(3, 34) coords=(10, 6) -> coord (20, 7) (budget 240s, surf-capable)
   [travel] step 0: (10, 6)->(10, 7) map=(3, 34) (path 12 to exit)
   [travel] step 10: (19, 7)->(20, 7) map=(3, 34) (path 2 to exit)
   [travel] reached target coord (20, 7)
   [travel] start map=(3, 34) coords=(20, 5) -> coord (19, 6) (budget 60s, surf-capable)
   [travel] step 0: (20, 5)->(20, 6) map=(3, 34) (path 3 to exit)
   [travel] reached target coord (19, 6)
   [travel] start map=(25, 1) coords=(1, 3) -> coord (9, 16) (budget 110s, surf-capable)
   [travel] path blocked at (1, 3) (NPC on the gap?) - waiting
   [travel] no clean path from (1, 3) AND no NPC-allowing path (npcs nearby=[(6, 4), (6, 8)]) - genuine wall/zone gap, will time out
   [travel] !! TRAVEL WEDGE: identical fp x4 retries at (1, 3) map=(25, 1) (reason=no_route) -> returning to roam LOUD (no inner spin)
   [travel] start map=(25, 1) coords=(1, 3) -> coord (11, 12) (budget 110s, surf-capable)
   [travel] path blocked at (1, 3) (NPC on the gap?) - waiting
   [travel] no clean path from (1, 3) AND no NPC-allowing path (npcs nearby=[(6, 4), (6, 8)]) - genuine wall/zone gap, will time out
   [travel] !! TRAVEL WEDGE: identical fp x4 retries at (1, 3) map=(25, 1) (reason=no_route) -> returning to roam LOUD (no inner spin)
   [travel] start map=(25, 1) coords=(1, 3) -> coord (11, 3) (budget 110s, surf-capable)
   [travel] step 0: (1, 3)->(2, 3) map=(25, 1) (path 11 to exit)
   [travel] reached target coord (11, 3)
   [travel] start map=(25, 1) coords=(11, 3) -> coord (10, 3) (budget 60s, surf-capable)
   [travel] step 0: (11, 3)->(27, 6) map=(25, 1) (path 2 to exit)
   [travel] MAP TRANSITION (25, 1) -> (3, 34)
   [travel] coord leg ended by the transition -> (3, 34) (target (10, 3) was the old map's frame)
   [travel] start map=(3, 34) coords=(27, 6) -> coord (11, 4) (budget 45s, surf-capable)
   [travel] path blocked at (27, 6) (NPC on the gap?) - waiting
   [travel] no clean path from (27, 6) AND no NPC-allowing path (npcs nearby=[(30, 5), (31, 5)]) - genuine wall/zone gap, will time out
   [travel] !! TRAVEL WEDGE: identical fp x4 retries at (27, 6) map=(3, 34) (reason=no_route) -> returning to roam LOUD (no inner spin)
   [travel] start map=(3, 34) coords=(27, 6) -> coord (11, 2) (budget 45s, surf-capable)
   [travel] path blocked at (27, 6) (NPC on the gap?) - waiting
   [travel] no clean path from (27, 6) AND no NPC-allowing path (npcs nearby=[(30, 5), (31, 5)]) - genuine wall/zone gap, will time out
   [travel] !! TRAVEL WEDGE: identical fp x4 retries at (27, 6) map=(3, 34) (reason=no_route) -> returning to roam LOUD (no inner spin)
   [travel] start map=(3, 34) coords=(27, 6) -> coord (10, 3) (budget 45s, surf-capable)
   [travel] path blocked at (27, 6) (NPC on the gap?) - waiting
   [travel] no clean path from (27, 6) AND no NPC-allowing path (npcs nearby=[(30, 5), (31, 5)]) - genuine wall/zone gap, will time out
   [travel] !! TRAVEL WEDGE: identical fp x4 retries at (27, 6) map=(3, 34) (reason=no_route) -> returning to roam LOUD (no inner spin)
   [travel] start map=(3, 34) coords=(27, 6) -> coord (12, 3) (budget 45s, surf-capable)
   [travel] path blocked at (27, 6) (NPC on the gap?) - waiting
   [travel] no clean path from (27, 6) AND no NPC-allowing path (npcs nearby=[(30, 5), (31, 5)]) - genuine wall/zone gap, will time out
   [travel] !! TRAVEL WEDGE: identical fp x4 retries at (27, 6) map=(3, 34) (reason=no_route) -> returning to roam LOUD (no inner spin)
   [travel] start map=(3, 34) coords=(27, 6) -> coord (1, 12) (budget 110s, surf-capable)
   [travel] path blocked at (27, 6) (NPC on the gap?) - waiting
   [travel] no clean path from (27, 6) AND no NPC-allowing path (npcs nearby=[(30, 5), (31, 5)]) - genuine wall/zone gap, will time out
   [travel] !! TRAVEL WEDGE: identical fp x4 retries at (27, 6) map=(3, 34) (reason=no_route) -> returning to roam LOUD (no inner spin)
   [travel] start map=(3, 34) coords=(27, 6) -> map (3, 35) (budget 300s, surf-capable)
   [travel] south connection band cols: [0, 2, 3, 4, 5, 6, 7, 8, 9, 10, 11, 12, 13, 14, 24, 25, 26, 27, 28, 29, 30, 31, 32, 33, 34, 35, 36, 37, 38, 39, 40, 41, 42, 43, 44, 45, 46, 47]
   [travel] path blocked at (27, 6) (NPC on the gap?) - waiting
   [travel] no clean path from (27, 6) AND no NPC-allowing path (npcs nearby=[(30, 5), (31, 5)]) - genuine wall/zone gap, will time out
   [travel] !! TRAVEL WEDGE: identical fp x4 retries at (27, 6) map=(3, 34) (reason=no_route) -> returning to roam LOUD (no inner spin)
   [travel] start map=(3, 34) coords=(27, 6) -> map (3, 35) (budget 300s, surf-capable)
   [travel] south connection band cols: [0, 2, 3, 4, 5, 6, 7, 8, 9, 10, 11, 12, 13, 14, 24, 25, 26, 27, 28, 29, 30, 31, 32, 33, 34, 35, 36, 37, 38, 39, 40, 41, 42, 43, 44, 45, 46, 47]
   [travel] path blocked at (27, 6) (NPC on the gap?) - waiting
   [travel] no clean path from (27, 6) AND no NPC-allowing path (npcs nearby=[(30, 5), (31, 5)]) - genuine wall/zone gap, will time out
   [travel] !! TRAVEL WEDGE: identical fp x4 retries at (27, 6) map=(3, 34) (reason=no_route) -> returning to roam LOUD (no inner spin)
   [travel] start map=(3, 34) coords=(27, 6) -> map (3, 35) (budget 300s, surf-capable)
   [travel] south connection band cols: [0, 2, 3, 4, 5, 6, 7, 8, 9, 10, 11, 12, 13, 14, 24, 25, 26, 27, 28, 29, 30, 31, 32, 33, 34, 35, 36, 37, 38, 39, 40, 41, 42, 43, 44, 45, 46, 47]
   [travel] path blocked at (27, 6) (NPC on the gap?) - waiting
   [travel] no clean path from (27, 6) AND no NPC-allowing path (npcs nearby=[(30, 5), (31, 5)]) - genuine wall/zone gap, will time out
   [travel] !! TRAVEL WEDGE: identical fp x4 retries at (27, 6) map=(3, 34) (reason=no_route) -> returning to roam LOUD (no inner spin)
   [travel] start map=(3, 34) coords=(27, 6) -> map (3, 35) (budget 300s, surf-capable)
   [travel] south connection band cols: [0, 2, 3, 4, 5, 6, 7, 8, 9, 10, 11, 12, 13, 14, 24, 25, 26, 27, 28, 29, 30, 31, 32, 33, 34, 35, 36, 37, 38, 39, 40, 41, 42, 43, 44, 45, 46, 47]
   [travel] path blocked at (27, 6) (NPC on the gap?) - waiting
   [travel] no clean path from (27, 6) AND no NPC-allowing path (npcs nearby=[(30, 5), (31, 5)]) - genuine wall/zone gap, will time out
   [travel] !! TRAVEL WEDGE: identical fp x4 retries at (27, 6) map=(3, 34) (reason=no_route) -> returning to roam LOUD (no inner spin)
   [travel] start map=(3, 34) coords=(27, 6) -> map (3, 35) (budget 300s, surf-capable)
   [travel] south connection band cols: [0, 2, 3, 4, 5, 6, 7, 8, 9, 10, 11, 12, 13, 14, 24, 25, 26, 27, 28, 29, 30, 31, 32, 33, 34, 35, 36, 37, 38, 39, 40, 41, 42, 43, 44, 45, 46, 47]
   [travel] path blocked at (27, 6) (NPC on the gap?) - waiting
   [travel] no clean path from (27, 6) AND no NPC-allowing path (npcs nearby=[(30, 5), (31, 5)]) - genuine wall/zone gap, will time out
   [travel] !! TRAVEL WEDGE: identical fp x4 retries at (27, 6) map=(3, 34) (reason=no_route) -> returning to roam LOUD (no inner spin)
   [travel] start map=(3, 34) coords=(27, 6) -> map (3, 6) (budget 300s, surf-capable)
   [travel] east connection band rows: [12, 13, 14]
   [travel] step 0: (27, 6)->(27, 7) map=(3, 34) (path 28 to exit)
   [travel] step 10: (33, 10)->(34, 10) map=(3, 34) (path 18 to exit)
   [travel] path blocked at (41, 10) (NPC on the gap?) - waiting
   [travel] no clean path from (41, 10); NPC-allowing path EXISTS (len 10), blocker NPC tile=(41, 11), npcs nearby=[(41, 11)] -> approaching to interact/trigger
   [campaign]    [dlg hm-cut] 'This tree looks like it can be CUT down! Would you like to CUT it?'
   [campaign]    [dlg hm-cut] 'DIGLETT used CUT!'
   [campaign]    [dlg-pace hm-cut] box 'This tree looks like it can be CUT down! Would y' visible 1.78s (sink 0ms, hold 0.10s, end=next_box)
   [campaign]    [dlg-pace hm-cut] box 'DIGLETT used CUT!' visible 4.25s (sink 0ms, hold 0.04s, end=closed)
   [travel] FIELD OBSTACLE (41, 11) on (3, 34) CLEARED with cut — continuing the leg
   [travel] !! WATCHDOG disengage requested — bailing this leg LOUD
   [travel] start map=(3, 34) coords=(41, 9) -> map (3, 6) (budget 300s, surf-capable)
   [travel] east connection band rows: [12, 13, 14]
   [travel] releasing 1 stale NPC block(s) [(41, 11)] — tile(s) read empty now (wanderer moved on)
   [travel] step 0: (41, 9)->(41, 10) map=(3, 34) (path 11 to exit)
   [travel] MAP TRANSITION (3, 34) -> (3, 6)
   [travel] east connection band rows: [0, 1, 2, 3, 4, 5, 6, 7, 8, 9, 12, 13, 14, 15, 30, 31, 32, 33, 34, 35, 36, 37, 38, 39]
   [travel] ARRIVED at target map (3, 6) coords=(0, 22)
   [travel] start map=(3, 6) coords=(0, 22) -> map (3, 34) (budget 300s, surf-capable)
   [travel] west connection band rows: [0, 1, 2, 3, 4, 5, 6, 7, 8, 9, 22, 23, 24, 30, 31, 32, 33, 34, 35, 36, 37, 38, 39]
   [travel] MAP TRANSITION (3, 6) -> (3, 34)
   [travel] west connection band rows: [0, 1, 2, 3, 4, 5, 6, 7, 8, 9, 10, 11, 12, 13, 14, 15, 16, 17, 18, 19]
   [travel] ARRIVED at target map (3, 34) coords=(47, 12)
   [travel] start map=(3, 34) coords=(47, 12) -> map (3, 35) (budget 300s, surf-capable)
   [travel] south connection band cols: [0, 2, 3, 4, 5, 6, 7, 8, 9, 10, 11, 12, 13, 14, 24, 25, 26, 27, 28, 29, 30, 31, 32, 33, 34, 35, 36, 37, 38, 39, 40, 41, 42, 43, 44, 45, 46, 47]
   [travel] path blocked at (47, 12) (NPC on the gap?) - waiting
   [travel] no clean path from (47, 12) AND no NPC-allowing path (npcs nearby=[(57, 20)]) - genuine wall/zone gap, will time out
   [travel] !! TRAVEL WEDGE: identical fp x4 retries at (47, 12) map=(3, 34) (reason=no_route) -> returning to roam LOUD (no inner spin)
   [travel] start map=(3, 34) coords=(47, 12) -> map (3, 35) (budget 300s, surf-capable)
   [travel] south connection band cols: [0, 2, 3, 4, 5, 6, 7, 8, 9, 10, 11, 12, 13, 14, 24, 25, 26, 27, 28, 29, 30, 31, 32, 33, 34, 35, 36, 37, 38, 39, 40, 41, 42, 43, 44, 45, 46, 47]
   [travel] path blocked at (47, 12) (NPC on the gap?) - waiting
   [travel] no clean path from (47, 12) AND no NPC-allowing path (npcs nearby=[(57, 20)]) - genuine wall/zone gap, will time out
   [travel] !! TRAVEL WEDGE: identical fp x4 retries at (47, 12) map=(3, 34) (reason=no_route) -> returning to roam LOUD (no inner spin)
   [travel] start map=(3, 34) coords=(47, 12) -> map (3, 35) (budget 300s, surf-capable)
   [travel] south connection band cols: [0, 2, 3, 4, 5, 6, 7, 8, 9, 10, 11, 12, 13, 14, 24, 25, 26, 27, 28, 29, 30, 31, 32, 33, 34, 35, 36, 37, 38, 39, 40, 41, 42, 43, 44, 45, 46, 47]
   [travel] path blocked at (47, 12) (NPC on the gap?) - waiting
   [travel] no clean path from (47, 12) AND no NPC-allowing path (npcs nearby=[(57, 20)]) - genuine wall/zone gap, will time out
   [travel] !! TRAVEL WEDGE: identical fp x4 retries at (47, 12) map=(3, 34) (reason=no_route) -> returning to roam LOUD (no inner spin)
   [travel] start map=(3, 34) coords=(47, 12) -> map (3, 35) (budget 300s, surf-capable)
   [travel] south connection band cols: [0, 2, 3, 4, 5, 6, 7, 8, 9, 10, 11, 12, 13, 14, 24, 25, 26, 27, 28, 29, 30, 31, 32, 33, 34, 35, 36, 37, 38, 39, 40, 41, 42, 43, 44, 45, 46, 47]
   [travel] path blocked at (47, 12) (NPC on the gap?) - waiting
   [travel] no clean path from (47, 12) AND no NPC-allowing path (npcs nearby=[(57, 20)]) - genuine wall/zone gap, will time out
   [travel] !! TRAVEL WEDGE: identical fp x4 retries at (47, 12) map=(3, 34) (reason=no_route) -> returning to roam LOUD (no inner spin)
   [travel] start map=(3, 34) coords=(47, 12) -> map (3, 35) (budget 300s, surf-capable)
   [travel] south connection band cols: [0, 2, 3, 4, 5, 6, 7, 8, 9, 10, 11, 12, 13, 14, 24, 25, 26, 27, 28, 29, 30, 31, 32, 33, 34, 35, 36, 37, 38, 39, 40, 41, 42, 43, 44, 45, 46, 47]
   [travel] path blocked at (47, 12) (NPC on the gap?) - waiting
   [travel] no clean path from (47, 12) AND no NPC-allowing path (npcs nearby=[(57, 20)]) - genuine wall/zone gap, will time out
   [travel] !! TRAVEL WEDGE: identical fp x4 retries at (47, 12) map=(3, 34) (reason=no_route) -> returning to roam LOUD (no inner spin)
   [travel] start map=(3, 34) coords=(47, 12) -> map (3, 6) (budget 300s, surf-capable)
   [travel] east connection band rows: [12, 13, 14]
   [travel] step 0: (47, 12)->(0, 22) map=(3, 34) (path 2 to exit)
   [travel] MAP TRANSITION (3, 34) -> (3, 6)
   [travel] east connection band rows: [0, 1, 2, 3, 4, 5, 6, 7, 8, 9, 12, 13, 14, 15, 30, 31, 32, 33, 34, 35, 36, 37, 38, 39]
   [travel] ARRIVED at target map (3, 6) coords=(0, 22)
   [travel] start map=(3, 6) coords=(0, 22) -> map (3, 34) (budget 300s, surf-capable)
   [travel] west connection band rows: [0, 1, 2, 3, 4, 5, 6, 7, 8, 9, 22, 23, 24, 30, 31, 32, 33, 34, 35, 36, 37, 38, 39]
   [travel] MAP TRANSITION (3, 6) -> (3, 34)
   [travel] west connection band rows: [0, 1, 2, 3, 4, 5, 6, 7, 8, 9, 10, 11, 12, 13, 14, 15, 16, 17, 18, 19]
   [travel] ARRIVED at target map (3, 34) coords=(47, 12)
   [travel] start map=(3, 34) coords=(47, 12) -> map (3, 35) (budget 300s, surf-capable)
   [travel] south connection band cols: [0, 2, 3, 4, 5, 6, 7, 8, 9, 10, 11, 12, 13, 14, 24, 25, 26, 27, 28, 29, 30, 31, 32, 33, 34, 35, 36, 37, 38, 39, 40, 41, 42, 43, 44, 45, 46, 47]
   [travel] path blocked at (47, 12) (NPC on the gap?) - waiting
   [travel] no clean path from (47, 12) AND no NPC-allowing path (npcs nearby=[(57, 20)]) - genuine wall/zone gap, will time out
   [travel] !! TRAVEL WEDGE: identical fp x4 retries at (47, 12) map=(3, 34) (reason=no_route) -> returning to roam LOUD (no inner spin)
   [travel] start map=(3, 34) coords=(47, 12) -> map (3, 35) (budget 300s, surf-capable)
   [travel] south connection band cols: [0, 2, 3, 4, 5, 6, 7, 8, 9, 10, 11, 12, 13, 14, 24, 25, 26, 27, 28, 29, 30, 31, 32, 33, 34, 35, 36, 37, 38, 39, 40, 41, 42, 43, 44, 45, 46, 47]
   [travel] path blocked at (47, 12) (NPC on the gap?) - waiting
   [travel] no clean path from (47, 12) AND no NPC-allowing path (npcs nearby=[(57, 20)]) - genuine wall/zone gap, will time out
   [travel] !! TRAVEL WEDGE: identical fp x4 retries at (47, 12) map=(3, 34) (reason=no_route) -> returning to roam LOUD (no inner spin)
   [travel] start map=(3, 34) coords=(47, 12) -> map (3, 35) (budget 300s, surf-capable)
   [travel] south connection band cols: [0, 2, 3, 4, 5, 6, 7, 8, 9, 10, 11, 12, 13, 14, 24, 25, 26, 27, 28, 29, 30, 31, 32, 33, 34, 35, 36, 37, 38, 39, 40, 41, 42, 43, 44, 45, 46, 47]
   [travel] path blocked at (47, 12) (NPC on the gap?) - waiting
   [travel] no clean path from (47, 12) AND no NPC-allowing path (npcs nearby=[(57, 20)]) - genuine wall/zone gap, will time out
   [travel] !! TRAVEL WEDGE: identical fp x4 retries at (47, 12) map=(3, 34) (reason=no_route) -> returning to roam LOUD (no inner spin)
   [travel] start map=(3, 34) coords=(47, 12) -> map (3, 35) (budget 300s, surf-capable)
   [travel] south connection band cols: [0, 2, 3, 4, 5, 6, 7, 8, 9, 10, 11, 12, 13, 14, 24, 25, 26, 27, 28, 29, 30, 31, 32, 33, 34, 35, 36, 37, 38, 39, 40, 41, 42, 43, 44, 45, 46, 47]
   [travel] path blocked at (47, 12) (NPC on the gap?) - waiting
   [travel] no clean path from (47, 12) AND no NPC-allowing path (npcs nearby=[(57, 20)]) - genuine wall/zone gap, will time out
   [travel] !! TRAVEL WEDGE: identical fp x4 retries at (47, 12) map=(3, 34) (reason=no_route) -> returning to roam LOUD (no inner spin)
   [travel] start map=(3, 34) coords=(47, 12) -> map (3, 35) (budget 300s, surf-capable)
   [travel] south connection band cols: [0, 2, 3, 4, 5, 6, 7, 8, 9, 10, 11, 12, 13, 14, 24, 25, 26, 27, 28, 29, 30, 31, 32, 33, 34, 35, 36, 37, 38, 39, 40, 41, 42, 43, 44, 45, 46, 47]
   [travel] path blocked at (47, 12) (NPC on the gap?) - waiting
   [travel] no clean path from (47, 12) AND no NPC-allowing path (npcs nearby=[(57, 20)]) - genuine wall/zone gap, will time out
   [travel] !! TRAVEL WEDGE: identical fp x4 retries at (47, 12) map=(3, 34) (reason=no_route) -> returning to roam LOUD (no inner spin)
   [travel] start map=(3, 34) coords=(47, 12) -> map (3, 6) (budget 300s, surf-capable)
   [travel] east connection band rows: [12, 13, 14]
   [travel] step 0: (47, 12)->(0, 22) map=(3, 34) (path 2 to exit)
   [travel] MAP TRANSITION (3, 34) -> (3, 6)
   [travel] east connection band rows: [0, 1, 2, 3, 4, 5, 6, 7, 8, 9, 12, 13, 14, 15, 30, 31, 32, 33, 34, 35, 36, 37, 38, 39]
   [travel] ARRIVED at target map (3, 6) coords=(0, 22)
   [travel] start map=(3, 6) coords=(0, 22) -> map (3, 34) (budget 300s, surf-capable)
   [travel] west connection band rows: [0, 1, 2, 3, 4, 5, 6, 7, 8, 9, 22, 23, 24, 30, 31, 32, 33, 34, 35, 36, 37, 38, 39]
   [travel] MAP TRANSITION (3, 6) -> (3, 34)
   [travel] west connection band rows: [0, 1, 2, 3, 4, 5, 6, 7, 8, 9, 10, 11, 12, 13, 14, 15, 16, 17, 18, 19]
   [travel] ARRIVED at target map (3, 34) coords=(47, 12)
   [travel] start map=(3, 34) coords=(47, 12) -> map (3, 35) (budget 300s, surf-capable)
   [travel] south connection band cols: [0, 2, 3, 4, 5, 6, 7, 8, 9, 10, 11, 12, 13, 14, 24, 25, 26, 27, 28, 29, 30, 31, 32, 33, 34, 35, 36, 37, 38, 39, 40, 41, 42, 43, 44, 45, 46, 47]
   [travel] path blocked at (47, 12) (NPC on the gap?) - waiting
   [travel] no clean path from (47, 12) AND no NPC-allowing path (npcs nearby=[(57, 20)]) - genuine wall/zone gap, will time out
   [travel] !! TRAVEL WEDGE: identical fp x4 retries at (47, 12) map=(3, 34) (reason=no_route) -> returning to roam LOUD (no inner spin)
   [travel] start map=(3, 34) coords=(47, 12) -> map (3, 35) (budget 300s, surf-capable)
   [travel] south connection band cols: [0, 2, 3, 4, 5, 6, 7, 8, 9, 10, 11, 12, 13, 14, 24, 25, 26, 27, 28, 29, 30, 31, 32, 33, 34, 35, 36, 37, 38, 39, 40, 41, 42, 43, 44, 45, 46, 47]
   [travel] path blocked at (47, 12) (NPC on the gap?) - waiting
   [travel] no clean path from (47, 12) AND no NPC-allowing path (npcs nearby=[(57, 20)]) - genuine wall/zone gap, will time out
   [travel] !! TRAVEL WEDGE: identical fp x4 retries at (47, 12) map=(3, 34) (reason=no_route) -> returning to roam LOUD (no inner spin)
   [travel] start map=(3, 34) coords=(47, 12) -> map (3, 35) (budget 300s, surf-capable)
   [travel] south connection band cols: [0, 2, 3, 4, 5, 6, 7, 8, 9, 10, 11, 12, 13, 14, 24, 25, 26, 27, 28, 29, 30, 31, 32, 33, 34, 35, 36, 37, 38, 39, 40, 41, 42, 43, 44, 45, 46, 47]
   [travel] path blocked at (47, 12) (NPC on the gap?) - waiting
   [travel] no clean path from (47, 12) AND no NPC-allowing path (npcs nearby=[(57, 20)]) - genuine wall/zone gap, will time out
   [travel] !! TRAVEL WEDGE: identical fp x4 retries at (47, 12) map=(3, 34) (reason=no_route) -> returning to roam LOUD (no inner spin)
   [travel] start map=(3, 34) coords=(47, 12) -> map (3, 35) (budget 300s, surf-capable)
   [travel] south connection band cols: [0, 2, 3, 4, 5, 6, 7, 8, 9, 10, 11, 12, 13, 14, 24, 25, 26, 27, 28, 29, 30, 31, 32, 33, 34, 35, 36, 37, 38, 39, 40, 41, 42, 43, 44, 45, 46, 47]
   [travel] path blocked at (47, 12) (NPC on the gap?) - waiting
   [travel] no clean path from (47, 12) AND no NPC-allowing path (npcs nearby=[(57, 20)]) - genuine wall/zone gap, will time out
   [travel] !! TRAVEL WEDGE: identical fp x4 retries at (47, 12) map=(3, 34) (reason=no_route) -> returning to roam LOUD (no inner spin)
   [travel] start map=(3, 34) coords=(47, 12) -> map (3, 35) (budget 300s, surf-capable)
   [travel] south connection band cols: [0, 2, 3, 4, 5, 6, 7, 8, 9, 10, 11, 12, 13, 14, 24, 25, 26, 27, 28, 29, 30, 31, 32, 33, 34, 35, 36, 37, 38, 39, 40, 41, 42, 43, 44, 45, 46, 47]
   [travel] path blocked at (47, 12) (NPC on the gap?) - waiting
   [travel] no clean path from (47, 12) AND no NPC-allowing path (npcs nearby=[(57, 20)]) - genuine wall/zone gap, will time out
   [travel] !! TRAVEL WEDGE: identical fp x4 retries at (47, 12) map=(3, 34) (reason=no_route) -> returning to roam LOUD (no inner spin)
   [travel] start map=(3, 34) coords=(47, 12) -> map (3, 6) (budget 300s, surf-capable)
   [travel] east connection band rows: [12, 13, 14]
   [travel] step 0: (47, 12)->(0, 22) map=(3, 34) (path 2 to exit)
   [travel] MAP TRANSITION (3, 34) -> (3, 6)
   [travel] east connection band rows: [0, 1, 2, 3, 4, 5, 6, 7, 8, 9, 12, 13, 14, 15, 30, 31, 32, 33, 34, 35, 36, 37, 38, 39]
   [travel] ARRIVED at target map (3, 6) coords=(0, 22)
   [travel] start map=(3, 6) coords=(0, 22) -> map (3, 34) (budget 300s, surf-capable)
   [travel] west connection band rows: [0, 1, 2, 3, 4, 5, 6, 7, 8, 9, 22, 23, 24, 30, 31, 32, 33, 34, 35, 36, 37, 38, 39]
   [travel] MAP TRANSITION (3, 6) -> (3, 34)
   [travel] west connection band rows: [0, 1, 2, 3, 4, 5, 6, 7, 8, 9, 10, 11, 12, 13, 14, 15, 16, 17, 18, 19]
   [travel] ARRIVED at target map (3, 34) coords=(47, 12)
   [travel] start map=(3, 34) coords=(47, 12) -> coord (41, 7) (budget 80s, surf-capable)
   [travel] step 0: (47, 12)->(46, 12) map=(3, 34) (path 12 to exit)
   [travel] step 10: (41, 8)->(41, 7) map=(3, 34) (path 2 to exit)
   [travel] reached target coord (41, 7)
   [travel] start map=(3, 34) coords=(41, 7) -> coord (33, 5) (budget 80s, surf-capable)
   [travel] step 0: (41, 7)->(41, 6) map=(3, 34) (path 11 to exit)
   [travel] reached target coord (33, 5)
   [travel] start map=(3, 34) coords=(33, 5) -> coord (36, 7) (budget 80s, surf-capable)
   [travel] step 0: (33, 5)->(33, 6) map=(3, 34) (path 6 to exit)
   [travel] reached target coord (36, 7)
   [travel] start map=(3, 34) coords=(36, 7) -> coord (41, 7) (budget 80s, surf-capable)
   [travel] step 0: (36, 7)->(37, 7) map=(3, 34) (path 6 to exit)
   [travel] ENCOUNTER -> on-time beat, warm up, hand off
   [play-live]    [engine] JUST FIGHT: L69 vs L18 + connecting damage — skipping bag/switch hierarchy this turn
   [play-live]    [engine] action menu: Surf - a STAB hit -> slot 1 (eff x1) vs rattata 42/42 | [0]Skull Bash(p100,pp=15,ref=0,sc=50) [1]Surf(p95*STAB,pp=5,ref=0,sc=142.5) [2]Earthquake(p100,pp=0,ref=0,sc=100)
   [play-live]    [engine] STREAM COMMIT: Surf - a STAB hit slot 1 (menu_up=1 action=True moves=False)
   [play-live]    [engine] battle-progress: move resolved
   [play-live]    [engine] battle-progress: enemy fainted
   [travel] battle outcome=win; resuming pathfind
   [travel] reached target coord (41, 7)
   [travel] start map=(3, 34) coords=(41, 7) -> coord (33, 5) (budget 80s, surf-capable)
   [travel] step 0: (41, 7)->(41, 6) map=(3, 34) (path 11 to exit)
   [travel] reached target coord (33, 5)
   [travel] start map=(3, 34) coords=(33, 5) -> coord (36, 7) (budget 80s, surf-capable)
   [travel] step 0: (33, 5)->(33, 6) map=(3, 34) (path 6 to exit)
   [travel] ENCOUNTER -> on-time beat, warm up, hand off
   [play-live]    [engine] JUST FIGHT: L69 vs L20 + connecting damage — skipping bag/switch hierarchy this turn
   [play-live]    [engine] action menu: Surf - a STAB hit -> slot 1 (eff x1) vs spearow 49/49 | [0]Skull Bash(p100,pp=15,ref=0,sc=50) [1]Surf(p95*STAB,pp=4,ref=0,sc=142.5) [2]Earthquake(p100,pp=0,ref=0,sc=0)
   [play-live]    [engine] STREAM COMMIT: Surf - a STAB hit slot 1 (menu_up=1 action=True moves=False)
   [play-live]    [engine] battle-progress: move resolved
   [play-live]    [engine] battle-progress: enemy fainted
   [travel] battle outcome=win; resuming pathfind
   [travel] reached target coord (36, 7)
   [travel] start map=(3, 34) coords=(36, 7) -> coord (41, 7) (budget 80s, surf-capable)
   [travel] step 0: (36, 7)->(37, 7) map=(3, 34) (path 6 to exit)
   [travel] reached target coord (41, 7)
   [travel] start map=(3, 34) coords=(41, 7) -> coord (33, 5) (budget 80s, surf-capable)
   [travel] step 0: (41, 7)->(41, 6) map=(3, 34) (path 11 to exit)
   [travel] ENCOUNTER -> on-time beat, warm up, hand off
   [campaign]    [engine] catch no_balls — FLEEING (protect catch target from KO)
   [travel] battle outcome=win; resuming pathfind
   [travel] step 10: (37, 5)->(36, 5) map=(3, 34) (path 5 to exit)
   [travel] reached target coord (33, 5)
   [travel] start map=(3, 34) coords=(33, 5) -> coord (33, 5) (budget 80s, surf-capable)
   [travel] reached target coord (33, 5)
   [travel] start map=(3, 34) coords=(33, 5) -> coord (41, 7) (budget 80s, surf-capable)
   [travel] step 0: (33, 5)->(33, 6) map=(3, 34) (path 11 to exit)
   [travel] reached target coord (41, 7)
   [travel] start map=(3, 34) coords=(41, 7) -> coord (36, 7) (budget 80s, surf-capable)
   [travel] step 0: (41, 7)->(40, 7) map=(3, 34) (path 6 to exit)
   [travel] ENCOUNTER -> on-time beat, warm up, hand off
   [play-live]    [engine] JUST FIGHT: L69 vs L18 + connecting damage — skipping bag/switch hierarchy this turn
   [play-live]    [engine] action menu: Surf - a STAB hit -> slot 1 (eff x1) vs rattata 42/42 | [0]Skull Bash(p100,pp=15,ref=0,sc=50) [1]Surf(p95*STAB,pp=3,ref=0,sc=142.5) [2]Earthquake(p100,pp=0,ref=0,sc=100)
   [play-live]    [engine] STREAM COMMIT: Surf - a STAB hit slot 1 (menu_up=1 action=True moves=False)
   [play-live]    [engine] battle-progress: enemy fainted
   [travel] battle outcome=win; resuming pathfind
   [travel] reached target coord (36, 7)
   [travel] start map=(3, 34) coords=(36, 7) -> coord (33, 5) (budget 80s, surf-capable)
   [travel] step 0: (36, 7)->(36, 6) map=(3, 34) (path 6 to exit)
   [travel] reached target coord (33, 5)
   [travel] start map=(3, 34) coords=(33, 5) -> coord (41, 7) (budget 80s, surf-capable)
   [travel] ENCOUNTER -> on-time beat, warm up, hand off
   [campaign]    [engine] catch no_balls — FLEEING (protect catch target from KO)
   [travel] battle outcome=win; resuming pathfind
   [travel] step 10: (37, 7)->(38, 7) map=(3, 34) (path 5 to exit)
   [travel] ENCOUNTER -> on-time beat, warm up, hand off
   [play-live]    [engine] JUST FIGHT: L69 vs L20 + connecting damage — skipping bag/switch hierarchy this turn
   [play-live]    [engine] action menu: Surf - a STAB hit -> slot 1 (eff x1) vs spearow 52/52 | [0]Skull Bash(p100,pp=14,ref=0,sc=50) [1]Surf(p95*STAB,pp=3,ref=0,sc=142.5) [2]Earthquake(p100,pp=0,ref=0,sc=0)
   [play-live]    [engine] STREAM COMMIT: Surf - a STAB hit slot 1 (menu_up=1 action=True moves=False)
   [play-live]    [engine] !! WRONG SLOT FIRED: chose 1 but slot 0 was consumed (cursor desync survived the force-write; wrong-fires 1) — LOUD
   [play-live]    [engine] battle-progress: move resolved
   [play-live]    [engine] battle-progress: enemy fainted
   [travel] battle outcome=win; resuming pathfind
   [travel] reached target coord (41, 7)
   [travel] start map=(3, 34) coords=(41, 7) -> map (3, 35) (budget 300s, surf-capable)
   [travel] south connection band cols: [0, 2, 3, 4, 5, 6, 7, 8, 9, 10, 11, 12, 13, 14, 24, 25, 26, 27, 28, 29, 30, 31, 32, 33, 34, 35, 36, 37, 38, 39, 40, 41, 42, 43, 44, 45, 46, 47]
   [travel] path blocked at (41, 7) (NPC on the gap?) - waiting
   [travel] no clean path from (41, 7) AND no NPC-allowing path (npcs nearby=[]) - genuine wall/zone gap, will time out
   [travel] !! TRAVEL WEDGE: identical fp x4 retries at (41, 7) map=(3, 34) (reason=no_route) -> returning to roam LOUD (no inner spin)
   [travel] start map=(3, 34) coords=(41, 7) -> coord (27, 7) (budget 240s, surf-capable)
   [travel] step 0: (41, 7)->(41, 8) map=(3, 34) (path 17 to exit)
   [travel] step 10: (32, 8)->(32, 7) map=(3, 34) (path 7 to exit)
   [travel] reached target coord (27, 7)
   [travel] start map=(3, 34) coords=(27, 5) -> coord (28, 6) (budget 60s, surf-capable)
   [travel] step 0: (27, 5)->(27, 6) map=(3, 34) (path 3 to exit)
   [travel] reached target coord (28, 6)
   [travel] start map=(25, 1) coords=(11, 3) -> coord (1, 12) (budget 110s, surf-capable)
   [travel] path blocked at (11, 3) (NPC on the gap?) - waiting
   [travel] no clean path from (11, 3) AND no NPC-allowing path (npcs nearby=[(6, 8), (8, 4)]) - genuine wall/zone gap, will time out
   [travel] !! TRAVEL WEDGE: identical fp x4 retries at (11, 3) map=(25, 1) (reason=no_route) -> returning to roam LOUD (no inner spin)
   [travel] start map=(25, 1) coords=(11, 3) -> coord (9, 16) (budget 110s, surf-capable)
   [travel] path blocked at (11, 3) (NPC on the gap?) - waiting
   [travel] no clean path from (11, 3) AND no NPC-allowing path (npcs nearby=[(6, 8), (7, 4)]) - genuine wall/zone gap, will time out
   [travel] !! TRAVEL WEDGE: identical fp x4 retries at (11, 3) map=(25, 1) (reason=no_route) -> returning to roam LOUD (no inner spin)
   [travel] start map=(25, 1) coords=(11, 3) -> coord (1, 3) (budget 110s, surf-capable)
   [travel] step 0: (11, 3)->(10, 3) map=(25, 1) (path 11 to exit)
   [travel] reached target coord (1, 3)
   [travel] start map=(3, 34) coords=(20, 6) -> map (3, 35) (budget 300s, surf-capable)
   [travel] south connection band cols: [0, 2, 3, 4, 5, 6, 7, 8, 9, 10, 11, 12, 13, 14, 24, 25, 26, 27, 28, 29, 30, 31, 32, 33, 34, 35, 36, 37, 38, 39, 40, 41, 42, 43, 44, 45, 46, 47]
   [travel] path blocked at (20, 6) (NPC on the gap?) - waiting
   [travel] no clean path from (20, 6) AND no NPC-allowing path (npcs nearby=[(12, 12), (14, 14), (16, 12), (30, 5)]) - genuine wall/zone gap, will time out
   [travel] !! TRAVEL WEDGE: identical fp x4 retries at (20, 6) map=(3, 34) (reason=no_route) -> returning to roam LOUD (no inner spin)
   [travel] start map=(3, 34) coords=(20, 5) -> coord (20, 7) (budget 240s, surf-capable)
   [travel] step 0: (20, 5)->(20, 6) map=(3, 34) (path 3 to exit)
   [travel] reached target coord (20, 7)
   [travel] start map=(3, 34) coords=(20, 5) -> coord (19, 6) (budget 60s, surf-capable)
   [travel] step 0: (20, 5)->(20, 6) map=(3, 34) (path 3 to exit)
   [travel] reached target coord (19, 6)
   [travel] start map=(25, 1) coords=(1, 3) -> coord (9, 16) (budget 110s, surf-capable)
   [travel] path blocked at (1, 3) (NPC on the gap?) - waiting
   [travel] no clean path from (1, 3) AND no NPC-allowing path (npcs nearby=[(6, 8), (7, 4)]) - genuine wall/zone gap, will time out
   [travel] !! TRAVEL WEDGE: identical fp x4 retries at (1, 3) map=(25, 1) (reason=no_route) -> returning to roam LOUD (no inner spin)
   [travel] start map=(25, 1) coords=(1, 3) -> coord (11, 12) (budget 110s, surf-capable)
   [travel] path blocked at (1, 3) (NPC on the gap?) - waiting
   [travel] no clean path from (1, 3) AND no NPC-allowing path (npcs nearby=[(6, 8), (8, 4)]) - genuine wall/zone gap, will time out
   [travel] !! TRAVEL WEDGE: identical fp x4 retries at (1, 3) map=(25, 1) (reason=no_route) -> returning to roam LOUD (no inner spin)
   [travel] start map=(25, 1) coords=(1, 3) -> coord (11, 3) (budget 110s, surf-capable)
   [travel] step 0: (1, 3)->(2, 3) map=(25, 1) (path 11 to exit)
   [travel] reached target coord (11, 3)
