===== playlive_2026-08-06_20-48-46.log =====
   [travel] start map=(3, 45) coords=(2, 133) -> map (3, 12) (budget 180s, surf-capable)
   [travel] west connection band rows: [0, 1, 2, 3, 4, 5, 6, 7, 8, 9, 10, 11, 12, 13, 14, 15, 16, 17, 18, 19, 20, 21, 22, 23, 24, 25, 26, 27, 28, 29, 30, 31, 32, 33, 34, 35, 36, 37, 38, 39, 40, 41, 42, 43, 44, 45, 46, 47, 48, 49, 50, 51, 52, 53, 54, 55, 56, 57, 58, 59, 60, 61, 62, 63, 64, 65, 66, 67, 68, 69, 70, 71, 72, 73, 74, 75, 76, 77, 78, 79, 80, 81, 82, 83, 84, 85, 86, 87, 88, 89, 90, 91, 92, 93, 94, 95, 96, 97, 98, 99, 100, 101, 102, 103, 104, 105, 106, 107, 108, 109, 110, 111, 112, 113, 114, 115, 116, 117, 118, 119, 120, 121, 122, 123, 124, 125, 132, 133]
   [travel] step 0: (2, 133)->(1, 133) map=(3, 45) (path 3 to exit)
   [travel] MAP TRANSITION (3, 45) -> (3, 12)
   [travel] west connection band rows: [0, 1, 2, 3, 4, 5, 6, 7, 8, 9, 10, 11, 12, 13, 14, 15, 16, 17, 18, 19]
   [travel] ARRIVED at target map (3, 12) coords=(23, 13)
   [play-live]    [engine] JUST FIGHT: L66 vs L32 + connecting damage — skipping bag/switch hierarchy this turn
   [play-live]    [engine] action menu: Bite - a solid hit -> slot 0 (eff x1) vs spearow 73/73 | [0]Bite(p60,pp=19,ref=0,sc=60) [1]Skull Bash(p100,pp=15,ref=0,sc=50) [2]Surf(p95*STAB,pp=0,ref=0,sc=142.5) [3]Earthquake(p100,pp=5,ref=0,sc=0)
   [play-live]    [engine] STREAM COMMIT: Bite - a solid hit slot 0 (menu_up=1 action=True moves=False)
   [play-live]    [engine] battle-progress: move resolved
   [play-live]    [engine] battle-progress: enemy fainted
   [play-live]    [engine] JUST FIGHT: L66 vs L34 + connecting damage — skipping bag/switch hierarchy this turn
   [play-live]    [engine] action menu: Earthquake - a solid hit -> slot 3 (eff x1) vs psyduck 83/83 | [0]Bite(p60,pp=18,ref=0,sc=60) [1]Skull Bash(p100,pp=15,ref=0,sc=50) [2]Surf(p95*STAB,pp=0,ref=0,sc=35.625) [3]Earthquake(p100,pp=5,ref=0,sc=100)
   [play-live]    [engine] STREAM COMMIT: Earthquake - a solid hit slot 3 (menu_up=1 action=True moves=False)
   [play-live]    [engine] battle-progress: move resolved
   [play-live]    [engine] battle-progress: enemy fainted
   [play-live]    [engine] JUST FIGHT: L66 vs L38 + connecting damage — skipping bag/switch hierarchy this turn
   [play-live]    [engine] action menu: Bite - a solid hit -> slot 0 (eff x1) vs fearow 106/106 | [0]Bite(p60,pp=18,ref=0,sc=60) [1]Skull Bash(p100,pp=15,ref=0,sc=50) [2]Surf(p95*STAB,pp=0,ref=0,sc=142.5) [3]Earthquake(p100,pp=4,ref=0,sc=0)
   [play-live]    [engine] STREAM COMMIT: Bite - a solid hit slot 0 (menu_up=1 action=True moves=False)
   [play-live]    [engine] battle-progress: move resolved
   [play-live]    [engine] JUST FIGHT: L66 vs L38 + connecting damage — skipping bag/switch hierarchy this turn
   [play-live]    [engine] action menu: Bite - a solid hit -> slot 0 (eff x1) vs fearow 19/106 | [0]Bite(p60,pp=17,ref=0,sc=60) [1]Skull Bash(p100,pp=15,ref=0,sc=50) [2]Surf(p95*STAB,pp=0,ref=0,sc=142.5) [3]Earthquake(p100,pp=4,ref=0,sc=0)
   [play-live]    [engine] STREAM COMMIT: Bite - a solid hit slot 0 (menu_up=1 action=True moves=False)
   [play-live]    [engine] battle-progress: move resolved
   [play-live]    [engine] battle-progress: enemy fainted
   [play-live]    [engine] JUST FIGHT: L66 vs L37 + connecting damage — skipping bag/switch hierarchy this turn
   [play-live]    [engine] action menu: Earthquake - a super-effective hit -> slot 3 (eff x2) vs geodude 76/76 | [0]Bite(p60,pp=16,ref=0,sc=60) [1]Skull Bash(p100,pp=15,ref=0,sc=25) [2]Surf(p95*STAB,pp=0,ref=0,sc=570) [3]Earthquake(p100,pp=4,ref=0,sc=200)
   [play-live]    [engine] STREAM COMMIT: Earthquake - a super-effective hit slot 3 (menu_up=1 action=True moves=False)
   [play-live]    [engine] battle-progress: move resolved
   [play-live]    [engine] battle-progress: enemy fainted
   [play-live]    [engine] JUST FIGHT: L66 vs L36 + connecting damage — skipping bag/switch hierarchy this turn
   [play-live]    [engine] action menu: Earthquake - a solid hit -> slot 3 (eff x1) vs machop 107/107 | [0]Bite(p60,pp=16,ref=0,sc=15) [1]Skull Bash(p100,pp=15,ref=0,sc=50) [2]Surf(p95*STAB,pp=0,ref=0,sc=142.5) [3]Earthquake(p100,pp=3,ref=0,sc=100)
   [play-live]    [engine] STREAM COMMIT: Earthquake - a solid hit slot 3 (menu_up=1 action=True moves=False)
   [play-live]    [engine] battle-progress: move resolved
   [play-live]    [engine] battle-progress: enemy fainted
   [play-live]    [engine] JUST FIGHT: L66 vs L38 + connecting damage — skipping bag/switch hierarchy this turn
   [play-live]    [engine] action menu: Earthquake - a solid hit -> slot 3 (eff x1) vs machoke 109/109 | [0]Bite(p60,pp=16,ref=0,sc=15) [1]Skull Bash(p100,pp=15,ref=0,sc=50) [2]Surf(p95*STAB,pp=0,ref=0,sc=142.5) [3]Earthquake(p100,pp=2,ref=0,sc=100)
   [play-live]    [engine] STREAM COMMIT: Earthquake - a solid hit slot 3 (menu_up=1 action=True moves=False)
   [play-live]    [engine] battle-progress: move resolved
   [play-live]    [engine] battle-progress: enemy fainted
   [play-live]    [engine] JUST FIGHT: L66 vs L30 + connecting damage — skipping bag/switch hierarchy this turn
   [play-live]    [engine] action menu: Earthquake - a super-effective hit -> slot 3 (eff x2) vs geodude 66/66 | [0]Bite(p60,pp=16,ref=0,sc=60) [1]Skull Bash(p100,pp=15,ref=0,sc=25) [2]Surf(p95*STAB,pp=0,ref=0,sc=570) [3]Earthquake(p100,pp=1,ref=0,sc=200)
   [play-live]    [engine] STREAM COMMIT: Earthquake - a super-effective hit slot 3 (menu_up=1 action=True moves=False)
   [play-live]    [engine] battle-progress: move resolved
   [play-live]    [engine] battle-progress: enemy fainted
   [play-live]    [engine] JUST FIGHT: L66 vs L31 + connecting damage — skipping bag/switch hierarchy this turn
   [play-live]    [engine] action menu: Bite - a solid hit -> slot 0 (eff x1) vs geodude 68/68 | [0]Bite(p60,pp=16,ref=0,sc=60) [1]Skull Bash(p100,pp=15,ref=0,sc=25) [2]Surf(p95*STAB,pp=0,ref=0,sc=570) [3]Earthquake(p100,pp=0,ref=0,sc=200)
   [play-live]    [engine] STREAM COMMIT: Bite - a solid hit slot 0 (menu_up=1 action=True moves=False)
   [play-live]    [engine] battle-progress: move resolved
   [play-live]    [engine] battle-progress: enemy fainted
   [play-live]    [engine] re-entry: foe is already DOWN — draining the faint/switch chain
   [play-live]    [engine] WILD CATCH DIVERT (legendary) — moltres: weaken+balls, never KO
   [play-live]    [engine] re-entry: foe is already DOWN — draining the faint/switch chain
   [play-live]    [engine] WILD CATCH DIVERT (legendary) — moltres: weaken+balls, never KO
   [play-live]    [engine] re-entry: foe is already DOWN — draining the faint/switch chain
   [play-live]    [engine] WILD CATCH DIVERT (legendary) — moltres: weaken+balls, never KO
   [play-live]    [engine] re-entry: foe is already DOWN — draining the faint/switch chain
   [play-live]    [engine] WILD CATCH DIVERT (legendary) — moltres: weaken+balls, never KO
   [play-live]    [engine] throw_ball: aiming row 1 = item 2 (ultra ball, pref=best)
   [play-live]    [engine] throw_ball: aiming row 1 = item 2 (ultra ball, pref=best)
   [play-live]    [engine] throw_ball: aiming row 1 = item 2 (ultra ball, pref=best)
   [play-live]    [engine] WILD CATCH DIVERT (creator_catch_now) — geodude: weaken+balls, never KO
   [play-live]    [engine] catch: CHIPPER SWITCH — blastoise would one-shot it; fielding slot 2 (fearow) to chip it into the catchable band
   [play-live]    [engine] switch: party didn't open via RAM nav — BLIND fallback (B out, DOWN DOWN A)
   [play-live]    [engine] switch: party screen never took focus -> B out (fail-safe)
   [play-live]    [engine] catch: chipper switch didn't confirm — falling back to the full-HP throw (fail-safe)
   [play-live]    [engine] battle-progress: enemy fainted
   [play-live]    [engine] catch_now unresolved (fled) — LAW order KEPT for retry
   [play-live]    [engine] WILD CATCH DIVERT (creator_catch_now) — machop: weaken+balls, never KO
   [play-live]    [engine] throw_ball: aiming row 1 = item 2 (ultra ball, pref=best)
   [play-live]    [engine] creator catch_now order CLEARED (fulfilled/released)
   [play-live]    [engine] creator catch_now order CLEARED (fulfilled/released)
   [play-live]    [engine] JUST FIGHT: L66 vs L33 + connecting damage — skipping bag/switch hierarchy this turn
   [play-live]    [engine] action menu: Bite - a solid hit -> slot 0 (eff x1) vs geodude 70/70 | [0]Bite(p60,pp=7,ref=0,sc=60) [1]Skull Bash(p100,pp=15,ref=0,sc=25) [2]Surf(p95*STAB,pp=0,ref=0,sc=570) [3]Earthquake(p100,pp=0,ref=0,sc=200)
   [play-live]    [engine] STREAM COMMIT: Bite - a solid hit slot 0 (menu_up=1 action=True moves=False)
   [play-live]    [engine] battle-progress: move resolved
   [play-live]    [engine] battle-progress: enemy fainted
   [play-live]    [engine] JUST FIGHT: L66 vs L33 + connecting damage — skipping bag/switch hierarchy this turn
   [play-live]    [engine] action menu: Bite - a solid hit -> slot 0 (eff x1) vs geodude 73/73 | [0]Bite(p60,pp=6,ref=0,sc=60) [1]Skull Bash(p100,pp=15,ref=0,sc=25) [2]Surf(p95*STAB,pp=0,ref=0,sc=570) [3]Earthquake(p100,pp=0,ref=0,sc=200)
   [play-live]    [engine] STREAM COMMIT: Bite - a solid hit slot 0 (menu_up=1 action=True moves=False)
   [play-live]    [engine] battle-progress: move resolved
   [play-live]    [engine] battle-progress: enemy fainted
   [play-live]    [engine] JUST FIGHT: L66 vs L32 + connecting damage — skipping bag/switch hierarchy this turn
   [play-live]    [engine] action menu: Bite - a solid hit -> slot 0 (eff x1) vs spearow 73/73 | [0]Bite(p60,pp=5,ref=0,sc=60) [1]Skull Bash(p100,pp=15,ref=0,sc=50) [2]Surf(p95*STAB,pp=0,ref=0,sc=142.5) [3]Earthquake(p100,pp=0,ref=0,sc=0)
   [play-live]    [engine] STREAM COMMIT: Bite - a solid hit slot 0 (menu_up=1 action=True moves=False)
   [play-live]    [engine] battle-progress: move resolved
   [play-live]    [engine] battle-progress: enemy fainted
   [travel] start map=(3, 45) coords=(11, 6) -> map (3, 12) (budget 180s, surf-capable)
   [travel] west connection band rows: [0, 1, 2, 3, 4, 5, 6, 7, 8, 9, 10, 11, 12, 13, 14, 15, 16, 17, 18, 19, 20, 21, 22, 23, 24, 25, 26, 27, 28, 29, 30, 31, 32, 33, 34, 35, 36, 37, 38, 39, 40, 41, 42, 43, 44, 45, 46, 47, 48, 49, 50, 51, 52, 53, 54, 55, 56, 57, 58, 59, 60, 61, 62, 63, 64, 65, 66, 67, 68, 69, 70, 71, 72, 73, 74, 75, 76, 77, 78, 79, 80, 81, 82, 83, 84, 85, 86, 87, 88, 89, 90, 91, 92, 93, 94, 95, 96, 97, 98, 99, 100, 101, 102, 103, 104, 105, 106, 107, 108, 109, 110, 111, 112, 113, 114, 115, 116, 117, 118, 119, 120, 121, 122, 123, 124, 125, 132, 133]
   [travel] step 0: (11, 6)->(11, 7) map=(3, 45) (path 142 to exit)
   [travel] step 10: (11, 16)->(11, 17) map=(3, 45) (path 132 to exit)
   [campaign]    [dlg hm-surf] 'The water is dyed a deep blue.. Would you like to SURF?'
   [campaign]    [dlg hm-surf] 'BLASTOISE used SURF!'
   [campaign]    [dlg-pace hm-surf] box 'The water is dyed a deep blue.. Would you like t' visible 1.27s (sink 0ms, hold 0.09s, end=next_box)
   [campaign]    [dlg-pace hm-surf] box 'BLASTOISE used SURF!' visible 2.65s (sink 1ms, hold 0.04s, end=closed)
   [travel] ?? SURF MOUNT at (11, 19) -> (11, 20) (map (3, 45))
   [travel] step 20: (11, 26)->(11, 27) map=(3, 45) (path 122 to exit)
   [travel] !! WATCHDOG disengage requested — bailing this leg LOUD
   [play-live]    [engine] JUST FIGHT: L66 vs L6 + connecting damage — skipping bag/switch hierarchy this turn
   [play-live]    [engine] action menu: Bite - a solid hit -> slot 0 (eff x1) vs tentacool 21/21 | [0]Bite(p60,pp=4,ref=0,sc=60) [1]Skull Bash(p100,pp=15,ref=0,sc=50) [2]Surf(p95*STAB,pp=0,ref=0,sc=71.25) [3]Earthquake(p100,pp=0,ref=0,sc=200)
   [play-live]    [engine] STREAM COMMIT: Bite - a solid hit slot 0 (menu_up=1 action=True moves=False)
   [play-live]    [engine] battle-progress: move resolved
   [play-live]    [engine] battle-progress: enemy fainted
   [travel] start map=(1, 97) coords=(22, 45) -> coord (28, 47) (budget 60s, surf-capable)
   [travel] step 0: (22, 45)->(22, 46) map=(1, 97) (path 9 to exit)
   [travel] reached target coord (28, 47)
   [travel] start map=(3, 45) coords=(11, 6) -> map (3, 12) (budget 120s, surf-capable)
   [travel] west connection band rows: [0, 1, 2, 3, 4, 5, 6, 7, 8, 9, 10, 11, 12, 13, 14, 15, 16, 17, 18, 19, 20, 21, 22, 23, 24, 25, 26, 27, 28, 29, 30, 31, 32, 33, 34, 35, 36, 37, 38, 39, 40, 41, 42, 43, 44, 45, 46, 47, 48, 49, 50, 51, 52, 53, 54, 55, 56, 57, 58, 59, 60, 61, 62, 63, 64, 65, 66, 67, 68, 69, 70, 71, 72, 73, 74, 75, 76, 77, 78, 79, 80, 81, 82, 83, 84, 85, 86, 87, 88, 89, 90, 91, 92, 93, 94, 95, 96, 97, 98, 99, 100, 101, 102, 103, 104, 105, 106, 107, 108, 109, 110, 111, 112, 113, 114, 115, 116, 117, 118, 119, 120, 121, 122, 123, 124, 125, 132, 133]
   [travel] step 0: (11, 6)->(11, 7) map=(3, 45) (path 142 to exit)
   [travel] step 10: (11, 16)->(11, 17) map=(3, 45) (path 132 to exit)
   [campaign]    [dlg hm-surf] 'The water is dyed a deep blue.. Would you like to SURF?'
   [campaign]    [dlg hm-surf] 'BLASTOISE used SURF!'
   [campaign]    [dlg-pace hm-surf] box 'The water is dyed a deep blue.. Would you like t' visible 1.27s (sink 1ms, hold 0.09s, end=next_box)
   [campaign]    [dlg-pace hm-surf] box 'BLASTOISE used SURF!' visible 2.65s (sink 0ms, hold 0.04s, end=closed)
   [travel] ?? SURF MOUNT at (11, 19) -> (11, 20) (map (3, 45))
   [travel] step 20: (11, 26)->(11, 27) map=(3, 45) (path 122 to exit)
   [travel] ENCOUNTER -> on-time beat, warm up, hand off
   [travel] battle outcome=fled; resuming pathfind
   [travel] HEARTBEAT step=40 map=(3, 45) coords=(10, 41) elapsed=27s
   [travel] step 40: (10, 41)->(10, 42) map=(3, 45) (path 106 to exit)
   [travel] step 50: (10, 51)->(10, 52) map=(3, 45) (path 96 to exit)
   [travel] step 60: (11, 60)->(11, 61) map=(3, 45) (path 86 to exit)
   [travel] step 70: (13, 67)->(12, 67) map=(3, 45) (path 79 to exit)
   [travel] HEARTBEAT step=80 map=(3, 45) coords=(9, 73) elapsed=33s
   [travel] step 80: (9, 73)->(9, 74) map=(3, 45) (path 69 to exit)
   [travel] step 90: (9, 83)->(8, 83) map=(3, 45) (path 61 to exit)
   [travel] !! WATCHDOG disengage requested — bailing this leg LOUD
   [travel] start map=(3, 45) coords=(8, 83) -> map (3, 12) (budget 300s, surf-capable)
   [travel] west connection band rows: [0, 1, 2, 3, 4, 5, 6, 7, 8, 9, 10, 11, 12, 13, 14, 15, 16, 17, 18, 19, 20, 21, 22, 23, 24, 25, 26, 27, 28, 29, 30, 31, 32, 33, 34, 35, 36, 37, 38, 39, 40, 41, 42, 43, 44, 45, 46, 47, 48, 49, 50, 51, 52, 53, 54, 55, 56, 57, 58, 59, 60, 61, 62, 63, 64, 65, 66, 67, 68, 69, 70, 71, 72, 73, 74, 75, 76, 77, 78, 79, 80, 81, 82, 83, 84, 85, 86, 87, 88, 89, 90, 91, 92, 93, 94, 95, 96, 97, 98, 99, 100, 101, 102, 103, 104, 105, 106, 107, 108, 109, 110, 111, 112, 113, 114, 115, 116, 117, 118, 119, 120, 121, 122, 123, 124, 125, 132, 133]
   [travel] step 0: (8, 83)->(8, 84) map=(3, 45) (path 60 to exit)
   [travel] ENCOUNTER -> on-time beat, warm up, hand off
   [travel] battle outcome=fled; resuming pathfind
   [travel] step 10: (8, 89)->(8, 90) map=(3, 45) (path 54 to exit)
   [travel] step 20: (8, 99)->(8, 100) map=(3, 45) (path 44 to exit)
   [travel] !! WATCHDOG disengage requested — bailing this leg LOUD
   [travel] start map=(3, 45) coords=(9, 103) -> map (3, 12) (budget 300s, surf-capable)
   [travel] west connection band rows: [0, 1, 2, 3, 4, 5, 6, 7, 8, 9, 10, 11, 12, 13, 14, 15, 16, 17, 18, 19, 20, 21, 22, 23, 24, 25, 26, 27, 28, 29, 30, 31, 32, 33, 34, 35, 36, 37, 38, 39, 40, 41, 42, 43, 44, 45, 46, 47, 48, 49, 50, 51, 52, 53, 54, 55, 56, 57, 58, 59, 60, 61, 62, 63, 64, 65, 66, 67, 68, 69, 70, 71, 72, 73, 74, 75, 76, 77, 78, 79, 80, 81, 82, 83, 84, 85, 86, 87, 88, 89, 90, 91, 92, 93, 94, 95, 96, 97, 98, 99, 100, 101, 102, 103, 104, 105, 106, 107, 108, 109, 110, 111, 112, 113, 114, 115, 116, 117, 118, 119, 120, 121, 122, 123, 124, 125, 132, 133]
   [travel] step 0: (9, 103)->(9, 104) map=(3, 45) (path 41 to exit)
   [travel] ENCOUNTER -> on-time beat, warm up, hand off
   [travel] battle outcome=fled; resuming pathfind
   [travel] step 20: (10, 118)->(10, 119) map=(3, 45) (path 25 to exit)
   [campaign]    [dlg hm-surf] 'The water is dyed a deep blue.. Would you like to SURF?'
   [campaign]    [dlg hm-surf] 'BLASTOISE used SURF!'
   [campaign]    [dlg-pace hm-surf] box 'The water is dyed a deep blue.. Would you like t' visible 1.27s (sink 0ms, hold 0.09s, end=next_box)
   [campaign]    [dlg-pace hm-surf] box 'BLASTOISE used SURF!' visible 2.65s (sink 0ms, hold 0.04s, end=closed)
   [travel] ?? SURF MOUNT at (10, 123) -> (10, 124) (map (3, 45))
   [travel] step 30: (10, 128)->(10, 129) map=(3, 45) (path 15 to exit)
   [travel] ENCOUNTER -> on-time beat, warm up, hand off
   [travel] battle outcome=fled; resuming pathfind
   [travel] HEARTBEAT step=40 map=(3, 45) coords=(8, 132) elapsed=42s
   [travel] step 40: (8, 132)->(7, 132) map=(3, 45) (path 9 to exit)
   [travel] MAP TRANSITION (3, 45) -> (3, 12)
   [travel] west connection band rows: [0, 1, 2, 3, 4, 5, 6, 7, 8, 9, 10, 11, 12, 13, 14, 15, 16, 17, 18, 19]
   [travel] ARRIVED at target map (3, 12) coords=(23, 12)
   [travel] start map=(3, 12) coords=(23, 12) -> coord (14, 6) (budget 120s, surf-capable)
   [travel] step 0: (23, 12)->(22, 12) map=(3, 12) (path 16 to exit)
   [travel] step 10: (17, 8)->(16, 8) map=(3, 12) (path 6 to exit)
   [travel] reached target coord (14, 6)
   [travel] start map=(32, 0) coords=(5, 4) -> coord (9, 8) (budget 60s, surf-capable)
   [travel] path blocked at (5, 4) (NPC on the gap?) - waiting
   [travel] no clean path from (5, 4); NPC-allowing path EXISTS (len 9), blocker NPC tile=None, npcs nearby=[(3, 7), (5, 2), (6, 7), (7, 4), (14, 6), (15, 6)] -> approaching to interact/trigger
   [travel] !! WATCHDOG disengage requested — bailing this leg LOUD
   [travel] start map=(32, 0) coords=(5, 6) -> coord (9, 10) (budget 45s, surf-capable)
   [travel] !! WATCHDOG disengage requested — bailing this leg LOUD
   [travel] start map=(32, 0) coords=(5, 6) -> coord (9, 8) (budget 45s, surf-capable)
   [travel] reached target coord (9, 8)
   [travel] start map=(3, 12) coords=(14, 6) -> coord (23, 12) (budget 120s, surf-capable)
   [travel] step 0: (14, 6)->(14, 7) map=(3, 12) (path 16 to exit)
   [travel] step 10: (18, 12)->(19, 12) map=(3, 12) (path 6 to exit)
   [travel] reached target coord (23, 12)
===== playlive_2026-08-06_20-30-08.log =====
   [play-live]    [engine] JUST FIGHT: L65 vs L38 + connecting damage — skipping bag/switch hierarchy this turn
   [play-live]    [engine] action menu: Earthquake - a super-effective hit -> slot 3 (eff x4) vs grimer 108/108 | [0]Bite(p60,pp=21,ref=0,sc=60) [1]Skull Bash(p100,pp=15,ref=0,sc=50) [2]Surf(p95*STAB,pp=0,ref=0,sc=142.5) [3]Earthquake(p100,pp=7,ref=0,sc=400)
   [play-live]    [engine] STREAM COMMIT: Earthquake - a super-effective hit slot 3 (menu_up=1 action=True moves=False)
   [play-live]    [engine] battle-progress: move resolved
   [play-live]    [engine] battle-progress: enemy fainted
   [play-live]    [engine] JUST FIGHT: L65 vs L39 + connecting damage — skipping bag/switch hierarchy this turn
   [play-live]    [engine] avoided a type-immune move -> Bite (eff x1) instead
   [play-live]    [engine] action menu: Bite -> slot 0 (eff x1) vs weezing 102/102 | [0]Bite(p60,pp=21,ref=0,sc=60) [1]Skull Bash(p100,pp=15,ref=0,sc=50) [2]Surf(p95*STAB,pp=0,ref=0,sc=142.5) [3]Earthquake(p100,pp=6,ref=0,sc=400)
   [play-live]    [engine] STREAM COMMIT: Bite slot 0 (menu_up=1 action=True moves=False)
   [play-live]    [engine] battle-progress: move resolved
   [play-live]    [engine] JUST FIGHT: L65 vs L39 + connecting damage — skipping bag/switch hierarchy this turn
   [play-live]    [engine] avoided a type-immune move -> Bite (eff x1) instead
   [play-live]    [engine] action menu: Bite -> slot 0 (eff x1) vs weezing 30/102 | [0]Bite(p60,pp=20,ref=0,sc=60) [1]Skull Bash(p100,pp=15,ref=0,sc=50) [2]Surf(p95*STAB,pp=0,ref=0,sc=142.5) [3]Earthquake(p100,pp=6,ref=0,sc=400)
   [play-live]    [engine] STREAM COMMIT: Bite slot 0 (menu_up=1 action=True moves=False)
   [play-live]    [engine] battle-progress: move resolved
   [play-live]    [engine] battle-progress: enemy fainted
   [play-live]    [engine] JUST FIGHT: L66 vs L39 + connecting damage — skipping bag/switch hierarchy this turn
   [play-live]    [engine] action menu: Earthquake - a super-effective hit -> slot 3 (eff x4) vs muk 133/133 | [0]Bite(p60,pp=19,ref=0,sc=60) [1]Skull Bash(p100,pp=15,ref=0,sc=50) [2]Surf(p95*STAB,pp=0,ref=0,sc=142.5) [3]Earthquake(p100,pp=6,ref=0,sc=400)
   [play-live]    [engine] STREAM COMMIT: Earthquake - a super-effective hit slot 3 (menu_up=1 action=True moves=False)
   [play-live]    [engine] battle-progress: move resolved
   [play-live]    [engine] battle-progress: enemy fainted
   [travel] start map=(3, 14) coords=(9, 28) -> coord (18, 13) (budget 300s, surf-capable)
   [travel] releasing 4 stale NPC block(s) [(9, 24), (9, 25), (10, 24), (11, 23)] — tile(s) read empty now (wanderer moved on)
   [travel] step 0: (9, 28)->(9, 27) map=(3, 14) (path 25 to exit)
   [travel] step 10: (9, 18)->(9, 17) map=(3, 14) (path 15 to exit)
   [travel] step 20: (14, 13)->(15, 13) map=(3, 14) (path 5 to exit)
   [travel] reached target coord (18, 13)
   [travel] start map=(34, 3) coords=(2, 5) -> coord (4, 6) (budget 60s, surf-capable)
   [travel] step 0: (2, 5)->(3, 5) map=(34, 3) (path 4 to exit)
   [travel] reached target coord (4, 6)
   [travel] start map=(3, 45) coords=(2, 133) -> map (3, 12) (budget 180s, surf-capable)
   [travel] west connection band rows: [0, 1, 2, 3, 4, 5, 6, 7, 8, 9, 10, 11, 12, 13, 14, 15, 16, 17, 18, 19, 20, 21, 22, 23, 24, 25, 26, 27, 28, 29, 30, 31, 32, 33, 34, 35, 36, 37, 38, 39, 40, 41, 42, 43, 44, 45, 46, 47, 48, 49, 50, 51, 52, 53, 54, 55, 56, 57, 58, 59, 60, 61, 62, 63, 64, 65, 66, 67, 68, 69, 70, 71, 72, 73, 74, 75, 76, 77, 78, 79, 80, 81, 82, 83, 84, 85, 86, 87, 88, 89, 90, 91, 92, 93, 94, 95, 96, 97, 98, 99, 100, 101, 102, 103, 104, 105, 106, 107, 108, 109, 110, 111, 112, 113, 114, 115, 116, 117, 118, 119, 120, 121, 122, 123, 124, 125, 132, 133]
   [travel] step 0: (2, 133)->(1, 133) map=(3, 45) (path 3 to exit)
   [travel] MAP TRANSITION (3, 45) -> (3, 12)
   [travel] west connection band rows: [0, 1, 2, 3, 4, 5, 6, 7, 8, 9, 10, 11, 12, 13, 14, 15, 16, 17, 18, 19]
   [travel] ARRIVED at target map (3, 12) coords=(23, 13)
   [travel] start map=(3, 14) coords=(12, 39) -> coord (18, 13) (budget 300s, surf-capable)
   [travel] step 0: (12, 39)->(12, 38) map=(3, 14) (path 35 to exit)
   [travel] step 10: (11, 30)->(11, 29) map=(3, 14) (path 25 to exit)
   [travel] step 20: (11, 20)->(11, 19) map=(3, 14) (path 15 to exit)
   [travel] step 30: (14, 13)->(15, 13) map=(3, 14) (path 5 to exit)
   [travel] reached target coord (18, 13)
   [travel] start map=(34, 3) coords=(2, 5) -> coord (4, 6) (budget 60s, surf-capable)
   [travel] !! WATCHDOG disengage requested — bailing this leg LOUD
   [travel] start map=(34, 3) coords=(2, 5) -> coord (4, 8) (budget 45s, surf-capable)
   [travel] !! WATCHDOG disengage requested — bailing this leg LOUD
   [travel] start map=(34, 3) coords=(2, 5) -> coord (4, 6) (budget 45s, surf-capable)
   [travel] step 0: (2, 5)->(3, 5) map=(34, 3) (path 4 to exit)
   [travel] reached target coord (4, 6)
   [travel] start map=(3, 45) coords=(2, 133) -> map (3, 12) (budget 180s, surf-capable)
   [travel] west connection band rows: [0, 1, 2, 3, 4, 5, 6, 7, 8, 9, 10, 11, 12, 13, 14, 15, 16, 17, 18, 19, 20, 21, 22, 23, 24, 25, 26, 27, 28, 29, 30, 31, 32, 33, 34, 35, 36, 37, 38, 39, 40, 41, 42, 43, 44, 45, 46, 47, 48, 49, 50, 51, 52, 53, 54, 55, 56, 57, 58, 59, 60, 61, 62, 63, 64, 65, 66, 67, 68, 69, 70, 71, 72, 73, 74, 75, 76, 77, 78, 79, 80, 81, 82, 83, 84, 85, 86, 87, 88, 89, 90, 91, 92, 93, 94, 95, 96, 97, 98, 99, 100, 101, 102, 103, 104, 105, 106, 107, 108, 109, 110, 111, 112, 113, 114, 115, 116, 117, 118, 119, 120, 121, 122, 123, 124, 125, 132, 133]
   [travel] step 0: (2, 133)->(1, 133) map=(3, 45) (path 3 to exit)
   [travel] MAP TRANSITION (3, 45) -> (3, 12)
   [travel] west connection band rows: [0, 1, 2, 3, 4, 5, 6, 7, 8, 9, 10, 11, 12, 13, 14, 15, 16, 17, 18, 19]
   [travel] ARRIVED at target map (3, 12) coords=(23, 13)
   [travel] start map=(3, 14) coords=(12, 39) -> coord (18, 13) (budget 300s, surf-capable)
   [travel] step 0: (12, 39)->(12, 38) map=(3, 14) (path 35 to exit)
   [travel] step 10: (11, 30)->(11, 29) map=(3, 14) (path 25 to exit)
   [travel] step 20: (11, 20)->(11, 19) map=(3, 14) (path 15 to exit)
   [travel] step 30: (14, 13)->(15, 13) map=(3, 14) (path 5 to exit)
   [travel] reached target coord (18, 13)
