===== playlive_2026-08-10_19-21-33.log =====
   [travel] start map=(3, 27) coords=(71, 10) -> map (3, 3) (budget 300s, surf-capable)
   [travel] west connection band rows: [6, 8, 9, 11]
   [travel] path blocked at (71, 10) (NPC on the gap?) - waiting
   [travel] no clean path from (71, 10) AND no NPC-allowing path (npcs nearby=[(65, 17)]) - genuine wall/zone gap, will time out
   [travel] !! TRAVEL WEDGE: identical fp x4 retries at (71, 10) map=(3, 27) (reason=no_route) -> returning to roam LOUD (no inner spin)
   [travel] start map=(3, 27) coords=(71, 10) -> map (3, 3) (budget 300s, surf-capable)
   [travel] west connection band rows: [6, 8, 9, 11]
   [travel] step 0: (71, 10)->(70, 10) map=(3, 27) (path 95 to exit)
   [travel] step 10: (67, 16)->(66, 16) map=(3, 27) (path 89 to exit)
   [travel] step 20: (59, 16)->(58, 16) map=(3, 27) (path 79 to exit)
   [travel] step 30: (49, 16)->(48, 16) map=(3, 27) (path 69 to exit)
   [travel] HEARTBEAT step=40 map=(3, 27) coords=(39, 16) elapsed=6s
   [travel] step 40: (39, 16)->(38, 16) map=(3, 27) (path 59 to exit)
   [travel] step 50: (35, 10)->(35, 9) map=(3, 27) (path 49 to exit)
   [travel] step 60: (28, 7)->(28, 6) map=(3, 27) (path 39 to exit)
   [travel] step 70: (23, 2)->(22, 2) map=(3, 27) (path 29 to exit)
   [travel] HEARTBEAT step=80 map=(3, 27) coords=(17, 6) elapsed=11s
   [travel] step 80: (17, 6)->(16, 6) map=(3, 27) (path 19 to exit)
   [travel] step 90: (9, 8)->(8, 8) map=(3, 27) (path 10 to exit)
   [travel] path blocked at (3, 8) (NPC on the gap?) - waiting
   [travel] no clean path from (3, 8); NPC-allowing path EXISTS (len 4), blocker NPC tile=(2, 8), npcs nearby=[(2, 8), (12, 17)] -> approaching to interact/trigger
   [campaign]    [dlg hm-cut] 'This tree looks like it can be CUT down! Would you like to CUT it?'
   [campaign]    [dlg hm-cut] 'RATTATA used CUT!'
   [campaign]    [dlg-pace hm-cut] box 'This tree looks like it can be CUT down! Would y' visible 1.78s (sink 0ms, hold 0.10s, end=next_box)
   [campaign]    [dlg-pace hm-cut] box 'RATTATA used CUT!' visible 4.25s (sink 0ms, hold 0.04s, end=closed)
   [travel] FIELD OBSTACLE (2, 8) on (3, 27) CLEARED with cut — continuing the leg
   [travel] !! WATCHDOG disengage requested — bailing this leg LOUD
   [travel] start map=(3, 27) coords=(3, 8) -> map (3, 3) (budget 300s, surf-capable)
   [travel] west connection band rows: [6, 8, 9, 11]
   [travel] step 0: (3, 8)->(2, 8) map=(3, 27) (path 4 to exit)
   [travel] MAP TRANSITION (3, 27) -> (3, 3)
   [travel] west connection band rows: [0, 1, 2, 3, 4, 5, 6, 7, 8, 9, 13, 14, 16, 17, 18, 20, 21, 22, 30, 31, 32, 33, 34, 35, 36, 37, 38, 39]
   [travel] ARRIVED at target map (3, 3) coords=(47, 18)
   [travel] start map=(3, 3) coords=(47, 18) -> map (3, 22) (budget 300s, surf-capable)
   [travel] west connection band rows: [0, 1, 2, 3, 4, 5, 6, 7, 8, 9, 13, 14, 16, 17, 18, 20, 21, 22, 30, 31, 32, 33, 34, 35, 36, 37, 38, 39]
   [travel] step 0: (47, 18)->(47, 19) map=(3, 3) (path 51 to exit)
   [travel] step 10: (38, 19)->(37, 19) map=(3, 3) (path 41 to exit)
   [travel] step 20: (31, 22)->(30, 22) map=(3, 3) (path 32 to exit)
   [travel] step 30: (21, 22)->(20, 22) map=(3, 3) (path 22 to exit)
   [travel] HEARTBEAT step=40 map=(3, 3) coords=(11, 22) elapsed=6s
   [travel] step 40: (11, 22)->(10, 22) map=(3, 3) (path 12 to exit)
   [travel] step 50: (1, 22)->(0, 22) map=(3, 3) (path 2 to exit)
   [travel] MAP TRANSITION (3, 3) -> (3, 22)
   [travel] west connection band rows: [0, 1, 2, 3, 4, 5, 6, 7, 8, 9, 10, 11, 12, 13, 14, 15, 16, 17, 18, 19]
   [travel] ARRIVED at target map (3, 22) coords=(107, 12)
   [travel] start map=(3, 22) coords=(107, 12) -> map (3, 21) (budget 300s, surf-capable)
   [travel] south connection band cols: [8, 9, 10, 11, 12, 13, 14, 15, 24, 25, 26, 27, 28, 29, 30, 31, 32, 33, 34, 35, 36, 37, 38, 39, 40, 41, 42, 43, 44, 45, 46, 47, 48, 49, 50, 51, 52, 53, 54, 55, 56, 57, 58, 59, 60, 61, 62, 63, 64, 65, 66, 67, 68, 69, 70, 71, 72, 73, 74, 75, 76, 77, 78, 79, 80, 81, 82, 83, 84, 85, 86, 87, 88, 89, 90, 91, 92, 93, 94, 95, 96, 97, 98, 99, 100, 101, 102, 103, 104, 105, 106, 107]
   [travel] path blocked at (107, 12) (NPC on the gap?) - waiting
   [travel] no clean path from (107, 12) AND no NPC-allowing path (npcs nearby=[(117, 14)]) - genuine wall/zone gap, will time out
   [travel] !! TRAVEL WEDGE: identical fp x4 retries at (107, 12) map=(3, 22) (reason=no_route) -> returning to roam LOUD (no inner spin)
   [travel] start map=(3, 22) coords=(107, 12) -> map (3, 21) (budget 180s, surf-capable)
   [travel] south connection band cols: [8, 9, 10, 11, 12, 13, 14, 15, 24, 25, 26, 27, 28, 29, 30, 31, 32, 33, 34, 35, 36, 37, 38, 39, 40, 41, 42, 43, 44, 45, 46, 47, 48, 49, 50, 51, 52, 53, 54, 55, 56, 57, 58, 59, 60, 61, 62, 63, 64, 65, 66, 67, 68, 69, 70, 71, 72, 73, 74, 75, 76, 77, 78, 79, 80, 81, 82, 83, 84, 85, 86, 87, 88, 89, 90, 91, 92, 93, 94, 95, 96, 97, 98, 99, 100, 101, 102, 103, 104, 105, 106, 107]
   [travel] path blocked at (107, 12) (NPC on the gap?) - waiting
   [travel] no clean path from (107, 12) AND no NPC-allowing path (npcs nearby=[(117, 14)]) - genuine wall/zone gap, will time out
   [travel] !! TRAVEL WEDGE: identical fp x4 retries at (107, 12) map=(3, 22) (reason=no_route) -> returning to roam LOUD (no inner spin)
   [travel] start map=(3, 22) coords=(107, 12) -> map (3, 21) (budget 180s, surf-capable)
   [travel] south connection band cols: [8, 9, 10, 11, 12, 13, 14, 15, 24, 25, 26, 27, 28, 29, 30, 31, 32, 33, 34, 35, 36, 37, 38, 39, 40, 41, 42, 43, 44, 45, 46, 47, 48, 49, 50, 51, 52, 53, 54, 55, 56, 57, 58, 59, 60, 61, 62, 63, 64, 65, 66, 67, 68, 69, 70, 71, 72, 73, 74, 75, 76, 77, 78, 79, 80, 81, 82, 83, 84, 85, 86, 87, 88, 89, 90, 91, 92, 93, 94, 95, 96, 97, 98, 99, 100, 101, 102, 103, 104, 105, 106, 107]
   [travel] path blocked at (107, 12) (NPC on the gap?) - waiting
   [travel] no clean path from (107, 12) AND no NPC-allowing path (npcs nearby=[(117, 14)]) - genuine wall/zone gap, will time out
   [travel] !! TRAVEL WEDGE: identical fp x4 retries at (107, 12) map=(3, 22) (reason=no_route) -> returning to roam LOUD (no inner spin)
   [travel] start map=(3, 22) coords=(107, 12) -> map (3, 21) (budget 180s, surf-capable)
   [travel] south connection band cols: [8, 9, 10, 11, 12, 13, 14, 15, 24, 25, 26, 27, 28, 29, 30, 31, 32, 33, 34, 35, 36, 37, 38, 39, 40, 41, 42, 43, 44, 45, 46, 47, 48, 49, 50, 51, 52, 53, 54, 55, 56, 57, 58, 59, 60, 61, 62, 63, 64, 65, 66, 67, 68, 69, 70, 71, 72, 73, 74, 75, 76, 77, 78, 79, 80, 81, 82, 83, 84, 85, 86, 87, 88, 89, 90, 91, 92, 93, 94, 95, 96, 97, 98, 99, 100, 101, 102, 103, 104, 105, 106, 107]
   [travel] path blocked at (107, 12) (NPC on the gap?) - waiting
   [travel] no clean path from (107, 12) AND no NPC-allowing path (npcs nearby=[(117, 14)]) - genuine wall/zone gap, will time out
   [travel] !! TRAVEL WEDGE: identical fp x4 retries at (107, 12) map=(3, 22) (reason=no_route) -> returning to roam LOUD (no inner spin)
   [travel] start map=(3, 22) coords=(107, 12) -> map (3, 21) (budget 300s, surf-capable)
   [travel] south connection band cols: [8, 9, 10, 11, 12, 13, 14, 15, 24, 25, 26, 27, 28, 29, 30, 31, 32, 33, 34, 35, 36, 37, 38, 39, 40, 41, 42, 43, 44, 45, 46, 47, 48, 49, 50, 51, 52, 53, 54, 55, 56, 57, 58, 59, 60, 61, 62, 63, 64, 65, 66, 67, 68, 69, 70, 71, 72, 73, 74, 75, 76, 77, 78, 79, 80, 81, 82, 83, 84, 85, 86, 87, 88, 89, 90, 91, 92, 93, 94, 95, 96, 97, 98, 99, 100, 101, 102, 103, 104, 105, 106, 107]
   [travel] path blocked at (107, 12) (NPC on the gap?) - waiting
   [travel] no clean path from (107, 12) AND no NPC-allowing path (npcs nearby=[(117, 14)]) - genuine wall/zone gap, will time out
   [travel] !! TRAVEL WEDGE: identical fp x4 retries at (107, 12) map=(3, 22) (reason=no_route) -> returning to roam LOUD (no inner spin)
   [travel] start map=(3, 22) coords=(107, 12) -> map (3, 21) (budget 300s, surf-capable)
   [travel] south connection band cols: [8, 9, 10, 11, 12, 13, 14, 15, 24, 25, 26, 27, 28, 29, 30, 31, 32, 33, 34, 35, 36, 37, 38, 39, 40, 41, 42, 43, 44, 45, 46, 47, 48, 49, 50, 51, 52, 53, 54, 55, 56, 57, 58, 59, 60, 61, 62, 63, 64, 65, 66, 67, 68, 69, 70, 71, 72, 73, 74, 75, 76, 77, 78, 79, 80, 81, 82, 83, 84, 85, 86, 87, 88, 89, 90, 91, 92, 93, 94, 95, 96, 97, 98, 99, 100, 101, 102, 103, 104, 105, 106, 107]
   [travel] path blocked at (107, 12) (NPC on the gap?) - waiting
   [travel] no clean path from (107, 12) AND no NPC-allowing path (npcs nearby=[(117, 14)]) - genuine wall/zone gap, will time out
   [travel] !! TRAVEL WEDGE: identical fp x4 retries at (107, 12) map=(3, 22) (reason=no_route) -> returning to roam LOUD (no inner spin)
   [travel] start map=(3, 22) coords=(107, 12) -> map (3, 21) (budget 300s, surf-capable)
   [travel] south connection band cols: [8, 9, 10, 11, 12, 13, 14, 15, 24, 25, 26, 27, 28, 29, 30, 31, 32, 33, 34, 35, 36, 37, 38, 39, 40, 41, 42, 43, 44, 45, 46, 47, 48, 49, 50, 51, 52, 53, 54, 55, 56, 57, 58, 59, 60, 61, 62, 63, 64, 65, 66, 67, 68, 69, 70, 71, 72, 73, 74, 75, 76, 77, 78, 79, 80, 81, 82, 83, 84, 85, 86, 87, 88, 89, 90, 91, 92, 93, 94, 95, 96, 97, 98, 99, 100, 101, 102, 103, 104, 105, 106, 107]
   [travel] path blocked at (107, 12) (NPC on the gap?) - waiting
   [travel] no clean path from (107, 12) AND no NPC-allowing path (npcs nearby=[(117, 14)]) - genuine wall/zone gap, will time out
   [travel] !! TRAVEL WEDGE: identical fp x4 retries at (107, 12) map=(3, 22) (reason=no_route) -> returning to roam LOUD (no inner spin)
   [travel] start map=(3, 22) coords=(107, 12) -> map (3, 21) (budget 300s, surf-capable)
   [travel] south connection band cols: [8, 9, 10, 11, 12, 13, 14, 15, 24, 25, 26, 27, 28, 29, 30, 31, 32, 33, 34, 35, 36, 37, 38, 39, 40, 41, 42, 43, 44, 45, 46, 47, 48, 49, 50, 51, 52, 53, 54, 55, 56, 57, 58, 59, 60, 61, 62, 63, 64, 65, 66, 67, 68, 69, 70, 71, 72, 73, 74, 75, 76, 77, 78, 79, 80, 81, 82, 83, 84, 85, 86, 87, 88, 89, 90, 91, 92, 93, 94, 95, 96, 97, 98, 99, 100, 101, 102, 103, 104, 105, 106, 107]
   [travel] path blocked at (107, 12) (NPC on the gap?) - waiting
   [travel] no clean path from (107, 12) AND no NPC-allowing path (npcs nearby=[(117, 14)]) - genuine wall/zone gap, will time out
   [travel] !! TRAVEL WEDGE: identical fp x4 retries at (107, 12) map=(3, 22) (reason=no_route) -> returning to roam LOUD (no inner spin)
   [travel] start map=(3, 22) coords=(107, 12) -> map (3, 3) (budget 300s, surf-capable)
   [travel] east connection band rows: [2, 3, 4, 5, 6, 7, 8, 10, 11, 12]
   [travel] step 0: (107, 12)->(0, 22) map=(3, 22) (path 2 to exit)
   [travel] MAP TRANSITION (3, 22) -> (3, 3)
   [travel] east connection band rows: [0, 1, 2, 3, 4, 5, 6, 7, 8, 9, 11, 16, 18, 19, 21, 30, 31, 32, 33, 34, 35, 36, 37, 38, 39]
   [travel] ARRIVED at target map (3, 3) coords=(0, 22)
   [travel] start map=(3, 3) coords=(0, 22) -> map (3, 22) (budget 300s, surf-capable)
   [travel] west connection band rows: [0, 1, 2, 3, 4, 5, 6, 7, 8, 9, 13, 14, 16, 17, 18, 20, 21, 22, 30, 31, 32, 33, 34, 35, 36, 37, 38, 39]
   [travel] MAP TRANSITION (3, 3) -> (3, 22)
   [travel] west connection band rows: [0, 1, 2, 3, 4, 5, 6, 7, 8, 9, 10, 11, 12, 13, 14, 15, 16, 17, 18, 19]
   [travel] ARRIVED at target map (3, 22) coords=(107, 12)
   [travel] start map=(3, 22) coords=(107, 12) -> map (3, 21) (budget 300s, surf-capable)
   [travel] south connection band cols: [8, 9, 10, 11, 12, 13, 14, 15, 24, 25, 26, 27, 28, 29, 30, 31, 32, 33, 34, 35, 36, 37, 38, 39, 40, 41, 42, 43, 44, 45, 46, 47, 48, 49, 50, 51, 52, 53, 54, 55, 56, 57, 58, 59, 60, 61, 62, 63, 64, 65, 66, 67, 68, 69, 70, 71, 72, 73, 74, 75, 76, 77, 78, 79, 80, 81, 82, 83, 84, 85, 86, 87, 88, 89, 90, 91, 92, 93, 94, 95, 96, 97, 98, 99, 100, 101, 102, 103, 104, 105, 106, 107]
   [travel] path blocked at (107, 12) (NPC on the gap?) - waiting
   [travel] no clean path from (107, 12) AND no NPC-allowing path (npcs nearby=[(117, 14)]) - genuine wall/zone gap, will time out
   [travel] !! TRAVEL WEDGE: identical fp x4 retries at (107, 12) map=(3, 22) (reason=no_route) -> returning to roam LOUD (no inner spin)
   [travel] start map=(3, 22) coords=(107, 12) -> map (3, 21) (budget 300s, surf-capable)
   [travel] south connection band cols: [8, 9, 10, 11, 12, 13, 14, 15, 24, 25, 26, 27, 28, 29, 30, 31, 32, 33, 34, 35, 36, 37, 38, 39, 40, 41, 42, 43, 44, 45, 46, 47, 48, 49, 50, 51, 52, 53, 54, 55, 56, 57, 58, 59, 60, 61, 62, 63, 64, 65, 66, 67, 68, 69, 70, 71, 72, 73, 74, 75, 76, 77, 78, 79, 80, 81, 82, 83, 84, 85, 86, 87, 88, 89, 90, 91, 92, 93, 94, 95, 96, 97, 98, 99, 100, 101, 102, 103, 104, 105, 106, 107]
   [travel] path blocked at (107, 12) (NPC on the gap?) - waiting
   [travel] no clean path from (107, 12) AND no NPC-allowing path (npcs nearby=[(117, 14)]) - genuine wall/zone gap, will time out
   [travel] !! TRAVEL WEDGE: identical fp x4 retries at (107, 12) map=(3, 22) (reason=no_route) -> returning to roam LOUD (no inner spin)
   [travel] start map=(3, 22) coords=(107, 12) -> map (3, 21) (budget 300s, surf-capable)
   [travel] south connection band cols: [8, 9, 10, 11, 12, 13, 14, 15, 24, 25, 26, 27, 28, 29, 30, 31, 32, 33, 34, 35, 36, 37, 38, 39, 40, 41, 42, 43, 44, 45, 46, 47, 48, 49, 50, 51, 52, 53, 54, 55, 56, 57, 58, 59, 60, 61, 62, 63, 64, 65, 66, 67, 68, 69, 70, 71, 72, 73, 74, 75, 76, 77, 78, 79, 80, 81, 82, 83, 84, 85, 86, 87, 88, 89, 90, 91, 92, 93, 94, 95, 96, 97, 98, 99, 100, 101, 102, 103, 104, 105, 106, 107]
   [travel] path blocked at (107, 12) (NPC on the gap?) - waiting
   [travel] no clean path from (107, 12) AND no NPC-allowing path (npcs nearby=[(117, 14)]) - genuine wall/zone gap, will time out
   [travel] !! TRAVEL WEDGE: identical fp x4 retries at (107, 12) map=(3, 22) (reason=no_route) -> returning to roam LOUD (no inner spin)
   [travel] start map=(3, 22) coords=(107, 12) -> map (3, 21) (budget 300s, surf-capable)
   [travel] south connection band cols: [8, 9, 10, 11, 12, 13, 14, 15, 24, 25, 26, 27, 28, 29, 30, 31, 32, 33, 34, 35, 36, 37, 38, 39, 40, 41, 42, 43, 44, 45, 46, 47, 48, 49, 50, 51, 52, 53, 54, 55, 56, 57, 58, 59, 60, 61, 62, 63, 64, 65, 66, 67, 68, 69, 70, 71, 72, 73, 74, 75, 76, 77, 78, 79, 80, 81, 82, 83, 84, 85, 86, 87, 88, 89, 90, 91, 92, 93, 94, 95, 96, 97, 98, 99, 100, 101, 102, 103, 104, 105, 106, 107]
   [travel] path blocked at (107, 12) (NPC on the gap?) - waiting
   [travel] no clean path from (107, 12) AND no NPC-allowing path (npcs nearby=[(117, 14)]) - genuine wall/zone gap, will time out
   [travel] !! TRAVEL WEDGE: identical fp x4 retries at (107, 12) map=(3, 22) (reason=no_route) -> returning to roam LOUD (no inner spin)
   [travel] start map=(3, 22) coords=(107, 12) -> map (3, 21) (budget 300s, surf-capable)
   [travel] south connection band cols: [8, 9, 10, 11, 12, 13, 14, 15, 24, 25, 26, 27, 28, 29, 30, 31, 32, 33, 34, 35, 36, 37, 38, 39, 40, 41, 42, 43, 44, 45, 46, 47, 48, 49, 50, 51, 52, 53, 54, 55, 56, 57, 58, 59, 60, 61, 62, 63, 64, 65, 66, 67, 68, 69, 70, 71, 72, 73, 74, 75, 76, 77, 78, 79, 80, 81, 82, 83, 84, 85, 86, 87, 88, 89, 90, 91, 92, 93, 94, 95, 96, 97, 98, 99, 100, 101, 102, 103, 104, 105, 106, 107]
   [travel] path blocked at (107, 12) (NPC on the gap?) - waiting
   [travel] no clean path from (107, 12) AND no NPC-allowing path (npcs nearby=[(117, 14)]) - genuine wall/zone gap, will time out
   [travel] !! TRAVEL WEDGE: identical fp x4 retries at (107, 12) map=(3, 22) (reason=no_route) -> returning to roam LOUD (no inner spin)
   [travel] start map=(3, 22) coords=(107, 12) -> map (3, 21) (budget 300s, surf-capable)
   [travel] south connection band cols: [8, 9, 10, 11, 12, 13, 14, 15, 24, 25, 26, 27, 28, 29, 30, 31, 32, 33, 34, 35, 36, 37, 38, 39, 40, 41, 42, 43, 44, 45, 46, 47, 48, 49, 50, 51, 52, 53, 54, 55, 56, 57, 58, 59, 60, 61, 62, 63, 64, 65, 66, 67, 68, 69, 70, 71, 72, 73, 74, 75, 76, 77, 78, 79, 80, 81, 82, 83, 84, 85, 86, 87, 88, 89, 90, 91, 92, 93, 94, 95, 96, 97, 98, 99, 100, 101, 102, 103, 104, 105, 106, 107]
   [travel] path blocked at (107, 12) (NPC on the gap?) - waiting
   [travel] no clean path from (107, 12) AND no NPC-allowing path (npcs nearby=[(117, 14)]) - genuine wall/zone gap, will time out
   [travel] !! TRAVEL WEDGE: identical fp x4 retries at (107, 12) map=(3, 22) (reason=no_route) -> returning to roam LOUD (no inner spin)
   [travel] start map=(3, 22) coords=(107, 12) -> map (3, 3) (budget 300s, surf-capable)
   [travel] east connection band rows: [2, 3, 4, 5, 6, 7, 8, 10, 11, 12]
   [travel] step 0: (107, 12)->(0, 22) map=(3, 22) (path 2 to exit)
   [travel] MAP TRANSITION (3, 22) -> (3, 3)
   [travel] east connection band rows: [0, 1, 2, 3, 4, 5, 6, 7, 8, 9, 11, 16, 18, 19, 21, 30, 31, 32, 33, 34, 35, 36, 37, 38, 39]
   [travel] ARRIVED at target map (3, 3) coords=(0, 22)
   [travel] start map=(3, 3) coords=(0, 22) -> map (3, 22) (budget 300s, surf-capable)
   [travel] west connection band rows: [0, 1, 2, 3, 4, 5, 6, 7, 8, 9, 13, 14, 16, 17, 18, 20, 21, 22, 30, 31, 32, 33, 34, 35, 36, 37, 38, 39]
   [travel] MAP TRANSITION (3, 3) -> (3, 22)
   [travel] west connection band rows: [0, 1, 2, 3, 4, 5, 6, 7, 8, 9, 10, 11, 12, 13, 14, 15, 16, 17, 18, 19]
   [travel] ARRIVED at target map (3, 22) coords=(107, 12)
   [travel] start map=(3, 22) coords=(107, 12) -> map (3, 21) (budget 300s, surf-capable)
   [travel] south connection band cols: [8, 9, 10, 11, 12, 13, 14, 15, 24, 25, 26, 27, 28, 29, 30, 31, 32, 33, 34, 35, 36, 37, 38, 39, 40, 41, 42, 43, 44, 45, 46, 47, 48, 49, 50, 51, 52, 53, 54, 55, 56, 57, 58, 59, 60, 61, 62, 63, 64, 65, 66, 67, 68, 69, 70, 71, 72, 73, 74, 75, 76, 77, 78, 79, 80, 81, 82, 83, 84, 85, 86, 87, 88, 89, 90, 91, 92, 93, 94, 95, 96, 97, 98, 99, 100, 101, 102, 103, 104, 105, 106, 107]
   [travel] path blocked at (107, 12) (NPC on the gap?) - waiting
   [travel] no clean path from (107, 12) AND no NPC-allowing path (npcs nearby=[(117, 14)]) - genuine wall/zone gap, will time out
   [travel] !! TRAVEL WEDGE: identical fp x4 retries at (107, 12) map=(3, 22) (reason=no_route) -> returning to roam LOUD (no inner spin)
   [travel] start map=(3, 22) coords=(107, 12) -> map (3, 21) (budget 300s, surf-capable)
   [travel] south connection band cols: [8, 9, 10, 11, 12, 13, 14, 15, 24, 25, 26, 27, 28, 29, 30, 31, 32, 33, 34, 35, 36, 37, 38, 39, 40, 41, 42, 43, 44, 45, 46, 47, 48, 49, 50, 51, 52, 53, 54, 55, 56, 57, 58, 59, 60, 61, 62, 63, 64, 65, 66, 67, 68, 69, 70, 71, 72, 73, 74, 75, 76, 77, 78, 79, 80, 81, 82, 83, 84, 85, 86, 87, 88, 89, 90, 91, 92, 93, 94, 95, 96, 97, 98, 99, 100, 101, 102, 103, 104, 105, 106, 107]
   [travel] path blocked at (107, 12) (NPC on the gap?) - waiting
   [travel] no clean path from (107, 12) AND no NPC-allowing path (npcs nearby=[(117, 14)]) - genuine wall/zone gap, will time out
   [travel] !! TRAVEL WEDGE: identical fp x4 retries at (107, 12) map=(3, 22) (reason=no_route) -> returning to roam LOUD (no inner spin)
   [travel] start map=(3, 22) coords=(107, 12) -> map (3, 21) (budget 300s, surf-capable)
   [travel] south connection band cols: [8, 9, 10, 11, 12, 13, 14, 15, 24, 25, 26, 27, 28, 29, 30, 31, 32, 33, 34, 35, 36, 37, 38, 39, 40, 41, 42, 43, 44, 45, 46, 47, 48, 49, 50, 51, 52, 53, 54, 55, 56, 57, 58, 59, 60, 61, 62, 63, 64, 65, 66, 67, 68, 69, 70, 71, 72, 73, 74, 75, 76, 77, 78, 79, 80, 81, 82, 83, 84, 85, 86, 87, 88, 89, 90, 91, 92, 93, 94, 95, 96, 97, 98, 99, 100, 101, 102, 103, 104, 105, 106, 107]
   [travel] path blocked at (107, 12) (NPC on the gap?) - waiting
   [travel] no clean path from (107, 12) AND no NPC-allowing path (npcs nearby=[(117, 14)]) - genuine wall/zone gap, will time out
   [travel] !! TRAVEL WEDGE: identical fp x4 retries at (107, 12) map=(3, 22) (reason=no_route) -> returning to roam LOUD (no inner spin)
   [travel] start map=(3, 22) coords=(107, 12) -> map (3, 21) (budget 300s, surf-capable)
   [travel] south connection band cols: [8, 9, 10, 11, 12, 13, 14, 15, 24, 25, 26, 27, 28, 29, 30, 31, 32, 33, 34, 35, 36, 37, 38, 39, 40, 41, 42, 43, 44, 45, 46, 47, 48, 49, 50, 51, 52, 53, 54, 55, 56, 57, 58, 59, 60, 61, 62, 63, 64, 65, 66, 67, 68, 69, 70, 71, 72, 73, 74, 75, 76, 77, 78, 79, 80, 81, 82, 83, 84, 85, 86, 87, 88, 89, 90, 91, 92, 93, 94, 95, 96, 97, 98, 99, 100, 101, 102, 103, 104, 105, 106, 107]
   [travel] path blocked at (107, 12) (NPC on the gap?) - waiting
   [travel] no clean path from (107, 12) AND no NPC-allowing path (npcs nearby=[(117, 14)]) - genuine wall/zone gap, will time out
   [travel] !! TRAVEL WEDGE: identical fp x4 retries at (107, 12) map=(3, 22) (reason=no_route) -> returning to roam LOUD (no inner spin)
   [travel] start map=(3, 22) coords=(107, 12) -> map (3, 21) (budget 300s, surf-capable)
   [travel] south connection band cols: [8, 9, 10, 11, 12, 13, 14, 15, 24, 25, 26, 27, 28, 29, 30, 31, 32, 33, 34, 35, 36, 37, 38, 39, 40, 41, 42, 43, 44, 45, 46, 47, 48, 49, 50, 51, 52, 53, 54, 55, 56, 57, 58, 59, 60, 61, 62, 63, 64, 65, 66, 67, 68, 69, 70, 71, 72, 73, 74, 75, 76, 77, 78, 79, 80, 81, 82, 83, 84, 85, 86, 87, 88, 89, 90, 91, 92, 93, 94, 95, 96, 97, 98, 99, 100, 101, 102, 103, 104, 105, 106, 107]
   [travel] path blocked at (107, 12) (NPC on the gap?) - waiting
   [travel] no clean path from (107, 12) AND no NPC-allowing path (npcs nearby=[(117, 14)]) - genuine wall/zone gap, will time out
   [travel] !! TRAVEL WEDGE: identical fp x4 retries at (107, 12) map=(3, 22) (reason=no_route) -> returning to roam LOUD (no inner spin)
   [travel] start map=(3, 22) coords=(107, 12) -> map (3, 21) (budget 300s, surf-capable)
   [travel] south connection band cols: [8, 9, 10, 11, 12, 13, 14, 15, 24, 25, 26, 27, 28, 29, 30, 31, 32, 33, 34, 35, 36, 37, 38, 39, 40, 41, 42, 43, 44, 45, 46, 47, 48, 49, 50, 51, 52, 53, 54, 55, 56, 57, 58, 59, 60, 61, 62, 63, 64, 65, 66, 67, 68, 69, 70, 71, 72, 73, 74, 75, 76, 77, 78, 79, 80, 81, 82, 83, 84, 85, 86, 87, 88, 89, 90, 91, 92, 93, 94, 95, 96, 97, 98, 99, 100, 101, 102, 103, 104, 105, 106, 107]
   [travel] path blocked at (107, 12) (NPC on the gap?) - waiting
   [travel] no clean path from (107, 12) AND no NPC-allowing path (npcs nearby=[(117, 14)]) - genuine wall/zone gap, will time out
   [travel] !! TRAVEL WEDGE: identical fp x4 retries at (107, 12) map=(3, 22) (reason=no_route) -> returning to roam LOUD (no inner spin)
   [travel] start map=(3, 22) coords=(107, 12) -> map (3, 3) (budget 300s, surf-capable)
   [travel] east connection band rows: [2, 3, 4, 5, 6, 7, 8, 10, 11, 12]
   [travel] step 0: (107, 12)->(0, 22) map=(3, 22) (path 2 to exit)
   [travel] MAP TRANSITION (3, 22) -> (3, 3)
   [travel] east connection band rows: [0, 1, 2, 3, 4, 5, 6, 7, 8, 9, 11, 16, 18, 19, 21, 30, 31, 32, 33, 34, 35, 36, 37, 38, 39]
   [travel] ARRIVED at target map (3, 3) coords=(0, 22)
   [travel] start map=(3, 3) coords=(0, 22) -> map (3, 22) (budget 300s, surf-capable)
   [travel] west connection band rows: [0, 1, 2, 3, 4, 5, 6, 7, 8, 9, 13, 14, 16, 17, 18, 20, 21, 22, 30, 31, 32, 33, 34, 35, 36, 37, 38, 39]
   [travel] MAP TRANSITION (3, 3) -> (3, 22)
   [travel] west connection band rows: [0, 1, 2, 3, 4, 5, 6, 7, 8, 9, 10, 11, 12, 13, 14, 15, 16, 17, 18, 19]
   [travel] ARRIVED at target map (3, 22) coords=(107, 12)
   [travel] start map=(3, 22) coords=(107, 12) -> map (3, 21) (budget 300s, surf-capable)
   [travel] south connection band cols: [8, 9, 10, 11, 12, 13, 14, 15, 24, 25, 26, 27, 28, 29, 30, 31, 32, 33, 34, 35, 36, 37, 38, 39, 40, 41, 42, 43, 44, 45, 46, 47, 48, 49, 50, 51, 52, 53, 54, 55, 56, 57, 58, 59, 60, 61, 62, 63, 64, 65, 66, 67, 68, 69, 70, 71, 72, 73, 74, 75, 76, 77, 78, 79, 80, 81, 82, 83, 84, 85, 86, 87, 88, 89, 90, 91, 92, 93, 94, 95, 96, 97, 98, 99, 100, 101, 102, 103, 104, 105, 106, 107]
   [travel] path blocked at (107, 12) (NPC on the gap?) - waiting
   [travel] no clean path from (107, 12) AND no NPC-allowing path (npcs nearby=[(117, 12)]) - genuine wall/zone gap, will time out
   [travel] !! TRAVEL WEDGE: identical fp x4 retries at (107, 12) map=(3, 22) (reason=no_route) -> returning to roam LOUD (no inner spin)
   [travel] start map=(3, 22) coords=(107, 12) -> map (3, 21) (budget 300s, surf-capable)
   [travel] south connection band cols: [8, 9, 10, 11, 12, 13, 14, 15, 24, 25, 26, 27, 28, 29, 30, 31, 32, 33, 34, 35, 36, 37, 38, 39, 40, 41, 42, 43, 44, 45, 46, 47, 48, 49, 50, 51, 52, 53, 54, 55, 56, 57, 58, 59, 60, 61, 62, 63, 64, 65, 66, 67, 68, 69, 70, 71, 72, 73, 74, 75, 76, 77, 78, 79, 80, 81, 82, 83, 84, 85, 86, 87, 88, 89, 90, 91, 92, 93, 94, 95, 96, 97, 98, 99, 100, 101, 102, 103, 104, 105, 106, 107]
   [travel] path blocked at (107, 12) (NPC on the gap?) - waiting
   [travel] no clean path from (107, 12) AND no NPC-allowing path (npcs nearby=[(117, 12)]) - genuine wall/zone gap, will time out
   [travel] !! TRAVEL WEDGE: identical fp x4 retries at (107, 12) map=(3, 22) (reason=no_route) -> returning to roam LOUD (no inner spin)
   [travel] start map=(3, 22) coords=(107, 12) -> map (3, 21) (budget 300s, surf-capable)
   [travel] south connection band cols: [8, 9, 10, 11, 12, 13, 14, 15, 24, 25, 26, 27, 28, 29, 30, 31, 32, 33, 34, 35, 36, 37, 38, 39, 40, 41, 42, 43, 44, 45, 46, 47, 48, 49, 50, 51, 52, 53, 54, 55, 56, 57, 58, 59, 60, 61, 62, 63, 64, 65, 66, 67, 68, 69, 70, 71, 72, 73, 74, 75, 76, 77, 78, 79, 80, 81, 82, 83, 84, 85, 86, 87, 88, 89, 90, 91, 92, 93, 94, 95, 96, 97, 98, 99, 100, 101, 102, 103, 104, 105, 106, 107]
   [travel] path blocked at (107, 12) (NPC on the gap?) - waiting
   [travel] no clean path from (107, 12) AND no NPC-allowing path (npcs nearby=[(117, 12)]) - genuine wall/zone gap, will time out
   [travel] !! TRAVEL WEDGE: identical fp x4 retries at (107, 12) map=(3, 22) (reason=no_route) -> returning to roam LOUD (no inner spin)
   [travel] start map=(3, 22) coords=(107, 12) -> map (3, 21) (budget 300s, surf-capable)
   [travel] south connection band cols: [8, 9, 10, 11, 12, 13, 14, 15, 24, 25, 26, 27, 28, 29, 30, 31, 32, 33, 34, 35, 36, 37, 38, 39, 40, 41, 42, 43, 44, 45, 46, 47, 48, 49, 50, 51, 52, 53, 54, 55, 56, 57, 58, 59, 60, 61, 62, 63, 64, 65, 66, 67, 68, 69, 70, 71, 72, 73, 74, 75, 76, 77, 78, 79, 80, 81, 82, 83, 84, 85, 86, 87, 88, 89, 90, 91, 92, 93, 94, 95, 96, 97, 98, 99, 100, 101, 102, 103, 104, 105, 106, 107]
   [travel] path blocked at (107, 12) (NPC on the gap?) - waiting
   [travel] no clean path from (107, 12) AND no NPC-allowing path (npcs nearby=[(117, 12)]) - genuine wall/zone gap, will time out
   [travel] !! TRAVEL WEDGE: identical fp x4 retries at (107, 12) map=(3, 22) (reason=no_route) -> returning to roam LOUD (no inner spin)
   [travel] start map=(3, 22) coords=(107, 12) -> map (3, 21) (budget 300s, surf-capable)
   [travel] south connection band cols: [8, 9, 10, 11, 12, 13, 14, 15, 24, 25, 26, 27, 28, 29, 30, 31, 32, 33, 34, 35, 36, 37, 38, 39, 40, 41, 42, 43, 44, 45, 46, 47, 48, 49, 50, 51, 52, 53, 54, 55, 56, 57, 58, 59, 60, 61, 62, 63, 64, 65, 66, 67, 68, 69, 70, 71, 72, 73, 74, 75, 76, 77, 78, 79, 80, 81, 82, 83, 84, 85, 86, 87, 88, 89, 90, 91, 92, 93, 94, 95, 96, 97, 98, 99, 100, 101, 102, 103, 104, 105, 106, 107]
   [travel] path blocked at (107, 12) (NPC on the gap?) - waiting
   [travel] no clean path from (107, 12) AND no NPC-allowing path (npcs nearby=[(117, 12)]) - genuine wall/zone gap, will time out
   [travel] !! TRAVEL WEDGE: identical fp x4 retries at (107, 12) map=(3, 22) (reason=no_route) -> returning to roam LOUD (no inner spin)
   [travel] start map=(3, 22) coords=(107, 12) -> map (3, 21) (budget 300s, surf-capable)
   [travel] south connection band cols: [8, 9, 10, 11, 12, 13, 14, 15, 24, 25, 26, 27, 28, 29, 30, 31, 32, 33, 34, 35, 36, 37, 38, 39, 40, 41, 42, 43, 44, 45, 46, 47, 48, 49, 50, 51, 52, 53, 54, 55, 56, 57, 58, 59, 60, 61, 62, 63, 64, 65, 66, 67, 68, 69, 70, 71, 72, 73, 74, 75, 76, 77, 78, 79, 80, 81, 82, 83, 84, 85, 86, 87, 88, 89, 90, 91, 92, 93, 94, 95, 96, 97, 98, 99, 100, 101, 102, 103, 104, 105, 106, 107]
   [travel] path blocked at (107, 12) (NPC on the gap?) - waiting
   [travel] no clean path from (107, 12) AND no NPC-allowing path (npcs nearby=[(117, 12)]) - genuine wall/zone gap, will time out
   [travel] !! TRAVEL WEDGE: identical fp x4 retries at (107, 12) map=(3, 22) (reason=no_route) -> returning to roam LOUD (no inner spin)
   [travel] start map=(3, 22) coords=(107, 12) -> map (3, 3) (budget 300s, surf-capable)
   [travel] east connection band rows: [2, 3, 4, 5, 6, 7, 8, 10, 11, 12]
   [travel] step 0: (107, 12)->(0, 22) map=(3, 22) (path 2 to exit)
   [travel] MAP TRANSITION (3, 22) -> (3, 3)
   [travel] east connection band rows: [0, 1, 2, 3, 4, 5, 6, 7, 8, 9, 11, 16, 18, 19, 21, 30, 31, 32, 33, 34, 35, 36, 37, 38, 39]
   [travel] ARRIVED at target map (3, 3) coords=(0, 22)
   [travel] start map=(3, 3) coords=(0, 22) -> coord (22, 20) (budget 120s, surf-capable)
   [travel] step 0: (0, 22)->(0, 21) map=(3, 3) (path 25 to exit)
   [travel] step 10: (8, 20)->(9, 20) map=(3, 3) (path 15 to exit)
   [travel] step 20: (18, 20)->(19, 20) map=(3, 3) (path 5 to exit)
   [travel] reached target coord (22, 20)
   [travel] start map=(7, 3) coords=(11, 2) -> coord (7, 7) (budget 60s, surf-capable)
   [travel] step 0: (11, 2)->(11, 3) map=(7, 3) (path 10 to exit)
   [travel] reached target coord (7, 7)
   [travel] start map=(3, 3) coords=(22, 20) -> coord (22, 20) (budget 120s, surf-capable)
   [travel] reached target coord (22, 20)
   [travel] start map=(7, 3) coords=(11, 2) -> coord (7, 7) (budget 60s, surf-capable)
   [travel] step 0: (11, 2)->(11, 3) map=(7, 3) (path 10 to exit)
   [travel] reached target coord (7, 7)
   [travel] start map=(3, 3) coords=(22, 20) -> coord (22, 20) (budget 120s, surf-capable)
   [travel] reached target coord (22, 20)
   [travel] start map=(7, 3) coords=(11, 2) -> coord (7, 7) (budget 60s, surf-capable)
   [travel] step 0: (11, 2)->(11, 3) map=(7, 3) (path 10 to exit)
   [travel] reached target coord (7, 7)
   [travel] start map=(3, 3) coords=(22, 20) -> coord (22, 20) (budget 120s, surf-capable)
   [travel] reached target coord (22, 20)
   [travel] start map=(7, 3) coords=(11, 2) -> coord (7, 7) (budget 60s, surf-capable)
   [travel] step 0: (11, 2)->(11, 3) map=(7, 3) (path 10 to exit)
   [travel] reached target coord (7, 7)
   [travel] start map=(3, 3) coords=(22, 20) -> map (3, 23) (budget 300s, surf-capable)
   [travel] south connection band cols: [15, 16, 17, 18, 20, 21, 22, 23, 24, 25, 26, 27, 29, 30, 31, 32, 48]
   [travel] step 0: (22, 20)->(22, 21) map=(3, 3) (path 29 to exit)
   [travel] step 10: (19, 27)->(19, 28) map=(3, 3) (path 19 to exit)
   [travel] step 20: (25, 31)->(26, 31) map=(3, 3) (path 9 to exit)
   [travel] path blocked at (26, 31) (NPC on the gap?) - waiting
   [travel] no clean path from (26, 31); NPC-allowing path EXISTS (len 8), blocker NPC tile=(26, 32), npcs nearby=[(26, 32), (32, 29), (33, 29)] -> approaching to interact/trigger
   [campaign]    [dlg hm-cut] 'This tree looks like it can be CUT down! Would you like to CUT it?'
   [campaign]    [dlg hm-cut] 'DIGLETT used CUT!'
   [campaign]    [dlg-pace hm-cut] box 'This tree looks like it can be CUT down! Would y' visible 1.78s (sink 0ms, hold 0.10s, end=next_box)
   [campaign]    [dlg-pace hm-cut] box 'DIGLETT used CUT!' visible 4.25s (sink 0ms, hold 0.04s, end=closed)
   [travel] FIELD OBSTACLE (26, 32) on (3, 3) CLEARED with cut — continuing the leg
   [travel] !! WATCHDOG disengage requested — bailing this leg LOUD
   [travel] start map=(3, 3) coords=(26, 30) -> map (3, 23) (budget 300s, surf-capable)
   [travel] south connection band cols: [15, 16, 17, 18, 20, 21, 22, 23, 24, 25, 26, 27, 29, 30, 31, 32, 48]
   [travel] releasing 1 stale NPC block(s) [(26, 32)] — tile(s) read empty now (wanderer moved on)
   [travel] step 0: (26, 30)->(26, 31) map=(3, 3) (path 9 to exit)
   [travel] MAP TRANSITION (3, 3) -> (3, 23)
   [travel] south connection band cols: [23, 24, 25, 26, 48]
   [travel] ARRIVED at target map (3, 23) coords=(26, 0)
   [travel] start map=(3, 23) coords=(26, 0) -> coord (24, 32) (budget 300s, surf-capable)
   [travel] step 0: (26, 0)->(26, 1) map=(3, 23) (path 30 to exit)
   [travel] step 10: (26, 10)->(26, 11) map=(3, 23) (path 22 to exit)
   [travel] ENCOUNTER -> on-time beat, warm up, hand off
   [play-live]    [engine] JUST FIGHT: L69 vs L13 + connecting damage — skipping bag/switch hierarchy this turn
   [play-live]    [engine] action menu: Surf - a not-very-effective hit -> slot 1 (eff x0.5) vs oddish 36/36 | [0]Skull Bash(p100,pp=15,ref=0,sc=50) [1]Surf(p95*STAB,pp=13,ref=0,sc=71.25) [2]Earthquake(p100,pp=0,ref=0,sc=100)
   [play-live]    [engine] STREAM COMMIT: Surf - a not-very-effective hit slot 1 (menu_up=1 action=True moves=False)
   [play-live]    [engine] battle-progress: enemy fainted
   [play-live]    [engine] !! WRONG SLOT FIRED: chose 1 but slot 0 was consumed (cursor desync survived the force-write; wrong-fires 1) — LOUD
   [play-live]    [engine] battle-progress: move resolved
   [travel] battle outcome=win; resuming pathfind
   [travel] step 20: (26, 16)->(26, 17) map=(3, 23) (path 17 to exit)
   [travel] step 30: (26, 26)->(26, 27) map=(3, 23) (path 8 to exit)
   [travel] reached target coord (24, 32)
   [travel] start map=(3, 23) coords=(24, 32) -> coord (24, 31) (budget 60s, surf-capable)
   [travel] step 0: (24, 32)->(24, 31) map=(3, 23) (path 2 to exit)
   [travel] reached target coord (24, 31)
   [travel] start map=(17, 1) coords=(4, 2) -> coord (4, 8) (budget 60s, surf-capable)
   [travel] step 0: (4, 2)->(4, 3) map=(17, 1) (path 7 to exit)
   [travel] reached target coord (4, 8)
   [travel] start map=(3, 10) coords=(34, 6) -> coord (8, 27) (budget 300s, surf-capable)
   [travel] step 0: (34, 6)->(34, 7) map=(3, 10) (path 48 to exit)
   [travel] step 10: (34, 16)->(33, 16) map=(3, 10) (path 38 to exit)
   [travel] step 20: (25, 17)->(24, 17) map=(3, 10) (path 28 to exit)
   [travel] step 30: (17, 19)->(17, 20) map=(3, 10) (path 18 to exit)
   [travel] HEARTBEAT step=40 map=(3, 10) coords=(15, 27) elapsed=5s
   [travel] step 40: (15, 27)->(14, 27) map=(3, 10) (path 8 to exit)
   [travel] reached target coord (8, 27)
   [travel] start map=(3, 10) coords=(8, 27) -> coord (9, 27) (budget 60s, surf-capable)
   [travel] step 0: (8, 27)->(9, 27) map=(3, 10) (path 2 to exit)
   [travel] reached target coord (9, 27)
   [travel] start map=(19, 0) coords=(11, 5) -> coord (1, 5) (budget 300s, surf-capable)
   [travel] step 0: (11, 5)->(10, 5) map=(19, 0) (path 11 to exit)
   [travel] reached target coord (1, 5)
   [travel] start map=(19, 0) coords=(1, 5) -> coord (2, 5) (budget 60s, surf-capable)
   [travel] step 0: (1, 5)->(2, 5) map=(19, 0) (path 2 to exit)
   [travel] reached target coord (2, 5)
   [travel] start map=(3, 25) coords=(15, 10) -> coord (15, 10) (budget 300s, surf-capable)
   [travel] reached target coord (15, 10)
   [travel] start map=(3, 25) coords=(15, 2) -> coord (15, 11) (budget 300s, surf-capable)
   [travel] step 0: (15, 2)->(15, 3) map=(3, 25) (path 10 to exit)
   [travel] ENCOUNTER -> on-time beat, warm up, hand off
   [play-live]    [engine] re-entry: foe is already DOWN — draining the faint/switch chain
   [play-live]    [engine] JUST FIGHT: L69 vs L19 + connecting damage — skipping bag/switch hierarchy this turn
   [play-live]    [engine] action menu: Surf - a STAB hit -> slot 1 (eff x1) vs meowth 47/47 | [0]Skull Bash(p100,pp=14,ref=0,sc=50) [1]Surf(p95*STAB,pp=13,ref=0,sc=142.5) [2]Earthquake(p100,pp=0,ref=0,sc=100)
   [play-live]    [engine] STREAM COMMIT: Surf - a STAB hit slot 1 (menu_up=1 action=True moves=False)
   [play-live]    [engine] !! WRONG SLOT FIRED: chose 1 but slot 0 was consumed (cursor desync survived the force-write; wrong-fires 1) — LOUD
   [play-live]    [engine] battle-progress: move resolved
   [play-live]    [engine] battle-progress: enemy fainted
   [travel] battle outcome=win; resuming pathfind
   [travel] step 10: (15, 8)->(15, 9) map=(3, 25) (path 4 to exit)
   [travel] reached target coord (15, 11)
   [travel] start map=(3, 25) coords=(15, 3) -> coord (14, 10) (budget 60s, surf-capable)
   [travel] step 0: (15, 3)->(15, 4) map=(3, 25) (path 9 to exit)
   [travel] reached target coord (14, 10)
   [travel] start map=(19, 0) coords=(1, 7) -> coord (1, 4) (budget 300s, surf-capable)
   [travel] step 0: (1, 7)->(1, 6) map=(19, 0) (path 4 to exit)
   [travel] reached target coord (1, 4)
   [travel] start map=(19, 0) coords=(1, 7) -> coord (2, 5) (budget 60s, surf-capable)
   [travel] step 0: (1, 7)->(1, 6) map=(19, 0) (path 4 to exit)
   [travel] reached target coord (2, 5)
   [travel] start map=(3, 25) coords=(15, 10) -> coord (15, 10) (budget 300s, surf-capable)
   [travel] reached target coord (15, 10)
   [travel] start map=(3, 25) coords=(15, 2) -> coord (15, 11) (budget 300s, surf-capable)
   [travel] step 0: (15, 2)->(15, 3) map=(3, 25) (path 10 to exit)
   [travel] reached target coord (15, 11)
   [travel] start map=(3, 25) coords=(15, 3) -> coord (14, 10) (budget 60s, surf-capable)
   [travel] step 0: (15, 3)->(15, 4) map=(3, 25) (path 9 to exit)
   [travel] ENCOUNTER -> on-time beat, warm up, hand off
   [play-live]    [engine] re-entry: foe is already DOWN — draining the faint/switch chain
   [play-live]    [engine] JUST FIGHT: L69 vs L18 + connecting damage — skipping bag/switch hierarchy this turn
   [play-live]    [engine] action menu: Surf - a super-effective hit -> slot 1 (eff x4) vs growlithe 50/50 | [0]Skull Bash(p100,pp=13,ref=0,sc=50) [1]Surf(p95*STAB,pp=13,ref=0,sc=570) [2]Earthquake(p100,pp=0,ref=0,sc=400)
   [play-live]    [engine] STREAM COMMIT: Surf - a super-effective hit slot 1 (menu_up=1 action=True moves=False)
   [play-live]    [engine] battle-progress: move resolved
   [play-live]    [engine] battle-progress: enemy fainted
   [travel] battle outcome=win; resuming pathfind
   [travel] step 10: (15, 9)->(15, 10) map=(3, 25) (path 3 to exit)
   [travel] reached target coord (14, 10)
   [travel] start map=(19, 0) coords=(1, 7) -> coord (1, 4) (budget 300s, surf-capable)
   [travel] step 0: (1, 7)->(1, 6) map=(19, 0) (path 4 to exit)
   [travel] reached target coord (1, 4)
   [travel] start map=(19, 0) coords=(1, 7) -> coord (2, 5) (budget 60s, surf-capable)
   [travel] step 0: (1, 7)->(1, 6) map=(19, 0) (path 4 to exit)
   [travel] reached target coord (2, 5)
   [travel] start map=(3, 25) coords=(15, 10) -> coord (15, 10) (budget 300s, surf-capable)
   [travel] reached target coord (15, 10)
   [travel] start map=(3, 25) coords=(15, 5) -> coord (15, 11) (budget 300s, surf-capable)
   [travel] ENCOUNTER -> on-time beat, warm up, hand off
   [play-live]    [engine] JUST FIGHT: L69 vs L17 + connecting damage — skipping bag/switch hierarchy this turn
   [play-live]    [engine] action menu: Surf - a STAB hit -> slot 1 (eff x1) vs meowth 44/44 | [0]Skull Bash(p100,pp=13,ref=0,sc=50) [1]Surf(p95*STAB,pp=12,ref=0,sc=142.5) [2]Earthquake(p100,pp=0,ref=0,sc=100)
   [play-live]    [engine] STREAM COMMIT: Surf - a STAB hit slot 1 (menu_up=1 action=True moves=False)
   [play-live]    [engine] battle-progress: move resolved
   [play-live]    [engine] battle-progress: enemy fainted
   [travel] battle outcome=win; resuming pathfind
   [travel] reached target coord (15, 11)
   [travel] start map=(3, 25) coords=(15, 3) -> coord (14, 10) (budget 60s, surf-capable)
   [travel] ENCOUNTER -> on-time beat, warm up, hand off
   [play-live]    [engine] re-entry: foe is already DOWN — draining the faint/switch chain
   [play-live]    [engine] JUST FIGHT: L69 vs L19 + connecting damage — skipping bag/switch hierarchy this turn
   [play-live]    [engine] action menu: Surf - a not-very-effective hit -> slot 1 (eff x0.5) vs oddish 47/47 | [0]Skull Bash(p100,pp=13,ref=0,sc=50) [1]Surf(p95*STAB,pp=11,ref=0,sc=71.25) [2]Earthquake(p100,pp=0,ref=0,sc=100)
   [play-live]    [engine] STREAM COMMIT: Surf - a not-very-effective hit slot 1 (menu_up=1 action=True moves=False)
   [play-live]    [engine] battle-progress: move resolved
   [play-live]    [engine] battle-progress: enemy fainted
   [travel] battle outcome=win; resuming pathfind
   [travel] step 10: (15, 9)->(15, 10) map=(3, 25) (path 3 to exit)
   [travel] reached target coord (14, 10)
   [travel] start map=(19, 0) coords=(1, 7) -> coord (1, 4) (budget 300s, surf-capable)
   [travel] step 0: (1, 7)->(1, 6) map=(19, 0) (path 4 to exit)
   [travel] reached target coord (1, 4)
   [travel] start map=(19, 0) coords=(1, 7) -> coord (2, 5) (budget 60s, surf-capable)
   [travel] step 0: (1, 7)->(1, 6) map=(19, 0) (path 4 to exit)
   [travel] reached target coord (2, 5)
   [travel] start map=(3, 25) coords=(15, 10) -> coord (15, 10) (budget 300s, surf-capable)
   [travel] reached target coord (15, 10)
   [travel] start map=(3, 25) coords=(15, 2) -> coord (15, 11) (budget 300s, surf-capable)
   [travel] step 0: (15, 2)->(15, 3) map=(3, 25) (path 10 to exit)
   [travel] ENCOUNTER -> on-time beat, warm up, hand off
   [play-live]    [engine] re-entry: foe is already DOWN — draining the faint/switch chain
   [play-live]    [engine] JUST FIGHT: L69 vs L19 + connecting damage — skipping bag/switch hierarchy this turn
   [play-live]    [engine] action menu: Surf - a STAB hit -> slot 1 (eff x1) vs meowth 49/49 | [0]Skull Bash(p100,pp=13,ref=0,sc=50) [1]Surf(p95*STAB,pp=10,ref=0,sc=142.5) [2]Earthquake(p100,pp=0,ref=0,sc=100)
   [play-live]    [engine] STREAM COMMIT: Surf - a STAB hit slot 1 (menu_up=1 action=True moves=False)
   [play-live]    [engine] !! WRONG SLOT FIRED: chose 1 but slot 0 was consumed (cursor desync survived the force-write; wrong-fires 1) — LOUD
   [play-live]    [engine] battle-progress: move resolved
   [play-live]    [engine] battle-progress: enemy fainted
   [travel] battle outcome=win; resuming pathfind
   [travel] step 10: (15, 8)->(15, 9) map=(3, 25) (path 4 to exit)
   [travel] reached target coord (15, 11)
   [travel] start map=(3, 25) coords=(15, 3) -> coord (14, 10) (budget 60s, surf-capable)
   [travel] step 0: (15, 3)->(15, 4) map=(3, 25) (path 9 to exit)
   [travel] reached target coord (14, 10)
   [travel] start map=(19, 0) coords=(1, 7) -> coord (1, 4) (budget 300s, surf-capable)
   [travel] step 0: (1, 7)->(1, 6) map=(19, 0) (path 4 to exit)
   [travel] reached target coord (1, 4)
   [travel] start map=(19, 0) coords=(1, 7) -> coord (2, 5) (budget 60s, surf-capable)
   [travel] step 0: (1, 7)->(1, 6) map=(19, 0) (path 4 to exit)
   [travel] reached target coord (2, 5)
   [travel] start map=(3, 25) coords=(15, 10) -> coord (15, 10) (budget 300s, surf-capable)
   [travel] reached target coord (15, 10)
   [travel] start map=(3, 25) coords=(15, 5) -> coord (15, 11) (budget 300s, surf-capable)
   [travel] ENCOUNTER -> on-time beat, warm up, hand off
   [play-live]    [engine] JUST FIGHT: L69 vs L18 + connecting damage — skipping bag/switch hierarchy this turn
   [play-live]    [engine] action menu: Surf - a super-effective hit -> slot 1 (eff x4) vs growlithe 50/50 | [0]Skull Bash(p100,pp=12,ref=0,sc=50) [1]Surf(p95*STAB,pp=10,ref=0,sc=570) [2]Earthquake(p100,pp=0,ref=0,sc=400)
   [play-live]    [engine] STREAM COMMIT: Surf - a super-effective hit slot 1 (menu_up=1 action=True moves=False)
   [play-live]    [engine] battle-progress: move resolved
   [play-live]    [engine] battle-progress: enemy fainted
   [travel] battle outcome=win; resuming pathfind
   [travel] reached target coord (15, 11)
   [travel] start map=(3, 25) coords=(15, 3) -> coord (14, 10) (budget 60s, surf-capable)
   [travel] ENCOUNTER -> on-time beat, warm up, hand off
   [play-live]    [engine] re-entry: foe is already DOWN — draining the faint/switch chain
   [play-live]    [engine] JUST FIGHT: L69 vs L19 + connecting damage — skipping bag/switch hierarchy this turn
   [play-live]    [engine] action menu: Surf - a STAB hit -> slot 1 (eff x1) vs pidgey 49/49 | [0]Skull Bash(p100,pp=12,ref=0,sc=50) [1]Surf(p95*STAB,pp=9,ref=0,sc=142.5) [2]Earthquake(p100,pp=0,ref=0,sc=0)
   [play-live]    [engine] STREAM COMMIT: Surf - a STAB hit slot 1 (menu_up=1 action=True moves=False)
   [play-live]    [engine] battle-progress: move resolved
===== playlive_2026-08-10_18-05-31.log =====
   [travel] start map=(3, 27) coords=(71, 10) -> map (3, 3) (budget 300s, surf-capable)
   [travel] west connection band rows: [6, 8, 9, 11]
   [travel] path blocked at (71, 10) (NPC on the gap?) - waiting
   [travel] no clean path from (71, 10) AND no NPC-allowing path (npcs nearby=[(65, 17)]) - genuine wall/zone gap, will time out
   [travel] !! TRAVEL WEDGE: identical fp x4 retries at (71, 10) map=(3, 27) (reason=no_route) -> returning to roam LOUD (no inner spin)
   [travel] start map=(3, 27) coords=(71, 10) -> map (3, 28) (budget 300s, surf-capable)
   [travel] east connection band rows: [8, 9, 10]
   [travel] step 0: (71, 10)->(0, 10) map=(3, 27) (path 2 to exit)
   [travel] MAP TRANSITION (3, 27) -> (3, 28)
   [travel] east connection band rows: [0, 1, 2, 3, 4, 5, 6, 7, 8, 9, 10, 11, 12, 13, 14, 15, 16, 17, 18, 19, 20, 21, 22, 23, 24, 25, 26, 27, 28, 29, 30, 31, 32, 33, 34, 35, 36, 37, 38, 39, 40, 41, 42, 43, 44, 45, 46, 47, 48, 49, 50, 51, 52, 53, 54, 55, 56, 57, 58, 59, 60, 61, 62, 63, 64, 65, 66, 67, 68, 69, 70, 71, 72, 73, 74, 75, 76, 77, 78, 79]
   [travel] ARRIVED at target map (3, 28) coords=(0, 10)
   [travel] start map=(3, 28) coords=(0, 10) -> coord (13, 21) (budget 120s, surf-capable)
   [travel] step 0: (0, 10)->(1, 10) map=(3, 28) (path 30 to exit)
   [travel] step 10: (6, 14)->(7, 14) map=(3, 28) (path 21 to exit)
   [travel] step 20: (14, 16)->(15, 16) map=(3, 28) (path 11 to exit)
   [travel] reached target coord (13, 21)
   [travel] start map=(21, 0) coords=(11, 2) -> coord (7, 7) (budget 60s, surf-capable)
   [travel] step 0: (11, 2)->(11, 3) map=(21, 0) (path 10 to exit)
   [travel] reached target coord (7, 7)
   [travel] start map=(3, 28) coords=(13, 21) -> coord (13, 21) (budget 120s, surf-capable)
   [travel] reached target coord (13, 21)
   [travel] start map=(21, 0) coords=(9, 4) -> coord (7, 7) (budget 60s, surf-capable)
   [travel] !! WATCHDOG disengage requested — bailing this leg LOUD
   [travel] start map=(21, 0) coords=(9, 4) -> coord (7, 9) (budget 45s, surf-capable)
   [travel] !! WATCHDOG disengage requested — bailing this leg LOUD
   [travel] start map=(21, 0) coords=(9, 4) -> coord (7, 7) (budget 45s, surf-capable)
   [travel] step 0: (9, 4)->(9, 5) map=(21, 0) (path 6 to exit)
   [travel] reached target coord (7, 7)
   [travel] start map=(3, 28) coords=(13, 21) -> map (3, 27) (budget 300s, surf-capable)
   [travel] west connection band rows: [8, 9, 10, 20, 21, 22, 23, 24, 25, 26, 27, 28, 29, 30, 31, 32, 33, 34, 35, 36, 37, 38, 39, 40, 41, 42, 43, 44, 45, 46, 47, 48, 49, 50, 51, 52, 53, 54, 55, 56, 57, 58, 59, 60, 61, 62, 63, 64, 65, 66, 67, 68, 69, 70, 71, 72, 73, 74, 75, 76, 77, 78, 79]
   [travel] step 0: (13, 21)->(14, 21) map=(3, 28) (path 31 to exit)
   [travel] step 10: (16, 14)->(16, 13) map=(3, 28) (path 21 to exit)
   [travel] step 20: (9, 11)->(8, 11) map=(3, 28) (path 11 to exit)
   [travel] MAP TRANSITION (3, 28) -> (3, 27)
   [travel] west connection band rows: [6, 8, 9, 11]
   [travel] ARRIVED at target map (3, 27) coords=(71, 10)
   [travel] start map=(3, 27) coords=(71, 10) -> map (3, 3) (budget 300s, surf-capable)
   [travel] west connection band rows: [6, 8, 9, 11]
   [travel] path blocked at (71, 10) (NPC on the gap?) - waiting
   [travel] no clean path from (71, 10) AND no NPC-allowing path (npcs nearby=[(65, 17)]) - genuine wall/zone gap, will time out
   [travel] !! TRAVEL WEDGE: identical fp x4 retries at (71, 10) map=(3, 27) (reason=no_route) -> returning to roam LOUD (no inner spin)
   [travel] start map=(3, 27) coords=(71, 10) -> map (3, 3) (budget 300s, surf-capable)
   [travel] west connection band rows: [6, 8, 9, 11]
   [travel] path blocked at (71, 10) (NPC on the gap?) - waiting
   [travel] no clean path from (71, 10) AND no NPC-allowing path (npcs nearby=[(65, 17)]) - genuine wall/zone gap, will time out
   [travel] !! TRAVEL WEDGE: identical fp x4 retries at (71, 10) map=(3, 27) (reason=no_route) -> returning to roam LOUD (no inner spin)
   [travel] start map=(3, 27) coords=(71, 10) -> map (3, 3) (budget 300s, surf-capable)
   [travel] west connection band rows: [6, 8, 9, 11]
   [travel] path blocked at (71, 10) (NPC on the gap?) - waiting
   [travel] no clean path from (71, 10) AND no NPC-allowing path (npcs nearby=[(65, 17)]) - genuine wall/zone gap, will time out
   [travel] !! TRAVEL WEDGE: identical fp x4 retries at (71, 10) map=(3, 27) (reason=no_route) -> returning to roam LOUD (no inner spin)
   [travel] start map=(3, 27) coords=(71, 10) -> map (3, 3) (budget 300s, surf-capable)
   [travel] west connection band rows: [6, 8, 9, 11]
   [travel] path blocked at (71, 10) (NPC on the gap?) - waiting
   [travel] no clean path from (71, 10) AND no NPC-allowing path (npcs nearby=[(65, 17)]) - genuine wall/zone gap, will time out
   [travel] !! TRAVEL WEDGE: identical fp x4 retries at (71, 10) map=(3, 27) (reason=no_route) -> returning to roam LOUD (no inner spin)
   [travel] start map=(3, 27) coords=(71, 10) -> map (3, 3) (budget 300s, surf-capable)
   [travel] west connection band rows: [6, 8, 9, 11]
   [travel] path blocked at (71, 10) (NPC on the gap?) - waiting
   [travel] no clean path from (71, 10) AND no NPC-allowing path (npcs nearby=[(65, 17)]) - genuine wall/zone gap, will time out
   [travel] !! TRAVEL WEDGE: identical fp x4 retries at (71, 10) map=(3, 27) (reason=no_route) -> returning to roam LOUD (no inner spin)
   [travel] start map=(3, 27) coords=(71, 10) -> map (3, 3) (budget 300s, surf-capable)
   [travel] west connection band rows: [6, 8, 9, 11]
   [travel] path blocked at (71, 10) (NPC on the gap?) - waiting
   [travel] no clean path from (71, 10) AND no NPC-allowing path (npcs nearby=[(65, 17)]) - genuine wall/zone gap, will time out
   [travel] !! TRAVEL WEDGE: identical fp x4 retries at (71, 10) map=(3, 27) (reason=no_route) -> returning to roam LOUD (no inner spin)
   [travel] start map=(3, 27) coords=(71, 10) -> map (3, 28) (budget 300s, surf-capable)
   [travel] east connection band rows: [8, 9, 10]
   [travel] step 0: (71, 10)->(0, 10) map=(3, 27) (path 2 to exit)
   [travel] MAP TRANSITION (3, 27) -> (3, 28)
   [travel] east connection band rows: [0, 1, 2, 3, 4, 5, 6, 7, 8, 9, 10, 11, 12, 13, 14, 15, 16, 17, 18, 19, 20, 21, 22, 23, 24, 25, 26, 27, 28, 29, 30, 31, 32, 33, 34, 35, 36, 37, 38, 39, 40, 41, 42, 43, 44, 45, 46, 47, 48, 49, 50, 51, 52, 53, 54, 55, 56, 57, 58, 59, 60, 61, 62, 63, 64, 65, 66, 67, 68, 69, 70, 71, 72, 73, 74, 75, 76, 77, 78, 79]
   [travel] ARRIVED at target map (3, 28) coords=(0, 10)
   [travel] start map=(3, 28) coords=(0, 10) -> coord (13, 21) (budget 120s, surf-capable)
   [travel] step 0: (0, 10)->(1, 10) map=(3, 28) (path 30 to exit)
   [travel] step 10: (6, 14)->(7, 14) map=(3, 28) (path 21 to exit)
   [travel] step 20: (14, 16)->(15, 16) map=(3, 28) (path 11 to exit)
   [travel] reached target coord (13, 21)
   [travel] start map=(21, 0) coords=(11, 2) -> coord (7, 7) (budget 60s, surf-capable)
   [travel] step 0: (11, 2)->(11, 3) map=(21, 0) (path 10 to exit)
   [travel] reached target coord (7, 7)
   [travel] start map=(3, 28) coords=(13, 21) -> map (3, 27) (budget 300s, surf-capable)
   [travel] west connection band rows: [8, 9, 10, 20, 21, 22, 23, 24, 25, 26, 27, 28, 29, 30, 31, 32, 33, 34, 35, 36, 37, 38, 39, 40, 41, 42, 43, 44, 45, 46, 47, 48, 49, 50, 51, 52, 53, 54, 55, 56, 57, 58, 59, 60, 61, 62, 63, 64, 65, 66, 67, 68, 69, 70, 71, 72, 73, 74, 75, 76, 77, 78, 79]
   [travel] step 0: (13, 21)->(14, 21) map=(3, 28) (path 31 to exit)
   [travel] step 10: (16, 14)->(16, 13) map=(3, 28) (path 21 to exit)
   [travel] step 20: (9, 11)->(8, 11) map=(3, 28) (path 11 to exit)
   [travel] MAP TRANSITION (3, 28) -> (3, 27)
   [travel] west connection band rows: [6, 8, 9, 11]
   [travel] ARRIVED at target map (3, 27) coords=(71, 10)
   [travel] start map=(3, 27) coords=(71, 10) -> map (3, 3) (budget 300s, surf-capable)
   [travel] west connection band rows: [6, 8, 9, 11]
   [travel] path blocked at (71, 10) (NPC on the gap?) - waiting
   [travel] no clean path from (71, 10) AND no NPC-allowing path (npcs nearby=[(65, 17)]) - genuine wall/zone gap, will time out
   [travel] !! TRAVEL WEDGE: identical fp x4 retries at (71, 10) map=(3, 27) (reason=no_route) -> returning to roam LOUD (no inner spin)
   [travel] start map=(3, 27) coords=(71, 10) -> map (3, 3) (budget 300s, surf-capable)
   [travel] west connection band rows: [6, 8, 9, 11]
   [travel] path blocked at (71, 10) (NPC on the gap?) - waiting
   [travel] no clean path from (71, 10) AND no NPC-allowing path (npcs nearby=[(65, 17)]) - genuine wall/zone gap, will time out
   [travel] !! TRAVEL WEDGE: identical fp x4 retries at (71, 10) map=(3, 27) (reason=no_route) -> returning to roam LOUD (no inner spin)
   [travel] start map=(3, 27) coords=(71, 10) -> map (3, 3) (budget 300s, surf-capable)
   [travel] west connection band rows: [6, 8, 9, 11]
   [travel] path blocked at (71, 10) (NPC on the gap?) - waiting
   [travel] no clean path from (71, 10) AND no NPC-allowing path (npcs nearby=[(65, 17)]) - genuine wall/zone gap, will time out
   [travel] !! TRAVEL WEDGE: identical fp x4 retries at (71, 10) map=(3, 27) (reason=no_route) -> returning to roam LOUD (no inner spin)
   [travel] start map=(3, 27) coords=(71, 10) -> map (3, 3) (budget 300s, surf-capable)
   [travel] west connection band rows: [6, 8, 9, 11]
   [travel] path blocked at (71, 10) (NPC on the gap?) - waiting
   [travel] no clean path from (71, 10) AND no NPC-allowing path (npcs nearby=[(65, 17)]) - genuine wall/zone gap, will time out
   [travel] !! TRAVEL WEDGE: identical fp x4 retries at (71, 10) map=(3, 27) (reason=no_route) -> returning to roam LOUD (no inner spin)
   [travel] start map=(3, 27) coords=(71, 10) -> map (3, 3) (budget 300s, surf-capable)
   [travel] west connection band rows: [6, 8, 9, 11]
   [travel] path blocked at (71, 10) (NPC on the gap?) - waiting
   [travel] no clean path from (71, 10) AND no NPC-allowing path (npcs nearby=[(65, 17)]) - genuine wall/zone gap, will time out
   [travel] !! TRAVEL WEDGE: identical fp x4 retries at (71, 10) map=(3, 27) (reason=no_route) -> returning to roam LOUD (no inner spin)
   [travel] start map=(3, 27) coords=(71, 10) -> map (3, 3) (budget 300s, surf-capable)
   [travel] west connection band rows: [6, 8, 9, 11]
   [travel] path blocked at (71, 10) (NPC on the gap?) - waiting
   [travel] no clean path from (71, 10) AND no NPC-allowing path (npcs nearby=[(65, 17)]) - genuine wall/zone gap, will time out
   [travel] !! TRAVEL WEDGE: identical fp x4 retries at (71, 10) map=(3, 27) (reason=no_route) -> returning to roam LOUD (no inner spin)
   [travel] start map=(3, 27) coords=(71, 10) -> map (3, 28) (budget 300s, surf-capable)
   [travel] east connection band rows: [8, 9, 10]
   [travel] step 0: (71, 10)->(0, 10) map=(3, 27) (path 2 to exit)
   [travel] MAP TRANSITION (3, 27) -> (3, 28)
   [travel] east connection band rows: [0, 1, 2, 3, 4, 5, 6, 7, 8, 9, 10, 11, 12, 13, 14, 15, 16, 17, 18, 19, 20, 21, 22, 23, 24, 25, 26, 27, 28, 29, 30, 31, 32, 33, 34, 35, 36, 37, 38, 39, 40, 41, 42, 43, 44, 45, 46, 47, 48, 49, 50, 51, 52, 53, 54, 55, 56, 57, 58, 59, 60, 61, 62, 63, 64, 65, 66, 67, 68, 69, 70, 71, 72, 73, 74, 75, 76, 77, 78, 79]
   [travel] ARRIVED at target map (3, 28) coords=(0, 10)
   [travel] start map=(3, 28) coords=(0, 10) -> coord (13, 21) (budget 120s, surf-capable)
   [travel] step 0: (0, 10)->(1, 10) map=(3, 28) (path 30 to exit)
   [travel] step 10: (6, 14)->(7, 14) map=(3, 28) (path 21 to exit)
   [travel] step 20: (14, 16)->(15, 16) map=(3, 28) (path 11 to exit)
   [travel] reached target coord (13, 21)
   [travel] start map=(21, 0) coords=(11, 2) -> coord (7, 7) (budget 60s, surf-capable)
   [travel] step 0: (11, 2)->(11, 3) map=(21, 0) (path 10 to exit)
   [travel] reached target coord (7, 7)
   [travel] start map=(3, 28) coords=(13, 21) -> coord (13, 21) (budget 120s, surf-capable)
   [travel] reached target coord (13, 21)
   [travel] start map=(21, 0) coords=(11, 2) -> coord (7, 7) (budget 60s, surf-capable)
   [travel] step 0: (11, 2)->(11, 3) map=(21, 0) (path 10 to exit)
   [travel] reached target coord (7, 7)
   [travel] start map=(3, 28) coords=(13, 21) -> map (3, 27) (budget 300s, surf-capable)
   [travel] west connection band rows: [8, 9, 10, 20, 21, 22, 23, 24, 25, 26, 27, 28, 29, 30, 31, 32, 33, 34, 35, 36, 37, 38, 39, 40, 41, 42, 43, 44, 45, 46, 47, 48, 49, 50, 51, 52, 53, 54, 55, 56, 57, 58, 59, 60, 61, 62, 63, 64, 65, 66, 67, 68, 69, 70, 71, 72, 73, 74, 75, 76, 77, 78, 79]
   [travel] step 0: (13, 21)->(14, 21) map=(3, 28) (path 31 to exit)
   [travel] step 10: (16, 14)->(16, 13) map=(3, 28) (path 21 to exit)
   [travel] step 20: (9, 11)->(8, 11) map=(3, 28) (path 11 to exit)
   [travel] MAP TRANSITION (3, 28) -> (3, 27)
   [travel] west connection band rows: [6, 8, 9, 11]
   [travel] ARRIVED at target map (3, 27) coords=(71, 10)
   [travel] start map=(3, 27) coords=(71, 10) -> map (3, 3) (budget 300s, surf-capable)
   [travel] west connection band rows: [6, 8, 9, 11]
   [travel] path blocked at (71, 10) (NPC on the gap?) - waiting
   [travel] no clean path from (71, 10) AND no NPC-allowing path (npcs nearby=[(65, 17)]) - genuine wall/zone gap, will time out
   [travel] !! TRAVEL WEDGE: identical fp x4 retries at (71, 10) map=(3, 27) (reason=no_route) -> returning to roam LOUD (no inner spin)
   [travel] start map=(3, 27) coords=(71, 10) -> map (3, 3) (budget 300s, surf-capable)
   [travel] west connection band rows: [6, 8, 9, 11]
   [travel] path blocked at (71, 10) (NPC on the gap?) - waiting
   [travel] no clean path from (71, 10) AND no NPC-allowing path (npcs nearby=[(65, 17)]) - genuine wall/zone gap, will time out
   [travel] !! TRAVEL WEDGE: identical fp x4 retries at (71, 10) map=(3, 27) (reason=no_route) -> returning to roam LOUD (no inner spin)
   [travel] start map=(3, 27) coords=(71, 10) -> map (3, 3) (budget 300s, surf-capable)
   [travel] west connection band rows: [6, 8, 9, 11]
   [travel] path blocked at (71, 10) (NPC on the gap?) - waiting
   [travel] no clean path from (71, 10) AND no NPC-allowing path (npcs nearby=[(65, 17)]) - genuine wall/zone gap, will time out
   [travel] !! TRAVEL WEDGE: identical fp x4 retries at (71, 10) map=(3, 27) (reason=no_route) -> returning to roam LOUD (no inner spin)
   [travel] start map=(3, 27) coords=(71, 10) -> map (3, 3) (budget 300s, surf-capable)
   [travel] west connection band rows: [6, 8, 9, 11]
   [travel] path blocked at (71, 10) (NPC on the gap?) - waiting
   [travel] no clean path from (71, 10) AND no NPC-allowing path (npcs nearby=[(65, 17)]) - genuine wall/zone gap, will time out
   [travel] !! TRAVEL WEDGE: identical fp x4 retries at (71, 10) map=(3, 27) (reason=no_route) -> returning to roam LOUD (no inner spin)
   [travel] start map=(3, 27) coords=(71, 10) -> map (3, 3) (budget 300s, surf-capable)
   [travel] west connection band rows: [6, 8, 9, 11]
   [travel] path blocked at (71, 10) (NPC on the gap?) - waiting
   [travel] no clean path from (71, 10) AND no NPC-allowing path (npcs nearby=[(65, 17)]) - genuine wall/zone gap, will time out
   [travel] !! TRAVEL WEDGE: identical fp x4 retries at (71, 10) map=(3, 27) (reason=no_route) -> returning to roam LOUD (no inner spin)
   [travel] start map=(3, 27) coords=(71, 10) -> map (3, 3) (budget 300s, surf-capable)
   [travel] west connection band rows: [6, 8, 9, 11]
   [travel] path blocked at (71, 10) (NPC on the gap?) - waiting
   [travel] no clean path from (71, 10) AND no NPC-allowing path (npcs nearby=[(65, 17)]) - genuine wall/zone gap, will time out
   [travel] !! TRAVEL WEDGE: identical fp x4 retries at (71, 10) map=(3, 27) (reason=no_route) -> returning to roam LOUD (no inner spin)
   [travel] start map=(3, 27) coords=(71, 10) -> map (3, 3) (budget 300s, surf-capable)
   [travel] west connection band rows: [6, 8, 9, 11]
   [travel] path blocked at (71, 10) (NPC on the gap?) - waiting
   [travel] no clean path from (71, 10) AND no NPC-allowing path (npcs nearby=[(65, 17)]) - genuine wall/zone gap, will time out
   [travel] !! TRAVEL WEDGE: identical fp x4 retries at (71, 10) map=(3, 27) (reason=no_route) -> returning to roam LOUD (no inner spin)
   [travel] start map=(3, 27) coords=(71, 10) -> map (3, 3) (budget 300s, surf-capable)
   [travel] west connection band rows: [6, 8, 9, 11]
   [travel] path blocked at (71, 10) (NPC on the gap?) - waiting
   [travel] no clean path from (71, 10) AND no NPC-allowing path (npcs nearby=[(65, 17)]) - genuine wall/zone gap, will time out
   [travel] !! TRAVEL WEDGE: identical fp x4 retries at (71, 10) map=(3, 27) (reason=no_route) -> returning to roam LOUD (no inner spin)
   [travel] start map=(3, 27) coords=(71, 10) -> map (3, 3) (budget 300s, surf-capable)
   [travel] west connection band rows: [6, 8, 9, 11]
   [travel] path blocked at (71, 10) (NPC on the gap?) - waiting
   [travel] no clean path from (71, 10) AND no NPC-allowing path (npcs nearby=[(65, 17)]) - genuine wall/zone gap, will time out
   [travel] !! TRAVEL WEDGE: identical fp x4 retries at (71, 10) map=(3, 27) (reason=no_route) -> returning to roam LOUD (no inner spin)
   [travel] start map=(3, 27) coords=(71, 10) -> map (3, 3) (budget 300s, surf-capable)
   [travel] west connection band rows: [6, 8, 9, 11]
   [travel] path blocked at (71, 10) (NPC on the gap?) - waiting
   [travel] no clean path from (71, 10) AND no NPC-allowing path (npcs nearby=[(65, 17)]) - genuine wall/zone gap, will time out
   [travel] !! TRAVEL WEDGE: identical fp x4 retries at (71, 10) map=(3, 27) (reason=no_route) -> returning to roam LOUD (no inner spin)
   [travel] start map=(3, 27) coords=(71, 10) -> map (3, 3) (budget 300s, surf-capable)
   [travel] west connection band rows: [6, 8, 9, 11]
   [travel] path blocked at (71, 10) (NPC on the gap?) - waiting
   [travel] no clean path from (71, 10) AND no NPC-allowing path (npcs nearby=[(65, 17)]) - genuine wall/zone gap, will time out
   [travel] !! TRAVEL WEDGE: identical fp x4 retries at (71, 10) map=(3, 27) (reason=no_route) -> returning to roam LOUD (no inner spin)
   [travel] start map=(3, 27) coords=(71, 10) -> map (3, 3) (budget 300s, surf-capable)
   [travel] west connection band rows: [6, 8, 9, 11]
   [travel] path blocked at (71, 10) (NPC on the gap?) - waiting
   [travel] no clean path from (71, 10) AND no NPC-allowing path (npcs nearby=[(65, 17)]) - genuine wall/zone gap, will time out
   [travel] !! TRAVEL WEDGE: identical fp x4 retries at (71, 10) map=(3, 27) (reason=no_route) -> returning to roam LOUD (no inner spin)
   [travel] start map=(3, 27) coords=(71, 10) -> map (3, 3) (budget 300s, surf-capable)
   [travel] west connection band rows: [6, 8, 9, 11]
   [travel] path blocked at (71, 10) (NPC on the gap?) - waiting
   [travel] no clean path from (71, 10) AND no NPC-allowing path (npcs nearby=[(65, 17)]) - genuine wall/zone gap, will time out
   [travel] !! TRAVEL WEDGE: identical fp x4 retries at (71, 10) map=(3, 27) (reason=no_route) -> returning to roam LOUD (no inner spin)
   [travel] start map=(3, 27) coords=(71, 10) -> map (3, 3) (budget 300s, surf-capable)
   [travel] west connection band rows: [6, 8, 9, 11]
   [travel] path blocked at (71, 10) (NPC on the gap?) - waiting
   [travel] no clean path from (71, 10) AND no NPC-allowing path (npcs nearby=[(65, 17)]) - genuine wall/zone gap, will time out
   [travel] !! TRAVEL WEDGE: identical fp x4 retries at (71, 10) map=(3, 27) (reason=no_route) -> returning to roam LOUD (no inner spin)
   [travel] start map=(3, 27) coords=(71, 10) -> map (3, 3) (budget 300s, surf-capable)
   [travel] west connection band rows: [6, 8, 9, 11]
   [travel] path blocked at (71, 10) (NPC on the gap?) - waiting
   [travel] no clean path from (71, 10) AND no NPC-allowing path (npcs nearby=[(65, 17)]) - genuine wall/zone gap, will time out
   [travel] !! TRAVEL WEDGE: identical fp x4 retries at (71, 10) map=(3, 27) (reason=no_route) -> returning to roam LOUD (no inner spin)
   [travel] start map=(3, 27) coords=(71, 10) -> map (3, 3) (budget 300s, surf-capable)
   [travel] west connection band rows: [6, 8, 9, 11]
   [travel] path blocked at (71, 10) (NPC on the gap?) - waiting
   [travel] no clean path from (71, 10) AND no NPC-allowing path (npcs nearby=[(65, 17)]) - genuine wall/zone gap, will time out
   [travel] !! TRAVEL WEDGE: identical fp x4 retries at (71, 10) map=(3, 27) (reason=no_route) -> returning to roam LOUD (no inner spin)
   [travel] start map=(3, 27) coords=(71, 10) -> map (3, 3) (budget 300s, surf-capable)
   [travel] west connection band rows: [6, 8, 9, 11]
   [travel] path blocked at (71, 10) (NPC on the gap?) - waiting
   [travel] no clean path from (71, 10) AND no NPC-allowing path (npcs nearby=[(65, 17)]) - genuine wall/zone gap, will time out
   [travel] !! TRAVEL WEDGE: identical fp x4 retries at (71, 10) map=(3, 27) (reason=no_route) -> returning to roam LOUD (no inner spin)
   [travel] start map=(3, 27) coords=(71, 10) -> map (3, 3) (budget 300s, surf-capable)
   [travel] west connection band rows: [6, 8, 9, 11]
   [travel] path blocked at (71, 10) (NPC on the gap?) - waiting
   [travel] no clean path from (71, 10) AND no NPC-allowing path (npcs nearby=[(65, 17)]) - genuine wall/zone gap, will time out
   [travel] !! TRAVEL WEDGE: identical fp x4 retries at (71, 10) map=(3, 27) (reason=no_route) -> returning to roam LOUD (no inner spin)
   [travel] start map=(3, 27) coords=(71, 10) -> map (3, 3) (budget 300s, surf-capable)
   [travel] west connection band rows: [6, 8, 9, 11]
   [travel] path blocked at (71, 10) (NPC on the gap?) - waiting
   [travel] no clean path from (71, 10) AND no NPC-allowing path (npcs nearby=[(65, 17)]) - genuine wall/zone gap, will time out
   [travel] !! TRAVEL WEDGE: identical fp x4 retries at (71, 10) map=(3, 27) (reason=no_route) -> returning to roam LOUD (no inner spin)
   [travel] start map=(3, 27) coords=(71, 10) -> map (3, 3) (budget 300s, surf-capable)
   [travel] west connection band rows: [6, 8, 9, 11]
   [travel] path blocked at (71, 10) (NPC on the gap?) - waiting
   [travel] no clean path from (71, 10) AND no NPC-allowing path (npcs nearby=[(65, 17)]) - genuine wall/zone gap, will time out
   [travel] !! TRAVEL WEDGE: identical fp x4 retries at (71, 10) map=(3, 27) (reason=no_route) -> returning to roam LOUD (no inner spin)
   [travel] start map=(3, 27) coords=(71, 10) -> map (3, 3) (budget 300s, surf-capable)
   [travel] west connection band rows: [6, 8, 9, 11]
   [travel] path blocked at (71, 10) (NPC on the gap?) - waiting
   [travel] no clean path from (71, 10) AND no NPC-allowing path (npcs nearby=[(65, 17)]) - genuine wall/zone gap, will time out
   [travel] !! TRAVEL WEDGE: identical fp x4 retries at (71, 10) map=(3, 27) (reason=no_route) -> returning to roam LOUD (no inner spin)
   [travel] start map=(3, 27) coords=(71, 10) -> map (3, 3) (budget 300s, surf-capable)
   [travel] west connection band rows: [6, 8, 9, 11]
   [travel] path blocked at (71, 10) (NPC on the gap?) - waiting
   [travel] no clean path from (71, 10) AND no NPC-allowing path (npcs nearby=[(65, 17)]) - genuine wall/zone gap, will time out
   [travel] !! TRAVEL WEDGE: identical fp x4 retries at (71, 10) map=(3, 27) (reason=no_route) -> returning to roam LOUD (no inner spin)
   [travel] start map=(3, 27) coords=(71, 10) -> map (3, 3) (budget 300s, surf-capable)
   [travel] west connection band rows: [6, 8, 9, 11]
   [travel] path blocked at (71, 10) (NPC on the gap?) - waiting
   [travel] no clean path from (71, 10) AND no NPC-allowing path (npcs nearby=[(65, 17)]) - genuine wall/zone gap, will time out
   [travel] !! TRAVEL WEDGE: identical fp x4 retries at (71, 10) map=(3, 27) (reason=no_route) -> returning to roam LOUD (no inner spin)
   [travel] start map=(3, 27) coords=(71, 10) -> map (3, 3) (budget 300s, surf-capable)
   [travel] west connection band rows: [6, 8, 9, 11]
   [travel] path blocked at (71, 10) (NPC on the gap?) - waiting
   [travel] no clean path from (71, 10) AND no NPC-allowing path (npcs nearby=[(65, 17)]) - genuine wall/zone gap, will time out
   [travel] !! TRAVEL WEDGE: identical fp x4 retries at (71, 10) map=(3, 27) (reason=no_route) -> returning to roam LOUD (no inner spin)
   [travel] start map=(3, 27) coords=(71, 10) -> map (3, 3) (budget 300s, surf-capable)
   [travel] west connection band rows: [6, 8, 9, 11]
   [travel] path blocked at (71, 10) (NPC on the gap?) - waiting
   [travel] no clean path from (71, 10) AND no NPC-allowing path (npcs nearby=[(65, 17)]) - genuine wall/zone gap, will time out
   [travel] !! TRAVEL WEDGE: identical fp x4 retries at (71, 10) map=(3, 27) (reason=no_route) -> returning to roam LOUD (no inner spin)
   [travel] start map=(3, 27) coords=(71, 10) -> map (3, 3) (budget 300s, surf-capable)
   [travel] west connection band rows: [6, 8, 9, 11]
   [travel] path blocked at (71, 10) (NPC on the gap?) - waiting
   [travel] no clean path from (71, 10) AND no NPC-allowing path (npcs nearby=[(65, 17)]) - genuine wall/zone gap, will time out
   [travel] !! TRAVEL WEDGE: identical fp x4 retries at (71, 10) map=(3, 27) (reason=no_route) -> returning to roam LOUD (no inner spin)
   [travel] start map=(3, 27) coords=(71, 10) -> map (3, 3) (budget 300s, surf-capable)
   [travel] west connection band rows: [6, 8, 9, 11]
   [travel] path blocked at (71, 10) (NPC on the gap?) - waiting
   [travel] no clean path from (71, 10) AND no NPC-allowing path (npcs nearby=[(65, 17)]) - genuine wall/zone gap, will time out
   [travel] !! TRAVEL WEDGE: identical fp x4 retries at (71, 10) map=(3, 27) (reason=no_route) -> returning to roam LOUD (no inner spin)
   [travel] start map=(3, 27) coords=(71, 10) -> map (3, 3) (budget 300s, surf-capable)
   [travel] west connection band rows: [6, 8, 9, 11]
   [travel] path blocked at (71, 10) (NPC on the gap?) - waiting
   [travel] no clean path from (71, 10) AND no NPC-allowing path (npcs nearby=[(65, 17)]) - genuine wall/zone gap, will time out
   [travel] !! TRAVEL WEDGE: identical fp x4 retries at (71, 10) map=(3, 27) (reason=no_route) -> returning to roam LOUD (no inner spin)
   [travel] start map=(3, 27) coords=(71, 10) -> map (3, 3) (budget 300s, surf-capable)
   [travel] west connection band rows: [6, 8, 9, 11]
   [travel] path blocked at (71, 10) (NPC on the gap?) - waiting
   [travel] no clean path from (71, 10) AND no NPC-allowing path (npcs nearby=[(65, 17)]) - genuine wall/zone gap, will time out
   [travel] !! TRAVEL WEDGE: identical fp x4 retries at (71, 10) map=(3, 27) (reason=no_route) -> returning to roam LOUD (no inner spin)
   [travel] start map=(3, 27) coords=(71, 10) -> map (3, 3) (budget 300s, surf-capable)
   [travel] west connection band rows: [6, 8, 9, 11]
   [travel] path blocked at (71, 10) (NPC on the gap?) - waiting
   [travel] no clean path from (71, 10) AND no NPC-allowing path (npcs nearby=[(65, 17)]) - genuine wall/zone gap, will time out
   [travel] !! TRAVEL WEDGE: identical fp x4 retries at (71, 10) map=(3, 27) (reason=no_route) -> returning to roam LOUD (no inner spin)
   [travel] start map=(3, 27) coords=(71, 10) -> map (3, 3) (budget 300s, surf-capable)
   [travel] west connection band rows: [6, 8, 9, 11]
   [travel] path blocked at (71, 10) (NPC on the gap?) - waiting
   [travel] no clean path from (71, 10) AND no NPC-allowing path (npcs nearby=[(65, 17)]) - genuine wall/zone gap, will time out
   [travel] !! TRAVEL WEDGE: identical fp x4 retries at (71, 10) map=(3, 27) (reason=no_route) -> returning to roam LOUD (no inner spin)
   [travel] start map=(3, 27) coords=(71, 10) -> map (3, 3) (budget 300s, surf-capable)
   [travel] west connection band rows: [6, 8, 9, 11]
   [travel] path blocked at (71, 10) (NPC on the gap?) - waiting
