===== playlive_2026-08-05_08-43-36.log =====
   [travel] start map=(3, 8) coords=(14, 12) -> coord (19, 12) (budget 300s, surf-capable)
   [travel] step 0: (14, 12)->(15, 12) map=(3, 8) (path 6 to exit)
   [travel] reached target coord (19, 12)
   [travel] start map=(12, 7) coords=(2, 5) -> coord (4, 6) (budget 60s, surf-capable)
   [travel] step 0: (2, 5)->(3, 5) map=(12, 7) (path 4 to exit)
   [travel] reached target coord (4, 6)
   [travel] start map=(3, 8) coords=(19, 12) -> coord (14, 12) (budget 300s, surf-capable)
   [travel] step 0: (19, 12)->(18, 12) map=(3, 8) (path 6 to exit)
   [travel] reached target coord (14, 12)
   [travel] start map=(3, 8) coords=(19, 12) -> map (3, 38) (budget 300s, surf-capable)
   [travel] east connection band rows: [0, 1, 2, 3, 4, 5, 6, 7, 8, 9, 10, 11, 12, 13, 14, 15, 16, 17, 18, 19]
   [travel] step 0: (19, 12)->(20, 12) map=(3, 8) (path 6 to exit)
   [campaign]    [dlg hm-surf] 'The water is dyed a deep blue.. Would you like to SURF?'
   [campaign]    [dlg hm-surf] 'BLASTOISE used SURF!'
   [campaign]    [dlg-pace hm-surf] box 'The water is dyed a deep blue.. Would you like t' visible 1.53s (sink 0ms, hold 0.09s, end=next_box)
   [campaign]    [dlg-pace hm-surf] box 'BLASTOISE used SURF!' visible 2.64s (sink 0ms, hold 0.04s, end=closed)
   [travel] ?? SURF MOUNT at (22, 12) -> (23, 12) (map (3, 8))
   [travel] MAP TRANSITION (3, 8) -> (3, 38)
===== playlive_2026-08-05_08-04-19.log =====
   [travel] start map=(3, 39) coords=(15, 49) -> map (3, 40) (budget 300s, surf-capable)
   [travel] south connection band cols: [0, 1, 2, 3, 4, 5, 6, 7, 8, 9, 10, 11, 12, 13, 14, 15, 16, 17, 18, 19, 20, 21, 22, 23, 24]
   [travel] MAP TRANSITION (3, 39) -> (3, 40)
   [travel] south connection band cols: [0, 1, 2, 3, 4, 12, 13, 14, 15, 16, 19, 20, 21, 22, 23, 24]
   [travel] ARRIVED at target map (3, 40) coords=(15, 0)
   [travel] start map=(3, 40) coords=(15, 0) -> map (3, 8) (budget 300s, surf-capable)
   [travel] south connection band cols: [0, 1, 2, 3, 4, 12, 13, 14, 15, 16, 19, 20, 21, 22, 23, 24]
   [travel] step 0: (15, 0)->(15, 1) map=(3, 40) (path 50 to exit)
   [travel] ENCOUNTER -> on-time beat, warm up, hand off
   [play-live]    [engine] re-entry: foe is already DOWN — draining the faint/switch chain
   [play-live]    [engine] WILD CATCH DIVERT (creator_catch_now) — tentacool: weaken+balls, never KO
   [play-live]    [engine] throw_ball: aiming row 1 = item 2 (ultra ball, pref=best)
   [play-live]    [engine] creator catch_now order CLEARED (fulfilled/released)
   [play-live]    [engine] creator catch_now order CLEARED (fulfilled/released)
   [travel] battle outcome=caught; resuming pathfind
   [travel] step 20: (15, 16)->(15, 17) map=(3, 40) (path 34 to exit)
   [campaign]    [dlg hm-surf] 'The water is dyed a deep blue.. Would you like to SURF?'
   [campaign]    [dlg hm-surf] 'BLASTOISE used SURF!'
   [campaign]    [dlg-pace hm-surf] box 'The water is dyed a deep blue.. Would you like t' visible 1.28s (sink 0ms, hold 0.09s, end=next_box)
   [campaign]    [dlg-pace hm-surf] box 'BLASTOISE used SURF!' visible 2.67s (sink 0ms, hold 0.04s, end=closed)
   [travel] ?? SURF MOUNT at (15, 17) -> (15, 18) (map (3, 40))
   [travel] step 30: (14, 25)->(14, 26) map=(3, 40) (path 25 to exit)
   [travel] HEARTBEAT step=40 map=(3, 40) coords=(14, 35) elapsed=47s
   [travel] step 40: (14, 35)->(14, 36) map=(3, 40) (path 15 to exit)
   [travel] step 50: (14, 45)->(14, 46) map=(3, 40) (path 5 to exit)
   [travel] MAP TRANSITION (3, 40) -> (3, 8)
   [travel] south connection band cols: [0, 1, 2, 3, 4, 5, 6, 7, 8, 9, 10, 11, 12, 13, 14, 15, 16, 17, 18, 19, 20, 21, 22, 23, 24]
   [travel] ARRIVED at target map (3, 8) coords=(14, 0)
   [travel] start map=(3, 8) coords=(14, 0) -> coord (14, 12) (budget 120s, surf-capable)
   [travel] step 0: (14, 0)->(14, 1) map=(3, 8) (path 27 to exit)
   [travel] step 10: (17, 7)->(17, 8) map=(3, 8) (path 17 to exit)
   [travel] step 20: (20, 12)->(19, 12) map=(3, 8) (path 7 to exit)
   [travel] reached target coord (14, 12)
   [travel] start map=(12, 5) coords=(11, 2) -> coord (7, 7) (budget 60s, surf-capable)
   [travel] step 0: (11, 2)->(11, 3) map=(12, 5) (path 10 to exit)
   [travel] reached target coord (7, 7)
   [travel] start map=(3, 8) coords=(14, 12) -> map (3, 40) (budget 300s, surf-capable)
   [travel] north connection band cols: [0, 1, 2, 3, 4, 5, 6, 7, 8, 9, 10, 11, 12, 13, 14, 15, 16, 17, 18, 19, 20, 21, 22, 23, 24]
   [travel] step 0: (14, 12)->(15, 12) map=(3, 8) (path 26 to exit)
   [travel] step 10: (21, 9)->(21, 8) map=(3, 8) (path 16 to exit)
   [travel] step 20: (16, 4)->(16, 3) map=(3, 8) (path 6 to exit)
   [campaign]    [dlg hm-surf] 'The water is dyed a deep blue.. Would you like to SURF?'
   [campaign]    [dlg hm-surf] 'BLASTOISE used SURF!'
   [campaign]    [dlg-pace hm-surf] box 'The water is dyed a deep blue.. Would you like t' visible 1.26s (sink 0ms, hold 0.09s, end=next_box)
   [campaign]    [dlg-pace hm-surf] box 'BLASTOISE used SURF!' visible 2.65s (sink 0ms, hold 0.04s, end=closed)
   [travel] ?? SURF EDGE-MOUNT at (15, 0) facing N (map (3, 8)) — crossing the sea edge mounted
   [travel] MAP TRANSITION (3, 8) -> (3, 40)
   [travel] north connection band cols: [0, 1, 2, 3, 4, 5, 6, 7, 8, 9, 10, 11, 12, 13, 14, 15, 16, 17, 18, 19, 20, 21, 22, 23, 24]
   [travel] ARRIVED at target map (3, 40) coords=(15, 49)
   [travel] start map=(3, 40) coords=(15, 49) -> map (3, 39) (budget 300s, surf-capable)
   [travel] north connection band cols: [0, 1, 2, 3, 4, 5, 6, 7, 8, 9, 10, 11, 12, 13, 14, 15, 16, 17, 18, 19, 20, 21, 22, 23, 24]
   [travel] step 0: (15, 49)->(15, 48) map=(3, 40) (path 50 to exit)
   [travel] step 10: (15, 39)->(14, 39) map=(3, 40) (path 41 to exit)
   [travel] !! WATCHDOG disengage requested — bailing this leg LOUD
   [travel] start map=(3, 40) coords=(14, 39) -> map (3, 39) (budget 300s, surf-capable)
   [travel] north connection band cols: [0, 1, 2, 3, 4, 5, 6, 7, 8, 9, 10, 11, 12, 13, 14, 15, 16, 17, 18, 19, 20, 21, 22, 23, 24]
   [travel] step 0: (14, 39)->(14, 38) map=(3, 40) (path 40 to exit)
   [travel] step 10: (14, 29)->(14, 28) map=(3, 40) (path 30 to exit)
   [travel] step 20: (14, 19)->(14, 18) map=(3, 40) (path 20 to exit)
   [travel] !! WATCHDOG disengage requested — bailing this leg LOUD
   [travel] start map=(3, 40) coords=(15, 16) -> map (3, 39) (budget 300s, surf-capable)
   [travel] north connection band cols: [0, 1, 2, 3, 4, 5, 6, 7, 8, 9, 10, 11, 12, 13, 14, 15, 16, 17, 18, 19, 20, 21, 22, 23, 24]
   [travel] step 0: (15, 16)->(15, 15) map=(3, 40) (path 17 to exit)
   [campaign]    [dlg hm-surf] 'The water is dyed a deep blue.. Would you like to SURF?'
   [campaign]    [dlg hm-surf] 'BLASTOISE used SURF!'
   [campaign]    [dlg-pace hm-surf] box 'The water is dyed a deep blue.. Would you like t' visible 1.27s (sink 0ms, hold 0.09s, end=next_box)
   [campaign]    [dlg-pace hm-surf] box 'BLASTOISE used SURF!' visible 2.65s (sink 0ms, hold 0.04s, end=closed)
   [travel] ?? SURF MOUNT at (15, 13) -> (15, 12) (map (3, 40))
   [travel] step 10: (15, 6)->(15, 5) map=(3, 40) (path 7 to exit)
   [travel] MAP TRANSITION (3, 40) -> (3, 39)
   [travel] north connection band cols: [2, 3, 4, 5, 6, 7, 8, 9, 10, 11, 12, 13, 14, 15, 16, 17, 18, 19, 20, 21, 24]
   [travel] ARRIVED at target map (3, 39) coords=(15, 49)
   [travel] start map=(3, 39) coords=(15, 49) -> map (3, 0) (budget 300s, surf-capable)
   [travel] north connection band cols: [2, 3, 4, 5, 6, 7, 8, 9, 10, 11, 12, 13, 14, 15, 16, 17, 18, 19, 20, 21, 24]
   [travel] step 0: (15, 49)->(15, 48) map=(3, 39) (path 55 to exit)
   [campaign]    [dlg hm-surf] 'The water is dyed a deep blue.. Would you like to SURF?'
   [campaign]    [dlg hm-surf] 'BLASTOISE used SURF!'
   [campaign]    [dlg-pace hm-surf] box 'The water is dyed a deep blue.. Would you like t' visible 1.27s (sink 0ms, hold 0.09s, end=next_box)
   [campaign]    [dlg-pace hm-surf] box 'BLASTOISE used SURF!' visible 2.67s (sink 0ms, hold 0.04s, end=closed)
   [travel] ?? SURF MOUNT at (15, 41) -> (15, 40) (map (3, 39))
   [travel] step 10: (15, 39)->(15, 38) map=(3, 39) (path 45 to exit)
   [travel] step 20: (13, 31)->(13, 30) map=(3, 39) (path 35 to exit)
   [travel] step 30: (13, 21)->(13, 20) map=(3, 39) (path 25 to exit)
   [travel] HEARTBEAT step=40 map=(3, 39) coords=(13, 11) elapsed=13s
   [travel] step 40: (13, 11)->(13, 10) map=(3, 39) (path 15 to exit)
   [travel] step 50: (13, 1)->(12, 1) map=(3, 39) (path 5 to exit)
   [campaign]    [dlg hm-surf] 'The water is dyed a deep blue.. Would you like to SURF?'
   [campaign]    [dlg hm-surf] 'BLASTOISE used SURF!'
   [campaign]    [dlg-pace hm-surf] box 'The water is dyed a deep blue.. Would you like t' visible 1.27s (sink 0ms, hold 0.09s, end=next_box)
   [campaign]    [dlg-pace hm-surf] box 'BLASTOISE used SURF!' visible 2.65s (sink 0ms, hold 0.04s, end=closed)
   [travel] ?? SURF MOUNT at (11, 1) -> (10, 1) (map (3, 39))
   [travel] MAP TRANSITION (3, 39) -> (3, 0)
   [travel] north connection band cols: [12, 13, 24]
   [travel] ARRIVED at target map (3, 0) coords=(10, 19)
   [travel] start map=(3, 0) coords=(10, 19) -> map (3, 19) (budget 300s, surf-capable)
   [travel] north connection band cols: [12, 13, 24]
   [travel] step 0: (10, 19)->(11, 19) map=(3, 0) (path 22 to exit)
   [travel] step 10: (11, 10)->(11, 9) map=(3, 0) (path 12 to exit)
   [travel] step 20: (12, 1)->(12, 0) map=(3, 0) (path 2 to exit)
   [travel] MAP TRANSITION (3, 0) -> (3, 19)
   [travel] north connection band cols: [10, 11, 12, 13]
   [travel] ARRIVED at target map (3, 19) coords=(12, 39)
   [travel] start map=(3, 19) coords=(12, 39) -> map (3, 1) (budget 300s, surf-capable)
   [travel] north connection band cols: [10, 11, 12, 13]
   [travel] step 0: (12, 39)->(12, 38) map=(3, 19) (path 59 to exit)
   [travel] step 10: (9, 32)->(8, 32) map=(3, 19) (path 49 to exit)
   [travel] step 20: (12, 27)->(12, 26) map=(3, 19) (path 39 to exit)
   [travel] step 30: (10, 19)->(10, 18) map=(3, 19) (path 29 to exit)
   [travel] HEARTBEAT step=40 map=(3, 19) coords=(16, 15) elapsed=5s
   [travel] ENCOUNTER -> on-time beat, warm up, hand off
   [play-live]    [engine] JUST FIGHT: L61 vs L4 + connecting damage — skipping bag/switch hierarchy this turn
   [play-live]    [engine] action menu: Surf - a STAB hit -> slot 2 (eff x1) vs rattata 16/16 | [0]Bite(p60,pp=21,ref=0,sc=60) [1]Skull Bash(p100,pp=15,ref=0,sc=50) [2]Surf(p95*STAB,pp=15,ref=0,sc=142.5) [3]Earthquake(p100,pp=10,ref=0,sc=100)
   [play-live]    [engine] STREAM COMMIT: Surf - a STAB hit slot 2 (menu_up=1 action=True moves=False)
   [play-live]    [engine] battle-progress: enemy fainted
   [play-live]    [engine] !! WRONG SLOT FIRED: chose 2 but slot 0 was consumed (cursor desync survived the force-write; wrong-fires 1) — LOUD
   [play-live]    [engine] battle-progress: move resolved
   [travel] battle outcome=win; resuming pathfind
   [travel] step 50: (16, 9)->(16, 8) map=(3, 19) (path 13 to exit)
   [travel] step 60: (13, 2)->(13, 1) map=(3, 19) (path 3 to exit)
   [travel] MAP TRANSITION (3, 19) -> (3, 1)
   [travel] north connection band cols: [0, 1, 2, 3, 4, 5, 6, 7, 8, 9, 10, 11, 19, 20, 21, 22, 23, 36, 37, 38, 39, 40, 41, 42, 43, 44, 45, 46, 47, 48]
   [travel] ARRIVED at target map (3, 1) coords=(25, 39)
   [travel] start map=(3, 1) coords=(25, 39) -> map (3, 20) (budget 300s, surf-capable)
   [travel] north connection band cols: [0, 1, 2, 3, 4, 5, 6, 7, 8, 9, 10, 11, 19, 20, 21, 22, 23, 36, 37, 38, 39, 40, 41, 42, 43, 44, 45, 46, 47, 48]
   [travel] step 0: (25, 39)->(25, 38) map=(3, 1) (path 43 to exit)
   [travel] step 10: (23, 31)->(22, 31) map=(3, 1) (path 33 to exit)
   [travel] step 20: (22, 22)->(22, 21) map=(3, 1) (path 23 to exit)
   [travel] step 30: (22, 12)->(22, 11) map=(3, 1) (path 13 to exit)
   [travel] HEARTBEAT step=40 map=(3, 1) coords=(22, 2) elapsed=5s
   [travel] step 40: (22, 2)->(22, 1) map=(3, 1) (path 3 to exit)
   [travel] MAP TRANSITION (3, 1) -> (3, 20)
   [travel] north connection band cols: [8, 9, 10, 11]
   [travel] ARRIVED at target map (3, 20) coords=(10, 79)
   [travel] start map=(3, 20) coords=(10, 79) -> map (3, 2) (budget 300s, surf-capable)
   [travel] north connection band cols: [8, 9, 10, 11]
   [travel] path blocked at (10, 79) (NPC on the gap?) - waiting
   [travel] no clean path from (10, 79) AND no NPC-allowing path (npcs nearby=[(5, 85), (6, 85), (9, 86)]) - genuine wall/zone gap, will time out
   [travel] !! TRAVEL WEDGE: identical fp x4 retries at (10, 79) map=(3, 20) (reason=no_route) -> returning to roam LOUD (no inner spin)
   [travel] start map=(3, 20) coords=(10, 79) -> map (3, 2) (budget 300s, surf-capable)
   [travel] north connection band cols: [8, 9, 10, 11]
   [travel] path blocked at (10, 79) (NPC on the gap?) - waiting
   [travel] no clean path from (10, 79) AND no NPC-allowing path (npcs nearby=[(5, 85), (6, 85), (9, 86)]) - genuine wall/zone gap, will time out
   [travel] !! TRAVEL WEDGE: identical fp x4 retries at (10, 79) map=(3, 20) (reason=no_route) -> returning to roam LOUD (no inner spin)
   [travel] start map=(3, 20) coords=(10, 79) -> map (3, 2) (budget 300s, surf-capable)
   [travel] north connection band cols: [8, 9, 10, 11]
   [travel] path blocked at (10, 79) (NPC on the gap?) - waiting
   [travel] no clean path from (10, 79) AND no NPC-allowing path (npcs nearby=[(5, 85), (6, 85), (9, 86)]) - genuine wall/zone gap, will time out
   [travel] !! TRAVEL WEDGE: identical fp x4 retries at (10, 79) map=(3, 20) (reason=no_route) -> returning to roam LOUD (no inner spin)
   [travel] start map=(3, 20) coords=(10, 79) -> map (3, 2) (budget 300s, surf-capable)
   [travel] north connection band cols: [8, 9, 10, 11]
   [travel] path blocked at (10, 79) (NPC on the gap?) - waiting
   [travel] no clean path from (10, 79) AND no NPC-allowing path (npcs nearby=[(5, 85), (6, 85), (9, 86)]) - genuine wall/zone gap, will time out
   [travel] !! TRAVEL WEDGE: identical fp x4 retries at (10, 79) map=(3, 20) (reason=no_route) -> returning to roam LOUD (no inner spin)
   [travel] start map=(3, 20) coords=(10, 79) -> map (3, 2) (budget 300s, surf-capable)
   [travel] north connection band cols: [8, 9, 10, 11]
   [travel] path blocked at (10, 79) (NPC on the gap?) - waiting
   [travel] no clean path from (10, 79) AND no NPC-allowing path (npcs nearby=[(5, 85), (6, 85), (9, 86)]) - genuine wall/zone gap, will time out
   [travel] !! TRAVEL WEDGE: identical fp x4 retries at (10, 79) map=(3, 20) (reason=no_route) -> returning to roam LOUD (no inner spin)
   [travel] start map=(3, 20) coords=(10, 79) -> map (3, 1) (budget 300s, surf-capable)
   [travel] south connection band cols: [7, 8, 9, 10, 11]
   [travel] MAP TRANSITION (3, 20) -> (3, 1)
   [travel] south connection band cols: [0, 1, 2, 3, 4, 5, 6, 7, 8, 9, 10, 11, 22, 23, 24, 25, 36, 37, 38, 39, 40, 41, 42, 43, 44, 45, 46, 47, 48]
   [travel] ARRIVED at target map (3, 1) coords=(22, 0)
   [travel] start map=(3, 1) coords=(22, 0) -> map (3, 19) (budget 300s, surf-capable)
   [travel] south connection band cols: [0, 1, 2, 3, 4, 5, 6, 7, 8, 9, 10, 11, 22, 23, 24, 25, 36, 37, 38, 39, 40, 41, 42, 43, 44, 45, 46, 47, 48]
   [travel] step 0: (22, 0)->(22, 1) map=(3, 1) (path 40 to exit)
   [travel] step 10: (22, 10)->(22, 11) map=(3, 1) (path 30 to exit)
   [travel] step 20: (22, 20)->(22, 21) map=(3, 1) (path 20 to exit)
   [travel] step 30: (22, 30)->(22, 31) map=(3, 1) (path 10 to exit)
   [travel] HEARTBEAT step=40 map=(3, 19) coords=(10, 0) elapsed=5s
   [travel] MAP TRANSITION (3, 1) -> (3, 19)
   [travel] south connection band cols: [12, 13, 24]
   [travel] ARRIVED at target map (3, 19) coords=(10, 0)
   [travel] start map=(3, 19) coords=(10, 0) -> map (3, 0) (budget 300s, surf-capable)
   [travel] south connection band cols: [12, 13, 24]
   [travel] step 0: (10, 0)->(10, 1) map=(3, 19) (path 40 to exit)
   [travel] step 10: (10, 10)->(10, 11) map=(3, 19) (path 31 to exit)
   [travel] step 20: (9, 19)->(10, 19) map=(3, 19) (path 22 to exit)
   [travel] step 30: (12, 26)->(12, 27) map=(3, 19) (path 13 to exit)
   [travel] ENCOUNTER -> on-time beat, warm up, hand off
   [play-live]    [engine] re-entry: foe is already DOWN — draining the faint/switch chain
   [play-live]    [engine] JUST FIGHT: L61 vs L3 + connecting damage — skipping bag/switch hierarchy this turn
   [play-live]    [engine] action menu: Surf - a STAB hit -> slot 2 (eff x1) vs pidgey 16/16 | [0]Bite(p60,pp=20,ref=0,sc=60) [1]Skull Bash(p100,pp=15,ref=0,sc=50) [2]Surf(p95*STAB,pp=15,ref=0,sc=142.5) [3]Earthquake(p100,pp=10,ref=0,sc=0)
   [play-live]    [engine] STREAM COMMIT: Surf - a STAB hit slot 2 (menu_up=1 action=True moves=False)
   [play-live]    [engine] battle-progress: enemy fainted
   [play-live]    [engine] !! WRONG SLOT FIRED: chose 2 but slot 0 was consumed (cursor desync survived the force-write; wrong-fires 1) — LOUD
   [play-live]    [engine] battle-progress: move resolved
   [travel] battle outcome=win; resuming pathfind
   [travel] HEARTBEAT step=40 map=(3, 19) coords=(12, 32) elapsed=29s
   [travel] step 40: (12, 32)->(12, 33) map=(3, 19) (path 8 to exit)
   [travel] path blocked at (12, 36) (NPC on the gap?) - waiting
   [travel] ENCOUNTER -> on-time beat, warm up, hand off
   [play-live]    [engine] re-entry: foe is already DOWN — draining the faint/switch chain
   [play-live]    [engine] JUST FIGHT: L61 vs L3 + connecting damage — skipping bag/switch hierarchy this turn
   [play-live]    [engine] action menu: Surf - a STAB hit -> slot 2 (eff x1) vs rattata 15/15 | [0]Bite(p60,pp=19,ref=0,sc=60) [1]Skull Bash(p100,pp=15,ref=0,sc=50) [2]Surf(p95*STAB,pp=15,ref=0,sc=142.5) [3]Earthquake(p100,pp=10,ref=0,sc=100)
   [play-live]    [engine] STREAM COMMIT: Surf - a STAB hit slot 2 (menu_up=1 action=True moves=False)
