===== playlive_2026-08-17_12-33-52.log =====
   [travel] start map=(3, 3) coords=(29, 29) -> map (3, 22) (budget 300s, surf-capable)
   [travel] west connection band rows: [0, 1, 2, 3, 4, 5, 6, 7, 8, 9, 13, 14, 16, 17, 18, 20, 21, 22, 30, 31, 32, 33, 34, 35, 36, 37, 38, 39]
   [travel] step 0: (29, 29)->(28, 29) map=(3, 3) (path 37 to exit)
   [travel] step 10: (20, 28)->(20, 27) map=(3, 3) (path 27 to exit)
===== playlive_2026-08-17_12-27-06.log =====
   [travel] start map=(3, 3) coords=(29, 29) -> map (3, 43) (budget 300s, surf-capable)
   [travel] north connection band cols: [0, 1, 2, 3, 4, 5, 6, 7, 8, 9, 10, 11, 16, 17, 18, 19, 20, 22, 23, 24, 26, 27, 28, 30, 31, 32, 33, 34, 35, 36, 37, 38, 39, 40, 41, 42, 43, 44, 45, 46, 47, 48]
   [travel] step 0: (29, 29)->(28, 29) map=(3, 3) (path 61 to exit)
   [travel] step 10: (20, 28)->(20, 27) map=(3, 3) (path 51 to exit)
   [travel] step 20: (19, 19)->(19, 18) map=(3, 3) (path 41 to exit)
   [travel] step 30: (11, 17)->(10, 17) map=(3, 3) (path 31 to exit)
   [travel] HEARTBEAT step=40 map=(3, 3) coords=(14, 12) elapsed=5s
   [travel] step 40: (14, 12)->(15, 12) map=(3, 3) (path 21 to exit)
   [travel] step 50: (22, 10)->(22, 9) map=(3, 3) (path 11 to exit)
   [travel] MAP TRANSITION (3, 3) -> (3, 43)
   [travel] north connection band cols: [0, 1, 2, 3, 4, 5, 6, 7, 8, 9, 10, 11, 12, 13, 14, 15, 16, 17, 18, 19, 20, 21, 22, 23, 24]
   [travel] ARRIVED at target map (3, 43) coords=(10, 39)
   [travel] start map=(3, 43) coords=(10, 39) -> coord (5, 31) (budget 80s, surf-capable)
   [travel] step 0: (10, 39)->(10, 38) map=(3, 43) (path 46 to exit)
   [travel] step 10: (10, 29)->(11, 29) map=(3, 43) (path 38 to exit)
   [travel] step 20: (11, 20)->(11, 19) map=(3, 43) (path 28 to exit)
   [travel] step 30: (6, 15)->(5, 15) map=(3, 43) (path 18 to exit)
   [travel] HEARTBEAT step=40 map=(3, 43) coords=(4, 23) elapsed=30s
   [travel] step 40: (4, 23)->(4, 24) map=(3, 43) (path 10 to exit)
   [travel] ENCOUNTER -> on-time beat, warm up, hand off
   [play-live]    [engine] JUST FIGHT: L94 vs L7 + connecting damage — skipping bag/switch hierarchy this turn
   [play-live]    [engine] action menu: Surf - a STAB hit -> slot 1 (eff x1) vs caterpie 24/24 | [0]Skull Bash(p100,pp=15,ref=0,sc=50) [1]Surf(p95*STAB,pp=15,ref=0,sc=142.5) [2]Earthquake(p100,pp=10,ref=0,sc=25)
   [play-live]    [engine] STREAM COMMIT: Surf - a STAB hit slot 1 (menu_up=1 action=True moves=False)
