===== playlive_2026-08-17_12-12-26.log =====
   [travel] start map=(3, 3) coords=(22, 20) -> coord (29, 29) (budget 300s, surf-capable)
   [travel] step 0: (22, 20)->(22, 21) map=(3, 3) (path 23 to exit)
   [travel] step 10: (19, 27)->(19, 28) map=(3, 3) (path 13 to exit)
   [travel] step 20: (27, 29)->(28, 29) map=(3, 3) (path 3 to exit)
   [travel] reached target coord (29, 29)
   [travel] start map=(7, 7) coords=(2, 5) -> coord (4, 6) (budget 60s, surf-capable)
   [travel] step 0: (2, 5)->(3, 5) map=(7, 7) (path 4 to exit)
   [travel] reached target coord (4, 6)
===== playlive_2026-08-17_11-52-18.log =====
   [travel] start map=(3, 19) coords=(12, 3) -> map (3, 19) (budget 300s, surf-capable)
   [travel] north connection band cols: [10, 11, 12, 13]
   [travel] ARRIVED at target map (3, 19) coords=(12, 3)
   [travel] start map=(3, 19) coords=(12, 3) -> coord (12, 6) (budget 80s, surf-capable)
   [travel] path blocked at (12, 3) (NPC on the gap?) - waiting
   [travel] no clean path from (12, 3); NPC-allowing path EXISTS (len 3), blocker NPC tile=None, npcs nearby=[] -> approaching to interact/trigger
   [travel] !! WATCHDOG disengage requested — bailing this leg LOUD
   [travel] start map=(3, 19) coords=(12, 3) -> coord (2, 35) (budget 80s, surf-capable)
   [travel] !! WATCHDOG disengage requested — bailing this leg LOUD
   [travel] start map=(3, 19) coords=(12, 3) -> coord (21, 16) (budget 80s, surf-capable)
   [travel] path blocked at (12, 3) (NPC on the gap?) - waiting
   [travel] no clean path from (12, 3); NPC-allowing path EXISTS (len 22), blocker NPC tile=None, npcs nearby=[] -> approaching to interact/trigger
   [travel] !! WATCHDOG disengage requested — bailing this leg LOUD
   [travel] start map=(3, 19) coords=(12, 3) -> coord (12, 6) (budget 80s, surf-capable)
   [travel] !! WATCHDOG disengage requested — bailing this leg LOUD
   [travel] start map=(3, 19) coords=(12, 3) -> coord (2, 35) (budget 80s, surf-capable)
   [travel] path blocked at (12, 3) (NPC on the gap?) - waiting
   [travel] no clean path from (12, 3); NPC-allowing path EXISTS (len 45), blocker NPC tile=None, npcs nearby=[] -> approaching to interact/trigger
   [travel] !! WATCHDOG disengage requested — bailing this leg LOUD
   [travel] start map=(3, 19) coords=(12, 3) -> map (3, 1) (budget 300s, surf-capable)
   [travel] north connection band cols: [10, 11, 12, 13]
   [travel] releasing 1 stale NPC block(s) [(12, 4)] — tile(s) read empty now (wanderer moved on)
   [travel] path blocked at (12, 3) (NPC on the gap?) - waiting
   [travel] no clean path from (12, 3); NPC-allowing path EXISTS (len 4), blocker NPC tile=None, npcs nearby=[] -> approaching to interact/trigger
   [travel] !! WATCHDOG disengage requested — bailing this leg LOUD
   [travel] start map=(3, 19) coords=(12, 3) -> map (3, 1) (budget 300s, surf-capable)
   [travel] north connection band cols: [10, 11, 12, 13]
   [travel] releasing 1 stale NPC block(s) [(12, 4)] — tile(s) read empty now (wanderer moved on)
   [travel] path blocked at (12, 3) (NPC on the gap?) - waiting
   [travel] no clean path from (12, 3); NPC-allowing path EXISTS (len 4), blocker NPC tile=None, npcs nearby=[] -> approaching to interact/trigger
   [travel] !! WATCHDOG disengage requested — bailing this leg LOUD
   [travel] start map=(3, 19) coords=(12, 3) -> map (3, 0) (budget 300s, surf-capable)
   [travel] south connection band cols: [12, 13, 24]
   [travel] releasing 1 stale NPC block(s) [(12, 4)] — tile(s) read empty now (wanderer moved on)
   [travel] path blocked at (12, 3) (NPC on the gap?) - waiting
   [travel] no clean path from (12, 3); NPC-allowing path EXISTS (len 39), blocker NPC tile=None, npcs nearby=[] -> approaching to interact/trigger
