===== playlive_2026-08-05_18-10-44.log =====
   [play-live]    [engine] JUST FIGHT: L64 vs L35 + connecting damage — skipping bag/switch hierarchy this turn
   [play-live]    [engine] action menu: Skull Bash - a solid hit -> slot 1 (eff x1) vs machop 104/104 | [0]Bite(p60,pp=1,ref=0,sc=15) [1]Skull Bash(p100,pp=5,ref=0,sc=50) [2]Surf(p95*STAB,pp=0,ref=0,sc=142.5) [3]Earthquake(p100,pp=0,ref=0,sc=100)
   [play-live]    [engine] STREAM COMMIT: Skull Bash - a solid hit slot 1 (menu_up=1 action=True moves=False)
   [play-live]    [engine] battle-progress: move resolved
   [play-live]    [engine] battle-progress: enemy fainted
   [play-live]    [engine] JUST FIGHT: L64 vs L40 + connecting damage — skipping bag/switch hierarchy this turn
   [play-live]    [engine] action menu: Skull Bash - a solid hit -> slot 1 (eff x1) vs machoke 125/125 | [0]Bite(p60,pp=1,ref=0,sc=15) [1]Skull Bash(p100,pp=4,ref=0,sc=50) [2]Surf(p95*STAB,pp=0,ref=0,sc=142.5) [3]Earthquake(p100,pp=0,ref=0,sc=100)
   [play-live]    [engine] STREAM COMMIT: Skull Bash - a solid hit slot 1 (menu_up=1 action=True moves=False)
   [play-live]    [engine] battle-progress: move resolved
   [play-live]    [engine] JUST FIGHT: L64 vs L40 + connecting damage — skipping bag/switch hierarchy this turn
   [play-live]    [engine] action menu: Skull Bash - a solid hit -> slot 1 (eff x1) vs machoke 18/125 | [0]Bite(p60,pp=1,ref=0,sc=15) [1]Skull Bash(p100,pp=3,ref=0,sc=50) [2]Surf(p95*STAB,pp=0,ref=0,sc=142.5) [3]Earthquake(p100,pp=0,ref=0,sc=100)
   [play-live]    [engine] STREAM COMMIT: Skull Bash - a solid hit slot 1 (menu_up=1 action=True moves=False)
   [play-live]    [engine] battle-progress: move resolved
   [play-live]    [engine] battle-progress: enemy fainted
===== playlive_2026-08-05_17-55-48.log =====
   [play-live]    [engine] re-entry: foe is already DOWN — draining the faint/switch chain
   [play-live]    [engine] WILD CATCH DIVERT (legendary) — moltres: weaken+balls, never KO
   [play-live]    [engine] switch: party didn't open via RAM nav — BLIND fallback (B out, DOWN DOWN A)
   [play-live]    [engine] switch: target party slot 2 sp=22 -> menu row 2
   [play-live]    [engine] switch: SWITCHED to species 22 (slot 2)
   [play-live]    [engine] battle-progress: our mon fainted
   [play-live]    [engine] !! throw_ball: couldn't reach the Poké Balls pocket — aborting LOUDLY
   [play-live]    [engine] throw_ball: aiming row 1 = item 2 (ultra ball, pref=best)
   [play-live]    [engine] re-entry: foe is already DOWN — draining the faint/switch chain
   [play-live]    [engine] WILD CATCH DIVERT (legendary) — moltres: weaken+balls, never KO
