===== playlive_2026-08-14_09-27-03.log =====
   [travel] start map=(1, 77) coords=(7, 6) -> coord (6, 2) (budget 60s, surf-capable)
   [travel] step 0: (7, 6)->(7, 5) map=(1, 77) (path 6 to exit)
   [travel] reached target coord (6, 2)
   [travel] start map=(1, 78) coords=(23, 12) -> coord (23, 13) (budget 60s, surf-capable)
   [travel] step 0: (23, 12)->(23, 11) map=(1, 78) (path 2 to exit)
   [travel] step 10: (17, 14)->(17, 15) map=(1, 78) (path 10 to exit)
   [travel] step 20: (11, 18)->(10, 18) map=(1, 78) (path 20 to exit)
   [travel] step 30: (6, 13)->(6, 12) map=(1, 78) (path 26 to exit)
   [travel] HEARTBEAT step=40 map=(1, 78) coords=(6, 13) elapsed=11s
   [travel] path blocked at (6, 13) (NPC on the gap?) - waiting
   [travel] no clean path from (6, 13) AND no NPC-allowing path (npcs nearby=[(6, 8)]) - genuine wall/zone gap, will time out
   [travel] !! TRAVEL WEDGE: identical fp x4 retries at (6, 13) map=(1, 78) (reason=no_route) -> returning to roam LOUD (no inner spin)
   [travel] start map=(1, 78) coords=(6, 13) -> coord (6, 5) (budget 60s, surf-capable)
   [travel] path blocked at (6, 13) (NPC on the gap?) - waiting
   [travel] no clean path from (6, 13) AND no NPC-allowing path (npcs nearby=[(6, 8)]) - genuine wall/zone gap, will time out
   [travel] !! TRAVEL WEDGE: identical fp x4 retries at (6, 13) map=(1, 78) (reason=no_route) -> returning to roam LOUD (no inner spin)
   [campaign]    [dlg exit-guard] "Ah! I've heard about you, KIRA! I lead the ELITE FOUR. You can call me L"
   [campaign]    [dlg-uwatch exit-guard] fp[(1, 78) (6,9) f2 D- badge8 $17064 party:e122 bag:fc0b] same line, frozen world x15/90
   [campaign]    [dlg-uwatch exit-guard] fp[(1, 78) (6,9) f2 D- badge8 $17064 party:e122 bag:fc0b] same line, frozen world x30/90
   [campaign]    [dlg-uwatch exit-guard] fp[(1, 78) (6,9) f2 D- badge8 $17064 party:e122 bag:fc0b] same line, frozen world x45/90
   [campaign]    [dlg exit-guard] battle opened mid-drain -> handing off (battle engine owns that UI)
   [play-live]    [engine] re-entry: foe is already DOWN — draining the faint/switch chain
   [play-live]    [engine] MATCHUP SWITCH: active is out-typed -> trying party slot 1
   [play-live]    [engine] switch: target party slot 1 sp=144 -> menu row 1
   [play-live]    [engine] switch: SWITCHED to species 144 (slot 1)
   [play-live]    [engine] E4 PREPLAN SWITCH: matchup decided before items (think once, then act — no continue-spam)
   [play-live]    [engine] MATCHUP SWITCH: Lance answer holds — fight instead
   [play-live]    [engine] revive-check: TYPE-ANSWER revive slot 3 (no standing mon has an SE move on this foe; the fainted one does)
   [play-live]    [engine] revive-check: NO offer (revive_item=None, worthy=3, party sp/hp/lv=[(9, 115, 76), (144, 121, 51), (146, 153, 51), (145, 0, 51), (0, 0, 0), (0, 0, 0)])
   [play-live]    [engine] MATCHUP SWITCH: Lance answer holds — fight instead
   [play-live]    [engine] E4 MOVE: Ice Beam - E4 wincon — firing the max-damage pick (EQ Gengar is 0x Levitate; Surf Gengar; EQ Arbok; Surf Onix)
   [play-live]    [engine] action menu: Ice Beam - E4 wincon -> slot 3 (eff x1) vs gyarados 189/189 | [0]move#54(p0*STAB,pp=30,ref=0,sc=0) [1]Agility(p0,pp=30,ref=0,sc=0) [2]move#170(p0,pp=5,ref=0,sc=0) [3]Ice Beam(p95*STAB,pp=10,ref=0,sc=142.5)
   [play-live]    [engine] STREAM COMMIT: Ice Beam - E4 wincon slot 3 (menu_up=1 action=True moves=False)
   [play-live]    [engine] MATCHUP SWITCH: Lance answer holds — fight instead
   [play-live]    [engine] revive-check: TYPE-ANSWER revive slot 3 (no standing mon has an SE move on this foe; the fainted one does)
   [play-live]    [engine] revive-check: NO offer (revive_item=None, worthy=3, party sp/hp/lv=[(9, 115, 76), (144, 86, 51), (146, 153, 51), (145, 0, 51), (0, 0, 0), (0, 0, 0)])
   [play-live]    [engine] MATCHUP SWITCH: Lance answer holds — fight instead
   [play-live]    [engine] E4 MOVE: Ice Beam - E4 wincon — firing the max-damage pick (EQ Gengar is 0x Levitate; Surf Gengar; EQ Arbok; Surf Onix)
   [play-live]    [engine] action menu: Ice Beam - E4 wincon -> slot 3 (eff x1) vs gyarados 189/189 | [0]move#54(p0*STAB,pp=29,ref=0,sc=0) [1]Agility(p0,pp=30,ref=0,sc=0) [2]move#170(p0,pp=5,ref=0,sc=0) [3]Ice Beam(p95*STAB,pp=10,ref=0,sc=142.5)
   [play-live]    [engine] STREAM COMMIT: Ice Beam - E4 wincon slot 3 (menu_up=1 action=True moves=False)
   [play-live]    [engine] !! MENU WEDGE 67s with NO progress — escaping the scroll theater (fire 1/8, menu_up=0 action=False moves=False bag=False party=False)
   [play-live]    [engine] MATCHUP SWITCH: Lance answer holds — fight instead
   [play-live]    [engine] ACE-FIRST: L51 legendary bird is NOT fodder next to L76 — offering heal
   [play-live]    [engine] revive-check: TYPE-ANSWER revive slot 3 (no standing mon has an SE move on this foe; the fainted one does)
   [play-live]    [engine] revive-check: NO offer (revive_item=None, worthy=3, party sp/hp/lv=[(9, 115, 76), (144, 46, 51), (146, 153, 51), (145, 0, 51), (0, 0, 0), (0, 0, 0)])
   [play-live]    [engine] MATCHUP SWITCH: Lance answer holds — fight instead
   [play-live]    [engine] E4 MOVE: Ice Beam - E4 wincon — firing the max-damage pick (EQ Gengar is 0x Levitate; Surf Gengar; EQ Arbok; Surf Onix)
   [play-live]    [engine] action menu: Ice Beam - E4 wincon -> slot 3 (eff x1) vs gyarados 133/189 | [0]move#54(p0*STAB,pp=29,ref=0,sc=0) [1]Agility(p0,pp=30,ref=0,sc=0) [2]move#170(p0,pp=5,ref=0,sc=0) [3]Ice Beam(p95*STAB,pp=9,ref=0,sc=142.5)
   [play-live]    [engine] STREAM COMMIT: Ice Beam - E4 wincon slot 3 (menu_up=1 action=True moves=False)
   [play-live]    [engine] battle-progress: our mon fainted
   [play-live]    [engine] E4 SEND: blastoise (matchup, not highest-level)
   [play-live]    [engine] fswitch retry 2: target row 1 sp=9 skip_rows=[] party_cur=2 menu_rows=[(144, 0), (9, 115), (146, 153), (145, 0)]
   [play-live]    [engine] fswitch: selecting row 1 (sp=9 L76 hp=115)
   [play-live]    [engine] battle-progress: force-switch seated
   [play-live]    [engine] MATCHUP SWITCH: Lance answer holds — fight instead
   [play-live]    [engine] MATCHUP SWITCH: Lance answer holds — fight instead
   [play-live]    [engine] JUST FIGHT: L76 vs L56 + connecting damage — skipping bag/switch hierarchy this turn
   [play-live]    [engine] E4 MOVE: banned matchup for blastoise — picked Skull Bash - a solid hit (never Ice Beam Lapras / never Surf Water)
   [play-live]    [engine] action menu: Skull Bash - a solid hit -> slot 0 (eff x1) vs gyarados 133/189 | [0]Skull Bash(p100,pp=12,ref=0,sc=50) [1]Surf(p95*STAB,pp=9,ref=0,sc=71.25) [2]Earthquake(p100,pp=0,ref=0,sc=0)
   [play-live]    [engine] STREAM COMMIT: Skull Bash - a solid hit slot 0 (menu_up=1 action=True moves=False)
   [play-live]    [engine] battle-progress: move resolved
   [play-live]    [engine] MATCHUP SWITCH: Lance answer holds — fight instead
   [play-live]    [engine] MATCHUP SWITCH: Lance answer holds — fight instead
   [play-live]    [engine] JUST FIGHT: L76 vs L56 + connecting damage — skipping bag/switch hierarchy this turn
   [play-live]    [engine] E4 MOVE: banned matchup for blastoise — picked Skull Bash - a solid hit (never Ice Beam Lapras / never Surf Water)
   [play-live]    [engine] action menu: Skull Bash - a solid hit -> slot 0 (eff x1) vs gyarados 51/189 | [0]Skull Bash(p100,pp=11,ref=0,sc=50) [1]Surf(p95*STAB,pp=9,ref=0,sc=71.25) [2]Earthquake(p100,pp=0,ref=0,sc=0)
   [play-live]    [engine] STREAM COMMIT: Skull Bash - a solid hit slot 0 (menu_up=1 action=True moves=False)
   [play-live]    [engine] battle-progress: move resolved
   [play-live]    [engine] battle-progress: enemy fainted
   [play-live]    [engine] party screen in drain: voluntary (shift prompt) -> single B out
   [play-live]    [engine] MATCHUP SWITCH: Lance answer holds — fight instead
   [play-live]    [engine] MATCHUP SWITCH: Lance answer holds — fight instead
   [play-live]    [engine] revive-check: TYPE-ANSWER revive slot 3 (no standing mon has an SE move on this foe; the fainted one does)
   [play-live]    [engine] revive-check: NO offer (revive_item=None, worthy=3, party sp/hp/lv=[(9, 38, 77), (144, 0, 51), (146, 153, 51), (145, 0, 51), (0, 0, 0), (0, 0, 0)])
   [play-live]    [engine] MATCHUP SWITCH: Lance answer holds — fight instead
   [play-live]    [engine] MATCHUP SWITCH: Lance answer holds — fight instead
   [play-live]    [engine] E4 MOVE: Skull Bash - E4 wincon — firing the max-damage pick (EQ Gengar is 0x Levitate; Surf Gengar; EQ Arbok; Surf Onix)
   [play-live]    [engine] action menu: Skull Bash - E4 wincon -> slot 0 (eff x1) vs dragonair 146/146 | [0]Skull Bash(p100,pp=10,ref=0,sc=50) [1]Surf(p95*STAB,pp=9,ref=0,sc=35.625) [2]Earthquake(p100,pp=0,ref=0,sc=100)
   [play-live]    [engine] STREAM COMMIT: Skull Bash - E4 wincon slot 0 (menu_up=1 action=True moves=False)
   [play-live]    [engine] battle-progress: move resolved
   [play-live]    [engine] !! battle wedged stall=30 TRAINER -> screen-aware press, not stuck-abort (never a blind A — the bag-parked-cursor lesson)
   [play-live]    [engine] WHIFF: foe HP unchanged at 146 across the full turn -> accuracy-debuff spiral (streak 1/3)
   [play-live]    [engine] MATCHUP SWITCH: Lance answer holds — fight instead
   [play-live]    [engine] MATCHUP SWITCH: Lance answer holds — fight instead
   [play-live]    [engine] revive-check: TYPE-ANSWER revive slot 3 (no standing mon has an SE move on this foe; the fainted one does)
   [play-live]    [engine] revive-check: NO offer (revive_item=None, worthy=3, party sp/hp/lv=[(9, 38, 77), (144, 0, 51), (146, 153, 51), (145, 0, 51), (0, 0, 0), (0, 0, 0)])
   [play-live]    [engine] ITEM-INSTINCT offer: ['use_cure', 'keep_fighting'] ctx={'hp': '38/234', 'status': 'paralysis', 'foe': 'dragonair'}
   [play-live]    [engine] ITEM-INSTINCT pick -> use_cure (item 23, aim=active)
   [play-live]    [engine] use_item: pocket byte MUTE + NO bag/white pixels + callback2 not the bag — bag never opened; keep fighting (LOUD, no blind taps fired)
   [play-live]    [engine] BAG-FAIL LATCH: pocket byte MUTE — bag never opened — species only (no battle-wide potion block)
   [play-live]    [engine] BAG-FAIL LATCH: use_cure item 23 not consumed — species only (no battle-wide potion block)
   [play-live]    [engine] HEAL-FAIL: item 23 failed — NOT latching species 9 (actuation miss; retry next turn)
   [play-live]    [engine] MATCHUP SWITCH: Lance answer holds — fight instead
   [play-live]    [engine] MATCHUP SWITCH: Lance answer holds — fight instead
   [play-live]    [engine] E4 MOVE: Skull Bash - E4 wincon — firing the max-damage pick (EQ Gengar is 0x Levitate; Surf Gengar; EQ Arbok; Surf Onix)
   [play-live]    [engine] action menu: Skull Bash - E4 wincon -> slot 0 (eff x1) vs dragonair 146/146 | [0]Skull Bash(p100,pp=9,ref=0,sc=50) [1]Surf(p95*STAB,pp=9,ref=0,sc=35.625) [2]Earthquake(p100,pp=0,ref=0,sc=100)
   [play-live]    [engine] STREAM COMMIT: Skull Bash - E4 wincon slot 0 (menu_up=0 action=False moves=False)
   [play-live]    [engine] battle-progress: move resolved
   [play-live]    [engine] battle-progress: our mon fainted
   [play-live]    [engine] fswitch retry 1: target row 2 sp=146 skip_rows=[] party_cur=2 menu_rows=[(9, 0), (144, 0), (146, 153), (145, 0)]
   [play-live]    [engine] fswitch: selecting row 2 (sp=146 L51 hp=153)
   [play-live]    [engine] battle-progress: force-switch seated
   [play-live]    [engine] WHIFF: foe HP unchanged at 146 across the full turn -> accuracy-debuff spiral (streak 2/3)
   [play-live]    [engine] move list already open at turn top — STREAM COMMIT, skipping switch/item menu theater
   [play-live]    [engine] E4 MOVE: move#53 - E4 wincon — firing the max-damage pick (EQ Gengar is 0x Levitate; Surf Gengar; EQ Arbok; Surf Onix)
   [play-live]    [engine] action menu: move#53 - E4 wincon -> slot 2 (eff x0.25) vs dragonair 146/146 | [0]Agility(p0,pp=30,ref=0,sc=0) [1]move#203(p0,pp=10,ref=0,sc=0) [2]move#53(p95*STAB,pp=7,ref=0,sc=35.625)
   [play-live]    [engine] STREAM COMMIT: move#53 - E4 wincon slot 2 (menu_up=0 action=False moves=True)
   [play-live]    [engine] STREAM COMMIT: RAM cursor disagrees after blind walk (reads 0, want 2) — RAM-correcting
   [play-live]    [engine] move slot 2 didn't fire (0-PP / disabled / blocked) -> rotating to an untried move (streak now [2], refusals {2: 1}, futility 1/4)
   [play-live]    [engine] MATCHUP SWITCH: Lance answer holds — fight instead
   [play-live]    [engine] revive-check: TYPE-ANSWER revive slot 3 (no standing mon has an SE move on this foe; the fainted one does)
   [play-live]    [engine] revive-check: NO offer (revive_item=None, worthy=3, party sp/hp/lv=[(9, 0, 77), (144, 0, 51), (146, 153, 51), (145, 0, 51), (0, 0, 0), (0, 0, 0)])
   [play-live]    [engine] MATCHUP SWITCH: Lance answer holds — fight instead
   [play-live]    [engine] E4 RETRY: wincon still has PP — last commit was a menu miss, not 0-PP. Firing it again (never rotate Surf?Skull Bash / Flamethrower?Agility)
   [play-live]    [engine] E4 MOVE: move#53 - E4 wincon — firing the max-damage pick (EQ Gengar is 0x Levitate; Surf Gengar; EQ Arbok; Surf Onix)
   [play-live]    [engine] action menu: move#53 - E4 wincon -> slot 2 (eff x0.25) vs dragonair 146/146 | [0]Agility(p0,pp=30,ref=0,sc=0) [1]move#203(p0,pp=10,ref=0,sc=0) [2]move#53(p95*STAB,pp=7,ref=1,sc=35.625)
   [play-live]    [engine] STREAM COMMIT: move#53 - E4 wincon slot 2 (menu_up=1 action=True moves=False)
   [play-live]    [engine] battle-progress: move resolved
   [play-live]    [engine] MATCHUP SWITCH: Lance answer holds — fight instead
   [play-live]    [engine] revive-check: TYPE-ANSWER revive slot 3 (no standing mon has an SE move on this foe; the fainted one does)
   [play-live]    [engine] revive-check: NO offer (revive_item=None, worthy=3, party sp/hp/lv=[(9, 0, 77), (144, 0, 51), (146, 153, 51), (145, 0, 51), (0, 0, 0), (0, 0, 0)])
   [play-live]    [engine] MATCHUP SWITCH: Lance answer holds — fight instead
   [play-live]    [engine] E4 MOVE: move#53 - E4 wincon — firing the max-damage pick (EQ Gengar is 0x Levitate; Surf Gengar; EQ Arbok; Surf Onix)
   [play-live]    [engine] action menu: move#53 - E4 wincon -> slot 2 (eff x0.25) vs dragonair 75/146 | [0]Agility(p0,pp=30,ref=0,sc=0) [1]move#203(p0,pp=10,ref=0,sc=0) [2]move#53(p95*STAB,pp=6,ref=1,sc=35.625)
   [play-live]    [engine] STREAM COMMIT: move#53 - E4 wincon slot 2 (menu_up=1 action=True moves=False)
   [play-live]    [engine] battle-progress: move resolved
   [play-live]    [engine] MATCHUP SWITCH: Lance answer holds — fight instead
   [play-live]    [engine] CURE TIMING: paralysis can wait — foe at 19% is one hit from down; KO first, cure after (or the Center does it free)
   [play-live]    [engine] revive-check: TYPE-ANSWER revive slot 3 (no standing mon has an SE move on this foe; the fainted one does)
   [play-live]    [engine] revive-check: NO offer (revive_item=None, worthy=3, party sp/hp/lv=[(9, 0, 77), (144, 0, 51), (146, 153, 51), (145, 0, 51), (0, 0, 0), (0, 0, 0)])
   [play-live]    [engine] MATCHUP SWITCH: Lance answer holds — fight instead
   [play-live]    [engine] E4 MOVE: move#53 - E4 wincon — firing the max-damage pick (EQ Gengar is 0x Levitate; Surf Gengar; EQ Arbok; Surf Onix)
   [play-live]    [engine] action menu: move#53 - E4 wincon -> slot 2 (eff x0.25) vs dragonair 29/146 | [0]Agility(p0,pp=30,ref=0,sc=0) [1]move#203(p0,pp=10,ref=0,sc=0) [2]move#53(p95*STAB,pp=5,ref=1,sc=35.625)
   [play-live]    [engine] STREAM COMMIT: move#53 - E4 wincon slot 2 (menu_up=1 action=True moves=False)
   [play-live]    [engine] battle-progress: foe HP changed
   [play-live]    [engine] MATCHUP SWITCH: Lance answer holds — fight instead
   [play-live]    [engine] revive-check: TYPE-ANSWER revive slot 3 (no standing mon has an SE move on this foe; the fainted one does)
   [play-live]    [engine] revive-check: NO offer (revive_item=None, worthy=3, party sp/hp/lv=[(9, 0, 77), (144, 0, 51), (146, 153, 51), (145, 0, 51), (0, 0, 0), (0, 0, 0)])
   [play-live]    [engine] ITEM-INSTINCT offer: ['use_cure', 'keep_fighting'] ctx={'hp': '153/153', 'status': 'paralysis', 'foe': 'dragonair'}
   [play-live]    [engine] ITEM-INSTINCT pick -> use_cure (item 23, aim=active)
   [play-live]    [engine] use_item walk n=0: party=False bag=True white=False cb2party=False cb2bag=True pcur=None lead=False
   [play-live]    [engine] use_item: USED item 23 (count 1->0)
   [play-live]    [engine] battle-progress: item 23 consumed
   [play-live]    [engine] MATCHUP SWITCH: Lance answer holds — fight instead
   [play-live]    [engine] revive-check: TYPE-ANSWER revive slot 3 (no standing mon has an SE move on this foe; the fainted one does)
   [play-live]    [engine] revive-check: NO offer (revive_item=None, worthy=3, party sp/hp/lv=[(9, 0, 77), (144, 0, 51), (146, 153, 51), (145, 0, 51), (0, 0, 0), (0, 0, 0)])
   [play-live]    [engine] MATCHUP SWITCH: Lance answer holds — fight instead
   [play-live]    [engine] E4 MOVE: move#53 - E4 wincon — firing the max-damage pick (EQ Gengar is 0x Levitate; Surf Gengar; EQ Arbok; Surf Onix)
   [play-live]    [engine] action menu: move#53 - E4 wincon -> slot 2 (eff x0.25) vs dragonair 146/146 | [0]Agility(p0,pp=30,ref=0,sc=0) [1]move#203(p0,pp=10,ref=0,sc=0) [2]move#53(p95*STAB,pp=5,ref=1,sc=35.625)
   [play-live]    [engine] STREAM COMMIT: move#53 - E4 wincon slot 2 (menu_up=1 action=True moves=False)
   [play-live]    [engine] battle-progress: move resolved
   [play-live]    [engine] MATCHUP SWITCH: Lance answer holds — fight instead
   [play-live]    [engine] revive-check: TYPE-ANSWER revive slot 3 (no standing mon has an SE move on this foe; the fainted one does)
   [play-live]    [engine] revive-check: NO offer (revive_item=None, worthy=3, party sp/hp/lv=[(9, 0, 77), (144, 0, 51), (146, 153, 51), (145, 0, 51), (0, 0, 0), (0, 0, 0)])
   [play-live]    [engine] MATCHUP SWITCH: Lance answer holds — fight instead
   [play-live]    [engine] E4 MOVE: move#53 - E4 wincon — firing the max-damage pick (EQ Gengar is 0x Levitate; Surf Gengar; EQ Arbok; Surf Onix)
   [play-live]    [engine] action menu: move#53 - E4 wincon -> slot 2 (eff x0.25) vs dragonair 98/146 | [0]Agility(p0,pp=30,ref=0,sc=0) [1]move#203(p0,pp=10,ref=0,sc=0) [2]move#53(p95*STAB,pp=4,ref=1,sc=35.625)
   [play-live]    [engine] STREAM COMMIT: move#53 - E4 wincon slot 2 (menu_up=1 action=True moves=False)
   [play-live]    [engine] MATCHUP SWITCH: Lance answer holds — fight instead
   [play-live]    [engine] revive-check: TYPE-ANSWER revive slot 3 (no standing mon has an SE move on this foe; the fainted one does)
   [play-live]    [engine] revive-check: NO offer (revive_item=None, worthy=3, party sp/hp/lv=[(9, 0, 77), (144, 0, 51), (146, 102, 51), (145, 0, 51), (0, 0, 0), (0, 0, 0)])
   [play-live]    [engine] MATCHUP SWITCH: Lance answer holds — fight instead
   [play-live]    [engine] E4 MOVE: move#53 - E4 wincon — firing the max-damage pick (EQ Gengar is 0x Levitate; Surf Gengar; EQ Arbok; Surf Onix)
   [play-live]    [engine] action menu: move#53 - E4 wincon -> slot 2 (eff x0.25) vs dragonair 98/146 | [0]Agility(p0,pp=30,ref=0,sc=0) [1]move#203(p0,pp=10,ref=0,sc=0) [2]move#53(p95*STAB,pp=4,ref=1,sc=35.625)
   [play-live]    [engine] STREAM COMMIT: move#53 - E4 wincon slot 2 (menu_up=1 action=True moves=False)
   [play-live]    [engine] MATCHUP SWITCH: Lance answer holds — fight instead
   [play-live]    [engine] revive-check: TYPE-ANSWER revive slot 3 (no standing mon has an SE move on this foe; the fainted one does)
   [play-live]    [engine] revive-check: NO offer (revive_item=None, worthy=3, party sp/hp/lv=[(9, 0, 77), (144, 0, 51), (146, 51, 51), (145, 0, 51), (0, 0, 0), (0, 0, 0)])
   [play-live]    [engine] MATCHUP SWITCH: Lance answer holds — fight instead
   [play-live]    [engine] E4 MOVE: move#53 - E4 wincon — firing the max-damage pick (EQ Gengar is 0x Levitate; Surf Gengar; EQ Arbok; Surf Onix)
   [play-live]    [engine] action menu: move#53 - E4 wincon -> slot 2 (eff x0.25) vs dragonair 98/146 | [0]Agility(p0,pp=30,ref=0,sc=0) [1]move#203(p0,pp=10,ref=0,sc=0) [2]move#53(p95*STAB,pp=4,ref=1,sc=35.625)
   [play-live]    [engine] STREAM COMMIT: move#53 - E4 wincon slot 2 (menu_up=1 action=True moves=False)
   [play-live]    [engine] !! MENU WEDGE 60s with NO progress — escaping the scroll theater (fire 2/8, menu_up=0 action=False moves=False bag=False party=False)
   [play-live]    [engine] MENU WEDGE escalation: blind B-unwind (classifiers untrusted)
   [play-live]    [engine] MATCHUP SWITCH: Lance answer holds — fight instead
   [play-live]    [engine] ACE-FIRST: L51 legendary bird is NOT fodder next to L77 — offering heal
   [play-live]    [engine] revive-check: TYPE-ANSWER revive slot 3 (no standing mon has an SE move on this foe; the fainted one does)
   [play-live]    [engine] revive-check: NO offer (revive_item=None, worthy=3, party sp/hp/lv=[(9, 0, 77), (144, 0, 51), (146, 1, 51), (145, 0, 51), (0, 0, 0), (0, 0, 0)])
   [play-live]    [engine] MATCHUP SWITCH: Lance answer holds — fight instead
   [play-live]    [engine] E4 MOVE: move#53 - E4 wincon — firing the max-damage pick (EQ Gengar is 0x Levitate; Surf Gengar; EQ Arbok; Surf Onix)
   [play-live]    [engine] action menu: move#53 - E4 wincon -> slot 2 (eff x0.25) vs dragonair 47/146 | [0]Agility(p0,pp=30,ref=0,sc=0) [1]move#203(p0,pp=10,ref=0,sc=0) [2]move#53(p95*STAB,pp=3,ref=1,sc=35.625)
   [play-live]    [engine] STREAM COMMIT: move#53 - E4 wincon slot 2 (menu_up=1 action=True moves=False)
   [play-live]    [engine] battle-progress: our mon fainted
   [travel] start map=(13, 0) coords=(13, 12) -> coord (11, 15) (budget 60s, surf-capable)
   [travel] path blocked at (13, 12) (NPC on the gap?) - waiting
   [travel] no clean path from (13, 12); NPC-allowing path EXISTS (len 6), blocker NPC tile=None, npcs nearby=[(7, 14), (13, 10)] -> approaching to interact/trigger
   [travel] reached target coord (11, 15)
   [travel] start map=(13, 0) coords=(11, 16) -> coord (11, 15) (budget 60s, surf-capable)
===== playlive_2026-08-13_20-45-30.log =====
   [travel] start map=(13, 0) coords=(11, 16) -> coord (11, 15) (budget 60s, surf-capable)
   [travel] step 0: (11, 16)->(11, 15) map=(13, 0) (path 2 to exit)
   [travel] reached target coord (11, 15)
   [play-live]    [engine] MATCHUP SWITCH: Zapdos vs Water — fight instead (Electric STAB)
   [play-live]    [engine] MATCHUP SWITCH: Zapdos vs Water — fight instead (Electric STAB)
   [play-live]    [engine] E4 MOVE: Shock Wave - E4 wincon — firing the max-damage pick (EQ Gengar is 0x Levitate; Surf Gengar; EQ Arbok; Surf Onix)
   [play-live]    [engine] action menu: Shock Wave - E4 wincon -> slot 1 (eff x2) vs dewgong 171/171 | [0]move#86(p0*STAB,pp=20,ref=0,sc=0) [1]Shock Wave(p60*STAB,pp=20,ref=0,sc=180) [2]move#197(p0,pp=5,ref=0,sc=0) [3]Drill Peck(p80*STAB,pp=20,ref=0,sc=120)
   [play-live]    [engine] STREAM COMMIT: Shock Wave - E4 wincon slot 1 (menu_up=1 action=True moves=False)
   [play-live]    [engine] battle-progress: move resolved
   [play-live]    [engine] MATCHUP SWITCH: Zapdos vs Water — fight instead (Electric STAB)
   [play-live]    [engine] MATCHUP SWITCH: Zapdos vs Water — fight instead (Electric STAB)
   [play-live]    [engine] E4 MOVE: Shock Wave - E4 wincon — firing the max-damage pick (EQ Gengar is 0x Levitate; Surf Gengar; EQ Arbok; Surf Onix)
   [play-live]    [engine] action menu: Shock Wave - E4 wincon -> slot 1 (eff x2) vs dewgong 78/171 | [0]move#86(p0*STAB,pp=20,ref=0,sc=0) [1]Shock Wave(p60*STAB,pp=19,ref=0,sc=180) [2]move#197(p0,pp=5,ref=0,sc=0) [3]Drill Peck(p80*STAB,pp=20,ref=0,sc=120)
   [play-live]    [engine] STREAM COMMIT: Shock Wave - E4 wincon slot 1 (menu_up=1 action=True moves=False)
   [play-live]    [engine] battle-progress: move resolved
   [play-live]    [engine] battle-progress: enemy fainted
   [play-live]    [engine] party screen in drain: voluntary (shift prompt) -> single B out
   [play-live]    [engine] MATCHUP SWITCH: Zapdos vs Water — fight instead (Electric STAB)
   [play-live]    [engine] MATCHUP SWITCH: Zapdos vs Water — fight instead (Electric STAB)
   [play-live]    [engine] E4 MOVE: Shock Wave - E4 wincon — firing the max-damage pick (EQ Gengar is 0x Levitate; Surf Gengar; EQ Arbok; Surf Onix)
   [play-live]    [engine] action menu: Shock Wave - E4 wincon -> slot 1 (eff x2) vs slowbro 165/176 | [0]move#86(p0*STAB,pp=20,ref=0,sc=0) [1]Shock Wave(p60*STAB,pp=18,ref=0,sc=180) [2]move#197(p0,pp=5,ref=0,sc=0) [3]Drill Peck(p80*STAB,pp=20,ref=0,sc=120)
   [play-live]    [engine] STREAM COMMIT: Shock Wave - E4 wincon slot 1 (menu_up=1 action=True moves=False)
   [play-live]    [engine] battle-progress: move resolved
   [play-live]    [engine] battle-progress: enemy fainted
   [play-live]    [engine] party screen in drain: voluntary (shift prompt) -> single B out
   [play-live]    [engine] MATCHUP SWITCH: Zapdos vs Water — fight instead (Electric STAB)
   [play-live]    [engine] MATCHUP SWITCH: Zapdos vs Water — fight instead (Electric STAB)
   [play-live]    [engine] E4 MOVE: Shock Wave - E4 wincon — firing the max-damage pick (EQ Gengar is 0x Levitate; Surf Gengar; EQ Arbok; Surf Onix)
   [play-live]    [engine] action menu: Shock Wave - E4 wincon -> slot 1 (eff x2) vs lapras 220/220 | [0]move#86(p0*STAB,pp=20,ref=0,sc=0) [1]Shock Wave(p60*STAB,pp=17,ref=0,sc=180) [2]move#197(p0,pp=5,ref=0,sc=0) [3]Drill Peck(p80*STAB,pp=20,ref=0,sc=120)
   [play-live]    [engine] STREAM COMMIT: Shock Wave - E4 wincon slot 1 (menu_up=1 action=True moves=False)
   [play-live]    [engine] battle-progress: move resolved
   [play-live]    [engine] MATCHUP SWITCH: Zapdos vs Water — fight instead (Electric STAB)
   [play-live]    [engine] MATCHUP SWITCH: Zapdos vs Water — fight instead (Electric STAB)
   [play-live]    [engine] E4 MOVE: Shock Wave - E4 wincon — firing the max-damage pick (EQ Gengar is 0x Levitate; Surf Gengar; EQ Arbok; Surf Onix)
   [play-live]    [engine] action menu: Shock Wave - E4 wincon -> slot 1 (eff x2) vs lapras 130/220 | [0]move#86(p0*STAB,pp=20,ref=0,sc=0) [1]Shock Wave(p60*STAB,pp=16,ref=0,sc=180) [2]move#197(p0,pp=5,ref=0,sc=0) [3]Drill Peck(p80*STAB,pp=20,ref=0,sc=120)
   [play-live]    [engine] STREAM COMMIT: Shock Wave - E4 wincon slot 1 (menu_up=1 action=True moves=False)
   [play-live]    [engine] battle-progress: move resolved
   [play-live]    [engine] MATCHUP SWITCH: Zapdos vs Water — fight instead (Electric STAB)
   [play-live]    [engine] ACE-FIRST: L51 legendary bird is NOT fodder next to L75 — offering heal
   [play-live]    [engine] ITEM-INSTINCT offer: ['use_potion', 'keep_fighting'] ctx={'hp': '5/159', 'status': 'none', 'foe': 'lapras'}
   [play-live]    [engine] ITEM-INSTINCT FORCED -> use_potion (active at 3% <= crit floor 30% — a faint loses the fight; oracle bypassed)
   [play-live]    [engine] ITEM-INSTINCT pick -> use_potion (item 22, aim=active)
   [play-live]    [engine] use_item walk n=0: party=False bag=True white=False cb2party=False cb2bag=True pcur=None lead=False
   [play-live]    [engine] use_item walk n=1: party=True bag=False white=True cb2party=True cb2bag=False pcur=None lead=True
   [play-live]    [engine] use_item: USED item 22 (count 1->0)
   [play-live]    [engine] battle-progress: item 22 consumed
   [play-live]    [engine] use_item: post-use settle NOT confirmed — blind B-unwind (the bag can sit open invisible to every classifier)
   [play-live]    [engine] battle-progress: our mon fainted
   [play-live]    [engine] E4 SEND: blastoise (matchup, not highest-level)
   [play-live]    [engine] fswitch retry 1: target row 3 sp=9 skip_rows=[] party_cur=2 menu_rows=[(145, 0), (144, 157), (146, 153), (9, 229)]
   [play-live]    [engine] fswitch: selecting row 3 (sp=9 L75 hp=229)
   [play-live]    [engine] battle-progress: force-switch seated
   [play-live]    [engine] MATCHUP SWITCH: Lorelei answer holds — fight instead
   [play-live]    [engine] MATCHUP SWITCH: Lorelei answer holds — fight instead
   [play-live]    [engine] JUST FIGHT: L75 vs L54 + connecting damage — skipping bag/switch hierarchy this turn
   [play-live]    [engine] E4 MOVE: Earthquake - E4 wincon — firing the max-damage pick (EQ Gengar is 0x Levitate; Surf Gengar; EQ Arbok; Surf Onix)
   [play-live]    [engine] action menu: Earthquake - E4 wincon -> slot 2 (eff x1) vs lapras 68/220 | [0]Skull Bash(p100,pp=15,ref=0,sc=50) [1]Surf(p95*STAB,pp=15,ref=0,sc=71.25) [2]Earthquake(p100,pp=10,ref=0,sc=100)
   [play-live]    [engine] STREAM COMMIT: Earthquake - E4 wincon slot 2 (menu_up=1 action=True moves=False)
   [play-live]    [engine] battle-progress: move resolved
   [play-live]    [engine] battle-progress: enemy fainted
   [play-live]    [engine] party screen in drain: voluntary (shift prompt) -> single B out
   [play-live]    [engine] MATCHUP SWITCH: Lorelei answer holds — fight instead
   [play-live]    [engine] MATCHUP SWITCH: Lorelei answer holds — fight instead
   [play-live]    [engine] JUST FIGHT: L76 vs L51 + connecting damage — skipping bag/switch hierarchy this turn
   [play-live]    [engine] E4 MOVE: Earthquake - E4 wincon — firing the max-damage pick (EQ Gengar is 0x Levitate; Surf Gengar; EQ Arbok; Surf Onix)
   [play-live]    [engine] action menu: Earthquake - E4 wincon -> slot 2 (eff x1) vs cloyster 127/127 | [0]Skull Bash(p100,pp=15,ref=0,sc=50) [1]Surf(p95*STAB,pp=15,ref=0,sc=71.25) [2]Earthquake(p100,pp=9,ref=0,sc=100)
   [play-live]    [engine] STREAM COMMIT: Earthquake - E4 wincon slot 2 (menu_up=1 action=True moves=False)
   [play-live]    [engine] battle-progress: move resolved
   [play-live]    [engine] MATCHUP SWITCH: Lorelei answer holds — fight instead
   [play-live]    [engine] MATCHUP SWITCH: Lorelei answer holds — fight instead
   [play-live]    [engine] JUST FIGHT: L76 vs L51 + connecting damage — skipping bag/switch hierarchy this turn
   [play-live]    [engine] E4 MOVE: Earthquake - E4 wincon — firing the max-damage pick (EQ Gengar is 0x Levitate; Surf Gengar; EQ Arbok; Surf Onix)
   [play-live]    [engine] action menu: Earthquake - E4 wincon -> slot 2 (eff x1) vs cloyster 80/127 | [0]Skull Bash(p100,pp=15,ref=0,sc=50) [1]Surf(p95*STAB,pp=15,ref=0,sc=71.25) [2]Earthquake(p100,pp=8,ref=0,sc=100)
   [play-live]    [engine] STREAM COMMIT: Earthquake - E4 wincon slot 2 (menu_up=1 action=True moves=False)
   [play-live]    [engine] battle-progress: move resolved
   [play-live]    [engine] MATCHUP SWITCH: Lorelei answer holds — fight instead
   [play-live]    [engine] MATCHUP SWITCH: Lorelei answer holds — fight instead
   [play-live]    [engine] JUST FIGHT: L76 vs L51 + connecting damage — skipping bag/switch hierarchy this turn
   [play-live]    [engine] E4 MOVE: Earthquake - E4 wincon — firing the max-damage pick (EQ Gengar is 0x Levitate; Surf Gengar; EQ Arbok; Surf Onix)
   [play-live]    [engine] action menu: Earthquake - E4 wincon -> slot 2 (eff x1) vs cloyster 32/127 | [0]Skull Bash(p100,pp=15,ref=0,sc=50) [1]Surf(p95*STAB,pp=15,ref=0,sc=71.25) [2]Earthquake(p100,pp=7,ref=0,sc=100)
   [play-live]    [engine] STREAM COMMIT: Earthquake - E4 wincon slot 2 (menu_up=1 action=True moves=False)
   [play-live]    [engine] battle-progress: move resolved
   [play-live]    [engine] WHIFF: foe HP unchanged at 32 across the full turn -> accuracy-debuff spiral (streak 1/3)
   [play-live]    [engine] MATCHUP SWITCH: Lorelei answer holds — fight instead
   [play-live]    [engine] MATCHUP SWITCH: Lorelei answer holds — fight instead
   [play-live]    [engine] JUST FIGHT: L76 vs L51 + connecting damage — skipping bag/switch hierarchy this turn
   [play-live]    [engine] E4 MOVE: banned matchup for blastoise — picked Earthquake - a solid hit (never Ice Beam Lapras / never Surf Water)
   [play-live]    [engine] action menu: Earthquake - a solid hit -> slot 2 (eff x1) vs cloyster 32/127 | [0]Skull Bash(p100,pp=15,ref=0,sc=50) [1]Surf(p95*STAB,pp=15,ref=0,sc=71.25) [2]Earthquake(p100,pp=6,ref=0,sc=100)
   [play-live]    [engine] STREAM COMMIT: Earthquake - a solid hit slot 2 (menu_up=1 action=True moves=False)
   [play-live]    [engine] battle-progress: move resolved
   [play-live]    [engine] battle-progress: enemy fainted
   [play-live]    [engine] party screen in drain: voluntary (shift prompt) -> single B out
   [play-live]    [engine] MATCHUP SWITCH: Lorelei answer holds — fight instead
   [play-live]    [engine] MATCHUP SWITCH: Lorelei answer holds — fight instead
   [play-live]    [engine] JUST FIGHT: L76 vs L54 + connecting damage — skipping bag/switch hierarchy this turn
   [play-live]    [engine] E4 MOVE: Earthquake - E4 wincon — firing the max-damage pick (EQ Gengar is 0x Levitate; Surf Gengar; EQ Arbok; Surf Onix)
   [play-live]    [engine] action menu: Earthquake - E4 wincon -> slot 2 (eff x1) vs jynx 150/150 | [0]Skull Bash(p100,pp=15,ref=0,sc=50) [1]Surf(p95*STAB,pp=15,ref=0,sc=142.5) [2]Earthquake(p100,pp=5,ref=0,sc=100)
   [play-live]    [engine] STREAM COMMIT: Earthquake - E4 wincon slot 2 (menu_up=1 action=True moves=False)
   [play-live]    [engine] battle-progress: move resolved
   [play-live]    [engine] battle-progress: enemy fainted
   [play-live]    [engine] MATCHUP SWITCH: Bruno Blastoise holds — fight instead
   [play-live]    [engine] MATCHUP SWITCH: Bruno Blastoise holds — fight instead
   [play-live]    [engine] JUST FIGHT: L76 vs L51 + connecting damage — skipping bag/switch hierarchy this turn
   [play-live]    [engine] E4 MOVE: Surf - E4 wincon — firing the max-damage pick (EQ Gengar is 0x Levitate; Surf Gengar; EQ Arbok; Surf Onix)
   [play-live]    [engine] action menu: Surf - E4 wincon -> slot 1 (eff x4) vs onix 112/112 | [0]Skull Bash(p100,pp=15,ref=0,sc=25) [1]Surf(p95*STAB,pp=15,ref=0,sc=570) [2]Earthquake(p100,pp=4,ref=0,sc=200)
   [play-live]    [engine] STREAM COMMIT: Surf - E4 wincon slot 1 (menu_up=1 action=True moves=False)
   [play-live]    [engine] battle-progress: move resolved
   [play-live]    [engine] battle-progress: enemy fainted
   [play-live]    [engine] party screen in drain: voluntary (shift prompt) -> single B out
   [play-live]    [engine] MATCHUP SWITCH: answer-lead holds — fight instead
   [play-live]    [engine] MATCHUP SWITCH: answer-lead holds — fight instead
   [play-live]    [engine] JUST FIGHT: L76 vs L53 + connecting damage — skipping bag/switch hierarchy this turn
   [play-live]    [engine] E4 MOVE: Earthquake - E4 wincon — firing the max-damage pick (EQ Gengar is 0x Levitate; Surf Gengar; EQ Arbok; Surf Onix)
   [play-live]    [engine] action menu: Earthquake - E4 wincon -> slot 2 (eff x1) vs hitmonchan 131/131 | [0]Skull Bash(p100,pp=15,ref=0,sc=50) [1]Surf(p95*STAB,pp=14,ref=0,sc=142.5) [2]Earthquake(p100,pp=4,ref=0,sc=100)
   [play-live]    [engine] STREAM COMMIT: Earthquake - E4 wincon slot 2 (menu_up=1 action=True moves=False)
   [play-live]    [engine] battle-progress: move resolved
   [play-live]    [engine] MATCHUP SWITCH: answer-lead holds — fight instead
   [play-live]    [engine] MATCHUP SWITCH: answer-lead holds — fight instead
   [play-live]    [engine] JUST FIGHT: L76 vs L53 + connecting damage — skipping bag/switch hierarchy this turn
   [play-live]    [engine] E4 MOVE: Earthquake - E4 wincon — firing the max-damage pick (EQ Gengar is 0x Levitate; Surf Gengar; EQ Arbok; Surf Onix)
   [play-live]    [engine] action menu: Earthquake - E4 wincon -> slot 2 (eff x1) vs hitmonchan 47/131 | [0]Skull Bash(p100,pp=15,ref=0,sc=50) [1]Surf(p95*STAB,pp=14,ref=0,sc=142.5) [2]Earthquake(p100,pp=3,ref=0,sc=100)
   [play-live]    [engine] STREAM COMMIT: Earthquake - E4 wincon slot 2 (menu_up=1 action=True moves=False)
   [play-live]    [engine] battle-progress: move resolved
   [play-live]    [engine] battle-progress: enemy fainted
   [play-live]    [engine] party screen in drain: voluntary (shift prompt) -> single B out
   [play-live]    [engine] MATCHUP SWITCH: answer-lead holds — fight instead
   [play-live]    [engine] MATCHUP SWITCH: answer-lead holds — fight instead
   [play-live]    [engine] JUST FIGHT: L76 vs L53 + connecting damage — skipping bag/switch hierarchy this turn
   [play-live]    [engine] E4 MOVE: Earthquake - E4 wincon — firing the max-damage pick (EQ Gengar is 0x Levitate; Surf Gengar; EQ Arbok; Surf Onix)
   [play-live]    [engine] action menu: Earthquake - E4 wincon -> slot 2 (eff x1) vs hitmonlee 131/131 | [0]Skull Bash(p100,pp=15,ref=0,sc=50) [1]Surf(p95*STAB,pp=14,ref=0,sc=142.5) [2]Earthquake(p100,pp=2,ref=0,sc=100)
   [play-live]    [engine] STREAM COMMIT: Earthquake - E4 wincon slot 2 (menu_up=1 action=True moves=False)
   [play-live]    [engine] battle-progress: move resolved
   [play-live]    [engine] battle-progress: enemy fainted
   [play-live]    [engine] party screen in drain: voluntary (shift prompt) -> single B out
   [play-live]    [engine] MATCHUP SWITCH: answer-lead holds — fight instead
   [play-live]    [engine] MATCHUP SWITCH: answer-lead holds — fight instead
   [play-live]    [engine] JUST FIGHT: L76 vs L56 + connecting damage — skipping bag/switch hierarchy this turn
   [play-live]    [engine] E4 MOVE: Earthquake - E4 wincon — firing the max-damage pick (EQ Gengar is 0x Levitate; Surf Gengar; EQ Arbok; Surf Onix)
   [play-live]    [engine] action menu: Earthquake - E4 wincon -> slot 2 (eff x1) vs machamp 183/183 | [0]Skull Bash(p100,pp=15,ref=0,sc=50) [1]Surf(p95*STAB,pp=14,ref=0,sc=142.5) [2]Earthquake(p100,pp=1,ref=0,sc=100)
   [play-live]    [engine] STREAM COMMIT: Earthquake - E4 wincon slot 2 (menu_up=1 action=True moves=False)
   [play-live]    [engine] battle-progress: move resolved
   [play-live]    [engine] MATCHUP SWITCH: answer-lead holds — fight instead
   [play-live]    [engine] MATCHUP SWITCH: answer-lead holds — fight instead
   [play-live]    [engine] JUST FIGHT: L76 vs L56 + connecting damage — skipping bag/switch hierarchy this turn
   [play-live]    [engine] E4 MOVE: Surf - E4 wincon — firing the max-damage pick (EQ Gengar is 0x Levitate; Surf Gengar; EQ Arbok; Surf Onix)
   [play-live]    [engine] action menu: Surf - E4 wincon -> slot 1 (eff x1) vs machamp 104/183 | [0]Skull Bash(p100,pp=15,ref=0,sc=50) [1]Surf(p95*STAB,pp=14,ref=0,sc=142.5) [2]Earthquake(p100,pp=0,ref=0,sc=100)
   [play-live]    [engine] STREAM COMMIT: Surf - E4 wincon slot 1 (menu_up=1 action=True moves=False)
   [play-live]    [engine] battle-progress: move resolved
   [play-live]    [engine] battle-progress: enemy fainted
   [play-live]    [engine] party screen in drain: voluntary (shift prompt) -> single B out
   [play-live]    [engine] MATCHUP SWITCH: Bruno Blastoise holds — fight instead
   [play-live]    [engine] MATCHUP SWITCH: Bruno Blastoise holds — fight instead
   [play-live]    [engine] JUST FIGHT: L76 vs L54 + connecting damage — skipping bag/switch hierarchy this turn
   [play-live]    [engine] E4 MOVE: Surf - E4 wincon — firing the max-damage pick (EQ Gengar is 0x Levitate; Surf Gengar; EQ Arbok; Surf Onix)
   [play-live]    [engine] action menu: Surf - E4 wincon -> slot 1 (eff x4) vs onix 118/118 | [0]Skull Bash(p100,pp=15,ref=0,sc=25) [1]Surf(p95*STAB,pp=13,ref=0,sc=570) [2]Earthquake(p100,pp=0,ref=0,sc=200)
   [play-live]    [engine] STREAM COMMIT: Surf - E4 wincon slot 1 (menu_up=1 action=True moves=False)
   [play-live]    [engine] battle-progress: move resolved
   [play-live]    [engine] battle-progress: enemy fainted
   [play-live]    [engine] MATCHUP SWITCH: Agatha Blastoise holds — fight instead
   [play-live]    [engine] MATCHUP SWITCH: Agatha Blastoise holds — fight instead
   [play-live]    [engine] JUST FIGHT: L76 vs L54 + connecting damage — skipping bag/switch hierarchy this turn
   [play-live]    [engine] E4 MOVE: Surf - E4 wincon — firing the max-damage pick (EQ Gengar is 0x Levitate; Surf Gengar; EQ Arbok; Surf Onix)
   [play-live]    [engine] action menu: Surf - E4 wincon -> slot 1 (eff x1) vs gengar 145/145 | [0]Skull Bash(p100,pp=15,ref=0,sc=0) [1]Surf(p95*STAB,pp=12,ref=0,sc=142.5) [2]Earthquake(p100,pp=0,ref=0,sc=200)
   [play-live]    [engine] STREAM COMMIT: Surf - E4 wincon slot 1 (menu_up=1 action=True moves=False)
   [play-live]    [engine] battle-progress: move resolved
   [play-live]    [engine] MATCHUP SWITCH: Agatha Blastoise holds — fight instead
   [play-live]    [engine] MATCHUP SWITCH: Agatha Blastoise holds — fight instead
   [play-live]    [engine] JUST FIGHT: L76 vs L54 + connecting damage — skipping bag/switch hierarchy this turn
   [play-live]    [engine] E4 MOVE: Surf - E4 wincon — firing the max-damage pick (EQ Gengar is 0x Levitate; Surf Gengar; EQ Arbok; Surf Onix)
   [play-live]    [engine] action menu: Surf - E4 wincon -> slot 1 (eff x1) vs gengar 26/145 | [0]Skull Bash(p100,pp=15,ref=0,sc=0) [1]Surf(p95*STAB,pp=11,ref=0,sc=142.5) [2]Earthquake(p100,pp=0,ref=0,sc=200)
   [play-live]    [engine] STREAM COMMIT: Surf - E4 wincon slot 1 (menu_up=1 action=True moves=False)
   [play-live]    [engine] battle-progress: foe HP changed
   [play-live]    [engine] MATCHUP SWITCH: Agatha Blastoise holds — fight instead
   [play-live]    [engine] MATCHUP SWITCH: Agatha Blastoise holds — fight instead
   [play-live]    [engine] JUST FIGHT: L76 vs L54 + connecting damage — skipping bag/switch hierarchy this turn
   [play-live]    [engine] E4 MOVE: Surf - E4 wincon — firing the max-damage pick (EQ Gengar is 0x Levitate; Surf Gengar; EQ Arbok; Surf Onix)
   [play-live]    [engine] action menu: Surf - E4 wincon -> slot 1 (eff x1) vs gengar 24/145 | [0]Skull Bash(p100,pp=15,ref=0,sc=0) [1]Surf(p95*STAB,pp=10,ref=0,sc=142.5) [2]Earthquake(p100,pp=0,ref=0,sc=200)
   [play-live]    [engine] STREAM COMMIT: Surf - E4 wincon slot 1 (menu_up=1 action=True moves=False)
   [play-live]    [engine] battle-progress: move resolved
   [play-live]    [engine] battle-progress: enemy fainted
   [play-live]    [engine] party screen in drain: voluntary (shift prompt) -> single B out
   [play-live]    [engine] MATCHUP SWITCH: Agatha Blastoise holds — fight instead
   [play-live]    [engine] MATCHUP SWITCH: Agatha Blastoise holds — fight instead
   [play-live]    [engine] JUST FIGHT: L76 vs L54 + connecting damage — skipping bag/switch hierarchy this turn
   [play-live]    [engine] E4 MOVE: Skull Bash - E4 wincon — firing the max-damage pick (EQ Gengar is 0x Levitate; Surf Gengar; EQ Arbok; Surf Onix)
   [play-live]    [engine] action menu: Skull Bash - E4 wincon -> slot 0 (eff x1) vs golbat 161/161 | [0]Skull Bash(p100,pp=15,ref=0,sc=50) [1]Surf(p95*STAB,pp=9,ref=0,sc=142.5) [2]Earthquake(p100,pp=0,ref=0,sc=0)
   [play-live]    [engine] STREAM COMMIT: Skull Bash - E4 wincon slot 0 (menu_up=1 action=True moves=False)
   [play-live]    [engine] battle-progress: move resolved
   [play-live]    [engine] MATCHUP SWITCH: Agatha Blastoise holds — fight instead
   [play-live]    [engine] MATCHUP SWITCH: Agatha Blastoise holds — fight instead
   [play-live]    [engine] JUST FIGHT: L76 vs L54 + connecting damage — skipping bag/switch hierarchy this turn
   [play-live]    [engine] E4 MOVE: Skull Bash - E4 wincon — firing the max-damage pick (EQ Gengar is 0x Levitate; Surf Gengar; EQ Arbok; Surf Onix)
   [play-live]    [engine] action menu: Skull Bash - E4 wincon -> slot 0 (eff x1) vs golbat 56/161 | [0]Skull Bash(p100,pp=14,ref=0,sc=50) [1]Surf(p95*STAB,pp=9,ref=0,sc=142.5) [2]Earthquake(p100,pp=0,ref=0,sc=0)
   [play-live]    [engine] STREAM COMMIT: Skull Bash - E4 wincon slot 0 (menu_up=1 action=True moves=False)
   [play-live]    [engine] MATCHUP SWITCH: Agatha Blastoise holds — fight instead
   [play-live]    [engine] MATCHUP SWITCH: Agatha Blastoise holds — fight instead
   [play-live]    [engine] JUST FIGHT: L76 vs L54 + connecting damage — skipping bag/switch hierarchy this turn
   [play-live]    [engine] E4 MOVE: Skull Bash - E4 wincon — firing the max-damage pick (EQ Gengar is 0x Levitate; Surf Gengar; EQ Arbok; Surf Onix)
   [play-live]    [engine] action menu: Skull Bash - E4 wincon -> slot 0 (eff x1) vs golbat 56/161 | [0]Skull Bash(p100,pp=14,ref=0,sc=50) [1]Surf(p95*STAB,pp=9,ref=0,sc=142.5) [2]Earthquake(p100,pp=0,ref=0,sc=0)
   [play-live]    [engine] STREAM COMMIT: Skull Bash - E4 wincon slot 0 (menu_up=1 action=True moves=False)
   [play-live]    [engine] !! MENU WEDGE 61s with NO progress — escaping the scroll theater (fire 1/8, menu_up=0 action=False moves=False bag=False party=False)
   [play-live]    [engine] battle-progress: enemy fainted
   [play-live]    [engine] party screen in drain: voluntary (shift prompt) -> single B out
   [play-live]    [engine] MATCHUP SWITCH: Agatha Blastoise holds — fight instead
   [play-live]    [engine] MATCHUP SWITCH: Agatha Blastoise holds — fight instead
   [play-live]    [engine] E4 EQ DRY: no Ether/Elixir in bag — Skull Bash/Bite, never Surf (LOUD)
   [play-live]    [engine] MATCHUP SWITCH: Agatha Blastoise holds — fight instead
   [play-live]    [engine] MATCHUP SWITCH: Agatha Blastoise holds — fight instead
   [play-live]    [engine] E4 MOVE: Skull Bash - E4 wincon — firing the max-damage pick (EQ Gengar is 0x Levitate; Surf Gengar; EQ Arbok; Surf Onix)
   [play-live]    [engine] action menu: Skull Bash - E4 wincon -> slot 0 (eff x1) vs arbok 150/150 | [0]Skull Bash(p100,pp=13,ref=0,sc=50) [1]Surf(p95*STAB,pp=9,ref=0,sc=142.5) [2]Earthquake(p100,pp=0,ref=0,sc=400)
   [play-live]    [engine] STREAM COMMIT: Skull Bash - E4 wincon slot 0 (menu_up=1 action=True moves=False)
   [play-live]    [engine] battle-progress: move resolved
   [play-live]    [engine] battle-progress: our mon fainted
   [play-live]    [engine] E4 SEND: zapdos (matchup, not highest-level)
   [play-live]    [engine] fswitch retry 5: target row 3 sp=145 skip_rows=[] party_cur=2 menu_rows=[(9, 0), (144, 157), (146, 153), (145, 79)]
   [play-live]    [engine] fswitch: selecting row 3 (sp=145 L51 hp=79)
   [play-live]    [engine] battle-progress: force-switch seated
   [play-live]    [engine] WHIFF: foe HP unchanged at 150 across the full turn -> accuracy-debuff spiral (streak 1/3)
   [play-live]    [engine] MATCHUP SWITCH: Agatha Blastoise holds — fight instead
   [play-live]    [engine] revive-check: TYPE-ANSWER revive slot 0 (no standing mon has an SE move on this foe; the fainted one does)
   [play-live]    [engine] E4/league: wincon revive offered (Blastoise+EQ / Moltres vs Jynx / Articuno vs dragon; cursor MUST land on 0-HP at use)
   [play-live]    [engine] ITEM-INSTINCT offer: ['use_revive', 'keep_fighting'] ctx={'hp': '79/159', 'status': 'none', 'foe': 'arbok'}
   [play-live]    [engine] ITEM-INSTINCT FORCED -> use_revive (E4 wincon is fainted; oracle bypassed — live 20:28 keep_fighting left Blastoise dead vs Arbok)
   [play-live]    [engine] ITEM-INSTINCT pick -> use_revive (item 24, aim=fainted)
   [play-live]    [engine] use_item walk n=0: party=False bag=True white=False cb2party=False cb2bag=True pcur=None lead=False
   [play-live]    [engine] use_item: REFUSE A on alive slot (wanted fainted row 3, cursor=0 not 0-HP; tried rows [3]) — B out, fight
   [play-live]    [engine] BAG-FAIL LATCH: use_revive item 24 not consumed — species only (no battle-wide potion block)
   [play-live]    [engine] REVIVE-FAIL: first miss (failed) — retry next turn (no battle-wide latch; live 18:44 cursor miss)
   [play-live]    [engine] HEAL-FAIL: item 24 failed — NOT latching species 145 (actuation miss; retry next turn)
   [play-live]    [engine] MATCHUP SWITCH: Agatha Blastoise holds — fight instead
   [play-live]    [engine] E4 MOVE: Drill Peck - E4 wincon — firing the max-damage pick (EQ Gengar is 0x Levitate; Surf Gengar; EQ Arbok; Surf Onix)
   [play-live]    [engine] action menu: Drill Peck - E4 wincon -> slot 3 (eff x1) vs arbok 150/150 | [0]move#86(p0*STAB,pp=20,ref=0,sc=0) [1]Shock Wave(p60*STAB,pp=15,ref=0,sc=90) [2]move#197(p0,pp=5,ref=0,sc=0) [3]Drill Peck(p80*STAB,pp=20,ref=0,sc=120)
   [play-live]    [engine] STREAM COMMIT: Drill Peck - E4 wincon slot 3 (menu_up=1 action=True moves=False)
   [play-live]    [engine] battle-progress: move resolved
   [play-live]    [engine] battle-progress: our mon fainted
   [play-live]    [engine] E4 SEND: moltres (matchup, not highest-level)
   [play-live]    [engine] fswitch retry 1: target row 2 sp=146 skip_rows=[] party_cur=1 menu_rows=[(145, 0), (144, 157), (146, 153), (9, 0)]
   [play-live]    [engine] fswitch: selecting row 2 (sp=146 L51 hp=153)
   [play-live]    [engine] battle-progress: force-switch seated
   [play-live]    [engine] move list already open at turn top — STREAM COMMIT, skipping switch/item menu theater
   [play-live]    [engine] E4 MOVE: move#53 - E4 wincon — firing the max-damage pick (EQ Gengar is 0x Levitate; Surf Gengar; EQ Arbok; Surf Onix)
   [play-live]    [engine] action menu: move#53 - E4 wincon -> slot 2 (eff x1) vs arbok 96/150 | [0]Agility(p0,pp=30,ref=0,sc=0) [1]move#203(p0,pp=10,ref=0,sc=0) [2]move#53(p95*STAB,pp=15,ref=0,sc=142.5)
   [play-live]    [engine] STREAM COMMIT: move#53 - E4 wincon slot 2 (menu_up=0 action=False moves=True)
   [play-live]    [engine] STREAM COMMIT: RAM cursor disagrees after blind walk (reads 0, want 2) — RAM-correcting
   [play-live]    [engine] move slot 2 didn't fire (0-PP / disabled / blocked) -> rotating to an untried move (streak now [2], refusals {2: 1}, futility 1/4)
   [play-live]    [engine] MATCHUP SWITCH: Agatha Blastoise holds — fight instead
   [play-live]    [engine] revive-check: TYPE-ANSWER revive slot 0 (no standing mon has an SE move on this foe; the fainted one does)
   [play-live]    [engine] E4/league: wincon revive offered (Blastoise+EQ / Moltres vs Jynx / Articuno vs dragon; cursor MUST land on 0-HP at use)
   [play-live]    [engine] ITEM-INSTINCT offer: ['use_revive', 'keep_fighting'] ctx={'hp': '153/153', 'status': 'none', 'foe': 'arbok'}
   [play-live]    [engine] ITEM-INSTINCT FORCED -> use_revive (E4 wincon is fainted; oracle bypassed — live 20:28 keep_fighting left Blastoise dead vs Arbok)
   [play-live]    [engine] ITEM-INSTINCT pick -> use_revive (item 24, aim=fainted)
   [play-live]    [engine] use_item walk n=0: party=False bag=True white=False cb2party=False cb2bag=True pcur=None lead=False
   [play-live]    [engine] use_item: REFUSE A on alive slot (wanted fainted row 3, cursor=0 not 0-HP; tried rows [3, 2]) — B out, fight
   [play-live]    [engine] BAG-FAIL LATCH: use_revive item 24 not consumed — species only (no battle-wide potion block)
   [play-live]    [engine] REVIVE-FAIL LATCH: failed — no more revive offers this battle (keep fighting; battle-wide after 2 misses)
   [play-live]    [engine] HEAL-FAIL: item 24 failed — NOT latching species 146 (actuation miss; retry next turn)
   [play-live]    [engine] MATCHUP SWITCH: Agatha Blastoise holds — fight instead
   [play-live]    [engine] E4 RETRY: wincon still has PP — last commit was a menu miss, not 0-PP. Firing it again (never rotate Surf?Skull Bash / Flamethrower?Agility)
   [play-live]    [engine] E4 MOVE: move#53 - E4 wincon — firing the max-damage pick (EQ Gengar is 0x Levitate; Surf Gengar; EQ Arbok; Surf Onix)
   [play-live]    [engine] action menu: move#53 - E4 wincon -> slot 2 (eff x1) vs arbok 96/150 | [0]Agility(p0,pp=30,ref=0,sc=0) [1]move#203(p0,pp=10,ref=0,sc=0) [2]move#53(p95*STAB,pp=15,ref=1,sc=142.5)
   [play-live]    [engine] STREAM COMMIT: move#53 - E4 wincon slot 2 (menu_up=1 action=True moves=False)
   [play-live]    [engine] battle-progress: move resolved
   [play-live]    [engine] MATCHUP SWITCH: Agatha Blastoise holds — fight instead
   [play-live]    [engine] revive-check: TYPE-ANSWER revive slot 0 (no standing mon has an SE move on this foe; the fainted one does)
   [play-live]    [engine] revive-check: NO offer (revive_item=24, worthy=0, party sp/hp/lv=[(9, 0, 76), (144, 157, 51), (146, 153, 51), (145, 0, 51), (0, 0, 0), (0, 0, 0)])
   [play-live]    [engine] MATCHUP SWITCH: Agatha Blastoise holds — fight instead
   [play-live]    [engine] E4 MOVE: move#53 - E4 wincon — firing the max-damage pick (EQ Gengar is 0x Levitate; Surf Gengar; EQ Arbok; Surf Onix)
   [play-live]    [engine] action menu: move#53 - E4 wincon -> slot 2 (eff x1) vs arbok 1/150 | [0]Agility(p0,pp=30,ref=0,sc=0) [1]move#203(p0,pp=10,ref=0,sc=0) [2]move#53(p95*STAB,pp=14,ref=1,sc=142.5)
   [play-live]    [engine] STREAM COMMIT: move#53 - E4 wincon slot 2 (menu_up=1 action=True moves=False)
   [play-live]    [engine] battle-progress: move resolved
   [play-live]    [engine] battle-progress: enemy fainted
   [play-live]    [engine] party screen in drain: voluntary (shift prompt) -> single B out
   [play-live]    [engine] MATCHUP SWITCH: Agatha Blastoise holds — fight instead
   [play-live]    [engine] revive-check: TYPE-ANSWER revive slot 0 (no standing mon has an SE move on this foe; the fainted one does)
   [play-live]    [engine] revive-check: NO offer (revive_item=24, worthy=0, party sp/hp/lv=[(9, 0, 76), (144, 157, 51), (146, 153, 51), (145, 0, 51), (0, 0, 0), (0, 0, 0)])
   [play-live]    [engine] MATCHUP SWITCH: Agatha Blastoise holds — fight instead
   [play-live]    [engine] E4 MOVE: move#53 - E4 wincon — firing the max-damage pick (EQ Gengar is 0x Levitate; Surf Gengar; EQ Arbok; Surf Onix)
   [play-live]    [engine] action menu: move#53 - E4 wincon -> slot 2 (eff x1) vs gengar 155/155 | [0]Agility(p0,pp=30,ref=0,sc=0) [1]move#203(p0,pp=10,ref=0,sc=0) [2]move#53(p95*STAB,pp=13,ref=1,sc=142.5)
   [play-live]    [engine] STREAM COMMIT: move#53 - E4 wincon slot 2 (menu_up=1 action=True moves=False)
   [play-live]    [engine] battle-progress: move resolved
   [play-live]    [engine] MATCHUP SWITCH: Agatha Blastoise holds — fight instead
   [play-live]    [engine] revive-check: TYPE-ANSWER revive slot 0 (no standing mon has an SE move on this foe; the fainted one does)
   [play-live]    [engine] revive-check: NO offer (revive_item=24, worthy=0, party sp/hp/lv=[(9, 0, 76), (144, 157, 51), (146, 153, 51), (145, 0, 51), (0, 0, 0), (0, 0, 0)])
   [play-live]    [engine] MATCHUP SWITCH: Agatha Blastoise holds — fight instead
   [play-live]    [engine] E4 MOVE: move#53 - E4 wincon — firing the max-damage pick (EQ Gengar is 0x Levitate; Surf Gengar; EQ Arbok; Surf Onix)
   [play-live]    [engine] action menu: move#53 - E4 wincon -> slot 2 (eff x1) vs gengar 94/155 | [0]Agility(p0,pp=30,ref=0,sc=0) [1]move#203(p0,pp=10,ref=0,sc=0) [2]move#53(p95*STAB,pp=12,ref=1,sc=142.5)
   [play-live]    [engine] STREAM COMMIT: move#53 - E4 wincon slot 2 (menu_up=1 action=True moves=False)
   [play-live]    [engine] battle-progress: move resolved
   [play-live]    [engine] MATCHUP SWITCH: Agatha Blastoise holds — fight instead
   [play-live]    [engine] revive-check: TYPE-ANSWER revive slot 0 (no standing mon has an SE move on this foe; the fainted one does)
   [play-live]    [engine] revive-check: NO offer (revive_item=24, worthy=0, party sp/hp/lv=[(9, 0, 76), (144, 157, 51), (146, 153, 51), (145, 0, 51), (0, 0, 0), (0, 0, 0)])
   [play-live]    [engine] MATCHUP SWITCH: Agatha Blastoise holds — fight instead
   [play-live]    [engine] E4 MOVE: move#53 - E4 wincon — firing the max-damage pick (EQ Gengar is 0x Levitate; Surf Gengar; EQ Arbok; Surf Onix)
   [play-live]    [engine] action menu: move#53 - E4 wincon -> slot 2 (eff x1) vs gengar 4/155 | [0]Agility(p0,pp=30,ref=0,sc=0) [1]move#203(p0,pp=10,ref=0,sc=0) [2]move#53(p95*STAB,pp=11,ref=1,sc=142.5)
   [play-live]    [engine] STREAM COMMIT: move#53 - E4 wincon slot 2 (menu_up=1 action=True moves=False)
   [play-live]    [engine] battle-progress: foe HP changed
   [play-live]    [engine] MATCHUP SWITCH: Agatha Blastoise holds — fight instead
   [play-live]    [engine] revive-check: TYPE-ANSWER revive slot 0 (no standing mon has an SE move on this foe; the fainted one does)
   [play-live]    [engine] revive-check: NO offer (revive_item=24, worthy=0, party sp/hp/lv=[(9, 0, 76), (144, 157, 51), (146, 153, 51), (145, 0, 51), (0, 0, 0), (0, 0, 0)])
   [play-live]    [engine] MATCHUP SWITCH: Agatha Blastoise holds — fight instead
   [play-live]    [engine] E4 MOVE: move#53 - E4 wincon — firing the max-damage pick (EQ Gengar is 0x Levitate; Surf Gengar; EQ Arbok; Surf Onix)
   [play-live]    [engine] action menu: move#53 - E4 wincon -> slot 2 (eff x1) vs gengar 65/155 | [0]Agility(p0,pp=30,ref=0,sc=0) [1]move#203(p0,pp=10,ref=0,sc=0) [2]move#53(p95*STAB,pp=10,ref=1,sc=142.5)
   [play-live]    [engine] STREAM COMMIT: move#53 - E4 wincon slot 2 (menu_up=1 action=True moves=False)
   [play-live]    [engine] battle-progress: move resolved
   [play-live]    [engine] battle-progress: enemy fainted
   [play-live]    [engine] party screen in drain: voluntary (shift prompt) -> single B out
   [play-live]    [engine] MATCHUP SWITCH: Agatha Blastoise holds — fight instead
   [play-live]    [engine] revive-check: TYPE-ANSWER revive slot 0 (no standing mon has an SE move on this foe; the fainted one does)
   [play-live]    [engine] revive-check: NO offer (revive_item=24, worthy=0, party sp/hp/lv=[(9, 0, 76), (144, 157, 51), (146, 153, 51), (145, 0, 51), (0, 0, 0), (0, 0, 0)])
   [play-live]    [engine] MATCHUP SWITCH: Agatha Blastoise holds — fight instead
   [play-live]    [engine] E4 MOVE: move#53 - E4 wincon — firing the max-damage pick (EQ Gengar is 0x Levitate; Surf Gengar; EQ Arbok; Surf Onix)
   [play-live]    [engine] action menu: move#53 - E4 wincon -> slot 2 (eff x1) vs haunter 126/126 | [0]Agility(p0,pp=30,ref=0,sc=0) [1]move#203(p0,pp=10,ref=0,sc=0) [2]move#53(p95*STAB,pp=9,ref=0,sc=142.5)
   [play-live]    [engine] STREAM COMMIT: move#53 - E4 wincon slot 2 (menu_up=1 action=True moves=False)
   [play-live]    [engine] battle-progress: move resolved
   [play-live]    [engine] MATCHUP SWITCH: Agatha Blastoise holds — fight instead
   [play-live]    [engine] revive-check: TYPE-ANSWER revive slot 0 (no standing mon has an SE move on this foe; the fainted one does)
   [play-live]    [engine] revive-check: NO offer (revive_item=24, worthy=0, party sp/hp/lv=[(9, 0, 76), (144, 157, 51), (146, 153, 51), (145, 0, 51), (0, 0, 0), (0, 0, 0)])
   [play-live]    [engine] ITEM-INSTINCT offer: ['use_cure', 'keep_fighting'] ctx={'hp': '153/153', 'status': 'sleep', 'foe': 'haunter'}
   [play-live]    [engine] ITEM-INSTINCT pick -> use_cure (item 23, aim=active)
   [play-live]    [engine] use_item walk n=0: party=False bag=True white=False cb2party=False cb2bag=True pcur=None lead=False
   [play-live]    [engine] use_item: USED item 23 (count 2->1)
   [play-live]    [engine] battle-progress: item 23 consumed
   [play-live]    [engine] MATCHUP SWITCH: Agatha Blastoise holds — fight instead
   [play-live]    [engine] revive-check: TYPE-ANSWER revive slot 0 (no standing mon has an SE move on this foe; the fainted one does)
   [play-live]    [engine] revive-check: NO offer (revive_item=24, worthy=0, party sp/hp/lv=[(9, 0, 76), (144, 157, 51), (146, 153, 51), (145, 0, 51), (0, 0, 0), (0, 0, 0)])
   [play-live]    [engine] MATCHUP SWITCH: Agatha Blastoise holds — fight instead
   [play-live]    [engine] E4 MOVE: move#53 - E4 wincon — firing the max-damage pick (EQ Gengar is 0x Levitate; Surf Gengar; EQ Arbok; Surf Onix)
   [play-live]    [engine] action menu: move#53 - E4 wincon -> slot 2 (eff x1) vs haunter 26/126 | [0]Agility(p0,pp=30,ref=0,sc=0) [1]move#203(p0,pp=10,ref=0,sc=0) [2]move#53(p95*STAB,pp=8,ref=0,sc=142.5)
   [play-live]    [engine] STREAM COMMIT: move#53 - E4 wincon slot 2 (menu_up=1 action=True moves=False)
   [play-live]    [engine] battle-progress: move resolved
   [play-live]    [engine] battle-progress: enemy fainted
   [play-live]    [engine] MATCHUP SWITCH: Lance answer holds — fight instead
   [play-live]    [engine] revive-check: TYPE-ANSWER revive slot 3 (no standing mon has an SE move on this foe; the fainted one does)
   [play-live]    [engine] revive-check: NO offer (revive_item=None, worthy=3, party sp/hp/lv=[(144, 157, 51), (9, 115, 76), (146, 153, 51), (145, 0, 51), (0, 0, 0), (0, 0, 0)])
   [play-live]    [engine] MATCHUP SWITCH: Lance answer holds — fight instead
   [play-live]    [engine] E4 MOVE: banned matchup for articuno — picked move#54 - a status move (nothing damaging left) (never Ice Beam Lapras / never Surf Water)
   [play-live]    [engine] action menu: Agility -> slot 1 (eff x1) vs gyarados 189/189 | [0]move#54(p0*STAB,pp=30,ref=0,sc=0) [1]Agility(p0,pp=30,ref=0,sc=0) [2]move#170(p0,pp=5,ref=0,sc=0) [3]Ice Beam(p95*STAB,pp=10,ref=0,sc=142.5)
   [play-live]    [engine] STREAM COMMIT: Agility slot 1 (menu_up=1 action=True moves=False)
   [play-live]    [engine] MATCHUP SWITCH: Lance answer holds — fight instead
   [play-live]    [engine] revive-check: TYPE-ANSWER revive slot 3 (no standing mon has an SE move on this foe; the fainted one does)
   [play-live]    [engine] revive-check: NO offer (revive_item=None, worthy=3, party sp/hp/lv=[(144, 117, 51), (9, 115, 76), (146, 153, 51), (145, 0, 51), (0, 0, 0), (0, 0, 0)])
   [play-live]    [engine] MATCHUP SWITCH: Lance answer holds — fight instead
   [play-live]    [engine] E4 MOVE: banned matchup for articuno — picked move#54 - a status move (nothing damaging left) (never Ice Beam Lapras / never Surf Water)
   [play-live]    [engine] action menu: Agility -> slot 1 (eff x1) vs gyarados 189/189 | [0]move#54(p0*STAB,pp=30,ref=0,sc=0) [1]Agility(p0,pp=29,ref=0,sc=0) [2]move#170(p0,pp=5,ref=0,sc=0) [3]Ice Beam(p95*STAB,pp=10,ref=0,sc=142.5)
   [play-live]    [engine] STREAM COMMIT: Agility slot 1 (menu_up=1 action=True moves=False)
   [play-live]    [engine] MATCHUP SWITCH: Lance answer holds — fight instead
   [play-live]    [engine] revive-check: TYPE-ANSWER revive slot 3 (no standing mon has an SE move on this foe; the fainted one does)
   [play-live]    [engine] revive-check: NO offer (revive_item=None, worthy=3, party sp/hp/lv=[(144, 77, 51), (9, 115, 76), (146, 153, 51), (145, 0, 51), (0, 0, 0), (0, 0, 0)])
   [play-live]    [engine] MATCHUP SWITCH: Lance answer holds — fight instead
   [play-live]    [engine] E4 MOVE: banned matchup for articuno — picked move#54 - a status move (nothing damaging left) (never Ice Beam Lapras / never Surf Water)
   [play-live]    [engine] action menu: Agility -> slot 1 (eff x1) vs gyarados 189/189 | [0]move#54(p0*STAB,pp=30,ref=0,sc=0) [1]Agility(p0,pp=28,ref=0,sc=0) [2]move#170(p0,pp=5,ref=0,sc=0) [3]Ice Beam(p95*STAB,pp=10,ref=0,sc=142.5)
   [play-live]    [engine] STREAM COMMIT: Agility slot 1 (menu_up=1 action=True moves=False)
   [play-live]    [engine] !! MENU WEDGE 60s with NO progress — escaping the scroll theater (fire 1/8, menu_up=0 action=False moves=False bag=False party=False)
   [play-live]    [engine] battle-progress: our mon fainted
   [play-live]    [engine] E4 SEND: blastoise (matchup, not highest-level)
   [play-live]    [engine] fswitch retry 2: target row 1 sp=9 skip_rows=[] party_cur=2 menu_rows=[(144, 0), (9, 115), (146, 153), (145, 0)]
   [play-live]    [engine] fswitch: selecting row 1 (sp=9 L76 hp=115)
   [play-live]    [engine] battle-progress: force-switch seated
   [play-live]    [engine] MATCHUP SWITCH: Lance answer holds — fight instead
   [play-live]    [engine] MATCHUP SWITCH: Lance answer holds — fight instead
   [play-live]    [engine] JUST FIGHT: L76 vs L56 + connecting damage — skipping bag/switch hierarchy this turn
   [play-live]    [engine] E4 MOVE: banned matchup for blastoise — picked Skull Bash - a solid hit (never Ice Beam Lapras / never Surf Water)
   [play-live]    [engine] action menu: Skull Bash - a solid hit -> slot 0 (eff x1) vs gyarados 189/189 | [0]Skull Bash(p100,pp=12,ref=0,sc=50) [1]Surf(p95*STAB,pp=9,ref=0,sc=71.25) [2]Earthquake(p100,pp=0,ref=0,sc=0)
   [play-live]    [engine] STREAM COMMIT: Skull Bash - a solid hit slot 0 (menu_up=1 action=True moves=False)
   [play-live]    [engine] battle-progress: move resolved
   [play-live]    [engine] MATCHUP SWITCH: Lance answer holds — fight instead
   [play-live]    [engine] MATCHUP SWITCH: Lance answer holds — fight instead
   [play-live]    [engine] JUST FIGHT: L76 vs L56 + connecting damage — skipping bag/switch hierarchy this turn
   [play-live]    [engine] E4 MOVE: banned matchup for blastoise — picked Skull Bash - a solid hit (never Ice Beam Lapras / never Surf Water)
   [play-live]    [engine] action menu: Skull Bash - a solid hit -> slot 0 (eff x1) vs gyarados 106/189 | [0]Skull Bash(p100,pp=11,ref=0,sc=50) [1]Surf(p95*STAB,pp=9,ref=0,sc=71.25) [2]Earthquake(p100,pp=0,ref=0,sc=0)
   [play-live]    [engine] STREAM COMMIT: Skull Bash - a solid hit slot 0 (menu_up=1 action=True moves=False)
   [play-live]    [engine] battle-progress: move resolved
   [play-live]    [engine] MATCHUP SWITCH: Lance answer holds — fight instead
   [play-live]    [engine] MATCHUP SWITCH: Lance answer holds — fight instead
   [play-live]    [engine] revive-check: TYPE-ANSWER revive slot 3 (no standing mon has an SE move on this foe; the fainted one does)
   [play-live]    [engine] revive-check: NO offer (revive_item=None, worthy=3, party sp/hp/lv=[(144, 0, 51), (9, 54, 76), (146, 153, 51), (145, 0, 51), (0, 0, 0), (0, 0, 0)])
   [play-live]    [engine] E4 EQ DRY: no Ether/Elixir in bag — Skull Bash/Bite, never Surf (LOUD)
   [play-live]    [engine] MATCHUP SWITCH: Lance answer holds — fight instead
   [play-live]    [engine] MATCHUP SWITCH: Lance answer holds — fight instead
   [play-live]    [engine] E4 MOVE: banned matchup for blastoise — picked Skull Bash - a solid hit (never Ice Beam Lapras / never Surf Water)
   [play-live]    [engine] action menu: Skull Bash - a solid hit -> slot 0 (eff x1) vs gyarados 14/189 | [0]Skull Bash(p100,pp=10,ref=0,sc=50) [1]Surf(p95*STAB,pp=9,ref=0,sc=71.25) [2]Earthquake(p100,pp=0,ref=0,sc=0)
   [play-live]    [engine] STREAM COMMIT: Skull Bash - a solid hit slot 0 (menu_up=1 action=True moves=False)
   [play-live]    [engine] battle-progress: foe HP changed
   [play-live]    [engine] MATCHUP SWITCH: Lance answer holds — fight instead
   [play-live]    [engine] MATCHUP SWITCH: Lance answer holds — fight instead
   [play-live]    [engine] revive-check: TYPE-ANSWER revive slot 3 (no standing mon has an SE move on this foe; the fainted one does)
   [play-live]    [engine] revive-check: NO offer (revive_item=None, worthy=3, party sp/hp/lv=[(144, 0, 51), (9, 14, 76), (146, 153, 51), (145, 0, 51), (0, 0, 0), (0, 0, 0)])
   [play-live]    [engine] E4 EQ DRY: no Ether/Elixir in bag — Skull Bash/Bite, never Surf (LOUD)
   [play-live]    [engine] MATCHUP SWITCH: Lance answer holds — fight instead
   [play-live]    [engine] MATCHUP SWITCH: Lance answer holds — fight instead
   [play-live]    [engine] E4 MOVE: banned matchup for blastoise — picked Skull Bash - a solid hit (never Ice Beam Lapras / never Surf Water)
   [play-live]    [engine] action menu: Skull Bash - a solid hit -> slot 0 (eff x1) vs gyarados 98/189 | [0]Skull Bash(p100,pp=9,ref=0,sc=50) [1]Surf(p95*STAB,pp=9,ref=0,sc=71.25) [2]Earthquake(p100,pp=0,ref=0,sc=0)
   [play-live]    [engine] STREAM COMMIT: Skull Bash - a solid hit slot 0 (menu_up=1 action=True moves=False)
   [play-live]    [engine] battle-progress: move resolved
   [play-live]    [engine] battle-progress: our mon fainted
   [play-live]    [engine] fswitch retry 1: target row 2 sp=146 skip_rows=[] party_cur=2 menu_rows=[(9, 0), (144, 0), (146, 153), (145, 0)]
   [play-live]    [engine] fswitch: selecting row 2 (sp=146 L51 hp=153)
   [play-live]    [engine] battle-progress: force-switch seated
   [play-live]    [engine] WHIFF: foe HP unchanged at 98 across the full turn -> accuracy-debuff spiral (streak 1/3)
   [play-live]    [engine] move list already open at turn top — STREAM COMMIT, skipping switch/item menu theater
   [play-live]    [engine] E4 MOVE: move#53 - E4 wincon — firing the max-damage pick (EQ Gengar is 0x Levitate; Surf Gengar; EQ Arbok; Surf Onix)
   [play-live]    [engine] action menu: move#53 - E4 wincon -> slot 2 (eff x0.5) vs gyarados 98/189 | [0]Agility(p0,pp=30,ref=0,sc=0) [1]move#203(p0,pp=10,ref=0,sc=0) [2]move#53(p95*STAB,pp=7,ref=0,sc=71.25)
   [play-live]    [engine] STREAM COMMIT: move#53 - E4 wincon slot 2 (menu_up=0 action=False moves=True)
   [play-live]    [engine] STREAM COMMIT: RAM cursor disagrees after blind walk (reads 0, want 2) — RAM-correcting
   [play-live]    [engine] move slot 2 didn't fire (0-PP / disabled / blocked) -> rotating to an untried move (streak now [2], refusals {2: 1}, futility 1/4)
   [play-live]    [engine] MATCHUP SWITCH: Lance answer holds — fight instead
   [play-live]    [engine] revive-check: TYPE-ANSWER revive slot 3 (no standing mon has an SE move on this foe; the fainted one does)
   [play-live]    [engine] revive-check: NO offer (revive_item=None, worthy=3, party sp/hp/lv=[(144, 0, 51), (9, 0, 76), (146, 153, 51), (145, 0, 51), (0, 0, 0), (0, 0, 0)])
   [play-live]    [engine] MATCHUP SWITCH: Lance answer holds — fight instead
   [play-live]    [engine] E4 RETRY: wincon still has PP — last commit was a menu miss, not 0-PP. Firing it again (never rotate Surf?Skull Bash / Flamethrower?Agility)
   [play-live]    [engine] E4 MOVE: move#53 - E4 wincon — firing the max-damage pick (EQ Gengar is 0x Levitate; Surf Gengar; EQ Arbok; Surf Onix)
   [play-live]    [engine] action menu: move#53 - E4 wincon -> slot 2 (eff x0.5) vs gyarados 98/189 | [0]Agility(p0,pp=30,ref=0,sc=0) [1]move#203(p0,pp=10,ref=0,sc=0) [2]move#53(p95*STAB,pp=7,ref=1,sc=71.25)
   [play-live]    [engine] STREAM COMMIT: move#53 - E4 wincon slot 2 (menu_up=1 action=True moves=False)
   [play-live]    [engine] battle-progress: move resolved
   [play-live]    [engine] battle-progress: our mon fainted
   [travel] start map=(13, 0) coords=(13, 12) -> coord (11, 15) (budget 60s, surf-capable)
   [travel] path blocked at (13, 12) (NPC on the gap?) - waiting
   [travel] no clean path from (13, 12); NPC-allowing path EXISTS (len 6), blocker NPC tile=None, npcs nearby=[(7, 14), (13, 10)] -> approaching to interact/trigger
   [travel] reached target coord (11, 15)
