===== playlive_2026-08-13_14-00-52.log =====
   [travel] start map=(13, 0) coords=(11, 16) -> coord (11, 15) (budget 60s, surf-capable)
   [travel] step 0: (11, 16)->(11, 15) map=(13, 0) (path 2 to exit)
   [travel] reached target coord (11, 15)
   [play-live]    [engine] MATCHUP SWITCH: Lorelei answer holds — fight instead
   [play-live]    [engine] JUST FIGHT: L72 vs L52 + connecting damage — skipping bag/switch hierarchy this turn
   [play-live]    [engine] action menu: Earthquake - a solid hit -> slot 2 (eff x1) vs dewgong 171/171 | [0]Skull Bash(p100,pp=15,ref=0,sc=50) [1]Surf(p95*STAB,pp=15,ref=0,sc=71.25) [2]Earthquake(p100,pp=10,ref=0,sc=100)
   [play-live]    [engine] STREAM COMMIT: Earthquake - a solid hit slot 2 (menu_up=1 action=True moves=False)
   [play-live]    [engine] !! WRONG SLOT FIRED: chose 2 but slot 0 was consumed (cursor desync survived the force-write; wrong-fires 1) — LOUD
   [play-live]    [engine] battle-progress: move resolved
   [play-live]    [engine] MATCHUP SWITCH: Lorelei answer holds — fight instead
   [play-live]    [engine] JUST FIGHT: L72 vs L52 + connecting damage — skipping bag/switch hierarchy this turn
   [play-live]    [engine] action menu: Earthquake - a solid hit -> slot 2 (eff x1) vs dewgong 83/171 | [0]Skull Bash(p100,pp=14,ref=0,sc=50) [1]Surf(p95*STAB,pp=15,ref=0,sc=71.25) [2]Earthquake(p100,pp=10,ref=0,sc=100)
   [play-live]    [engine] STREAM COMMIT: Earthquake - a solid hit slot 2 (menu_up=1 action=True moves=False)
   [play-live]    [engine] battle-progress: move resolved
   [play-live]    [engine] MATCHUP SWITCH: Lorelei answer holds — fight instead
   [play-live]    [engine] JUST FIGHT: L72 vs L52 + connecting damage — skipping bag/switch hierarchy this turn
   [play-live]    [engine] action menu: Earthquake - a solid hit -> slot 2 (eff x1) vs dewgong 7/171 | [0]Skull Bash(p100,pp=14,ref=0,sc=50) [1]Surf(p95*STAB,pp=15,ref=0,sc=71.25) [2]Earthquake(p100,pp=9,ref=0,sc=100)
   [play-live]    [engine] STREAM COMMIT: Earthquake - a solid hit slot 2 (menu_up=1 action=True moves=False)
   [play-live]    [engine] battle-progress: foe HP changed
   [play-live]    [engine] MATCHUP SWITCH: Lorelei answer holds — fight instead
   [play-live]    [engine] JUST FIGHT: L72 vs L52 + connecting damage — skipping bag/switch hierarchy this turn
   [play-live]    [engine] action menu: Earthquake - a solid hit -> slot 2 (eff x1) vs dewgong 87/171 | [0]Skull Bash(p100,pp=14,ref=0,sc=50) [1]Surf(p95*STAB,pp=15,ref=0,sc=71.25) [2]Earthquake(p100,pp=8,ref=0,sc=100)
   [play-live]    [engine] STREAM COMMIT: Earthquake - a solid hit slot 2 (menu_up=1 action=True moves=False)
   [play-live]    [engine] battle-progress: move resolved
   [play-live]    [engine] MATCHUP SWITCH: Lorelei answer holds — fight instead
   [play-live]    [engine] JUST FIGHT: L72 vs L52 + connecting damage — skipping bag/switch hierarchy this turn
   [play-live]    [engine] action menu: Earthquake - a solid hit -> slot 2 (eff x1) vs dewgong 2/171 | [0]Skull Bash(p100,pp=14,ref=0,sc=50) [1]Surf(p95*STAB,pp=15,ref=0,sc=71.25) [2]Earthquake(p100,pp=7,ref=0,sc=100)
   [play-live]    [engine] STREAM COMMIT: Earthquake - a solid hit slot 2 (menu_up=1 action=True moves=False)
   [play-live]    [engine] battle-progress: move resolved
   [play-live]    [engine] battle-progress: enemy fainted
   [play-live]    [engine] party screen in drain: voluntary (shift prompt) -> single B out
   [play-live]    [engine] MATCHUP SWITCH: Lorelei answer holds — fight instead
   [play-live]    [engine] JUST FIGHT: L72 vs L51 + connecting damage — skipping bag/switch hierarchy this turn
   [play-live]    [engine] action menu: Earthquake - a solid hit -> slot 2 (eff x1) vs cloyster 127/127 | [0]Skull Bash(p100,pp=14,ref=0,sc=50) [1]Surf(p95*STAB,pp=15,ref=0,sc=71.25) [2]Earthquake(p100,pp=6,ref=0,sc=100)
   [play-live]    [engine] STREAM COMMIT: Earthquake - a solid hit slot 2 (menu_up=1 action=True moves=False)
   [play-live]    [engine] battle-progress: move resolved
   [play-live]    [engine] MATCHUP SWITCH: Lorelei answer holds — fight instead
   [play-live]    [engine] JUST FIGHT: L72 vs L51 + connecting damage — skipping bag/switch hierarchy this turn
   [play-live]    [engine] action menu: Earthquake - a solid hit -> slot 2 (eff x1) vs cloyster 84/127 | [0]Skull Bash(p100,pp=14,ref=0,sc=50) [1]Surf(p95*STAB,pp=15,ref=0,sc=71.25) [2]Earthquake(p100,pp=5,ref=0,sc=100)
   [play-live]    [engine] STREAM COMMIT: Earthquake - a solid hit slot 2 (menu_up=1 action=True moves=False)
   [play-live]    [engine] battle-progress: move resolved
   [play-live]    [engine] WHIFF: foe HP unchanged at 84 across the full turn -> accuracy-debuff spiral (streak 1/3)
   [play-live]    [engine] MATCHUP SWITCH: Lorelei answer holds — fight instead
   [play-live]    [engine] JUST FIGHT: L72 vs L51 + connecting damage — skipping bag/switch hierarchy this turn
   [play-live]    [engine] action menu: Earthquake - a solid hit -> slot 2 (eff x1) vs cloyster 84/127 | [0]Skull Bash(p100,pp=14,ref=0,sc=50) [1]Surf(p95*STAB,pp=15,ref=0,sc=71.25) [2]Earthquake(p100,pp=4,ref=0,sc=100)
   [play-live]    [engine] STREAM COMMIT: Earthquake - a solid hit slot 2 (menu_up=1 action=True moves=False)
   [play-live]    [engine] battle-progress: move resolved
   [play-live]    [engine] WHIFF: foe HP unchanged at 84 across the full turn -> accuracy-debuff spiral (streak 2/3)
   [play-live]    [engine] MATCHUP SWITCH: Lorelei answer holds — fight instead
   [play-live]    [engine] JUST FIGHT: L72 vs L51 + connecting damage — skipping bag/switch hierarchy this turn
   [play-live]    [engine] action menu: Earthquake - a solid hit -> slot 2 (eff x1) vs cloyster 84/127 | [0]Skull Bash(p100,pp=14,ref=0,sc=50) [1]Surf(p95*STAB,pp=15,ref=0,sc=71.25) [2]Earthquake(p100,pp=3,ref=0,sc=100)
   [play-live]    [engine] STREAM COMMIT: Earthquake - a solid hit slot 2 (menu_up=1 action=True moves=False)
   [play-live]    [engine] battle-progress: move resolved
   [play-live]    [engine] MATCHUP SWITCH: Lorelei answer holds — fight instead
   [play-live]    [engine] JUST FIGHT: L72 vs L51 + connecting damage — skipping bag/switch hierarchy this turn
   [play-live]    [engine] action menu: Earthquake - a solid hit -> slot 2 (eff x1) vs cloyster 44/127 | [0]Skull Bash(p100,pp=14,ref=0,sc=50) [1]Surf(p95*STAB,pp=15,ref=0,sc=71.25) [2]Earthquake(p100,pp=2,ref=0,sc=100)
   [play-live]    [engine] STREAM COMMIT: Earthquake - a solid hit slot 2 (menu_up=1 action=True moves=False)
   [play-live]    [engine] battle-progress: move resolved
   [play-live]    [engine] MATCHUP SWITCH: Lorelei answer holds — fight instead
   [play-live]    [engine] JUST FIGHT: L72 vs L51 + connecting damage — skipping bag/switch hierarchy this turn
   [play-live]    [engine] action menu: Earthquake - a solid hit -> slot 2 (eff x1) vs cloyster 1/127 | [0]Skull Bash(p100,pp=14,ref=0,sc=50) [1]Surf(p95*STAB,pp=15,ref=0,sc=71.25) [2]Earthquake(p100,pp=1,ref=0,sc=100)
   [play-live]    [engine] STREAM COMMIT: Earthquake - a solid hit slot 2 (menu_up=1 action=True moves=False)
   [play-live]    [engine] battle-progress: move resolved
   [play-live]    [engine] WHIFF: foe HP unchanged at 1 across the full turn -> accuracy-debuff spiral (streak 1/3)
   [play-live]    [engine] MATCHUP SWITCH: Lorelei answer holds — fight instead
   [play-live]    [engine] JUST FIGHT: L72 vs L51 + connecting damage — skipping bag/switch hierarchy this turn
   [play-live]    [engine] action menu: Surf - a not-very-effective hit -> slot 1 (eff x0.5) vs cloyster 1/127 | [0]Skull Bash(p100,pp=14,ref=0,sc=50) [1]Surf(p95*STAB,pp=15,ref=0,sc=71.25) [2]Earthquake(p100,pp=0,ref=0,sc=100)
   [play-live]    [engine] STREAM COMMIT: Surf - a not-very-effective hit slot 1 (menu_up=1 action=True moves=False)
   [play-live]    [engine] battle-progress: move resolved
   [play-live]    [engine] battle-progress: enemy fainted
   [play-live]    [engine] party screen in drain: voluntary (shift prompt) -> single B out
   [play-live]    [engine] MATCHUP SWITCH: Lorelei answer holds — fight instead
   [play-live]    [engine] JUST FIGHT: L72 vs L52 + connecting damage — skipping bag/switch hierarchy this turn
   [play-live]    [engine] action menu: Surf - a not-very-effective hit -> slot 1 (eff x0.5) vs slowbro 165/176 | [0]Skull Bash(p100,pp=14,ref=0,sc=50) [1]Surf(p95*STAB,pp=14,ref=0,sc=71.25) [2]Earthquake(p100,pp=0,ref=0,sc=100)
   [play-live]    [engine] STREAM COMMIT: Surf - a not-very-effective hit slot 1 (menu_up=1 action=True moves=False)
   [play-live]    [engine] battle-progress: move resolved
   [play-live]    [engine] MATCHUP SWITCH: Lorelei answer holds — fight instead
   [play-live]    [engine] ITEM-INSTINCT offer: ['use_potion', 'keep_fighting'] ctx={'hp': '54/220', 'status': 'none', 'foe': 'slowbro'}
   [play-live]    [engine] ITEM-INSTINCT FORCED -> use_potion (active at 24% <= crit floor 30% — a faint loses the fight; oracle bypassed)
   [play-live]    [engine] ITEM-INSTINCT pick -> use_potion (item 21, aim=active)
   [play-live]    [engine] use_item: pocket byte MUTE + NO bag/white pixels + callback2 not the bag — bag never opened; keep fighting (LOUD, no blind taps fired)
   [play-live]    [engine] HEAL-FAIL LATCH: item 21 did not consume (failed) -> suppressing further in-battle item offers for species 9 this battle (anti bag-USE/CANCEL livelock — fight/faint, let the next mon resolve it)
   [play-live]    [engine] POTION-BLOCK: no more heal-item offers this battle (full-HP / no_effect abort)
   [play-live]    [engine] MATCHUP SWITCH: Lorelei answer holds — fight instead
   [play-live]    [engine] MATCHUP SWITCH: Lorelei answer holds — fight instead
   [play-live]    [engine] action menu: Surf - a not-very-effective hit -> slot 1 (eff x0.5) vs slowbro 53/176 | [0]Skull Bash(p100,pp=14,ref=0,sc=50) [1]Surf(p95*STAB,pp=13,ref=0,sc=71.25) [2]Earthquake(p100,pp=0,ref=0,sc=100)
   [play-live]    [engine] STREAM COMMIT: Surf - a not-very-effective hit slot 1 (menu_up=0 action=False moves=False)
   [play-live]    [engine] battle-progress: enemy fainted
   [play-live]    [engine] battle-progress: move resolved
   [play-live]    [engine] party screen in drain: voluntary (shift prompt) -> single B out
   [play-live]    [engine] MATCHUP SWITCH: active is out-typed -> trying party slot 3
   [play-live]    [engine] switch: target party slot 3 sp=146 -> menu row 3
   [play-live]    [engine] switch: SWITCHED to species 146 (slot 3)
   [play-live]    [engine] ITEM-INSTINCT offer: ['use_cure', 'keep_fighting'] ctx={'hp': '20/150', 'status': 'freeze', 'foe': 'jynx'}
   [play-live]    [engine] ITEM-INSTINCT pick -> use_cure (item 19, aim=active)
   [play-live]    [engine] use_item: pocket byte MUTE + NO bag/white pixels + callback2 not the bag — bag never opened; keep fighting (LOUD, no blind taps fired)
   [play-live]    [engine] HEAL-FAIL LATCH: item 19 did not consume (failed) -> suppressing further in-battle item offers for species 146 this battle (anti bag-USE/CANCEL livelock — fight/faint, let the next mon resolve it)
   [play-live]    [engine] CURE-BLOCK: no more status-cure offers this battle (already-clear / no_effect abort)
   [play-live]    [engine] MUST-LEAVE: active alive but stuck (status/famine/exhausted) -> bench slot 0 (NOT re-picking species 146)
   [play-live]    [engine] switch: couldn't reach a clean action menu
   [play-live]    [engine] must-leave switch did not confirm -> fight/Struggle
   [play-live]    [engine] MATCHUP SWITCH: Lorelei answer holds — fight instead
   [play-live]    [engine] action menu: move#53 - a super-effective hit -> slot 2 (eff x2) vs jynx 150/150 | [0]Agility(p0,pp=30,ref=0,sc=0) [1]move#203(p0,pp=10,ref=0,sc=0) [2]move#53(p95*STAB,pp=15,ref=0,sc=285)
   [play-live]    [engine] STREAM COMMIT: move#53 - a super-effective hit slot 2 (menu_up=0 action=False moves=False)
   [play-live]    [engine] battle-progress: our mon fainted
   [play-live]    [engine] move slot 2 didn't fire (0-PP / disabled / blocked) -> rotating to an untried move (streak now [2], refusals {2: 1}, futility 1/4)
   [play-live]    [engine] re-entry: OUR active is already down — forced-switch chain owns it
   [play-live]    [engine] fswitch: selecting row 3 (sp=9 L72 hp=54)
   [play-live]    [engine] battle-progress: force-switch seated
   [play-live]    [engine] MATCHUP SWITCH: Lorelei answer holds — fight instead
   [play-live]    [engine] revive-check: NO offer (revive_item=24, worthy=None, party sp/hp/lv=[(9, 27, 72), (144, 155, 50), (145, 156, 50), (146, 0, 50), (0, 0, 0), (0, 0, 0)])
   [play-live]    [engine] ITEM-INSTINCT offer: ['use_potion', 'keep_fighting'] ctx={'hp': '27/220', 'status': 'none', 'foe': 'jynx'}
   [play-live]    [engine] ITEM-INSTINCT FORCED -> use_potion (active at 12% <= crit floor 30% — a faint loses the fight; oracle bypassed)
   [play-live]    [engine] ITEM-INSTINCT pick -> use_potion (item 21, aim=active)
   [play-live]    [engine] use_item walk n=0: party=False bag=True white=False cb2party=False cb2bag=True pcur=None lead=False
   [play-live]    [engine] use_item walk n=1: party=True bag=False white=True cb2party=True cb2bag=False pcur=None lead=True
   [play-live]    [engine] use_item: USED item 21 (count 4->3)
   [play-live]    [engine] battle-progress: item 21 consumed
   [play-live]    [engine] use_item: post-use settle NOT confirmed — blind B-unwind (the bag can sit open invisible to every classifier)
   [play-live]    [engine] MATCHUP SWITCH: Lorelei answer holds — fight instead
   [play-live]    [engine] JUST FIGHT: L72 vs L54 + connecting damage — skipping bag/switch hierarchy this turn
   [play-live]    [engine] action menu: Surf - a STAB hit -> slot 1 (eff x1) vs jynx 150/150 | [0]Skull Bash(p100,pp=14,ref=0,sc=50) [1]Surf(p95*STAB,pp=12,ref=0,sc=142.5) [2]Earthquake(p100,pp=0,ref=0,sc=100)
   [play-live]    [engine] STREAM COMMIT: Surf - a STAB hit slot 1 (menu_up=1 action=True moves=False)
   [play-live]    [engine] battle-progress: move resolved
   [play-live]    [engine] MATCHUP SWITCH: Lorelei answer holds — fight instead
   [play-live]    [engine] revive-check: NO offer (revive_item=24, worthy=None, party sp/hp/lv=[(9, 220, 72), (144, 155, 50), (145, 156, 50), (146, 0, 50), (0, 0, 0), (0, 0, 0)])
   [play-live]    [engine] ITEM-INSTINCT offer: ['use_cure', 'keep_fighting'] ctx={'hp': '220/220', 'status': 'sleep', 'foe': 'jynx'}
   [play-live]    [engine] ITEM-INSTINCT pick -> use_cure (item 17, aim=active)
   [play-live]    [engine] use_item: pocket byte MUTE + NO bag/white pixels + callback2 not the bag — bag never opened; keep fighting (LOUD, no blind taps fired)
   [play-live]    [engine] HEAL-FAIL LATCH: item 17 did not consume (failed) -> suppressing further in-battle item offers for species 9 this battle (anti bag-USE/CANCEL livelock — fight/faint, let the next mon resolve it)
   [play-live]    [engine] CURE-BLOCK: no more status-cure offers this battle (already-clear / no_effect abort)
   [play-live]    [engine] MUST-LEAVE: active alive but stuck (status/famine/exhausted) -> bench slot 1 (NOT re-picking species 9)
   [play-live]    [engine] switch: target party slot 1 sp=144 -> menu row 1
   [play-live]    [engine] switch: SWITCHED to species 144 (slot 1)
   [play-live]    [engine] battle-progress: must-leave switch
   [play-live]    [engine] revive-check: NO offer (revive_item=24, worthy=None, party sp/hp/lv=[(9, 199, 72), (144, 107, 50), (145, 156, 50), (146, 0, 50), (0, 0, 0), (0, 0, 0)])
   [play-live]    [engine] MATCHUP SWITCH: Lorelei answer holds — fight instead
   [play-live]    [engine] action menu: Ice Beam - a not-very-effective hit -> slot 3 (eff x0.5) vs jynx 69/150 | [0]move#54(p0*STAB,pp=30,ref=0,sc=0) [1]Agility(p0,pp=30,ref=0,sc=0) [2]move#170(p0,pp=5,ref=0,sc=0) [3]Ice Beam(p95*STAB,pp=10,ref=0,sc=71.25)
   [play-live]    [engine] STREAM COMMIT: Ice Beam - a not-very-effective hit slot 3 (menu_up=1 action=True moves=False)
   [play-live]    [engine] move slot 3 didn't fire (0-PP / disabled / blocked) -> rotating to an untried move (streak now [3], refusals {3: 1}, futility 1/4)
   [play-live]    [engine] revive-check: NO offer (revive_item=24, worthy=None, party sp/hp/lv=[(9, 199, 72), (144, 107, 50), (145, 156, 50), (146, 0, 50), (0, 0, 0), (0, 0, 0)])
   [play-live]    [engine] MATCHUP SWITCH: Lorelei answer holds — fight instead
   [play-live]    [engine] action menu: move#54 -> slot 0 (eff x0.5) vs jynx 69/150 | [0]move#54(p0*STAB,pp=29,ref=0,sc=0) [1]Agility(p0,pp=30,ref=0,sc=0) [2]move#170(p0,pp=5,ref=0,sc=0) [3]Ice Beam(p95*STAB,pp=10,ref=1,sc=71.25)
   [play-live]    [engine] STREAM COMMIT: move#54 slot 0 (menu_up=1 action=True moves=False)
   [play-live]    [engine] turn resolved by IMMOBILIZATION (asleep) — not a dead move; fighting on (futility 2/4)
   [play-live]    [engine] CURE-BLOCK: status=sleep but cures latched off this battle (anti Awakening re-open loop)
   [play-live]    [engine] revive-check: NO offer (revive_item=24, worthy=None, party sp/hp/lv=[(9, 199, 72), (144, 107, 50), (145, 156, 50), (146, 0, 50), (0, 0, 0), (0, 0, 0)])
   [play-live]    [engine] MUST-LEAVE: active alive but stuck (status/famine/exhausted) -> bench slot 0 (NOT re-picking species 144)
   [play-live]    [engine] switch: target party slot 0 sp=9 -> menu row 1
   [play-live]    [engine] switch: SWITCHED to species 9 (slot 0)
   [play-live]    [engine] battle-progress: must-leave switch
   [play-live]    [engine] MATCHUP SWITCH: Lorelei answer holds — fight instead
   [play-live]    [engine] MUST-LEAVE: active alive but stuck (status/famine/exhausted) -> bench slot 1 (NOT re-picking species 9)
   [play-live]    [engine] switch: party didn't open via RAM nav — BLIND fallback (B out, DOWN DOWN A)
   [play-live]    [engine] switch: party screen never took focus -> B out (fail-safe)
   [play-live]    [engine] must-leave switch did not confirm -> fight/Struggle
   [play-live]    [engine] MATCHUP SWITCH: Lorelei answer holds — fight instead
   [play-live]    [engine] action menu: Surf - a STAB hit -> slot 1 (eff x1) vs jynx 69/150 | [0]Skull Bash(p100,pp=14,ref=0,sc=50) [1]Surf(p95*STAB,pp=11,ref=0,sc=142.5) [2]Earthquake(p100,pp=0,ref=0,sc=100)
   [play-live]    [engine] STREAM COMMIT: Surf - a STAB hit slot 1 (menu_up=0 action=False moves=False)
   [play-live]    [engine] turn resolved by IMMOBILIZATION (asleep) — not a dead move; fighting on (futility 1/4)
   [play-live]    [engine] MATCHUP SWITCH: Lorelei answer holds — fight instead
   [play-live]    [engine] MUST-LEAVE: active alive but stuck (status/famine/exhausted) -> bench slot 1 (NOT re-picking species 9)
   [play-live]    [engine] switch: target party slot 1 sp=144 -> menu row 1
   [play-live]    [engine] switch: SWITCHED to species 144 (slot 1)
   [play-live]    [engine] battle-progress: must-leave switch
   [play-live]    [engine] CURE-BLOCK: status=sleep but cures latched off this battle (anti Awakening re-open loop)
   [play-live]    [engine] revive-check: NO offer (revive_item=24, worthy=None, party sp/hp/lv=[(9, 132, 72), (144, 107, 50), (145, 156, 50), (146, 0, 50), (0, 0, 0), (0, 0, 0)])
   [play-live]    [engine] MUST-LEAVE: active alive but stuck (status/famine/exhausted) -> bench slot 0 (NOT re-picking species 144)
   [play-live]    [engine] switch: party didn't open via RAM nav — BLIND fallback (B out, DOWN DOWN A)
   [play-live]    [engine] switch: party screen never took focus -> B out (fail-safe)
   [play-live]    [engine] must-leave switch did not confirm -> fight/Struggle
   [play-live]    [engine] MATCHUP SWITCH: Lorelei answer holds — fight instead
   [play-live]    [engine] action menu: Ice Beam - a not-very-effective hit -> slot 3 (eff x0.5) vs jynx 69/150 | [0]move#54(p0*STAB,pp=29,ref=0,sc=0) [1]Agility(p0,pp=30,ref=0,sc=0) [2]move#170(p0,pp=5,ref=0,sc=0) [3]Ice Beam(p95*STAB,pp=10,ref=1,sc=71.25)
   [play-live]    [engine] STREAM COMMIT: Ice Beam - a not-very-effective hit slot 3 (menu_up=0 action=False moves=False)
   [play-live]    [engine] turn resolved by IMMOBILIZATION (asleep) — not a dead move; fighting on (futility 1/4)
   [play-live]    [engine] CURE-BLOCK: status=sleep but cures latched off this battle (anti Awakening re-open loop)
   [play-live]    [engine] revive-check: NO offer (revive_item=24, worthy=None, party sp/hp/lv=[(9, 132, 72), (144, 59, 50), (145, 156, 50), (146, 0, 50), (0, 0, 0), (0, 0, 0)])
   [play-live]    [engine] MUST-LEAVE: active alive but stuck (status/famine/exhausted) -> bench slot 0 (NOT re-picking species 144)
   [play-live]    [engine] switch: target party slot 0 sp=9 -> menu row 1
   [play-live]    [engine] switch: SWITCHED to species 9 (slot 0)
   [play-live]    [engine] battle-progress: must-leave switch
   [play-live]    [engine] MATCHUP SWITCH: Lorelei answer holds — fight instead
   [play-live]    [engine] MATCHUP SWITCH: Lorelei answer holds — fight instead
   [play-live]    [engine] action menu: Surf - a STAB hit -> slot 1 (eff x1) vs jynx 69/150 | [0]Skull Bash(p100,pp=14,ref=0,sc=50) [1]Surf(p95*STAB,pp=11,ref=0,sc=142.5) [2]Earthquake(p100,pp=0,ref=0,sc=100)
   [play-live]    [engine] STREAM COMMIT: Surf - a STAB hit slot 1 (menu_up=1 action=True moves=False)
   [play-live]    [engine] MATCHUP SWITCH: Lorelei answer holds — fight instead
   [play-live]    [engine] MATCHUP SWITCH: Lorelei answer holds — fight instead
   [play-live]    [engine] action menu: Surf - a STAB hit -> slot 1 (eff x1) vs jynx 69/150 | [0]Skull Bash(p100,pp=14,ref=0,sc=50) [1]Surf(p95*STAB,pp=11,ref=0,sc=142.5) [2]Earthquake(p100,pp=0,ref=0,sc=100)
   [play-live]    [engine] STREAM COMMIT: Surf - a STAB hit slot 1 (menu_up=1 action=True moves=False)
   [play-live]    [engine] MATCHUP SWITCH: Lorelei answer holds — fight instead
   [play-live]    [engine] MATCHUP SWITCH: Lorelei answer holds — fight instead
   [play-live]    [engine] action menu: Surf - a STAB hit -> slot 1 (eff x1) vs jynx 69/150 | [0]Skull Bash(p100,pp=14,ref=0,sc=50) [1]Surf(p95*STAB,pp=11,ref=0,sc=142.5) [2]Earthquake(p100,pp=0,ref=0,sc=100)
   [play-live]    [engine] STREAM COMMIT: Surf - a STAB hit slot 1 (menu_up=1 action=True moves=False)
   [play-live]    [engine] battle-progress: move resolved
   [play-live]    [engine] battle-progress: enemy fainted
   [play-live]    [engine] MATCHUP SWITCH: Lorelei answer holds — fight instead
   [play-live]    [engine] MATCHUP SWITCH: Lorelei answer holds — fight instead
   [play-live]    [engine] MATCHUP SWITCH: Lorelei answer holds — fight instead
   [play-live]    [engine] action menu: Surf - a not-very-effective hit -> slot 1 (eff x0.5) vs lapras 220/220 | [0]Skull Bash(p100,pp=14,ref=0,sc=50) [1]Surf(p95*STAB,pp=10,ref=0,sc=71.25) [2]Earthquake(p100,pp=0,ref=0,sc=100)
   [play-live]    [engine] STREAM COMMIT: Surf - a not-very-effective hit slot 1 (menu_up=1 action=True moves=False)
   [play-live]    [engine] battle-progress: move resolved
   [play-live]    [engine] WHIFF: foe HP unchanged at 220 across the full turn -> accuracy-debuff spiral (streak 1/3)
   [play-live]    [engine] MATCHUP SWITCH: Lorelei answer holds — fight instead
   [play-live]    [engine] MATCHUP SWITCH: Lorelei answer holds — fight instead
   [play-live]    [engine] MATCHUP SWITCH: Lorelei answer holds — fight instead
   [play-live]    [engine] action menu: Surf - a not-very-effective hit -> slot 1 (eff x0.5) vs lapras 220/220 | [0]Skull Bash(p100,pp=14,ref=0,sc=50) [1]Surf(p95*STAB,pp=9,ref=0,sc=71.25) [2]Earthquake(p100,pp=0,ref=0,sc=100)
   [play-live]    [engine] STREAM COMMIT: Surf - a not-very-effective hit slot 1 (menu_up=1 action=True moves=False)
   [play-live]    [engine] battle-progress: move resolved
   [play-live]    [engine] WHIFF: foe HP unchanged at 220 across the full turn -> accuracy-debuff spiral (streak 2/3)
   [play-live]    [engine] MATCHUP SWITCH: Lorelei answer holds — fight instead
   [play-live]    [engine] MATCHUP SWITCH: Lorelei answer holds — fight instead
   [play-live]    [engine] MATCHUP SWITCH: Lorelei answer holds — fight instead
   [play-live]    [engine] action menu: Surf - a not-very-effective hit -> slot 1 (eff x0.5) vs lapras 220/220 | [0]Skull Bash(p100,pp=14,ref=0,sc=50) [1]Surf(p95*STAB,pp=8,ref=0,sc=71.25) [2]Earthquake(p100,pp=0,ref=0,sc=100)
   [play-live]    [engine] STREAM COMMIT: Surf - a not-very-effective hit slot 1 (menu_up=1 action=True moves=False)
   [play-live]    [engine] battle-progress: move resolved
   [play-live]    [engine] battle-progress: our mon fainted
   [play-live]    [engine] fswitch retry 4: target row 1 sp=144 skip_rows=[] party_cur=2 menu_rows=[(9, 0), (144, 59), (145, 156), (146, 0)]
   [play-live]    [engine] fswitch: selecting row 1 (sp=144 L50 hp=59)
   [play-live]    [engine] battle-progress: force-switch seated
   [play-live]    [engine] WHIFF: foe HP unchanged at 220 across the full turn -> accuracy-debuff spiral (streak 3/3)
   [play-live]    [engine] CURE-BLOCK: status=sleep but cures latched off this battle (anti Awakening re-open loop)
   [play-live]    [engine] E4/league: default keep_fighting — no use_revive offer (cursor not on a 0-HP row; refuse bag theater)
   [play-live]    [engine] revive-check: NO offer (revive_item=24, worthy=0, party sp/hp/lv=[(9, 0, 72), (144, 59, 50), (145, 156, 50), (146, 0, 50), (0, 0, 0), (0, 0, 0)])
   [play-live]    [engine] MATCHUP SWITCH: Lorelei answer holds — fight instead
   [play-live]    [engine] WHIFF-SPIRAL (3 misses): accuracy debuffed -> switching OUT to slot 2 to reset it (recovery 1/2)
   [play-live]    [engine] switch: target party slot 2 sp=145 -> menu row 2
   [play-live]    [engine] switch: SWITCHED to species 145 (slot 2)
   [play-live]    [engine] ACE-FIRST POTIONS: active L50 is fodder next to the team's L72 carry — NOT offering a heal on it (the potions are for the ace, not L8-13 bench mons)
   [play-live]    [engine] E4/league: default keep_fighting — no use_revive offer (cursor not on a 0-HP row; refuse bag theater)
   [play-live]    [engine] revive-check: NO offer (revive_item=24, worthy=0, party sp/hp/lv=[(9, 0, 72), (144, 59, 50), (145, 30, 50), (146, 0, 50), (0, 0, 0), (0, 0, 0)])
   [play-live]    [engine] MATCHUP SWITCH: Lorelei answer holds — fight instead
   [play-live]    [engine] WHIFF RECOVERY: accuracy reset -> switching the ace (sp 144) back in to swing clean
   [play-live]    [engine] switch: target party slot 1 sp=144 -> menu row 2
   [play-live]    [engine] switch: SWITCHED to species 144 (slot 1)
   [play-live]    [engine] ACE-FIRST POTIONS: active L50 is fodder next to the team's L72 carry — NOT offering a heal on it (the potions are for the ace, not L8-13 bench mons)
   [play-live]    [engine] CURE-BLOCK: status=sleep but cures latched off this battle (anti Awakening re-open loop)
   [play-live]    [engine] E4/league: default keep_fighting — no use_revive offer (cursor not on a 0-HP row; refuse bag theater)
   [play-live]    [engine] revive-check: NO offer (revive_item=24, worthy=0, party sp/hp/lv=[(9, 0, 72), (144, 20, 50), (145, 30, 50), (146, 0, 50), (0, 0, 0), (0, 0, 0)])
   [play-live]    [engine] MATCHUP SWITCH: Lorelei answer holds — fight instead
   [play-live]    [engine] action menu: Ice Beam - a not-very-effective hit -> slot 3 (eff x0.25) vs lapras 220/220 | [0]move#54(p0*STAB,pp=29,ref=0,sc=0) [1]Agility(p0,pp=30,ref=0,sc=0) [2]move#170(p0,pp=5,ref=0,sc=0) [3]Ice Beam(p95*STAB,pp=10,ref=1,sc=35.625)
   [play-live]    [engine] STREAM COMMIT: Ice Beam - a not-very-effective hit slot 3 (menu_up=1 action=True moves=False)
   [play-live]    [engine] battle-progress: our mon fainted
   [play-live]    [engine] fswitch retry 2: target row 2 sp=145 skip_rows=[] party_cur=2 menu_rows=[(144, 0), (9, 0), (145, 30), (146, 0)]
   [play-live]    [engine] fswitch: selecting row 2 (sp=145 L50 hp=30)
   [play-live]    [engine] battle-progress: force-switch seated
   [play-live]    [engine] move list already open at turn top — STREAM COMMIT, skipping switch/item menu theater
   [play-live]    [engine] action menu: Drill Peck - a STAB hit -> slot 3 (eff x1) vs lapras 220/220 | [0]move#86(p0*STAB,pp=20,ref=0,sc=0) [1]Agility(p0,pp=30,ref=0,sc=0) [2]move#197(p0,pp=5,ref=0,sc=0) [3]Drill Peck(p80*STAB,pp=20,ref=1,sc=120)
   [play-live]    [engine] STREAM COMMIT: Drill Peck - a STAB hit slot 3 (menu_up=0 action=False moves=True)
   [play-live]    [engine] move slot 3 didn't fire (0-PP / disabled / blocked) -> rotating to an untried move (streak now [3], refusals {3: 2}, futility 1/4)
   [play-live]    [engine] ACE-FIRST POTIONS: active L50 is fodder next to the team's L72 carry — NOT offering a heal on it (the potions are for the ace, not L8-13 bench mons)
   [play-live]    [engine] E4/league: default keep_fighting — no use_revive offer (cursor not on a 0-HP row; refuse bag theater)
   [play-live]    [engine] revive-check: NO offer (revive_item=24, worthy=0, party sp/hp/lv=[(9, 0, 72), (144, 0, 50), (145, 30, 50), (146, 0, 50), (0, 0, 0), (0, 0, 0)])
   [play-live]    [engine] MUST-LEAVE but no other live bench — Struggle/fight
   [play-live]    [engine] !! PP FAMINE: no reserve with damaging PP either — the whole party is dry (needs a Center; the campaign's readiness gate owns that)
   [play-live]    [engine] MATCHUP SWITCH: Lorelei answer holds — fight instead
   [play-live]    [engine] action menu: move#86 -> slot 0 (eff x2) vs lapras 220/220 | [0]move#86(p0*STAB,pp=20,ref=0,sc=0) [1]Agility(p0,pp=30,ref=0,sc=0) [2]move#197(p0,pp=5,ref=0,sc=0) [3]Drill Peck(p80*STAB,pp=20,ref=2,sc=120)
   [play-live]    [engine] STREAM COMMIT: move#86 slot 0 (menu_up=1 action=True moves=False)
   [play-live]    [engine] battle-progress: our mon fainted
   [travel] start map=(13, 0) coords=(13, 12) -> coord (11, 15) (budget 60s, surf-capable)
   [travel] step 0: (13, 12)->(13, 13) map=(13, 0) (path 6 to exit)
   [travel] reached target coord (11, 15)
===== playlive_2026-08-13_13-33-24.log =====
   [travel] start map=(13, 0) coords=(11, 16) -> coord (11, 15) (budget 60s, surf-capable)
   [travel] step 0: (11, 16)->(11, 15) map=(13, 0) (path 2 to exit)
   [travel] reached target coord (11, 15)
   [play-live]    [engine] MATCHUP SWITCH: Zapdos vs Water — fight instead (Thunderbolt)
   [play-live]    [engine] action menu: Drill Peck - a STAB hit -> slot 3 (eff x1) vs dewgong 171/171 | [0]move#86(p0*STAB,pp=20,ref=0,sc=0) [1]Agility(p0,pp=30,ref=0,sc=0) [2]move#197(p0,pp=5,ref=0,sc=0) [3]Drill Peck(p80*STAB,pp=20,ref=0,sc=120)
   [play-live]    [engine] STREAM COMMIT: Drill Peck - a STAB hit slot 3 (menu_up=1 action=True moves=False)
   [play-live]    [engine] battle-progress: move resolved
   [play-live]    [engine] MATCHUP SWITCH: Zapdos vs Water — fight instead (Thunderbolt)
   [play-live]    [engine] action menu: Drill Peck - a STAB hit -> slot 3 (eff x1) vs dewgong 111/171 | [0]move#86(p0*STAB,pp=20,ref=0,sc=0) [1]Agility(p0,pp=30,ref=0,sc=0) [2]move#197(p0,pp=5,ref=0,sc=0) [3]Drill Peck(p80*STAB,pp=19,ref=0,sc=120)
   [play-live]    [engine] STREAM COMMIT: Drill Peck - a STAB hit slot 3 (menu_up=1 action=True moves=False)
   [play-live]    [engine] battle-progress: move resolved
   [play-live]    [engine] ACE-FIRST POTIONS: active L50 is fodder next to the team's L72 carry — NOT offering a heal on it (the potions are for the ace, not L8-13 bench mons)
   [play-live]    [engine] MATCHUP SWITCH: Zapdos vs Water — fight instead (Thunderbolt)
   [play-live]    [engine] SE-CHUNK observed: this foe class hits us super-effectively and HARD -> sleep-lock armed even at neutral damage
   [play-live]    [engine] action menu: Drill Peck - a STAB hit -> slot 3 (eff x1) vs dewgong 56/171 | [0]move#86(p0*STAB,pp=20,ref=0,sc=0) [1]Agility(p0,pp=30,ref=0,sc=0) [2]move#197(p0,pp=5,ref=0,sc=0) [3]Drill Peck(p80*STAB,pp=18,ref=0,sc=120)
   [play-live]    [engine] STREAM COMMIT: Drill Peck - a STAB hit slot 3 (menu_up=1 action=True moves=False)
   [play-live]    [engine] battle-progress: move resolved
   [play-live]    [engine] battle-progress: our mon fainted
   [play-live]    [engine] fswitch retry 3: target row 2 sp=9 skip_rows=[] party_cur=1 menu_rows=[(145, 0), (144, 155), (9, 220), (146, 150)]
   [play-live]    [engine] fswitch: selecting row 2 (sp=9 L72 hp=220)
   [play-live]    [engine] battle-progress: force-switch seated
   [play-live]    [engine] move list already open at turn top — STREAM COMMIT, skipping switch/item menu theater
   [play-live]    [engine] action menu: Earthquake - a solid hit -> slot 2 (eff x1) vs dewgong 2/171 | [0]Skull Bash(p100,pp=15,ref=0,sc=50) [1]Surf(p95*STAB,pp=15,ref=0,sc=71.25) [2]Earthquake(p100,pp=10,ref=0,sc=100)
   [play-live]    [engine] STREAM COMMIT: Earthquake - a solid hit slot 2 (menu_up=0 action=False moves=True)
   [play-live]    [engine] STREAM COMMIT: RAM cursor disagrees after blind walk (reads 0, want 2) — RAM-correcting
   [play-live]    [engine] move list already open at turn top — STREAM COMMIT, skipping switch/item menu theater
   [play-live]    [engine] action menu: Earthquake - a solid hit -> slot 2 (eff x1) vs dewgong 2/171 | [0]Skull Bash(p100,pp=15,ref=0,sc=50) [1]Surf(p95*STAB,pp=15,ref=0,sc=71.25) [2]Earthquake(p100,pp=10,ref=0,sc=100)
   [play-live]    [engine] STREAM COMMIT: Earthquake - a solid hit slot 2 (menu_up=0 action=False moves=True)
   [play-live]    [engine] move slot 2 didn't fire (0-PP / disabled / blocked) -> rotating to an untried move (streak now [2], refusals {2: 1}, futility 1/4)
   [play-live]    [engine] !! PARTY THRASH #1: open but active ALIVE — B-closing (never A)
   [play-live]    [engine] revive-check: TYPE-ANSWER revive slot 0 (no standing mon is SE on this foe; the fainted one is)
   [play-live]    [engine] ITEM-INSTINCT offer: ['use_revive', 'keep_fighting'] ctx={'hp': '207/220', 'status': 'none', 'foe': 'dewgong'}
   [play-live]    [engine] ITEM-INSTINCT pick -> use_revive (item 24, aim=fainted)
   [play-live]    [engine] use_item walk n=0: party=False bag=True white=False cb2party=False cb2bag=True pcur=None lead=False
   [play-live]    [engine] use_item: cursor unreadable/unreached for row 2 — BLIND party walk (LEFT home, RIGHT + DOWN x1)
   [play-live]    [engine] use_item walk n=1: party=True bag=False white=True cb2party=True cb2bag=False pcur=None lead=True
   [play-live]    [engine] use_item walk n=2: party=False bag=False white=False cb2party=False cb2bag=True pcur=None lead=False
   [play-live]    [engine] use_item walk n=3: party=False bag=True white=False cb2party=False cb2bag=True pcur=None lead=False
   [play-live]    [engine] use_item walk n=4: party=False bag=False white=False cb2party=True cb2bag=False pcur=None lead=False
   [play-live]    [engine] use_item walk n=5: party=True bag=False white=True cb2party=True cb2bag=False pcur=None lead=True
   [play-live]    [engine] use_item: pocket=0 cursor=3 scroll=2 row=5 — selected but item 24 NOT consumed (count still 4) — keep fighting (LOUD)
   [play-live]    [engine] HEAL-FAIL LATCH: item 24 did not consume (failed) -> suppressing further in-battle item offers for species 9 this battle (anti bag-USE/CANCEL livelock — fight/faint, let the next mon resolve it)
   [play-live]    [engine] MATCHUP SWITCH: active is out-typed -> trying party slot 3
   [play-live]    [engine] switch: couldn't reach a clean action menu
   [play-live]    [engine] matchup switch did not confirm (fail 1/1) -> fighting instead (fail-safe, no wedge)
   [play-live]    [engine] action menu: Surf -> slot 1 (eff x0.5) vs dewgong 2/171 | [0]Skull Bash(p100,pp=15,ref=0,sc=50) [1]Surf(p95*STAB,pp=15,ref=0,sc=71.25) [2]Earthquake(p100,pp=10,ref=1,sc=100)
   [play-live]    [engine] STREAM COMMIT: Surf slot 1 (menu_up=1 action=False moves=False)
   [play-live]    [engine] move slot 1 didn't fire (0-PP / disabled / blocked) -> rotating to an untried move (streak now [1, 2], refusals {2: 1, 1: 1}, futility 2/4)
   [play-live]    [engine] !! MENU WEDGE 90s with NO progress — escaping the scroll theater (fire 1/8, menu_up=1 action=False moves=False bag=False party=True)
   [play-live]    [engine] action menu: Skull Bash -> slot 0 (eff x1) vs dewgong 2/171 | [0]Skull Bash(p100,pp=15,ref=0,sc=50) [1]Surf(p95*STAB,pp=15,ref=1,sc=71.25) [2]Earthquake(p100,pp=10,ref=1,sc=100)
   [play-live]    [engine] STREAM COMMIT: Skull Bash slot 0 (menu_up=1 action=True moves=False)
   [play-live]    [engine] battle-progress: foe HP changed
   [play-live]    [engine] action menu: Earthquake - a solid hit -> slot 2 (eff x1) vs dewgong 82/171 | [0]Skull Bash(p100,pp=14,ref=0,sc=50) [1]Surf(p95*STAB,pp=15,ref=1,sc=71.25) [2]Earthquake(p100,pp=10,ref=1,sc=100)
   [play-live]    [engine] STREAM COMMIT: Earthquake - a solid hit slot 2 (menu_up=1 action=True moves=False)
   [play-live]    [engine] battle-progress: move resolved
   [play-live]    [engine] action menu: Earthquake - a solid hit -> slot 2 (eff x1) vs dewgong 2/171 | [0]Skull Bash(p100,pp=14,ref=0,sc=50) [1]Surf(p95*STAB,pp=15,ref=1,sc=71.25) [2]Earthquake(p100,pp=9,ref=1,sc=100)
   [play-live]    [engine] STREAM COMMIT: Earthquake - a solid hit slot 2 (menu_up=1 action=True moves=False)
   [play-live]    [engine] battle-progress: move resolved
   [play-live]    [engine] battle-progress: enemy fainted
   [play-live]    [engine] action menu: Earthquake - a solid hit -> slot 2 (eff x1) vs cloyster 127/127 | [0]Skull Bash(p100,pp=14,ref=0,sc=50) [1]Surf(p95*STAB,pp=15,ref=1,sc=71.25) [2]Earthquake(p100,pp=8,ref=1,sc=100)
   [play-live]    [engine] STREAM COMMIT: Earthquake - a solid hit slot 2 (menu_up=1 action=True moves=False)
   [play-live]    [engine] battle-progress: move resolved
   [play-live]    [engine] action menu: Earthquake - a solid hit -> slot 2 (eff x1) vs cloyster 81/127 | [0]Skull Bash(p100,pp=14,ref=0,sc=50) [1]Surf(p95*STAB,pp=15,ref=1,sc=71.25) [2]Earthquake(p100,pp=7,ref=1,sc=100)
   [play-live]    [engine] STREAM COMMIT: Earthquake - a solid hit slot 2 (menu_up=1 action=True moves=False)
   [play-live]    [engine] battle-progress: move resolved
   [play-live]    [engine] WHIFF: foe HP unchanged at 81 across the full turn -> accuracy-debuff spiral (streak 1/3)
   [play-live]    [engine] action menu: Earthquake - a solid hit -> slot 2 (eff x1) vs cloyster 81/127 | [0]Skull Bash(p100,pp=14,ref=0,sc=50) [1]Surf(p95*STAB,pp=15,ref=1,sc=71.25) [2]Earthquake(p100,pp=6,ref=1,sc=100)
   [play-live]    [engine] STREAM COMMIT: Earthquake - a solid hit slot 2 (menu_up=1 action=True moves=False)
   [play-live]    [engine] battle-progress: move resolved
   [play-live]    [engine] WHIFF: foe HP unchanged at 81 across the full turn -> accuracy-debuff spiral (streak 2/3)
   [play-live]    [engine] action menu: Earthquake - a solid hit -> slot 2 (eff x1) vs cloyster 81/127 | [0]Skull Bash(p100,pp=14,ref=0,sc=50) [1]Surf(p95*STAB,pp=15,ref=1,sc=71.25) [2]Earthquake(p100,pp=5,ref=1,sc=100)
   [play-live]    [engine] STREAM COMMIT: Earthquake - a solid hit slot 2 (menu_up=1 action=True moves=False)
   [play-live]    [engine] battle-progress: move resolved
   [play-live]    [engine] action menu: Earthquake - a solid hit -> slot 2 (eff x1) vs cloyster 38/127 | [0]Skull Bash(p100,pp=14,ref=0,sc=50) [1]Surf(p95*STAB,pp=15,ref=1,sc=71.25) [2]Earthquake(p100,pp=4,ref=1,sc=100)
   [play-live]    [engine] STREAM COMMIT: Earthquake - a solid hit slot 2 (menu_up=1 action=True moves=False)
   [play-live]    [engine] battle-progress: move resolved
   [play-live]    [engine] battle-progress: enemy fainted
   [play-live]    [engine] party screen in drain: voluntary (shift prompt) -> single B out
   [play-live]    [engine] action menu: Earthquake - a solid hit -> slot 2 (eff x1) vs slowbro 165/176 | [0]Skull Bash(p100,pp=14,ref=0,sc=50) [1]Surf(p95*STAB,pp=15,ref=1,sc=71.25) [2]Earthquake(p100,pp=3,ref=1,sc=100)
   [play-live]    [engine] STREAM COMMIT: Earthquake - a solid hit slot 2 (menu_up=1 action=True moves=False)
   [play-live]    [engine] battle-progress: move resolved
   [play-live]    [engine] action menu: Earthquake - a solid hit -> slot 2 (eff x1) vs slowbro 92/176 | [0]Skull Bash(p100,pp=14,ref=0,sc=50) [1]Surf(p95*STAB,pp=15,ref=1,sc=71.25) [2]Earthquake(p100,pp=2,ref=1,sc=100)
   [play-live]    [engine] STREAM COMMIT: Earthquake - a solid hit slot 2 (menu_up=1 action=True moves=False)
   [play-live]    [engine] battle-progress: move resolved
   [play-live]    [engine] !! PARTY THRASH #1: open but active ALIVE — B-closing (never A)
   [play-live]    [engine] move list already open at turn top — STREAM COMMIT, skipping switch/item menu theater
   [play-live]    [engine] action menu: Surf - a STAB hit -> slot 1 (eff x1) vs jynx 150/150 | [0]Skull Bash(p100,pp=14,ref=0,sc=50) [1]Surf(p95*STAB,pp=15,ref=0,sc=142.5) [2]Earthquake(p100,pp=1,ref=0,sc=100)
   [play-live]    [engine] STREAM COMMIT: Surf - a STAB hit slot 1 (menu_up=0 action=False moves=True)
   [play-live]    [engine] move slot 1 didn't fire (0-PP / disabled / blocked) -> rotating to an untried move (streak now [1], refusals {1: 1}, futility 1/4)
   [play-live]    [engine] !! PARTY THRASH #2: open but active ALIVE — B-closing (never A)
   [play-live]    [engine] revive-check: TYPE-ANSWER revive slot 0 (no standing mon is SE on this foe; the fainted one is)
   [play-live]    [engine] ITEM-INSTINCT offer: ['use_revive', 'keep_fighting'] ctx={'hp': '104/220', 'status': 'none', 'foe': 'jynx'}
   [play-live]    [engine] ITEM-INSTINCT pick -> use_revive (item 24, aim=fainted)
   [play-live]    [engine] use_item walk n=0: party=False bag=True white=False cb2party=False cb2bag=True pcur=None lead=False
   [play-live]    [engine] use_item: cursor unreadable/unreached for row 2 — BLIND party walk (LEFT home, RIGHT + DOWN x1)
   [play-live]    [engine] use_item walk n=1: party=True bag=False white=True cb2party=True cb2bag=False pcur=None lead=True
   [play-live]    [engine] use_item walk n=2: party=True bag=False white=True cb2party=True cb2bag=False pcur=None lead=True
   [play-live]    [engine] use_item walk n=3: party=False bag=False white=False cb2party=False cb2bag=True pcur=None lead=False
   [play-live]    [engine] use_item walk n=4: party=False bag=True white=False cb2party=False cb2bag=True pcur=None lead=False
   [play-live]    [engine] use_item walk n=5: party=False bag=False white=False cb2party=True cb2bag=False pcur=None lead=False
   [play-live]    [engine] use_item: pocket=0 cursor=3 scroll=2 row=5 — selected but item 24 NOT consumed (count still 4) — keep fighting (LOUD)
   [play-live]    [engine] HEAL-FAIL LATCH: item 24 did not consume (failed) -> suppressing further in-battle item offers for species 9 this battle (anti bag-USE/CANCEL livelock — fight/faint, let the next mon resolve it)
   [play-live]    [engine] MATCHUP SWITCH: active is out-typed -> trying party slot 3
   [play-live]    [engine] switch: target party slot 3 sp=146 -> menu row 3
   [play-live]    [engine] switch: SWITCHED to species 146 (slot 3)
   [play-live]    [engine] !! MENU WEDGE 86s with NO progress — escaping the scroll theater (fire 1/8, menu_up=0 action=False moves=False bag=False party=False)
   [play-live]    [engine] revive-check: TYPE-ANSWER revive slot 0 (no standing mon is SE on this foe; the fainted one is)
   [play-live]    [engine] ITEM-INSTINCT offer: ['use_revive', 'keep_fighting'] ctx={'hp': '150/150', 'status': 'none', 'foe': 'jynx'}
   [play-live]    [engine] ITEM-INSTINCT pick -> use_revive (item 24, aim=fainted)
   [play-live]    [engine] use_item walk n=0: party=False bag=True white=False cb2party=False cb2bag=True pcur=None lead=False
   [play-live]    [engine] use_item: cursor unreadable/unreached for row 2 — BLIND party walk (LEFT home, RIGHT + DOWN x1)
   [play-live]    [engine] use_item walk n=1: party=True bag=False white=True cb2party=True cb2bag=False pcur=None lead=True
   [play-live]    [engine] use_item walk n=2: party=False bag=False white=False cb2party=False cb2bag=True pcur=None lead=False
   [play-live]    [engine] use_item walk n=3: party=False bag=True white=False cb2party=False cb2bag=True pcur=None lead=False
   [play-live]    [engine] use_item walk n=4: party=False bag=False white=False cb2party=True cb2bag=False pcur=None lead=False
   [play-live]    [engine] use_item walk n=5: party=True bag=False white=True cb2party=True cb2bag=False pcur=None lead=True
   [play-live]    [engine] use_item: pocket=0 cursor=3 scroll=2 row=5 — selected but item 24 NOT consumed (count still 4) — keep fighting (LOUD)
   [play-live]    [engine] HEAL-FAIL LATCH: item 24 did not consume (failed) -> suppressing further in-battle item offers for species 146 this battle (anti bag-USE/CANCEL livelock — fight/faint, let the next mon resolve it)
   [play-live]    [engine] MATCHUP SWITCH: Lorelei answer holds — fight instead
   [play-live]    [engine] action menu: move#53 - a super-effective hit -> slot 2 (eff x2) vs jynx 150/150 | [0]Agility(p0,pp=30,ref=0,sc=0) [1]move#203(p0,pp=10,ref=1,sc=0) [2]move#53(p95*STAB,pp=15,ref=0,sc=285)
   [play-live]    [engine] STREAM COMMIT: move#53 - a super-effective hit slot 2 (menu_up=1 action=False moves=False)
   [play-live]    [engine] move slot 2 didn't fire (0-PP / disabled / blocked) -> rotating to an untried move (streak now [2], refusals {1: 1, 2: 1}, futility 2/4)
   [play-live]    [engine] !! PARTY THRASH #3: open but active ALIVE — B-closing (never A)
   [play-live]    [engine] PARTY THRASH latch — voluntary POKEMON banned this battle
   [play-live]    [engine] action menu: Agility -> slot 0 (eff x0.5) vs jynx 150/150 | [0]Agility(p0,pp=30,ref=0,sc=0) [1]move#203(p0,pp=10,ref=1,sc=0) [2]move#53(p95*STAB,pp=15,ref=1,sc=285)
   [play-live]    [engine] STREAM COMMIT: Agility slot 0 (menu_up=1 action=True moves=False)
   [play-live]    [engine] !! MENU WEDGE 60s with NO progress — escaping the scroll theater (fire 2/8, menu_up=0 action=False moves=False bag=False party=False)
   [play-live]    [engine] MENU WEDGE escalation: blind B-unwind (classifiers untrusted)
   [play-live]    [engine] action menu: move#53 - a super-effective hit -> slot 2 (eff x2) vs jynx 150/150 | [0]Agility(p0,pp=29,ref=0,sc=0) [1]move#203(p0,pp=10,ref=1,sc=0) [2]move#53(p95*STAB,pp=15,ref=1,sc=285)
   [play-live]    [engine] STREAM COMMIT: move#53 - a super-effective hit slot 2 (menu_up=1 action=True moves=False)
   [play-live]    [engine] battle-progress: move resolved
   [play-live]    [engine] battle-progress: enemy fainted
   [play-live]    [engine] action menu: move#53 - a STAB hit -> slot 2 (eff x1) vs lapras 220/220 | [0]Agility(p0,pp=29,ref=0,sc=0) [1]move#203(p0,pp=10,ref=1,sc=0) [2]move#53(p95*STAB,pp=14,ref=1,sc=142.5)
   [play-live]    [engine] STREAM COMMIT: move#53 - a STAB hit slot 2 (menu_up=1 action=True moves=False)
   [play-live]    [engine] battle-progress: move resolved
   [play-live]    [engine] battle-progress: our mon fainted
   [play-live]    [engine] fswitch retry 5: target row 3 sp=9 skip_rows=[] party_cur=2 menu_rows=[(146, 0), (144, 155), (145, 0), (9, 104)]
   [play-live]    [engine] fswitch: selecting row 3 (sp=9 L72 hp=104)
   [play-live]    [engine] battle-progress: force-switch seated
   [play-live]    [engine] move list already open at turn top — STREAM COMMIT, skipping switch/item menu theater
   [play-live]    [engine] action menu: Earthquake - a solid hit -> slot 2 (eff x1) vs lapras 148/220 | [0]Skull Bash(p100,pp=14,ref=0,sc=50) [1]Surf(p95*STAB,pp=15,ref=1,sc=71.25) [2]Earthquake(p100,pp=1,ref=1,sc=100)
   [play-live]    [engine] STREAM COMMIT: Earthquake - a solid hit slot 2 (menu_up=0 action=False moves=True)
   [play-live]    [engine] STREAM COMMIT: RAM cursor disagrees after blind walk (reads 0, want 2) — RAM-correcting
   [play-live]    [engine] move list already open at turn top — STREAM COMMIT, skipping switch/item menu theater
   [play-live]    [engine] action menu: Earthquake - a solid hit -> slot 2 (eff x1) vs lapras 148/220 | [0]Skull Bash(p100,pp=14,ref=0,sc=50) [1]Surf(p95*STAB,pp=15,ref=1,sc=71.25) [2]Earthquake(p100,pp=1,ref=1,sc=100)
   [play-live]    [engine] STREAM COMMIT: Earthquake - a solid hit slot 2 (menu_up=0 action=False moves=True)
   [play-live]    [engine] move slot 2 didn't fire (0-PP / disabled / blocked) -> rotating to an untried move (streak now [2], refusals {1: 1, 2: 2}, futility 1/4)
   [play-live]    [engine] MATCHUP SWITCH: Lorelei answer holds — fight instead
   [play-live]    [engine] JUST FIGHT: L72 vs L54 + connecting damage — skipping bag/switch hierarchy this turn
   [play-live]    [engine] action menu: Surf -> slot 1 (eff x0.5) vs lapras 148/220 | [0]Skull Bash(p100,pp=14,ref=0,sc=50) [1]Surf(p95*STAB,pp=15,ref=1,sc=71.25) [2]Earthquake(p100,pp=1,ref=2,sc=100)
   [play-live]    [engine] STREAM COMMIT: Surf slot 1 (menu_up=1 action=True moves=False)
   [play-live]    [engine] battle-progress: move resolved
   [play-live]    [engine] MATCHUP SWITCH: Lorelei answer holds — fight instead
   [play-live]    [engine] MATCHUP SWITCH: Lorelei answer holds — fight instead
   [play-live]    [engine] action menu: Surf -> slot 1 (eff x0.5) vs lapras 203/220 | [0]Skull Bash(p100,pp=14,ref=0,sc=50) [1]Surf(p95*STAB,pp=14,ref=1,sc=71.25) [2]Earthquake(p100,pp=1,ref=2,sc=100)
   [play-live]    [engine] STREAM COMMIT: Surf slot 1 (menu_up=1 action=True moves=False)
   [play-live]    [engine] battle-progress: move resolved
   [play-live]    [engine] MATCHUP SWITCH: Lorelei answer holds — fight instead
   [play-live]    [engine] MATCHUP SWITCH: Lorelei answer holds — fight instead
   [play-live]    [engine] action menu: Surf -> slot 1 (eff x0.5) vs lapras 220/220 | [0]Skull Bash(p100,pp=14,ref=0,sc=50) [1]Surf(p95*STAB,pp=13,ref=1,sc=71.25) [2]Earthquake(p100,pp=1,ref=2,sc=100)
   [play-live]    [engine] STREAM COMMIT: Surf slot 1 (menu_up=1 action=True moves=False)
   [play-live]    [engine] battle-progress: move resolved
   [play-live]    [engine] WHIFF: foe HP unchanged at 220 across the full turn -> accuracy-debuff spiral (streak 1/3)
   [play-live]    [engine] MATCHUP SWITCH: Lorelei answer holds — fight instead
   [play-live]    [engine] MATCHUP SWITCH: Lorelei answer holds — fight instead
   [play-live]    [engine] action menu: Surf -> slot 1 (eff x0.5) vs lapras 220/220 | [0]Skull Bash(p100,pp=14,ref=0,sc=50) [1]Surf(p95*STAB,pp=12,ref=1,sc=71.25) [2]Earthquake(p100,pp=1,ref=2,sc=100)
   [play-live]    [engine] STREAM COMMIT: Surf slot 1 (menu_up=1 action=True moves=False)
   [play-live]    [engine] battle-progress: move resolved
   [play-live]    [engine] battle-progress: our mon fainted
   [play-live]    [engine] fswitch: BUDGET 5s hit — blind-sending strongest live (anti 60–90s party theater)
   [play-live]    [engine] fswitch BLIND: row 1 articuno L50
   [play-live]    [engine] battle-progress: force-switch seated (blind)
   [play-live]    [engine] WHIFF: foe HP unchanged at 220 across the full turn -> accuracy-debuff spiral (streak 2/3)
   [play-live]    [engine] revive-check: TYPE-ANSWER revive slot 0 (no standing mon is SE on this foe; the fainted one is)
   [play-live]    [engine] ITEM-INSTINCT offer: ['use_revive', 'keep_fighting'] ctx={'hp': '155/155', 'status': 'none', 'foe': 'lapras'}
   [play-live]    [engine] ITEM-INSTINCT pick -> use_revive (item 24, aim=fainted)
   [play-live]    [engine] use_item walk n=0: party=False bag=True white=False cb2party=False cb2bag=True pcur=None lead=False
   [play-live]    [engine] use_item: cursor unreadable/unreached for row 1 — BLIND party walk (LEFT home, RIGHT + DOWN x0)
   [play-live]    [engine] use_item walk n=1: party=True bag=False white=True cb2party=True cb2bag=False pcur=None lead=True
   [play-live]    [engine] use_item walk n=2: party=False bag=False white=False cb2party=False cb2bag=True pcur=None lead=False
   [play-live]    [engine] use_item walk n=3: party=False bag=True white=False cb2party=False cb2bag=True pcur=None lead=False
   [play-live]    [engine] use_item walk n=4: party=False bag=False white=False cb2party=True cb2bag=False pcur=None lead=False
   [play-live]    [engine] use_item walk n=5: party=True bag=False white=True cb2party=True cb2bag=False pcur=None lead=True
   [play-live]    [engine] use_item: pocket=0 cursor=3 scroll=2 row=5 — selected but item 24 NOT consumed (count still 4) — keep fighting (LOUD)
   [play-live]    [engine] HEAL-FAIL LATCH: item 24 did not consume (failed) -> suppressing further in-battle item offers for species 144 this battle (anti bag-USE/CANCEL livelock — fight/faint, let the next mon resolve it)
   [play-live]    [engine] action menu: Ice Beam - a not-very-effective hit -> slot 3 (eff x0.25) vs lapras 220/220 | [0]move#54(p0*STAB,pp=30,ref=0,sc=0) [1]Agility(p0,pp=30,ref=1,sc=0) [2]move#170(p0,pp=5,ref=2,sc=0) [3]Ice Beam(p95*STAB,pp=10,ref=0,sc=35.625)
   [play-live]    [engine] STREAM COMMIT: Ice Beam - a not-very-effective hit slot 3 (menu_up=1 action=False moves=False)
   [play-live]    [engine] move slot 3 didn't fire (0-PP / disabled / blocked) -> rotating to an untried move (streak now [3], refusals {1: 1, 2: 2, 3: 1}, futility 1/4)
   [play-live]    [engine] !! PARTY THRASH #4: open but active ALIVE — B-closing (never A)
   [play-live]    [engine] PARTY THRASH latch — voluntary POKEMON banned this battle
   [play-live]    [engine] action menu: move#54 -> slot 0 (eff x0.25) vs lapras 220/220 | [0]move#54(p0*STAB,pp=30,ref=0,sc=0) [1]Agility(p0,pp=30,ref=1,sc=0) [2]move#170(p0,pp=5,ref=2,sc=0) [3]Ice Beam(p95*STAB,pp=10,ref=1,sc=35.625)
   [play-live]    [engine] STREAM COMMIT: move#54 slot 0 (menu_up=1 action=True moves=False)
   [play-live]    [engine] !! MENU WEDGE 60s with NO progress — escaping the scroll theater (fire 3/8, menu_up=0 action=False moves=False bag=False party=False)
   [play-live]    [engine] MENU WEDGE escalation: blind B-unwind (classifiers untrusted)
   [play-live]    [engine] action menu: Ice Beam - a not-very-effective hit -> slot 3 (eff x0.25) vs lapras 220/220 | [0]move#54(p0*STAB,pp=29,ref=0,sc=0) [1]Agility(p0,pp=30,ref=1,sc=0) [2]move#170(p0,pp=5,ref=2,sc=0) [3]Ice Beam(p95*STAB,pp=10,ref=1,sc=35.625)
   [play-live]    [engine] STREAM COMMIT: Ice Beam - a not-very-effective hit slot 3 (menu_up=1 action=True moves=False)
   [play-live]    [engine] action menu: Ice Beam - a not-very-effective hit -> slot 3 (eff x0.25) vs lapras 220/220 | [0]move#54(p0*STAB,pp=29,ref=0,sc=0) [1]Agility(p0,pp=30,ref=1,sc=0) [2]move#170(p0,pp=5,ref=2,sc=0) [3]Ice Beam(p95*STAB,pp=10,ref=1,sc=35.625)
   [play-live]    [engine] STREAM COMMIT: Ice Beam - a not-very-effective hit slot 3 (menu_up=1 action=True moves=False)
   [play-live]    [engine] battle-progress: move resolved
   [play-live]    [engine] action menu: Ice Beam - a not-very-effective hit -> slot 3 (eff x0.25) vs lapras 207/220 | [0]move#54(p0*STAB,pp=29,ref=0,sc=0) [1]Agility(p0,pp=30,ref=1,sc=0) [2]move#170(p0,pp=5,ref=2,sc=0) [3]Ice Beam(p95*STAB,pp=9,ref=1,sc=35.625)
   [play-live]    [engine] STREAM COMMIT: Ice Beam - a not-very-effective hit slot 3 (menu_up=1 action=True moves=False)
   [play-live]    [engine] battle-progress: move resolved
   [play-live]    [engine] action menu: Ice Beam - a not-very-effective hit -> slot 3 (eff x0.25) vs lapras 194/220 | [0]move#54(p0*STAB,pp=29,ref=0,sc=0) [1]Agility(p0,pp=30,ref=1,sc=0) [2]move#170(p0,pp=5,ref=2,sc=0) [3]Ice Beam(p95*STAB,pp=8,ref=1,sc=35.625)
   [play-live]    [engine] STREAM COMMIT: Ice Beam - a not-very-effective hit slot 3 (menu_up=1 action=True moves=False)
   [play-live]    [engine] battle-progress: move resolved
   [travel] start map=(13, 0) coords=(13, 12) -> coord (11, 15) (budget 60s, surf-capable)
   [travel] path blocked at (13, 12) (NPC on the gap?) - waiting
   [travel] no clean path from (13, 12); NPC-allowing path EXISTS (len 6), blocker NPC tile=None, npcs nearby=[(7, 14), (13, 10)] -> approaching to interact/trigger
   [travel] reached target coord (11, 15)
   [play-live]    [engine] MATCHUP SWITCH: Zapdos vs Water — fight instead (Thunderbolt)
   [play-live]    [engine] action menu: Drill Peck - a STAB hit -> slot 3 (eff x1) vs dewgong 171/171 | [0]move#86(p0*STAB,pp=20,ref=0,sc=0) [1]Agility(p0,pp=30,ref=0,sc=0) [2]move#197(p0,pp=5,ref=0,sc=0) [3]Drill Peck(p80*STAB,pp=20,ref=0,sc=120)
   [play-live]    [engine] STREAM COMMIT: Drill Peck - a STAB hit slot 3 (menu_up=1 action=True moves=False)
   [play-live]    [engine] battle-progress: move resolved
   [play-live]    [engine] MATCHUP SWITCH: Zapdos vs Water — fight instead (Thunderbolt)
   [play-live]    [engine] action menu: Drill Peck - a STAB hit -> slot 3 (eff x1) vs dewgong 113/171 | [0]move#86(p0*STAB,pp=20,ref=0,sc=0) [1]Agility(p0,pp=30,ref=0,sc=0) [2]move#197(p0,pp=5,ref=0,sc=0) [3]Drill Peck(p80*STAB,pp=19,ref=0,sc=120)
   [play-live]    [engine] STREAM COMMIT: Drill Peck - a STAB hit slot 3 (menu_up=1 action=True moves=False)
   [play-live]    [engine] battle-progress: move resolved
   [play-live]    [engine] ACE-FIRST POTIONS: active L50 is fodder next to the team's L72 carry — NOT offering a heal on it (the potions are for the ace, not L8-13 bench mons)
   [play-live]    [engine] MATCHUP SWITCH: Zapdos vs Water — fight instead (Thunderbolt)
   [play-live]    [engine] SE-CHUNK observed: this foe class hits us super-effectively and HARD -> sleep-lock armed even at neutral damage
   [play-live]    [engine] action menu: Drill Peck - a STAB hit -> slot 3 (eff x1) vs dewgong 58/171 | [0]move#86(p0*STAB,pp=20,ref=0,sc=0) [1]Agility(p0,pp=30,ref=0,sc=0) [2]move#197(p0,pp=5,ref=0,sc=0) [3]Drill Peck(p80*STAB,pp=18,ref=0,sc=120)
   [play-live]    [engine] STREAM COMMIT: Drill Peck - a STAB hit slot 3 (menu_up=1 action=True moves=False)
   [play-live]    [engine] battle-progress: move resolved
   [play-live]    [engine] battle-progress: our mon fainted
   [play-live]    [engine] fswitch retry 5: target row 2 sp=9 skip_rows=[] party_cur=1 menu_rows=[(145, 0), (144, 155), (9, 220), (146, 150)]
   [play-live]    [engine] fswitch: selecting row 2 (sp=9 L72 hp=220)
   [play-live]    [engine] battle-progress: force-switch seated
   [play-live]    [engine] move list already open at turn top — STREAM COMMIT, skipping switch/item menu theater
   [play-live]    [engine] action menu: Earthquake - a solid hit -> slot 2 (eff x1) vs dewgong 3/171 | [0]Skull Bash(p100,pp=15,ref=0,sc=50) [1]Surf(p95*STAB,pp=15,ref=0,sc=71.25) [2]Earthquake(p100,pp=10,ref=0,sc=100)
   [play-live]    [engine] STREAM COMMIT: Earthquake - a solid hit slot 2 (menu_up=0 action=False moves=True)
   [play-live]    [engine] STREAM COMMIT: RAM cursor disagrees after blind walk (reads 0, want 2) — RAM-correcting
   [play-live]    [engine] move list already open at turn top — STREAM COMMIT, skipping switch/item menu theater
   [play-live]    [engine] action menu: Earthquake - a solid hit -> slot 2 (eff x1) vs dewgong 3/171 | [0]Skull Bash(p100,pp=15,ref=0,sc=50) [1]Surf(p95*STAB,pp=15,ref=0,sc=71.25) [2]Earthquake(p100,pp=10,ref=0,sc=100)
   [play-live]    [engine] STREAM COMMIT: Earthquake - a solid hit slot 2 (menu_up=0 action=False moves=True)
   [play-live]    [engine] move slot 2 didn't fire (0-PP / disabled / blocked) -> rotating to an untried move (streak now [2], refusals {2: 1}, futility 1/4)
   [play-live]    [engine] !! PARTY THRASH #1: open but active ALIVE — B-closing (never A)
   [play-live]    [engine] revive-check: TYPE-ANSWER revive slot 0 (no standing mon is SE on this foe; the fainted one is)
   [play-live]    [engine] ITEM-INSTINCT offer: ['use_revive', 'keep_fighting'] ctx={'hp': '207/220', 'status': 'none', 'foe': 'dewgong'}
   [play-live]    [engine] ITEM-INSTINCT pick -> use_revive (item 24, aim=fainted)
   [play-live]    [engine] use_item walk n=0: party=False bag=True white=False cb2party=False cb2bag=True pcur=None lead=False
   [play-live]    [engine] use_item: cursor unreadable/unreached for row 2 — BLIND party walk (LEFT home, RIGHT + DOWN x1)
   [play-live]    [engine] use_item walk n=1: party=True bag=False white=True cb2party=True cb2bag=False pcur=None lead=True
   [play-live]    [engine] use_item walk n=2: party=False bag=False white=False cb2party=False cb2bag=True pcur=None lead=False
   [play-live]    [engine] use_item walk n=3: party=False bag=True white=False cb2party=False cb2bag=True pcur=None lead=False
   [play-live]    [engine] use_item walk n=4: party=False bag=False white=False cb2party=True cb2bag=False pcur=None lead=False
   [play-live]    [engine] use_item walk n=5: party=True bag=False white=True cb2party=True cb2bag=False pcur=None lead=True
   [play-live]    [engine] use_item: pocket=0 cursor=3 scroll=2 row=5 — selected but item 24 NOT consumed (count still 4) — keep fighting (LOUD)
   [play-live]    [engine] HEAL-FAIL LATCH: item 24 did not consume (failed) -> suppressing further in-battle item offers for species 9 this battle (anti bag-USE/CANCEL livelock — fight/faint, let the next mon resolve it)
   [play-live]    [engine] MATCHUP SWITCH: active is out-typed -> trying party slot 3
   [play-live]    [engine] switch: target party slot 3 sp=146 -> menu row 3
   [play-live]    [engine] switch: SWITCHED to species 146 (slot 3)
   [play-live]    [engine] !! MENU WEDGE 75s with NO progress — escaping the scroll theater (fire 1/8, menu_up=0 action=False moves=False bag=False party=False)
   [play-live]    [engine] move list already open at turn top — STREAM COMMIT, skipping switch/item menu theater
   [play-live]    [engine] action menu: move#53 - a STAB hit -> slot 2 (eff x1) vs dewgong 171/171 | [0]Agility(p0,pp=30,ref=0,sc=0) [1]move#203(p0,pp=10,ref=0,sc=0) [2]move#53(p95*STAB,pp=15,ref=1,sc=142.5)
   [play-live]    [engine] STREAM COMMIT: move#53 - a STAB hit slot 2 (menu_up=0 action=False moves=True)
   [play-live]    [engine] move slot 2 didn't fire (0-PP / disabled / blocked) -> rotating to an untried move (streak now [2], refusals {2: 2}, futility 2/4)
   [play-live]    [engine] !! PARTY THRASH #2: open but active ALIVE — B-closing (never A)
   [play-live]    [engine] revive-check: TYPE-ANSWER revive slot 0 (no standing mon is SE on this foe; the fainted one is)
   [play-live]    [engine] ITEM-INSTINCT offer: ['use_revive', 'keep_fighting'] ctx={'hp': '141/150', 'status': 'none', 'foe': 'dewgong'}
   [play-live]    [engine] ITEM-INSTINCT pick -> use_revive (item 24, aim=fainted)
   [play-live]    [engine] use_item walk n=0: party=False bag=True white=False cb2party=False cb2bag=True pcur=None lead=False
   [play-live]    [engine] use_item: cursor unreadable/unreached for row 2 — BLIND party walk (LEFT home, RIGHT + DOWN x1)
   [play-live]    [engine] use_item walk n=1: party=True bag=False white=True cb2party=True cb2bag=False pcur=None lead=True
   [play-live]    [engine] use_item walk n=2: party=False bag=False white=False cb2party=False cb2bag=True pcur=None lead=False
   [play-live]    [engine] use_item walk n=3: party=False bag=True white=False cb2party=False cb2bag=True pcur=None lead=False
   [play-live]    [engine] use_item walk n=4: party=False bag=False white=False cb2party=True cb2bag=False pcur=None lead=False
   [play-live]    [engine] use_item walk n=5: party=True bag=False white=True cb2party=True cb2bag=False pcur=None lead=True
   [play-live]    [engine] use_item: pocket=0 cursor=3 scroll=2 row=5 — selected but item 24 NOT consumed (count still 4) — keep fighting (LOUD)
   [play-live]    [engine] HEAL-FAIL LATCH: item 24 did not consume (failed) -> suppressing further in-battle item offers for species 146 this battle (anti bag-USE/CANCEL livelock — fight/faint, let the next mon resolve it)
   [play-live]    [engine] MUST-LEAVE: active alive but stuck (status/famine/exhausted) -> bench slot 3 (NOT re-picking species 146)
   [play-live]    [engine] switch: target party slot 3 sp=9 -> menu row 3
   [play-live]    [engine] switch: SWITCHED to species 9 (slot 3)
   [play-live]    [engine] battle-progress: must-leave switch
   [play-live]    [engine] MATCHUP SWITCH: ping-pong blocked 9<->146 — fight instead
   [play-live]    [engine] action menu: Surf -> slot 1 (eff x0.5) vs dewgong 171/171 | [0]Skull Bash(p100,pp=15,ref=0,sc=50) [1]Surf(p95*STAB,pp=15,ref=0,sc=71.25) [2]Earthquake(p100,pp=10,ref=2,sc=100)
   [play-live]    [engine] STREAM COMMIT: Surf slot 1 (menu_up=1 action=True moves=False)
   [play-live]    [engine] !! WRONG SLOT FIRED: chose 1 but slot 0 was consumed (cursor desync survived the force-write; wrong-fires 1) — LOUD
   [play-live]    [engine] battle-progress: move resolved
   [play-live]    [engine] MATCHUP SWITCH: ping-pong blocked 9<->146 — fight instead
   [play-live]    [engine] action menu: Surf -> slot 1 (eff x0.5) vs dewgong 95/171 | [0]Skull Bash(p100,pp=14,ref=0,sc=50) [1]Surf(p95*STAB,pp=15,ref=0,sc=71.25) [2]Earthquake(p100,pp=10,ref=2,sc=100)
   [play-live]    [engine] STREAM COMMIT: Surf slot 1 (menu_up=1 action=True moves=False)
   [play-live]    [engine] battle-progress: move resolved
   [play-live]    [engine] MATCHUP SWITCH: ping-pong blocked 9<->146 — fight instead
   [play-live]    [engine] action menu: Surf -> slot 1 (eff x0.5) vs dewgong 49/171 | [0]Skull Bash(p100,pp=14,ref=0,sc=50) [1]Surf(p95*STAB,pp=14,ref=0,sc=71.25) [2]Earthquake(p100,pp=10,ref=2,sc=100)
   [play-live]    [engine] STREAM COMMIT: Surf slot 1 (menu_up=1 action=True moves=False)
   [play-live]    [engine] battle-progress: move resolved
   [play-live]    [engine] battle-progress: enemy fainted
   [play-live]    [engine] party screen in drain: voluntary (shift prompt) -> single B out
   [play-live]    [engine] MATCHUP SWITCH: ping-pong blocked 9<->146 — fight instead
   [play-live]    [engine] action menu: Surf -> slot 1 (eff x0.5) vs cloyster 127/127 | [0]Skull Bash(p100,pp=14,ref=0,sc=50) [1]Surf(p95*STAB,pp=13,ref=0,sc=71.25) [2]Earthquake(p100,pp=10,ref=2,sc=100)
   [play-live]    [engine] STREAM COMMIT: Surf slot 1 (menu_up=1 action=True moves=False)
   [play-live]    [engine] battle-progress: move resolved
   [play-live]    [engine] MATCHUP SWITCH: ping-pong blocked 9<->146 — fight instead
   [play-live]    [engine] action menu: Surf -> slot 1 (eff x0.5) vs cloyster 47/127 | [0]Skull Bash(p100,pp=14,ref=0,sc=50) [1]Surf(p95*STAB,pp=12,ref=0,sc=71.25) [2]Earthquake(p100,pp=10,ref=2,sc=100)
   [play-live]    [engine] STREAM COMMIT: Surf slot 1 (menu_up=1 action=True moves=False)
   [play-live]    [engine] battle-progress: move resolved
   [play-live]    [engine] battle-progress: enemy fainted
   [play-live]    [engine] party screen in drain: voluntary (shift prompt) -> single B out
   [play-live]    [engine] MATCHUP SWITCH: ping-pong blocked 9<->146 — fight instead
   [play-live]    [engine] action menu: Surf -> slot 1 (eff x0.5) vs slowbro 165/176 | [0]Skull Bash(p100,pp=14,ref=0,sc=50) [1]Surf(p95*STAB,pp=11,ref=0,sc=71.25) [2]Earthquake(p100,pp=10,ref=2,sc=100)
   [play-live]    [engine] STREAM COMMIT: Surf slot 1 (menu_up=1 action=True moves=False)
   [play-live]    [engine] battle-progress: move resolved
   [play-live]    [engine] revive-check: TYPE-ANSWER revive slot 0 (no standing mon is SE on this foe; the fainted one is)
   [play-live]    [engine] ITEM-INSTINCT offer: ['use_revive', 'keep_fighting'] ctx={'hp': '82/220', 'status': 'none', 'foe': 'slowbro'}
   [play-live]    [engine] ITEM-INSTINCT pick -> use_revive (item 24, aim=fainted)
   [play-live]    [engine] use_item walk n=0: party=False bag=True white=False cb2party=False cb2bag=True pcur=None lead=False
   [play-live]    [engine] use_item: cursor unreadable/unreached for row 2 — BLIND party walk (LEFT home, RIGHT + DOWN x1)
   [play-live]    [engine] use_item walk n=1: party=True bag=False white=True cb2party=True cb2bag=False pcur=None lead=True
   [play-live]    [engine] use_item walk n=2: party=True bag=False white=True cb2party=True cb2bag=False pcur=None lead=True
   [play-live]    [engine] use_item walk n=3: party=False bag=False white=False cb2party=False cb2bag=True pcur=None lead=False
   [play-live]    [engine] use_item walk n=4: party=False bag=True white=False cb2party=False cb2bag=True pcur=None lead=False
   [play-live]    [engine] use_item walk n=5: party=False bag=False white=False cb2party=True cb2bag=False pcur=None lead=False
   [play-live]    [engine] use_item: pocket=0 cursor=3 scroll=2 row=5 — selected but item 24 NOT consumed (count still 4) — keep fighting (LOUD)
   [play-live]    [engine] HEAL-FAIL LATCH: item 24 did not consume (failed) -> suppressing further in-battle item offers for species 9 this battle (anti bag-USE/CANCEL livelock — fight/faint, let the next mon resolve it)
   [play-live]    [engine] MATCHUP SWITCH: active is out-typed -> trying party slot 3
   [play-live]    [engine] switch: target party slot 3 sp=146 -> menu row 3
   [play-live]    [engine] switch: SWITCHED to species 146 (slot 3)
