===== playlive_2026-08-06_07-56-27.log =====
   [travel] start map=(1, 101) coords=(9, 7) -> coord (9, 14) (budget 60s, surf-capable)
   [travel] step 0: (9, 7)->(9, 8) map=(1, 101) (path 10 to exit)
   [travel] reached target coord (9, 14)
===== playlive_2026-08-06_07-52-02.log =====
   [travel] start map=(1, 101) coords=(9, 7) -> coord (9, 14) (budget 60s, surf-capable)
   [travel] step 0: (9, 7)->(9, 8) map=(1, 101) (path 10 to exit)
   [travel] reached target coord (9, 14)
   [travel] start map=(1, 97) coords=(29, 7) -> coord (29, 47) (budget 60s, surf-capable)
   [travel] step 0: (29, 7)->(29, 8) map=(1, 97) (path 50 to exit)
   [travel] step 10: (29, 17)->(29, 18) map=(1, 97) (path 40 to exit)
   [travel] step 20: (29, 27)->(29, 28) map=(1, 97) (path 31 to exit)
   [travel] step 30: (26, 34)->(26, 35) map=(1, 97) (path 21 to exit)
   [travel] HEARTBEAT step=40 map=(1, 97) coords=(32, 38) elapsed=6s
   [travel] step 40: (32, 38)->(32, 39) map=(1, 97) (path 12 to exit)
   [travel] step 50: (31, 47)->(30, 47) map=(1, 97) (path 3 to exit)
   [travel] reached target coord (29, 47)
   [travel] start map=(3, 45) coords=(12, 6) -> map (3, 12) (budget 120s, surf-capable)
   [travel] west connection band rows: [0, 1, 2, 3, 4, 5, 6, 7, 8, 9, 10, 11, 12, 13, 14, 15, 16, 17, 18, 19, 20, 21, 22, 23, 24, 25, 26, 27, 28, 29, 30, 31, 32, 33, 34, 35, 36, 37, 38, 39, 40, 41, 42, 43, 44, 45, 46, 47, 48, 49, 50, 51, 52, 53, 54, 55, 56, 57, 58, 59, 60, 61, 62, 63, 64, 65, 66, 67, 68, 69, 70, 71, 72, 73, 74, 75, 76, 77, 78, 79, 80, 81, 82, 83, 84, 85, 86, 87, 88, 89, 90, 91, 92, 93, 94, 95, 96, 97, 98, 99, 100, 101, 102, 103, 104, 105, 106, 107, 108, 109, 110, 111, 112, 113, 114, 115, 116, 117, 118, 119, 120, 121, 122, 123, 124, 125, 132, 133]
   [travel] step 0: (12, 6)->(12, 7) map=(3, 45) (path 143 to exit)
   [travel] step 10: (12, 16)->(12, 17) map=(3, 45) (path 133 to exit)
   [campaign]    [dlg hm-surf] 'The water is dyed a deep blue.. Would you like to SURF?'
   [campaign]    [dlg hm-surf] 'BLASTOISE used SURF!'
   [campaign]    [dlg-pace hm-surf] box 'The water is dyed a deep blue.. Would you like t' visible 1.27s (sink 0ms, hold 0.09s, end=next_box)
   [campaign]    [dlg-pace hm-surf] box 'BLASTOISE used SURF!' visible 2.68s (sink 1ms, hold 0.04s, end=closed)
   [travel] ?? SURF MOUNT at (12, 19) -> (12, 20) (map (3, 45))
   [travel] step 20: (12, 26)->(12, 27) map=(3, 45) (path 123 to exit)
   [travel] step 30: (12, 36)->(12, 37) map=(3, 45) (path 113 to exit)
   [travel] HEARTBEAT step=40 map=(3, 45) coords=(10, 43) elapsed=14s
   [travel] step 40: (10, 43)->(10, 44) map=(3, 45) (path 104 to exit)
   [travel] step 50: (10, 53)->(10, 54) map=(3, 45) (path 94 to exit)
   [travel] step 60: (11, 62)->(11, 63) map=(3, 45) (path 84 to exit)
   [travel] step 70: (12, 68)->(11, 68) map=(3, 45) (path 77 to exit)
   [travel] HEARTBEAT step=80 map=(3, 45) coords=(9, 75) elapsed=20s
   [travel] step 80: (9, 75)->(9, 76) map=(3, 45) (path 67 to exit)
   [travel] !! WATCHDOG disengage requested — bailing this leg LOUD
   [travel] start map=(3, 45) coords=(8, 83) -> map (3, 12) (budget 300s, surf-capable)
   [travel] west connection band rows: [0, 1, 2, 3, 4, 5, 6, 7, 8, 9, 10, 11, 12, 13, 14, 15, 16, 17, 18, 19, 20, 21, 22, 23, 24, 25, 26, 27, 28, 29, 30, 31, 32, 33, 34, 35, 36, 37, 38, 39, 40, 41, 42, 43, 44, 45, 46, 47, 48, 49, 50, 51, 52, 53, 54, 55, 56, 57, 58, 59, 60, 61, 62, 63, 64, 65, 66, 67, 68, 69, 70, 71, 72, 73, 74, 75, 76, 77, 78, 79, 80, 81, 82, 83, 84, 85, 86, 87, 88, 89, 90, 91, 92, 93, 94, 95, 96, 97, 98, 99, 100, 101, 102, 103, 104, 105, 106, 107, 108, 109, 110, 111, 112, 113, 114, 115, 116, 117, 118, 119, 120, 121, 122, 123, 124, 125, 132, 133]
   [travel] step 0: (8, 83)->(8, 84) map=(3, 45) (path 60 to exit)
   [travel] step 10: (8, 93)->(8, 94) map=(3, 45) (path 50 to exit)
   [travel] ENCOUNTER -> on-time beat, warm up, hand off
   [travel] battle outcome=fled; resuming pathfind
   [travel] step 20: (8, 99)->(8, 100) map=(3, 45) (path 44 to exit)
   [travel] !! WATCHDOG disengage requested — bailing this leg LOUD
   [travel] start map=(3, 45) coords=(9, 103) -> map (3, 12) (budget 300s, surf-capable)
   [travel] west connection band rows: [0, 1, 2, 3, 4, 5, 6, 7, 8, 9, 10, 11, 12, 13, 14, 15, 16, 17, 18, 19, 20, 21, 22, 23, 24, 25, 26, 27, 28, 29, 30, 31, 32, 33, 34, 35, 36, 37, 38, 39, 40, 41, 42, 43, 44, 45, 46, 47, 48, 49, 50, 51, 52, 53, 54, 55, 56, 57, 58, 59, 60, 61, 62, 63, 64, 65, 66, 67, 68, 69, 70, 71, 72, 73, 74, 75, 76, 77, 78, 79, 80, 81, 82, 83, 84, 85, 86, 87, 88, 89, 90, 91, 92, 93, 94, 95, 96, 97, 98, 99, 100, 101, 102, 103, 104, 105, 106, 107, 108, 109, 110, 111, 112, 113, 114, 115, 116, 117, 118, 119, 120, 121, 122, 123, 124, 125, 132, 133]
   [travel] step 0: (9, 103)->(9, 104) map=(3, 45) (path 41 to exit)
   [travel] ENCOUNTER -> on-time beat, warm up, hand off
   [travel] battle outcome=fled; resuming pathfind
   [travel] step 10: (10, 108)->(10, 109) map=(3, 45) (path 35 to exit)
   [travel] ENCOUNTER -> on-time beat, warm up, hand off
   [travel] battle outcome=fled; resuming pathfind
   [travel] ENCOUNTER -> on-time beat, warm up, hand off
   [travel] battle outcome=fled; resuming pathfind
   [travel] step 30: (10, 120)->(10, 121) map=(3, 45) (path 23 to exit)
   [campaign]    [dlg hm-surf] 'The water is dyed a deep blue.. Would you like to SURF?'
   [campaign]    [dlg hm-surf] 'BLASTOISE used SURF!'
   [campaign]    [dlg-pace hm-surf] box 'The water is dyed a deep blue.. Would you like t' visible 1.27s (sink 0ms, hold 0.09s, end=next_box)
   [campaign]    [dlg-pace hm-surf] box 'BLASTOISE used SURF!' visible 2.65s (sink 0ms, hold 0.04s, end=closed)
   [travel] ?? SURF MOUNT at (10, 123) -> (10, 124) (map (3, 45))
   [travel] HEARTBEAT step=40 map=(3, 45) coords=(10, 130) elapsed=55s
   [travel] step 40: (10, 130)->(10, 131) map=(3, 45) (path 13 to exit)
   [travel] step 50: (2, 132)->(1, 132) map=(3, 45) (path 3 to exit)
   [travel] MAP TRANSITION (3, 45) -> (3, 12)
   [travel] west connection band rows: [0, 1, 2, 3, 4, 5, 6, 7, 8, 9, 10, 11, 12, 13, 14, 15, 16, 17, 18, 19]
   [travel] ARRIVED at target map (3, 12) coords=(23, 12)
   [travel] start map=(3, 12) coords=(23, 12) -> coord (14, 6) (budget 120s, surf-capable)
   [travel] step 0: (23, 12)->(22, 12) map=(3, 12) (path 16 to exit)
   [travel] step 10: (17, 8)->(16, 8) map=(3, 12) (path 6 to exit)
   [travel] reached target coord (14, 6)
